Archive member included to satisfy reference by file (symbol)

c:/program files (x86)/atollic/truestudio for stm32 9.0.1/armtools/bin/../lib/gcc/arm-atollic-eabi/6.3.1/../../../../arm-atollic-eabi/lib/armv7e-m/fpu\libc_nano.a(lib_a-init.o)
                              startup\startup_stm32l476xx.o (__libc_init_array)
c:/program files (x86)/atollic/truestudio for stm32 9.0.1/armtools/bin/../lib/gcc/arm-atollic-eabi/6.3.1/../../../../arm-atollic-eabi/lib/armv7e-m/fpu\libc_nano.a(lib_a-memset.o)
                              Src\adc.o (memset)
c:/program files (x86)/atollic/truestudio for stm32 9.0.1/armtools/bin/../lib/gcc/arm-atollic-eabi/6.3.1/../../../../arm-atollic-eabi/lib/armv7e-m/fpu\libc_nano.a(lib_a-printf.o)
                              Src\main.o (printf)
c:/program files (x86)/atollic/truestudio for stm32 9.0.1/armtools/bin/../lib/gcc/arm-atollic-eabi/6.3.1/../../../../arm-atollic-eabi/lib/armv7e-m/fpu\libc_nano.a(lib_a-puts.o)
                              Src\main.o (puts)
c:/program files (x86)/atollic/truestudio for stm32 9.0.1/armtools/bin/../lib/gcc/arm-atollic-eabi/6.3.1/../../../../arm-atollic-eabi/lib/armv7e-m/fpu\libc_nano.a(lib_a-wbuf.o)
                              c:/program files (x86)/atollic/truestudio for stm32 9.0.1/armtools/bin/../lib/gcc/arm-atollic-eabi/6.3.1/../../../../arm-atollic-eabi/lib/armv7e-m/fpu\libc_nano.a(lib_a-puts.o) (__swbuf_r)
c:/program files (x86)/atollic/truestudio for stm32 9.0.1/armtools/bin/../lib/gcc/arm-atollic-eabi/6.3.1/../../../../arm-atollic-eabi/lib/armv7e-m/fpu\libc_nano.a(lib_a-wsetup.o)
                              c:/program files (x86)/atollic/truestudio for stm32 9.0.1/armtools/bin/../lib/gcc/arm-atollic-eabi/6.3.1/../../../../arm-atollic-eabi/lib/armv7e-m/fpu\libc_nano.a(lib_a-puts.o) (__swsetup_r)
c:/program files (x86)/atollic/truestudio for stm32 9.0.1/armtools/bin/../lib/gcc/arm-atollic-eabi/6.3.1/../../../../arm-atollic-eabi/lib/armv7e-m/fpu\libc_nano.a(lib_a-fflush.o)
                              c:/program files (x86)/atollic/truestudio for stm32 9.0.1/armtools/bin/../lib/gcc/arm-atollic-eabi/6.3.1/../../../../arm-atollic-eabi/lib/armv7e-m/fpu\libc_nano.a(lib_a-wbuf.o) (_fflush_r)
c:/program files (x86)/atollic/truestudio for stm32 9.0.1/armtools/bin/../lib/gcc/arm-atollic-eabi/6.3.1/../../../../arm-atollic-eabi/lib/armv7e-m/fpu\libc_nano.a(lib_a-findfp.o)
                              c:/program files (x86)/atollic/truestudio for stm32 9.0.1/armtools/bin/../lib/gcc/arm-atollic-eabi/6.3.1/../../../../arm-atollic-eabi/lib/armv7e-m/fpu\libc_nano.a(lib_a-printf.o) (__sinit)
c:/program files (x86)/atollic/truestudio for stm32 9.0.1/armtools/bin/../lib/gcc/arm-atollic-eabi/6.3.1/../../../../arm-atollic-eabi/lib/armv7e-m/fpu\libc_nano.a(lib_a-fwalk.o)
                              c:/program files (x86)/atollic/truestudio for stm32 9.0.1/armtools/bin/../lib/gcc/arm-atollic-eabi/6.3.1/../../../../arm-atollic-eabi/lib/armv7e-m/fpu\libc_nano.a(lib_a-findfp.o) (_fwalk)
c:/program files (x86)/atollic/truestudio for stm32 9.0.1/armtools/bin/../lib/gcc/arm-atollic-eabi/6.3.1/../../../../arm-atollic-eabi/lib/armv7e-m/fpu\libc_nano.a(lib_a-impure.o)
                              c:/program files (x86)/atollic/truestudio for stm32 9.0.1/armtools/bin/../lib/gcc/arm-atollic-eabi/6.3.1/../../../../arm-atollic-eabi/lib/armv7e-m/fpu\libc_nano.a(lib_a-fflush.o) (_global_impure_ptr)
c:/program files (x86)/atollic/truestudio for stm32 9.0.1/armtools/bin/../lib/gcc/arm-atollic-eabi/6.3.1/../../../../arm-atollic-eabi/lib/armv7e-m/fpu\libc_nano.a(lib_a-makebuf.o)
                              c:/program files (x86)/atollic/truestudio for stm32 9.0.1/armtools/bin/../lib/gcc/arm-atollic-eabi/6.3.1/../../../../arm-atollic-eabi/lib/armv7e-m/fpu\libc_nano.a(lib_a-wsetup.o) (__smakebuf_r)
c:/program files (x86)/atollic/truestudio for stm32 9.0.1/armtools/bin/../lib/gcc/arm-atollic-eabi/6.3.1/../../../../arm-atollic-eabi/lib/armv7e-m/fpu\libc_nano.a(lib_a-nano-freer.o)
                              c:/program files (x86)/atollic/truestudio for stm32 9.0.1/armtools/bin/../lib/gcc/arm-atollic-eabi/6.3.1/../../../../arm-atollic-eabi/lib/armv7e-m/fpu\libc_nano.a(lib_a-wsetup.o) (_free_r)
c:/program files (x86)/atollic/truestudio for stm32 9.0.1/armtools/bin/../lib/gcc/arm-atollic-eabi/6.3.1/../../../../arm-atollic-eabi/lib/armv7e-m/fpu\libc_nano.a(lib_a-nano-mallocr.o)
                              c:/program files (x86)/atollic/truestudio for stm32 9.0.1/armtools/bin/../lib/gcc/arm-atollic-eabi/6.3.1/../../../../arm-atollic-eabi/lib/armv7e-m/fpu\libc_nano.a(lib_a-findfp.o) (_malloc_r)
c:/program files (x86)/atollic/truestudio for stm32 9.0.1/armtools/bin/../lib/gcc/arm-atollic-eabi/6.3.1/../../../../arm-atollic-eabi/lib/armv7e-m/fpu\libc_nano.a(lib_a-nano-vfprintf.o)
[...]
Memory Configuration

Name             Origin             Length             Attributes
RAM              0x20000000         0x00018000         xrw
RAM2             0x10000000         0x00008000         xrw
FLASH            0x08000000         0x00100000         xr
*default*        0x00000000         0xffffffff

Linker script and memory map

LOAD c:/program files (x86)/atollic/truestudio for stm32 9.0.1/armtools/bin/../lib/gcc/arm-atollic-eabi/6.3.1/armv7e-m/fpu/crti.o
LOAD c:/program files (x86)/atollic/truestudio for stm32 9.0.1/armtools/bin/../lib/gcc/arm-atollic-eabi/6.3.1/armv7e-m/fpu/crtbegin.o
LOAD Drivers\STM32L4xx_HAL_Driver\Src\stm32l4xx_hal.o
LOAD Drivers\STM32L4xx_HAL_Driver\Src\stm32l4xx_hal_adc.o
LOAD Drivers\STM32L4xx_HAL_Driver\Src\stm32l4xx_hal_adc_ex.o
LOAD Drivers\STM32L4xx_HAL_Driver\Src\stm32l4xx_hal_cortex.o
LOAD Drivers\STM32L4xx_HAL_Driver\Src\stm32l4xx_hal_dma.o
LOAD Drivers\STM32L4xx_HAL_Driver\Src\stm32l4xx_hal_dma_ex.o
LOAD Drivers\STM32L4xx_HAL_Driver\Src\stm32l4xx_hal_flash.o
LOAD Drivers\STM32L4xx_HAL_Driver\Src\stm32l4xx_hal_flash_ex.o
LOAD Drivers\STM32L4xx_HAL_Driver\Src\stm32l4xx_hal_flash_ramfunc.o
LOAD Drivers\STM32L4xx_HAL_Driver\Src\stm32l4xx_hal_gpio.o
LOAD Drivers\STM32L4xx_HAL_Driver\Src\stm32l4xx_hal_i2c.o
LOAD Drivers\STM32L4xx_HAL_Driver\Src\stm32l4xx_hal_i2c_ex.o
LOAD Drivers\STM32L4xx_HAL_Driver\Src\stm32l4xx_hal_pwr.o
LOAD Drivers\STM32L4xx_HAL_Driver\Src\stm32l4xx_hal_pwr_ex.o
LOAD Drivers\STM32L4xx_HAL_Driver\Src\stm32l4xx_hal_rcc.o
LOAD Drivers\STM32L4xx_HAL_Driver\Src\stm32l4xx_hal_rcc_ex.o
LOAD Drivers\STM32L4xx_HAL_Driver\Src\stm32l4xx_hal_tim.o
LOAD Drivers\STM32L4xx_HAL_Driver\Src\stm32l4xx_hal_tim_ex.o
LOAD Drivers\STM32L4xx_HAL_Driver\Src\stm32l4xx_hal_uart.o
LOAD Drivers\STM32L4xx_HAL_Driver\Src\stm32l4xx_hal_uart_ex.o
LOAD Src\adc.o
LOAD Src\gpio.o
LOAD Src\i2c.o
LOAD Src\main.o
LOAD Src\stm32l4xx_hal_msp.o
LOAD Src\stm32l4xx_it.o
LOAD Src\system_stm32l4xx.o
LOAD Src\tim.o
LOAD Src\usart.o
LOAD startup\startup_stm32l476xx.o
                0x00000080                malloc_getpagesize_P = 0x80
START GROUP
LOAD c:/program files (x86)/atollic/truestudio for stm32 9.0.1/armtools/bin/../lib/gcc/arm-atollic-eabi/6.3.1/../../../../arm-atollic-eabi/lib/armv7e-m/fpu\libc_nano.a
LOAD c:/program files (x86)/atollic/truestudio for stm32 9.0.1/armtools/bin/../lib/gcc/arm-atollic-eabi/6.3.1/../../../../arm-atollic-eabi/lib/armv7e-m/fpu\libm.a
END GROUP
START GROUP
LOAD c:/program files (x86)/atollic/truestudio for stm32 9.0.1/armtools/bin/../lib/gcc/arm-atollic-eabi/6.3.1/armv7e-m/fpu\libgcc.a
LOAD c:/program files (x86)/atollic/truestudio for stm32 9.0.1/armtools/bin/../lib/gcc/arm-atollic-eabi/6.3.1/../../../../arm-atollic-eabi/lib/armv7e-m/fpu\libc_nano.a
END GROUP
START GROUP
LOAD c:/program files (x86)/atollic/truestudio for stm32 9.0.1/armtools/bin/../lib/gcc/arm-atollic-eabi/6.3.1/armv7e-m/fpu\libgcc.a
LOAD c:/program files (x86)/atollic/truestudio for stm32 9.0.1/armtools/bin/../lib/gcc/arm-atollic-eabi/6.3.1/../../../../arm-atollic-eabi/lib/armv7e-m/fpu\libc_nano.a
LOAD c:/program files (x86)/atollic/truestudio for stm32 9.0.1/armtools/bin/../lib/gcc/arm-atollic-eabi/6.3.1/../../../../arm-atollic-eabi/lib/armv7e-m/fpu\libnosys.a
END GROUP
START GROUP
LOAD c:/program files (x86)/atollic/truestudio for stm32 9.0.1/armtools/bin/../lib/gcc/arm-atollic-eabi/6.3.1/armv7e-m/fpu\libgcc.a
LOAD c:/program files (x86)/atollic/truestudio for stm32 9.0.1/armtools/bin/../lib/gcc/arm-atollic-eabi/6.3.1/../../../../arm-atollic-eabi/lib/armv7e-m/fpu\libc_nano.a
LOAD c:/program files (x86)/atollic/truestudio for stm32 9.0.1/armtools/bin/../lib/gcc/arm-atollic-eabi/6.3.1/../../../../arm-atollic-eabi/lib/armv7e-m/fpu\libnosys.a
END GROUP
LOAD c:/program files (x86)/atollic/truestudio for stm32 9.0.1/armtools/bin/../lib/gcc/arm-atollic-eabi/6.3.1/armv7e-m/fpu/crtend.o
LOAD c:/program files (x86)/atollic/truestudio for stm32 9.0.1/armtools/bin/../lib/gcc/arm-atollic-eabi/6.3.1/armv7e-m/fpu/crtn.o
                0x20018000                _estack = 0x20018000
                0x00000200                _Min_Heap_Size = 0x200
                0x00000400                _Min_Stack_Size = 0x400

.isr_vector     0x08000000      0x188
                0x08000000                . = ALIGN (0x4)
 *(.isr_vector)
 .isr_vector    0x08000000      0x188 startup\startup_stm32l476xx.o
                0x08000000                g_pfnVectors
                0x08000188                . = ALIGN (0x4)

.text           0x08000190     0x50b8
                0x08000190                . = ALIGN (0x4)
 *(.text)
 .text          0x08000190       0x40 c:/program files (x86)/atollic/truestudio for stm32 9.0.1/armtools/bin/../lib/gcc/arm-atollic-eabi/6.3.1/armv7e-m/fpu/crtbegin.o
 .text          0x080001d0       0xa0 c:/program files (x86)/atollic/truestudio for stm32 9.0.1/armtools/bin/../lib/gcc/arm-atollic-eabi/6.3.1/../../../../arm-atollic-eabi/lib/armv7e-m/fpu\libc_nano.a(lib_a-memchr.o)
                0x080001d0                memchr
 .text          0x08000270       0x30 c:/program files (x86)/atollic/truestudio for stm32 9.0.1/armtools/bin/../lib/gcc/arm-atollic-eabi/6.3.1/armv7e-m/fpu\libgcc.a(_aeabi_uldivmod.o)
                0x08000270                __aeabi_uldivmod
 .text          0x080002a0      0x2dc c:/program files (x86)/atollic/truestudio for stm32 9.0.1/armtools/bin/../lib/gcc/arm-atollic-eabi/6.3.1/armv7e-m/fpu\libgcc.a(_udivmoddi4.o)
                0x080002a0                __udivmoddi4
 .text          0x0800057c        0x4 c:/program files (x86)/atollic/truestudio for stm32 9.0.1/armtools/bin/../lib/gcc/arm-atollic-eabi/6.3.1/armv7e-m/fpu\libgcc.a(_dvmd_tls.o)
                0x0800057c                __aeabi_idiv0
                0x0800057c                __aeabi_ldiv0
 *(.text*)
 .text.HAL_InitTick
                0x08000580       0x30 Drivers\STM32L4xx_HAL_Driver\Src\stm32l4xx_hal.o
                0x08000580                HAL_InitTick
 .text.HAL_Init
                0x080005b0       0x2c Drivers\STM32L4xx_HAL_Driver\Src\stm32l4xx_hal.o
                0x080005b0                HAL_Init
 .text.HAL_IncTick
                0x080005dc       0x10 Drivers\STM32L4xx_HAL_Driver\Src\stm32l4xx_hal.o
                0x080005dc                HAL_IncTick
 .text.HAL_GetTick
                0x080005ec        0xc Drivers\STM32L4xx_HAL_Driver\Src\stm32l4xx_hal.o
                0x080005ec                HAL_GetTick
 .text.LL_ADC_SetChannelSamplingTime
                0x080005f8       0x24 Drivers\STM32L4xx_HAL_Driver\Src\stm32l4xx_hal_adc.o
 .text.LL_ADC_IsEnabled
                0x0800061c        0x8 Drivers\STM32L4xx_HAL_Driver\Src\stm32l4xx_hal_adc.o
 .text.LL_ADC_REG_IsConversionOngoing
                0x08000624        0x8 Drivers\STM32L4xx_HAL_Driver\Src\stm32l4xx_hal_adc.o
 .text.HAL_ADC_Init
                0x0800062c      0x1c0 Drivers\STM32L4xx_HAL_Driver\Src\stm32l4xx_hal_adc.o
                0x0800062c                HAL_ADC_Init
 .text.HAL_ADC_GetValue
                0x080007ec        0x6 Drivers\STM32L4xx_HAL_Driver\Src\stm32l4xx_hal_adc.o
                0x080007ec                HAL_ADC_GetValue
 .text.HAL_ADC_LevelOutOfWindowCallback
                0x080007f2        0x2 Drivers\STM32L4xx_HAL_Driver\Src\stm32l4xx_hal_adc.o
                0x080007f2                HAL_ADC_LevelOutOfWindowCallback
 .text.HAL_ADC_ErrorCallback
                0x080007f4        0x2 Drivers\STM32L4xx_HAL_Driver\Src\stm32l4xx_hal_adc.o
                0x080007f4                HAL_ADC_ErrorCallback
 *fill*         0x080007f6        0x2 
 .text.HAL_ADC_IRQHandler
                0x080007f8      0x244 Drivers\STM32L4xx_HAL_Driver\Src\stm32l4xx_hal_adc.o
                0x080007f8                HAL_ADC_IRQHandler
 .text.HAL_ADC_ConfigChannel
                0x08000a3c      0x3c4 Drivers\STM32L4xx_HAL_Driver\Src\stm32l4xx_hal_adc.o
                0x08000a3c                HAL_ADC_ConfigChannel
 .text.ADC_Enable
                0x08000e00       0x70 Drivers\STM32L4xx_HAL_Driver\Src\stm32l4xx_hal_adc.o
                0x08000e00                ADC_Enable
 .text.HAL_ADC_Start_IT
                0x08000e70      0x150 Drivers\STM32L4xx_HAL_Driver\Src\stm32l4xx_hal_adc.o
                0x08000e70                HAL_ADC_Start_IT
 .text.LL_ADC_IsEnabled
                0x08000fc0        0x8 Drivers\STM32L4xx_HAL_Driver\Src\stm32l4xx_hal_adc_ex.o
 .text.LL_ADC_REG_IsConversionOngoing
                0x08000fc8        0x8 Drivers\STM32L4xx_HAL_Driver\Src\stm32l4xx_hal_adc_ex.o
 .text.HAL_ADCEx_InjectedConvCpltCallback
                0x08000fd0        0x2 Drivers\STM32L4xx_HAL_Driver\Src\stm32l4xx_hal_adc_ex.o
                0x08000fd0                HAL_ADCEx_InjectedConvCpltCallback
 .text.HAL_ADCEx_InjectedQueueOverflowCallback
                0x08000fd2        0x2 Drivers\STM32L4xx_HAL_Driver\Src\stm32l4xx_hal_adc_ex.o
                0x08000fd2                HAL_ADCEx_InjectedQueueOverflowCallback
 .text.HAL_ADCEx_LevelOutOfWindow2Callback
                0x08000fd4        0x2 Drivers\STM32L4xx_HAL_Driver\Src\stm32l4xx_hal_adc_ex.o
                0x08000fd4                HAL_ADCEx_LevelOutOfWindow2Callback
 .text.HAL_ADCEx_LevelOutOfWindow3Callback
                0x08000fd6        0x2 Drivers\STM32L4xx_HAL_Driver\Src\stm32l4xx_hal_adc_ex.o
                0x08000fd6                HAL_ADCEx_LevelOutOfWindow3Callback
 .text.HAL_ADCEx_EndOfSamplingCallback
                0x08000fd8        0x2 Drivers\STM32L4xx_HAL_Driver\Src\stm32l4xx_hal_adc_ex.o
                0x08000fd8                HAL_ADCEx_EndOfSamplingCallback
 *fill*         0x08000fda        0x2 
 .text.HAL_ADCEx_MultiModeConfigChannel
                0x08000fdc       0xf0 Drivers\STM32L4xx_HAL_Driver\Src\stm32l4xx_hal_adc_ex.o
                0x08000fdc                HAL_ADCEx_MultiModeConfigChannel
 .text.HAL_NVIC_SetPriorityGrouping
                0x080010cc       0x24 Drivers\STM32L4xx_HAL_Driver\Src\stm32l4xx_hal_cortex.o
                0x080010cc                HAL_NVIC_SetPriorityGrouping
 .text.HAL_NVIC_SetPriority
                0x080010f0       0x68 Drivers\STM32L4xx_HAL_Driver\Src\stm32l4xx_hal_cortex.o
                0x080010f0                HAL_NVIC_SetPriority
 .text.HAL_NVIC_EnableIRQ
                0x08001158       0x18 Drivers\STM32L4xx_HAL_Driver\Src\stm32l4xx_hal_cortex.o
                0x08001158                HAL_NVIC_EnableIRQ
 .text.HAL_SYSTICK_Config
                0x08001170       0x2c Drivers\STM32L4xx_HAL_Driver\Src\stm32l4xx_hal_cortex.o
                0x08001170                HAL_SYSTICK_Config
 .text.HAL_DMA_Abort_IT
                0x0800119c       0x4c Drivers\STM32L4xx_HAL_Driver\Src\stm32l4xx_hal_dma.o
                0x0800119c                HAL_DMA_Abort_IT
 .text.HAL_GPIO_Init
                0x080011e8      0x1b8 Drivers\STM32L4xx_HAL_Driver\Src\stm32l4xx_hal_gpio.o
                0x080011e8                HAL_GPIO_Init
 .text.I2C_Flush_TXDR
                0x080013a0       0x1c Drivers\STM32L4xx_HAL_Driver\Src\stm32l4xx_hal_i2c.o
 .text.I2C_TransferConfig
                0x080013bc       0x34 Drivers\STM32L4xx_HAL_Driver\Src\stm32l4xx_hal_i2c.o
 .text.I2C_Disable_IRQ
                0x080013f0       0x5a Drivers\STM32L4xx_HAL_Driver\Src\stm32l4xx_hal_i2c.o
 .text.I2C_WaitOnFlagUntilTimeout
                0x0800144a       0x56 Drivers\STM32L4xx_HAL_Driver\Src\stm32l4xx_hal_i2c.o
 .text.I2C_IsAcknowledgeFailed
                0x080014a0       0x7a Drivers\STM32L4xx_HAL_Driver\Src\stm32l4xx_hal_i2c.o
 .text.I2C_WaitOnTXISFlagUntilTimeout
                0x0800151a       0x4e Drivers\STM32L4xx_HAL_Driver\Src\stm32l4xx_hal_i2c.o
 .text.I2C_RequestMemoryWrite
                0x08001568       0x64 Drivers\STM32L4xx_HAL_Driver\Src\stm32l4xx_hal_i2c.o
 .text.I2C_RequestMemoryRead
                0x080015cc       0x64 Drivers\STM32L4xx_HAL_Driver\Src\stm32l4xx_hal_i2c.o
 .text.I2C_WaitOnSTOPFlagUntilTimeout
                0x08001630       0x4a Drivers\STM32L4xx_HAL_Driver\Src\stm32l4xx_hal_i2c.o
 .text.HAL_I2C_Init
                0x0800167a       0xa2 Drivers\STM32L4xx_HAL_Driver\Src\stm32l4xx_hal_i2c.o
                0x0800167a                HAL_I2C_Init
 .text.HAL_I2C_Mem_Write
                0x0800171c      0x16e Drivers\STM32L4xx_HAL_Driver\Src\stm32l4xx_hal_i2c.o
                0x0800171c                HAL_I2C_Mem_Write
 *fill*         0x0800188a        0x2 
 .text.HAL_I2C_Mem_Read
                0x0800188c      0x17c Drivers\STM32L4xx_HAL_Driver\Src\stm32l4xx_hal_i2c.o
                0x0800188c                HAL_I2C_Mem_Read
 .text.HAL_I2C_EV_IRQHandler
                0x08001a08        0xe Drivers\STM32L4xx_HAL_Driver\Src\stm32l4xx_hal_i2c.o
                0x08001a08                HAL_I2C_EV_IRQHandler
 .text.HAL_I2C_SlaveTxCpltCallback
                0x08001a16        0x2 Drivers\STM32L4xx_HAL_Driver\Src\stm32l4xx_hal_i2c.o
                0x08001a16                HAL_I2C_SlaveTxCpltCallback
 .text.HAL_I2C_SlaveRxCpltCallback
                0x08001a18        0x2 Drivers\STM32L4xx_HAL_Driver\Src\stm32l4xx_hal_i2c.o
                0x08001a18                HAL_I2C_SlaveRxCpltCallback
 .text.I2C_ITSlaveSequentialCplt
                0x08001a1a       0x4c Drivers\STM32L4xx_HAL_Driver\Src\stm32l4xx_hal_i2c.o
 .text.HAL_I2C_AddrCallback
                0x08001a66        0x2 Drivers\STM32L4xx_HAL_Driver\Src\stm32l4xx_hal_i2c.o
                0x08001a66                HAL_I2C_AddrCallback
 .text.I2C_ITAddrCplt.isra.8
                0x08001a68       0x88 Drivers\STM32L4xx_HAL_Driver\Src\stm32l4xx_hal_i2c.o
 .text.HAL_I2C_ListenCpltCallback
                0x08001af0        0x2 Drivers\STM32L4xx_HAL_Driver\Src\stm32l4xx_hal_i2c.o
                0x08001af0                HAL_I2C_ListenCpltCallback
 *fill*         0x08001af2        0x2 
 .text.I2C_ITListenCplt
                0x08001af4       0x64 Drivers\STM32L4xx_HAL_Driver\Src\stm32l4xx_hal_i2c.o
 .text.HAL_I2C_ErrorCallback
                0x08001b58        0x2 Drivers\STM32L4xx_HAL_Driver\Src\stm32l4xx_hal_i2c.o
                0x08001b58                HAL_I2C_ErrorCallback
 .text.HAL_I2C_AbortCpltCallback
                0x08001b5a        0x2 Drivers\STM32L4xx_HAL_Driver\Src\stm32l4xx_hal_i2c.o
                0x08001b5a                HAL_I2C_AbortCpltCallback
 .text.I2C_ITError
                0x08001b5c       0xd8 Drivers\STM32L4xx_HAL_Driver\Src\stm32l4xx_hal_i2c.o
 .text.I2C_ITSlaveCplt
                0x08001c34       0xf0 Drivers\STM32L4xx_HAL_Driver\Src\stm32l4xx_hal_i2c.o
 .text.I2C_Slave_ISR_IT
                0x08001d24      0x110 Drivers\STM32L4xx_HAL_Driver\Src\stm32l4xx_hal_i2c.o
 .text.HAL_I2C_ER_IRQHandler
                0x08001e34       0x60 Drivers\STM32L4xx_HAL_Driver\Src\stm32l4xx_hal_i2c.o
                0x08001e34                HAL_I2C_ER_IRQHandler
 .text.I2C_DMAAbort
                0x08001e94       0x28 Drivers\STM32L4xx_HAL_Driver\Src\stm32l4xx_hal_i2c.o
 .text.HAL_I2CEx_ConfigAnalogFilter
                0x08001ebc       0x4c Drivers\STM32L4xx_HAL_Driver\Src\stm32l4xx_hal_i2c_ex.o
                0x08001ebc                HAL_I2CEx_ConfigAnalogFilter
 .text.HAL_I2CEx_ConfigDigitalFilter
                0x08001f08       0x4a Drivers\STM32L4xx_HAL_Driver\Src\stm32l4xx_hal_i2c_ex.o
                0x08001f08                HAL_I2CEx_ConfigDigitalFilter
 *fill*         0x08001f52        0x2 
 .text.HAL_PWREx_GetVoltageRange
                0x08001f54       0x10 Drivers\STM32L4xx_HAL_Driver\Src\stm32l4xx_hal_pwr_ex.o
                0x08001f54                HAL_PWREx_GetVoltageRange
 .text.HAL_PWREx_ControlVoltageScaling
                0x08001f64       0x6c Drivers\STM32L4xx_HAL_Driver\Src\stm32l4xx_hal_pwr_ex.o
                0x08001f64                HAL_PWREx_ControlVoltageScaling
 .text.RCC_SetFlashLatencyFromMSIRange
                0x08001fd0       0x84 Drivers\STM32L4xx_HAL_Driver\Src\stm32l4xx_hal_rcc.o
 .text.HAL_RCC_GetSysClockFreq
                0x08002054       0xa8 Drivers\STM32L4xx_HAL_Driver\Src\stm32l4xx_hal_rcc.o
                0x08002054                HAL_RCC_GetSysClockFreq
 .text.HAL_RCC_OscConfig
                0x080020fc      0x44c Drivers\STM32L4xx_HAL_Driver\Src\stm32l4xx_hal_rcc.o
                0x080020fc                HAL_RCC_OscConfig
 .text.HAL_RCC_ClockConfig
                0x08002548      0x124 Drivers\STM32L4xx_HAL_Driver\Src\stm32l4xx_hal_rcc.o
                0x08002548                HAL_RCC_ClockConfig
 .text.HAL_RCC_GetPCLK1Freq
                0x0800266c       0x24 Drivers\STM32L4xx_HAL_Driver\Src\stm32l4xx_hal_rcc.o
                0x0800266c                HAL_RCC_GetPCLK1Freq
 .text.HAL_RCC_GetPCLK2Freq
                0x08002690       0x24 Drivers\STM32L4xx_HAL_Driver\Src\stm32l4xx_hal_rcc.o
                0x08002690                HAL_RCC_GetPCLK2Freq
 .text.RCCEx_PLLSAI1_Config
                0x080026b4      0x11c Drivers\STM32L4xx_HAL_Driver\Src\stm32l4xx_hal_rcc_ex.o
 .text.RCCEx_PLLSAI2_Config
                0x080027d0       0xfc Drivers\STM32L4xx_HAL_Driver\Src\stm32l4xx_hal_rcc_ex.o
 .text.HAL_RCCEx_PeriphCLKConfig
                0x080028cc      0x3d0 Drivers\STM32L4xx_HAL_Driver\Src\stm32l4xx_hal_rcc_ex.o
                0x080028cc                HAL_RCCEx_PeriphCLKConfig
 .text.HAL_TIM_Base_Start_IT
                0x08002c9c       0x30 Drivers\STM32L4xx_HAL_Driver\Src\stm32l4xx_hal_tim.o
                0x08002c9c                HAL_TIM_Base_Start_IT
 .text.HAL_TIM_OC_DelayElapsedCallback
                0x08002ccc        0x2 Drivers\STM32L4xx_HAL_Driver\Src\stm32l4xx_hal_tim.o
                0x08002ccc                HAL_TIM_OC_DelayElapsedCallback
 .text.HAL_TIM_IC_CaptureCallback
                0x08002cce        0x2 Drivers\STM32L4xx_HAL_Driver\Src\stm32l4xx_hal_tim.o
                0x08002cce                HAL_TIM_IC_CaptureCallback
 .text.HAL_TIM_PWM_PulseFinishedCallback
                0x08002cd0        0x2 Drivers\STM32L4xx_HAL_Driver\Src\stm32l4xx_hal_tim.o
                0x08002cd0                HAL_TIM_PWM_PulseFinishedCallback
 .text.HAL_TIM_TriggerCallback
                0x08002cd2        0x2 Drivers\STM32L4xx_HAL_Driver\Src\stm32l4xx_hal_tim.o
                0x08002cd2                HAL_TIM_TriggerCallback
 .text.HAL_TIM_IRQHandler
                0x08002cd4      0x160 Drivers\STM32L4xx_HAL_Driver\Src\stm32l4xx_hal_tim.o
                0x08002cd4                HAL_TIM_IRQHandler
 .text.TIM_Base_SetConfig
                0x08002e34       0xcc Drivers\STM32L4xx_HAL_Driver\Src\stm32l4xx_hal_tim.o
                0x08002e34                TIM_Base_SetConfig
 .text.HAL_TIM_Base_Init
                0x08002f00       0x34 Drivers\STM32L4xx_HAL_Driver\Src\stm32l4xx_hal_tim.o
                0x08002f00                HAL_TIM_Base_Init
 .text.TIM_ETR_SetConfig
                0x08002f34       0x14 Drivers\STM32L4xx_HAL_Driver\Src\stm32l4xx_hal_tim.o
                0x08002f34                TIM_ETR_SetConfig
 .text.HAL_TIM_ConfigClockSource
                0x08002f48      0x144 Drivers\STM32L4xx_HAL_Driver\Src\stm32l4xx_hal_tim.o
                0x08002f48                HAL_TIM_ConfigClockSource
 .text.HAL_TIMEx_MasterConfigSynchronization
                0x0800308c       0x58 Drivers\STM32L4xx_HAL_Driver\Src\stm32l4xx_hal_tim_ex.o
                0x0800308c                HAL_TIMEx_MasterConfigSynchronization
 .text.HAL_TIMEx_CommutationCallback
                0x080030e4        0x2 Drivers\STM32L4xx_HAL_Driver\Src\stm32l4xx_hal_tim_ex.o
                0x080030e4                HAL_TIMEx_CommutationCallback
 .text.HAL_TIMEx_BreakCallback
                0x080030e6        0x2 Drivers\STM32L4xx_HAL_Driver\Src\stm32l4xx_hal_tim_ex.o
                0x080030e6                HAL_TIMEx_BreakCallback
 .text.HAL_TIMEx_Break2Callback
                0x080030e8        0x2 Drivers\STM32L4xx_HAL_Driver\Src\stm32l4xx_hal_tim_ex.o
                0x080030e8                HAL_TIMEx_Break2Callback
 *fill*         0x080030ea        0x2 
 .text.UART_SetConfig
                0x080030ec      0x330 Drivers\STM32L4xx_HAL_Driver\Src\stm32l4xx_hal_uart.o
                0x080030ec                UART_SetConfig
 .text.UART_AdvFeatureConfig
                0x0800341c       0xa8 Drivers\STM32L4xx_HAL_Driver\Src\stm32l4xx_hal_uart.o
                0x0800341c                UART_AdvFeatureConfig
 .text.UART_WaitOnFlagUntilTimeout
                0x080034c4       0x62 Drivers\STM32L4xx_HAL_Driver\Src\stm32l4xx_hal_uart.o
                0x080034c4                UART_WaitOnFlagUntilTimeout
 .text.HAL_UART_Transmit
                0x08003526       0xae Drivers\STM32L4xx_HAL_Driver\Src\stm32l4xx_hal_uart.o
                0x08003526                HAL_UART_Transmit
 .text.UART_CheckIdleState
                0x080035d4       0x64 Drivers\STM32L4xx_HAL_Driver\Src\stm32l4xx_hal_uart.o
                0x080035d4                UART_CheckIdleState
 .text.HAL_UART_Init
                0x08003638       0x64 Drivers\STM32L4xx_HAL_Driver\Src\stm32l4xx_hal_uart.o
                0x08003638                HAL_UART_Init
 .text.MX_ADC1_Init
                0x0800369c       0x90 Src\adc.o
                0x0800369c                MX_ADC1_Init
 .text.HAL_ADC_MspInit
                0x0800372c       0x70 Src\adc.o
                0x0800372c                HAL_ADC_MspInit
 .text.MX_GPIO_Init
                0x0800379c       0xe4 Src\gpio.o
                0x0800379c                MX_GPIO_Init
 .text.MX_I2C1_Init
                0x08003880       0x58 Src\i2c.o
                0x08003880                MX_I2C1_Init
 .text.HAL_I2C_MspInit
                0x080038d8       0x8c Src\i2c.o
                0x080038d8                HAL_I2C_MspInit
 .text.SystemClock_Config
                0x08003964       0x96 Src\main.o
                0x08003964                SystemClock_Config
 *fill*         0x080039fa        0x2 
 .text._write   0x080039fc       0x18 Src\main.o
                0x080039fc                _write
 .text.ADC_Init
                0x08003a14        0xc Src\main.o
                0x08003a14                ADC_Init
 .text.READ_SENSOR_MQ135
                0x08003a20       0x14 Src\main.o
                0x08003a20                READ_SENSOR_MQ135
 .text.HAL_TIM_PeriodElapsedCallback
                0x08003a34       0x14 Src\main.o
                0x08003a34                HAL_TIM_PeriodElapsedCallback
 .text.Register
                0x08003a48       0x8c Src\main.o
                0x08003a48                Register
 .text.startup.main
                0x08003ad4       0x48 Src\main.o
                0x08003ad4                main
 .text.temperature_IKSO1A2
                0x08003b1c      0x220 Src\main.o
                0x08003b1c                temperature_IKSO1A2
 .text.humidity_IKSO1A2
                0x08003d3c      0x198 Src\main.o
                0x08003d3c                humidity_IKSO1A2
 .text.pressure_IKSO1A2
                0x08003ed4      0x12c Src\main.o
                0x08003ed4                pressure_IKSO1A2
 .text.HAL_ADC_ConvCpltCallback
                0x08004000       0x54 Src\main.o
                0x08004000                HAL_ADC_ConvCpltCallback
 .text.Error_Handler
                0x08004054        0x2 Src\main.o
                0x08004054                Error_Handler
 *fill*         0x08004056        0x2 
 .text.HAL_MspInit
                0x08004058       0x30 Src\stm32l4xx_hal_msp.o
                0x08004058                HAL_MspInit
 .text.NMI_Handler
                0x08004088        0x2 Src\stm32l4xx_it.o
                0x08004088                NMI_Handler
 .text.HardFault_Handler
                0x0800408a        0x2 Src\stm32l4xx_it.o
                0x0800408a                HardFault_Handler
 .text.MemManage_Handler
                0x0800408c        0x2 Src\stm32l4xx_it.o
                0x0800408c                MemManage_Handler
 .text.BusFault_Handler
                0x0800408e        0x2 Src\stm32l4xx_it.o
                0x0800408e                BusFault_Handler
 .text.UsageFault_Handler
                0x08004090        0x2 Src\stm32l4xx_it.o
                0x08004090                UsageFault_Handler
 .text.SVC_Handler
                0x08004092        0x2 Src\stm32l4xx_it.o
                0x08004092                SVC_Handler
 .text.DebugMon_Handler
                0x08004094        0x2 Src\stm32l4xx_it.o
                0x08004094                DebugMon_Handler
 .text.PendSV_Handler
                0x08004096        0x2 Src\stm32l4xx_it.o
                0x08004096                PendSV_Handler
 .text.SysTick_Handler
                0x08004098        0x4 Src\stm32l4xx_it.o
                0x08004098                SysTick_Handler
 .text.ADC1_2_IRQHandler
                0x0800409c        0xc Src\stm32l4xx_it.o
                0x0800409c                ADC1_2_IRQHandler
 .text.TIM3_IRQHandler
                0x080040a8        0xc Src\stm32l4xx_it.o
                0x080040a8                TIM3_IRQHandler
 .text.I2C1_EV_IRQHandler
                0x080040b4        0xc Src\stm32l4xx_it.o
                0x080040b4                I2C1_EV_IRQHandler
 .text.I2C1_ER_IRQHandler
                0x080040c0        0xc Src\stm32l4xx_it.o
                0x080040c0                I2C1_ER_IRQHandler
 .text.SystemInit
                0x080040cc       0x48 Src\system_stm32l4xx.o
                0x080040cc                SystemInit
 .text.MX_TIM3_Init
                0x08004114       0x70 Src\tim.o
                0x08004114                MX_TIM3_Init
 .text.HAL_TIM_Base_MspInit
                0x08004184       0x3c Src\tim.o
                0x08004184                HAL_TIM_Base_MspInit
 .text.MX_USART2_UART_Init
                0x080041c0       0x3c Src\usart.o
                0x080041c0                MX_USART2_UART_Init
 .text.HAL_UART_MspInit
                0x080041fc       0x64 Src\usart.o
                0x080041fc                HAL_UART_MspInit
 .text.Reset_Handler
                0x08004260       0x50 startup\startup_stm32l476xx.o
                0x08004260                Reset_Handler
 .text.Default_Handler
                0x080042b0        0x2 startup\startup_stm32l476xx.o
                0x080042b0                RTC_Alarm_IRQHandler
                0x080042b0                EXTI2_IRQHandler
                0x080042b0                TIM8_TRG_COM_IRQHandler
                0x080042b0                TIM8_CC_IRQHandler
                0x080042b0                TIM1_CC_IRQHandler
                0x080042b0                TSC_IRQHandler
                0x080042b0                TAMP_STAMP_IRQHandler
                0x080042b0                EXTI3_IRQHandler
                0x080042b0                LPTIM2_IRQHandler
                0x080042b0                DFSDM1_FLT1_IRQHandler
                0x080042b0                I2C3_ER_IRQHandler
                0x080042b0                DFSDM1_FLT2_IRQHandler
                0x080042b0                EXTI0_IRQHandler
                0x080042b0                I2C2_EV_IRQHandler
                0x080042b0                CAN1_RX0_IRQHandler
                0x080042b0                FPU_IRQHandler
                0x080042b0                TIM1_UP_TIM16_IRQHandler
                0x080042b0                SPI1_IRQHandler
                0x080042b0                TIM6_DAC_IRQHandler
                0x080042b0                TIM8_UP_IRQHandler
                0x080042b0                DMA2_Channel2_IRQHandler
                0x080042b0                DMA1_Channel4_IRQHandler
                0x080042b0                SAI2_IRQHandler
                0x080042b0                DFSDM1_FLT3_IRQHandler
                0x080042b0                USART3_IRQHandler
                0x080042b0                DMA1_Channel7_IRQHandler
                0x080042b0                CAN1_RX1_IRQHandler
                0x080042b0                LCD_IRQHandler
                0x080042b0                UART5_IRQHandler
                0x080042b0                ADC3_IRQHandler
                0x080042b0                TIM4_IRQHandler
                0x080042b0                DMA2_Channel1_IRQHandler
                0x080042b0                QUADSPI_IRQHandler
                0x080042b0                DMA1_Channel6_IRQHandler
                0x080042b0                UART4_IRQHandler
                0x080042b0                DMA2_Channel4_IRQHandler
                0x080042b0                RCC_IRQHandler
                0x080042b0                DMA1_Channel1_IRQHandler
                0x080042b0                Default_Handler
                0x080042b0                DMA2_Channel7_IRQHandler
                0x080042b0                EXTI15_10_IRQHandler
                0x080042b0                TIM7_IRQHandler
                0x080042b0                SDMMC1_IRQHandler
                0x080042b0                TIM5_IRQHandler
                0x080042b0                I2C3_EV_IRQHandler
                0x080042b0                EXTI9_5_IRQHandler
                0x080042b0                RTC_WKUP_IRQHandler
                0x080042b0                PVD_PVM_IRQHandler
                0x080042b0                SPI2_IRQHandler
                0x080042b0                CAN1_TX_IRQHandler
                0x080042b0                DMA2_Channel5_IRQHandler
                0x080042b0                DMA1_Channel5_IRQHandler
                0x080042b0                EXTI4_IRQHandler
                0x080042b0                RNG_IRQHandler
                0x080042b0                TIM1_TRG_COM_TIM17_IRQHandler
                0x080042b0                DMA1_Channel3_IRQHandler
                0x080042b0                COMP_IRQHandler
                0x080042b0                WWDG_IRQHandler
                0x080042b0                LPUART1_IRQHandler
                0x080042b0                DMA2_Channel6_IRQHandler
                0x080042b0                TIM2_IRQHandler
                0x080042b0                EXTI1_IRQHandler
                0x080042b0                USART2_IRQHandler
                0x080042b0                DFSDM1_FLT0_IRQHandler
                0x080042b0                I2C2_ER_IRQHandler
                0x080042b0                DMA1_Channel2_IRQHandler
                0x080042b0                TIM8_BRK_IRQHandler
                0x080042b0                CAN1_SCE_IRQHandler
                0x080042b0                FLASH_IRQHandler
                0x080042b0                USART1_IRQHandler
                0x080042b0                OTG_FS_IRQHandler
                0x080042b0                SPI3_IRQHandler
                0x080042b0                FMC_IRQHandler
                0x080042b0                SWPMI1_IRQHandler
                0x080042b0                LPTIM1_IRQHandler
                0x080042b0                SAI1_IRQHandler
                0x080042b0                DMA2_Channel3_IRQHandler
                0x080042b0                TIM1_BRK_TIM15_IRQHandler
 *fill*         0x080042b2        0x2 
 .text.__libc_init_array
                0x080042b4       0x48 c:/program files (x86)/atollic/truestudio for stm32 9.0.1/armtools/bin/../lib/gcc/arm-atollic-eabi/6.3.1/../../../../arm-atollic-eabi/lib/armv7e-m/fpu\libc_nano.a(lib_a-init.o)
                0x080042b4                __libc_init_array
 .text.memset   0x080042fc       0x10 c:/program files (x86)/atollic/truestudio for stm32 9.0.1/armtools/bin/../lib/gcc/arm-atollic-eabi/6.3.1/../../../../arm-atollic-eabi/lib/armv7e-m/fpu\libc_nano.a(lib_a-memset.o)
                0x080042fc                memset
 .text.printf   0x0800430c       0x30 c:/program files (x86)/atollic/truestudio for stm32 9.0.1/armtools/bin/../lib/gcc/arm-atollic-eabi/6.3.1/../../../../arm-atollic-eabi/lib/armv7e-m/fpu\libc_nano.a(lib_a-printf.o)
                0x0800430c                iprintf
                0x0800430c                printf
 .text._puts_r  0x0800433c       0xb8 c:/program files (x86)/atollic/truestudio for stm32 9.0.1/armtools/bin/../lib/gcc/arm-atollic-eabi/6.3.1/../../../../arm-atollic-eabi/lib/armv7e-m/fpu\libc_nano.a(lib_a-puts.o)
                0x0800433c                _puts_r
 .text.puts     0x080043f4       0x10 c:/program files (x86)/atollic/truestudio for stm32 9.0.1/armtools/bin/../lib/gcc/arm-atollic-eabi/6.3.1/../../../../arm-atollic-eabi/lib/armv7e-m/fpu\libc_nano.a(lib_a-puts.o)
                0x080043f4                puts
 .text.__swbuf_r
                0x08004404       0xa4 c:/program files (x86)/atollic/truestudio for stm32 9.0.1/armtools/bin/../lib/gcc/arm-atollic-eabi/6.3.1/../../../../arm-atollic-eabi/lib/armv7e-m/fpu\libc_nano.a(lib_a-wbuf.o)
                0x08004404                __swbuf_r
 .text.__swsetup_r
                0x080044a8       0xdc c:/program files (x86)/atollic/truestudio for stm32 9.0.1/armtools/bin/../lib/gcc/arm-atollic-eabi/6.3.1/../../../../arm-atollic-eabi/lib/armv7e-m/fpu\libc_nano.a(lib_a-wsetup.o)
                0x080044a8                __swsetup_r
 .text.__sflush_r
                0x08004584      0x110 c:/program files (x86)/atollic/truestudio for stm32 9.0.1/armtools/bin/../lib/gcc/arm-atollic-eabi/6.3.1/../../../../arm-atollic-eabi/lib/armv7e-m/fpu\libc_nano.a(lib_a-fflush.o)
                0x08004584                __sflush_r
 .text._fflush_r
                0x08004694       0x54 c:/program files (x86)/atollic/truestudio for stm32 9.0.1/armtools/bin/../lib/gcc/arm-atollic-eabi/6.3.1/../../../../arm-atollic-eabi/lib/armv7e-m/fpu\libc_nano.a(lib_a-fflush.o)
                0x08004694                _fflush_r
 .text._cleanup_r
                0x080046e8        0xc c:/program files (x86)/atollic/truestudio for stm32 9.0.1/armtools/bin/../lib/gcc/arm-atollic-eabi/6.3.1/../../../../arm-atollic-eabi/lib/armv7e-m/fpu\libc_nano.a(lib_a-findfp.o)
                0x080046e8                _cleanup_r
 .text.std.isra.0
                0x080046f4       0x48 c:/program files (x86)/atollic/truestudio for stm32 9.0.1/armtools/bin/../lib/gcc/arm-atollic-eabi/6.3.1/../../../../arm-atollic-eabi/lib/armv7e-m/fpu\libc_nano.a(lib_a-findfp.o)
 .text.__sfmoreglue
                0x0800473c       0x2c c:/program files (x86)/atollic/truestudio for stm32 9.0.1/armtools/bin/../lib/gcc/arm-atollic-eabi/6.3.1/../../../../arm-atollic-eabi/lib/armv7e-m/fpu\libc_nano.a(lib_a-findfp.o)
                0x0800473c                __sfmoreglue
 .text.__sinit  0x08004768       0x60 c:/program files (x86)/atollic/truestudio for stm32 9.0.1/armtools/bin/../lib/gcc/arm-atollic-eabi/6.3.1/../../../../arm-atollic-eabi/lib/armv7e-m/fpu\libc_nano.a(lib_a-findfp.o)
                0x08004768                __sinit
 .text.__sfp    0x080047c8       0x78 c:/program files (x86)/atollic/truestudio for stm32 9.0.1/armtools/bin/../lib/gcc/arm-atollic-eabi/6.3.1/../../../../arm-atollic-eabi/lib/armv7e-m/fpu\libc_nano.a(lib_a-findfp.o)
                0x080047c8                __sfp
 .text._fwalk_reent
                0x08004840       0x3c c:/program files (x86)/atollic/truestudio for stm32 9.0.1/armtools/bin/../lib/gcc/arm-atollic-eabi/6.3.1/../../../../arm-atollic-eabi/lib/armv7e-m/fpu\libc_nano.a(lib_a-fwalk.o)
                0x08004840                _fwalk_reent
 .text.__swhatbuf_r
                0x0800487c       0x48 c:/program files (x86)/atollic/truestudio for stm32 9.0.1/armtools/bin/../lib/gcc/arm-atollic-eabi/6.3.1/../../../../arm-atollic-eabi/lib/armv7e-m/fpu\libc_nano.a(lib_a-makebuf.o)
                0x0800487c                __swhatbuf_r
 .text.__smakebuf_r
                0x080048c4       0x80 c:/program files (x86)/atollic/truestudio for stm32 9.0.1/armtools/bin/../lib/gcc/arm-atollic-eabi/6.3.1/../../../../arm-atollic-eabi/lib/armv7e-m/fpu\libc_nano.a(lib_a-makebuf.o)
                0x080048c4                __smakebuf_r
 .text._free_r  0x08004944       0x9c c:/program files (x86)/atollic/truestudio for stm32 9.0.1/armtools/bin/../lib/gcc/arm-atollic-eabi/6.3.1/../../../../arm-atollic-eabi/lib/armv7e-m/fpu\libc_nano.a(lib_a-nano-freer.o)
                0x08004944                _free_r
 .text._malloc_r
                0x080049e0       0xbc c:/program files (x86)/atollic/truestudio for stm32 9.0.1/armtools/bin/../lib/gcc/arm-atollic-eabi/6.3.1/../../../../arm-atollic-eabi/lib/armv7e-m/fpu\libc_nano.a(lib_a-nano-mallocr.o)
                0x080049e0                _malloc_r
 .text.__sfputc_r
                0x08004a9c       0x30 c:/program files (x86)/atollic/truestudio for stm32 9.0.1/armtools/bin/../lib/gcc/arm-atollic-eabi/6.3.1/../../../../arm-atollic-eabi/lib/armv7e-m/fpu\libc_nano.a(lib_a-nano-vfprintf.o)
 .text.__sfputs_r
                0x08004acc       0x24 c:/program files (x86)/atollic/truestudio for stm32 9.0.1/armtools/bin/../lib/gcc/arm-atollic-eabi/6.3.1/../../../../arm-atollic-eabi/lib/armv7e-m/fpu\libc_nano.a(lib_a-nano-vfprintf.o)
                0x08004acc                __sfputs_r
 .text._vfprintf_r
                0x08004af0      0x22c c:/program files (x86)/atollic/truestudio for stm32 9.0.1/armtools/bin/../lib/gcc/arm-atollic-eabi/6.3.1/../../../../arm-atollic-eabi/lib/armv7e-m/fpu\libc_nano.a(lib_a-nano-vfprintf.o)
                0x08004af0                _vfprintf_r
                0x08004af0                _vfiprintf_r
 .text._printf_common
                0x08004d1c       0xec c:/program files (x86)/atollic/truestudio for stm32 9.0.1/armtools/bin/../lib/gcc/arm-atollic-eabi/6.3.1/../../../../arm-atollic-eabi/lib/armv7e-m/fpu\libc_nano.a(lib_a-nano-vfprintf_i.o)
                0x08004d1c                _printf_common
 .text._printf_i
                0x08004e08      0x240 c:/program files (x86)/atollic/truestudio for stm32 9.0.1/armtools/bin/../lib/gcc/arm-atollic-eabi/6.3.1/../../../../arm-atollic-eabi/lib/armv7e-m/fpu\libc_nano.a(lib_a-nano-vfprintf_i.o)
                0x08004e08                _printf_i
 .text._sbrk_r  0x08005048       0x20 c:/program files (x86)/atollic/truestudio for stm32 9.0.1/armtools/bin/../lib/gcc/arm-atollic-eabi/6.3.1/../../../../arm-atollic-eabi/lib/armv7e-m/fpu\libc_nano.a(lib_a-sbrkr.o)
                0x08005048                _sbrk_r
 .text.__sread  0x08005068       0x22 c:/program files (x86)/atollic/truestudio for stm32 9.0.1/armtools/bin/../lib/gcc/arm-atollic-eabi/6.3.1/../../../../arm-atollic-eabi/lib/armv7e-m/fpu\libc_nano.a(lib_a-stdio.o)
                0x08005068                __sread
 .text.__swrite
                0x0800508a       0x38 c:/program files (x86)/atollic/truestudio for stm32 9.0.1/armtools/bin/../lib/gcc/arm-atollic-eabi/6.3.1/../../../../arm-atollic-eabi/lib/armv7e-m/fpu\libc_nano.a(lib_a-stdio.o)
                0x0800508a                __swrite
 .text.__sseek  0x080050c2       0x24 c:/program files (x86)/atollic/truestudio for stm32 9.0.1/armtools/bin/../lib/gcc/arm-atollic-eabi/6.3.1/../../../../arm-atollic-eabi/lib/armv7e-m/fpu\libc_nano.a(lib_a-stdio.o)
                0x080050c2                __sseek
 .text.__sclose
                0x080050e6        0x8 c:/program files (x86)/atollic/truestudio for stm32 9.0.1/armtools/bin/../lib/gcc/arm-atollic-eabi/6.3.1/../../../../arm-atollic-eabi/lib/armv7e-m/fpu\libc_nano.a(lib_a-stdio.o)
                0x080050e6                __sclose
 *fill*         0x080050ee        0x2 
 .text._write_r
                0x080050f0       0x24 c:/program files (x86)/atollic/truestudio for stm32 9.0.1/armtools/bin/../lib/gcc/arm-atollic-eabi/6.3.1/../../../../arm-atollic-eabi/lib/armv7e-m/fpu\libc_nano.a(lib_a-writer.o)
                0x080050f0                _write_r
 .text._close_r
                0x08005114       0x20 c:/program files (x86)/atollic/truestudio for stm32 9.0.1/armtools/bin/../lib/gcc/arm-atollic-eabi/6.3.1/../../../../arm-atollic-eabi/lib/armv7e-m/fpu\libc_nano.a(lib_a-closer.o)
                0x08005114                _close_r
 .text._fstat_r
                0x08005134       0x24 c:/program files (x86)/atollic/truestudio for stm32 9.0.1/armtools/bin/../lib/gcc/arm-atollic-eabi/6.3.1/../../../../arm-atollic-eabi/lib/armv7e-m/fpu\libc_nano.a(lib_a-fstatr.o)
                0x08005134                _fstat_r
 .text._isatty_r
                0x08005158       0x20 c:/program files (x86)/atollic/truestudio for stm32 9.0.1/armtools/bin/../lib/gcc/arm-atollic-eabi/6.3.1/../../../../arm-atollic-eabi/lib/armv7e-m/fpu\libc_nano.a(lib_a-isattyr.o)
                0x08005158                _isatty_r
 .text._lseek_r
                0x08005178       0x24 c:/program files (x86)/atollic/truestudio for stm32 9.0.1/armtools/bin/../lib/gcc/arm-atollic-eabi/6.3.1/../../../../arm-atollic-eabi/lib/armv7e-m/fpu\libc_nano.a(lib_a-lseekr.o)
                0x08005178                _lseek_r
 .text.__malloc_lock
                0x0800519c        0x2 c:/program files (x86)/atollic/truestudio for stm32 9.0.1/armtools/bin/../lib/gcc/arm-atollic-eabi/6.3.1/../../../../arm-atollic-eabi/lib/armv7e-m/fpu\libc_nano.a(lib_a-mlock.o)
                0x0800519c                __malloc_lock
 .text.__malloc_unlock
                0x0800519e        0x2 c:/program files (x86)/atollic/truestudio for stm32 9.0.1/armtools/bin/../lib/gcc/arm-atollic-eabi/6.3.1/../../../../arm-atollic-eabi/lib/armv7e-m/fpu\libc_nano.a(lib_a-mlock.o)
                0x0800519e                __malloc_unlock
 .text._read_r  0x080051a0       0x24 c:/program files (x86)/atollic/truestudio for stm32 9.0.1/armtools/bin/../lib/gcc/arm-atollic-eabi/6.3.1/../../../../arm-atollic-eabi/lib/armv7e-m/fpu\libc_nano.a(lib_a-readr.o)
                0x080051a0                _read_r
 .text._close   0x080051c4       0x10 c:/program files (x86)/atollic/truestudio for stm32 9.0.1/armtools/bin/../lib/gcc/arm-atollic-eabi/6.3.1/../../../../arm-atollic-eabi/lib/armv7e-m/fpu\libnosys.a(close.o)
                0x080051c4                _close
 .text._fstat   0x080051d4       0x10 c:/program files (x86)/atollic/truestudio for stm32 9.0.1/armtools/bin/../lib/gcc/arm-atollic-eabi/6.3.1/../../../../arm-atollic-eabi/lib/armv7e-m/fpu\libnosys.a(fstat.o)
                0x080051d4                _fstat
 .text._isatty  0x080051e4       0x10 c:/program files (x86)/atollic/truestudio for stm32 9.0.1/armtools/bin/../lib/gcc/arm-atollic-eabi/6.3.1/../../../../arm-atollic-eabi/lib/armv7e-m/fpu\libnosys.a(isatty.o)
                0x080051e4                _isatty
 .text._lseek   0x080051f4       0x10 c:/program files (x86)/atollic/truestudio for stm32 9.0.1/armtools/bin/../lib/gcc/arm-atollic-eabi/6.3.1/../../../../arm-atollic-eabi/lib/armv7e-m/fpu\libnosys.a(lseek.o)
                0x080051f4                _lseek
 .text._read    0x08005204       0x10 c:/program files (x86)/atollic/truestudio for stm32 9.0.1/armtools/bin/../lib/gcc/arm-atollic-eabi/6.3.1/../../../../arm-atollic-eabi/lib/armv7e-m/fpu\libnosys.a(read.o)
                0x08005204                _read
 .text._sbrk    0x08005214       0x1c c:/program files (x86)/atollic/truestudio for stm32 9.0.1/armtools/bin/../lib/gcc/arm-atollic-eabi/6.3.1/../../../../arm-atollic-eabi/lib/armv7e-m/fpu\libnosys.a(sbrk.o)
                0x08005214                _sbrk
 *(.glue_7)
 .glue_7        0x08005230        0x0 linker stubs
 *(.glue_7t)
 .glue_7t       0x08005230        0x0 linker stubs
 *(.eh_frame)
 .eh_frame      0x08005230        0x0 c:/program files (x86)/atollic/truestudio for stm32 9.0.1/armtools/bin/../lib/gcc/arm-atollic-eabi/6.3.1/armv7e-m/fpu/crtbegin.o
 *(.init)
 .init          0x08005230        0x4 c:/program files (x86)/atollic/truestudio for stm32 9.0.1/armtools/bin/../lib/gcc/arm-atollic-eabi/6.3.1/armv7e-m/fpu/crti.o
                0x08005230                _init
 .init          0x08005234        0x8 c:/program files (x86)/atollic/truestudio for stm32 9.0.1/armtools/bin/../lib/gcc/arm-atollic-eabi/6.3.1/armv7e-m/fpu/crtn.o
 *(.fini)
 .fini          0x0800523c        0x4 c:/program files (x86)/atollic/truestudio for stm32 9.0.1/armtools/bin/../lib/gcc/arm-atollic-eabi/6.3.1/armv7e-m/fpu/crti.o
                0x0800523c                _fini
 .fini          0x08005240        0x8 c:/program files (x86)/atollic/truestudio for stm32 9.0.1/armtools/bin/../lib/gcc/arm-atollic-eabi/6.3.1/armv7e-m/fpu/crtn.o
                0x08005248                . = ALIGN (0x4)
                0x08005248                _etext = .

.vfp11_veneer   0x08005248        0x0
 .vfp11_veneer  0x08005248        0x0 linker stubs

.v4_bx          0x08005248        0x0
 .v4_bx         0x08005248        0x0 linker stubs

.iplt           0x08005248        0x0
 .iplt          0x08005248        0x0 c:/program files (x86)/atollic/truestudio for stm32 9.0.1/armtools/bin/../lib/gcc/arm-atollic-eabi/6.3.1/armv7e-m/fpu/crtbegin.o

.rodata         0x08005248      0x168
                0x08005248                . = ALIGN (0x4)
 *(.rodata)
 *(.rodata*)
 .rodata.CSWTCH.51
                0x08005248        0x4 Drivers\STM32L4xx_HAL_Driver\Src\stm32l4xx_hal_uart.o
 .rodata.CSWTCH.52
                0x0800524c        0xd Drivers\STM32L4xx_HAL_Driver\Src\stm32l4xx_hal_uart.o
 .rodata.HAL_ADC_ConvCpltCallback.str1.1
                0x08005259       0x1e Src\main.o
 .rodata.READ_SENSOR_MQ135.str1.1
                0x08005277       0x12 Src\main.o
 .rodata.humidity_IKSO1A2.str1.1
                0x08005289        0xf Src\main.o
 .rodata.main.str1.1
                0x08005298       0x14 Src\main.o
 .rodata.pressure_IKSO1A2.str1.1
                0x080052ac       0x10 Src\main.o
 .rodata.temperature_IKSO1A2.str1.1
                0x080052bc       0x12 Src\main.o
 .rodata.AHBPrescTable
                0x080052ce       0x10 Src\system_stm32l4xx.o
                0x080052ce                AHBPrescTable
 .rodata.APBPrescTable
                0x080052de        0x8 Src\system_stm32l4xx.o
                0x080052de                APBPrescTable
 *fill*         0x080052e6        0x2 
 .rodata.MSIRangeTable
                0x080052e8       0x30 Src\system_stm32l4xx.o
                0x080052e8                MSIRangeTable
 .rodata.__sf_fake_stderr
                0x08005318       0x20 c:/program files (x86)/atollic/truestudio for stm32 9.0.1/armtools/bin/../lib/gcc/arm-atollic-eabi/6.3.1/../../../../arm-atollic-eabi/lib/armv7e-m/fpu\libc_nano.a(lib_a-findfp.o)
                0x08005318                __sf_fake_stderr
 .rodata.__sf_fake_stdin
                0x08005338       0x20 c:/program files (x86)/atollic/truestudio for stm32 9.0.1/armtools/bin/../lib/gcc/arm-atollic-eabi/6.3.1/../../../../arm-atollic-eabi/lib/armv7e-m/fpu\libc_nano.a(lib_a-findfp.o)
                0x08005338                __sf_fake_stdin
 .rodata.__sf_fake_stdout
                0x08005358       0x20 c:/program files (x86)/atollic/truestudio for stm32 9.0.1/armtools/bin/../lib/gcc/arm-atollic-eabi/6.3.1/../../../../arm-atollic-eabi/lib/armv7e-m/fpu\libc_nano.a(lib_a-findfp.o)
                0x08005358                __sf_fake_stdout
 .rodata._global_impure_ptr
                0x08005378        0x4 c:/program files (x86)/atollic/truestudio for stm32 9.0.1/armtools/bin/../lib/gcc/arm-atollic-eabi/6.3.1/../../../../arm-atollic-eabi/lib/armv7e-m/fpu\libc_nano.a(lib_a-impure.o)
                0x08005378                _global_impure_ptr
 .rodata._vfprintf_r.str1.1
                0x0800537c       0x11 c:/program files (x86)/atollic/truestudio for stm32 9.0.1/armtools/bin/../lib/gcc/arm-atollic-eabi/6.3.1/../../../../arm-atollic-eabi/lib/armv7e-m/fpu\libc_nano.a(lib_a-nano-vfprintf.o)
 .rodata._printf_i.str1.1
                0x0800538d       0x22 c:/program files (x86)/atollic/truestudio for stm32 9.0.1/armtools/bin/../lib/gcc/arm-atollic-eabi/6.3.1/../../../../arm-atollic-eabi/lib/armv7e-m/fpu\libc_nano.a(lib_a-nano-vfprintf_i.o)
                0x080053b0                . = ALIGN (0x4)
 *fill*         0x080053af        0x1 

.ARM.extab
 *(.ARM.extab* .gnu.linkonce.armextab.*)

.ARM            0x080053b0        0x8
                0x080053b0                __exidx_start = .
 *(.ARM.exidx*)
 .ARM.exidx     0x080053b0        0x8 c:/program files (x86)/atollic/truestudio for stm32 9.0.1/armtools/bin/../lib/gcc/arm-atollic-eabi/6.3.1/armv7e-m/fpu\libgcc.a(_udivmoddi4.o)
                0x080053b8                __exidx_end = .

.rel.dyn        0x080053b8        0x0
 .rel.iplt      0x080053b8        0x0 c:/program files (x86)/atollic/truestudio for stm32 9.0.1/armtools/bin/../lib/gcc/arm-atollic-eabi/6.3.1/armv7e-m/fpu/crtbegin.o

.preinit_array  0x080053b8        0x0
                0x080053b8                PROVIDE (__preinit_array_start, .)
 *(.preinit_array*)
                0x080053b8                PROVIDE (__preinit_array_end, .)

.init_array     0x080053b8        0x4
                0x080053b8                PROVIDE (__init_array_start, .)
 *(SORT(.init_array.*))
 *(.init_array*)
 .init_array    0x080053b8        0x4 c:/program files (x86)/atollic/truestudio for stm32 9.0.1/armtools/bin/../lib/gcc/arm-atollic-eabi/6.3.1/armv7e-m/fpu/crtbegin.o
                0x080053bc                PROVIDE (__init_array_end, .)

.fini_array     0x080053bc        0x4
                [!provide]                PROVIDE (__fini_array_start, .)
 *(SORT(.fini_array.*))
 *(.fini_array*)
 .fini_array    0x080053bc        0x4 c:/program files (x86)/atollic/truestudio for stm32 9.0.1/armtools/bin/../lib/gcc/arm-atollic-eabi/6.3.1/armv7e-m/fpu/crtbegin.o
                [!provide]                PROVIDE (__fini_array_end, .)
                0x080053c0                _sidata = LOADADDR (.data)

.data           0x20000000       0x88 load address 0x080053c0
                0x20000000                . = ALIGN (0x4)
                0x20000000                _sdata = .
 *(.data)
 *(.data*)
 .data.CTRL_REG1_PRES
                0x20000000        0x1 Src\main.o
                0x20000000                CTRL_REG1_PRES
 .data.CTRL_REG1_TEMP
                0x20000001        0x1 Src\main.o
                0x20000001                CTRL_REG1_TEMP
 .data.CTRL_REG2_PRES
                0x20000002        0x1 Src\main.o
                0x20000002                CTRL_REG2_PRES
 .data.INTERRUPT_CFG
                0x20000003        0x1 Src\main.o
                0x20000003                INTERRUPT_CFG
 .data.addr_CTRL_REG1_PRES
                0x20000004        0x1 Src\main.o
                0x20000004                addr_CTRL_REG1_PRES
 .data.addr_CTRL_REG1_TEMP
                0x20000005        0x1 Src\main.o
                0x20000005                addr_CTRL_REG1_TEMP
 .data.addr_CTRL_REG2_PRES
                0x20000006        0x1 Src\main.o
                0x20000006                addr_CTRL_REG2_PRES
 .data.addr_H0_T0_OUT_H
                0x20000007        0x1 Src\main.o
                0x20000007                addr_H0_T0_OUT_H
 .data.addr_H0_T0_OUT_L
                0x20000008        0x1 Src\main.o
                0x20000008                addr_H0_T0_OUT_L
 .data.addr_H0_rH_x2
                0x20000009        0x1 Src\main.o
                0x20000009                addr_H0_rH_x2
 .data.addr_H1_T0_OUT_H
                0x2000000a        0x1 Src\main.o
                0x2000000a                addr_H1_T0_OUT_H
 .data.addr_H1_T0_OUT_L
                0x2000000b        0x1 Src\main.o
                0x2000000b                addr_H1_T0_OUT_L
 .data.addr_H1_rH_x2
                0x2000000c        0x1 Src\main.o
                0x2000000c                addr_H1_rH_x2
 .data.addr_HUM_H
                0x2000000d        0x1 Src\main.o
                0x2000000d                addr_HUM_H
 .data.addr_HUM_L
                0x2000000e        0x1 Src\main.o
                0x2000000e                addr_HUM_L
 .data.addr_INTERRUPT_CFG
                0x2000000f        0x1 Src\main.o
                0x2000000f                addr_INTERRUPT_CFG
 .data.addr_PRES_OUT_H
                0x20000010        0x1 Src\main.o
                0x20000010                addr_PRES_OUT_H
 .data.addr_PRES_OUT_L
                0x20000011        0x1 Src\main.o
                0x20000011                addr_PRES_OUT_L
 .data.addr_PRES_OUT_XL
                0x20000012        0x1 Src\main.o
                0x20000012                addr_PRES_OUT_XL
 .data.addr_REF_P_H
                0x20000013        0x1 Src\main.o
                0x20000013                addr_REF_P_H
 .data.addr_REF_P_L
                0x20000014        0x1 Src\main.o
                0x20000014                addr_REF_P_L
 .data.addr_REF_P_XL
                0x20000015        0x1 Src\main.o
                0x20000015                addr_REF_P_XL
 .data.addr_T0_H
                0x20000016        0x1 Src\main.o
                0x20000016                addr_T0_H
 .data.addr_T0_L
                0x20000017        0x1 Src\main.o
                0x20000017                addr_T0_L
 .data.addr_T0_T1_msb
                0x20000018        0x1 Src\main.o
                0x20000018                addr_T0_T1_msb
 .data.addr_T0_degC_x8
                0x20000019        0x1 Src\main.o
                0x20000019                addr_T0_degC_x8
 .data.addr_T1_H
                0x2000001a        0x1 Src\main.o
                0x2000001a                addr_T1_H
 .data.addr_T1_L
                0x2000001b        0x1 Src\main.o
                0x2000001b                addr_T1_L
 .data.addr_T1_degC_x8
                0x2000001c        0x1 Src\main.o
                0x2000001c                addr_T1_degC_x8
 .data.addr_T_OUT_H
                0x2000001d        0x1 Src\main.o
                0x2000001d                addr_T_OUT_H
 .data.addr_T_OUT_L
                0x2000001e        0x1 Src\main.o
                0x2000001e                addr_T_OUT_L
 *fill*         0x2000001f        0x1 
 .data.SystemCoreClock
                0x20000020        0x4 Src\system_stm32l4xx.o
                0x20000020                SystemCoreClock
 .data._impure_ptr
                0x20000024        0x4 c:/program files (x86)/atollic/truestudio for stm32 9.0.1/armtools/bin/../lib/gcc/arm-atollic-eabi/6.3.1/../../../../arm-atollic-eabi/lib/armv7e-m/fpu\libc_nano.a(lib_a-impure.o)
                0x20000024                _impure_ptr
 .data.impure_data
                0x20000028       0x60 c:/program files (x86)/atollic/truestudio for stm32 9.0.1/armtools/bin/../lib/gcc/arm-atollic-eabi/6.3.1/../../../../arm-atollic-eabi/lib/armv7e-m/fpu\libc_nano.a(lib_a-impure.o)
                0x20000088                . = ALIGN (0x4)
                0x20000088                _edata = .

.igot.plt       0x20000088        0x0 load address 0x08005448
 .igot.plt      0x20000088        0x0 c:/program files (x86)/atollic/truestudio for stm32 9.0.1/armtools/bin/../lib/gcc/arm-atollic-eabi/6.3.1/armv7e-m/fpu/crtbegin.o
                0x20000088                . = ALIGN (0x4)

.bss            0x20000088      0x208 load address 0x08005448
                0x20000088                _sbss = .
                0x20000088                __bss_start__ = _sbss
 *(.bss)
 .bss           0x20000088       0x1c c:/program files (x86)/atollic/truestudio for stm32 9.0.1/armtools/bin/../lib/gcc/arm-atollic-eabi/6.3.1/armv7e-m/fpu/crtbegin.o
 *(.bss*)
 .bss.cpt       0x200000a4        0x1 Src\main.o
                0x200000a4                cpt
 *fill*         0x200000a5        0x1 
 .bss.valeurADC
                0x200000a6        0x2 Src\main.o
 .bss.__malloc_free_list
                0x200000a8        0x4 c:/program files (x86)/atollic/truestudio for stm32 9.0.1/armtools/bin/../lib/gcc/arm-atollic-eabi/6.3.1/../../../../arm-atollic-eabi/lib/armv7e-m/fpu\libc_nano.a(lib_a-nano-mallocr.o)
                0x200000a8                __malloc_free_list
 .bss.__malloc_sbrk_start
                0x200000ac        0x4 c:/program files (x86)/atollic/truestudio for stm32 9.0.1/armtools/bin/../lib/gcc/arm-atollic-eabi/6.3.1/../../../../arm-atollic-eabi/lib/armv7e-m/fpu\libc_nano.a(lib_a-nano-mallocr.o)
                0x200000ac                __malloc_sbrk_start
 .bss.heap_end.5239
                0x200000b0        0x4 c:/program files (x86)/atollic/truestudio for stm32 9.0.1/armtools/bin/../lib/gcc/arm-atollic-eabi/6.3.1/../../../../arm-atollic-eabi/lib/armv7e-m/fpu\libnosys.a(sbrk.o)
 *(COMMON)
 COMMON         0x200000b4        0x4 Drivers\STM32L4xx_HAL_Driver\Src\stm32l4xx_hal.o
                0x200000b4                uwTick
 COMMON         0x200000b8       0x64 Src\adc.o
                0x200000b8                hadc1
 COMMON         0x2000011c       0x4c Src\i2c.o
                0x2000011c                hi2c1
 COMMON         0x20000168       0x69 Src\main.o
                0x20000168                magn16
                0x2000016a                T1_msb
                0x2000016b                H1_T0_OUT_L
                0x2000016c                T0_L
                0x2000016e                H1_rH
                0x20000170                T_OUT_L
                0x20000172                magnZ16
                0x20000174                Z_LI_L
                0x20000175                T1_H
                0x20000176                Y_LI_H
                0x20000177                H1_T0_OUT_H
                0x20000178                H_OUT
                0x2000017a                H0_T0_OUT_L
                0x2000017c                accelZ16
                0x2000017e                T1_degC_DIV8
                0x20000180                H0_rH
                0x20000182                accelY16
                0x20000184                REF_P_XL
                0x20000185                OUTX_L_REG_M
                0x20000186                Z_LI_H
                0x20000188                pres32
                0x2000018c                REF_P_H
                0x2000018e                magnX16
                0x20000190                T1_L
                0x20000192                T0_degC
                0x20000194                T1_degC_x8
                0x20000195                T0_degC_x8
                0x20000196                PRES_OUT_L
                0x20000197                OUTX_H_REG_M
                0x20000198                T0_H
                0x20000199                REF_P_L
                0x2000019a                T1_degC
                0x2000019c                Y_LI_L
                0x2000019d                X_LI_H
                0x2000019e                T0_OUT
                0x200001a0                T0_T1_msb
                0x200001a2                temp16
                0x200001a4                T0_msb
                0x200001a8                PRES_x4096
                0x200001ac                H0
                0x200001ae                magnY16
                0x200001b0                T_OUT_H
                0x200001b1                OUTZ_H_REG_M
                0x200001b2                T1_OUT
                0x200001b4                H1_rH_x2
                0x200001b5                HUM_H
                0x200001b6                X_LI_L
                0x200001b7                H0_T0_OUT_H
                0x200001b8                T0_degC_DIV8
                0x200001ba                H0_rH_x2
                0x200001bb                PRES_OUT_H
                0x200001bc                T_OUT
                0x200001be                hum16
                0x200001c0                OUTY_L_REG_M
                0x200001c4                REF_P_x4096
                0x200001c8                accelX16
                0x200001ca                OUTY_H_REG_M
                0x200001cb                HUM_L
                0x200001cc                PRES_OUT_XL
                0x200001ce                H1
                0x200001d0                OUTZ_L_REG_M
 *fill*         0x200001d1        0x3 
 COMMON         0x200001d4       0x40 Src\tim.o
                0x200001d4                htim3
 COMMON         0x20000214       0x78 Src\usart.o
                0x20000214                huart2
 COMMON         0x2000028c        0x4 c:/program files (x86)/atollic/truestudio for stm32 9.0.1/armtools/bin/../lib/gcc/arm-atollic-eabi/6.3.1/../../../../arm-atollic-eabi/lib/armv7e-m/fpu\libc_nano.a(lib_a-reent.o)
                0x2000028c                errno
                0x20000290                . = ALIGN (0x4)
                0x20000290                _ebss = .
                0x20000290                __bss_end__ = _ebss

._user_heap_stack
                0x20000290      0x600 load address 0x08005448
                0x20000290                . = ALIGN (0x4)
                0x20000290                PROVIDE (end, .)
                [!provide]                PROVIDE (_end, .)
                0x20000490                . = (. + _Min_Heap_Size)
 *fill*         0x20000290      0x200 
                0x20000890                . = (. + _Min_Stack_Size)
 *fill*         0x20000490      0x400 
                0x20000890                . = ALIGN (0x4)

/DISCARD/
 libc.a(*)
 libm.a(*)
 libgcc.a(*)

.ARM.attributes
                0x00000000       0x30
 *(.ARM.attributes)
 .ARM.attributes
                0x00000000       0x22 c:/program files (x86)/atollic/truestudio for stm32 9.0.1/armtools/bin/../lib/gcc/arm-atollic-eabi/6.3.1/armv7e-m/fpu/crti.o
 .ARM.attributes
                0x00000022       0x34 c:/program files (x86)/atollic/truestudio for stm32 9.0.1/armtools/bin/../lib/gcc/arm-atollic-eabi/6.3.1/armv7e-m/fpu/crtbegin.o
 .ARM.attributes
                0x00000056       0x39 Drivers\STM32L4xx_HAL_Driver\Src\stm32l4xx_hal.o
 .ARM.attributes
                0x0000008f       0x39 Drivers\STM32L4xx_HAL_Driver\Src\stm32l4xx_hal_adc.o
 .ARM.attributes
                0x000000c8       0x39 Drivers\STM32L4xx_HAL_Driver\Src\stm32l4xx_hal_adc_ex.o
 .ARM.attributes
                0x00000101       0x39 Drivers\STM32L4xx_HAL_Driver\Src\stm32l4xx_hal_cortex.o
 .ARM.attributes
                0x0000013a       0x39 Drivers\STM32L4xx_HAL_Driver\Src\stm32l4xx_hal_dma.o
 .ARM.attributes
                0x00000173       0x39 Drivers\STM32L4xx_HAL_Driver\Src\stm32l4xx_hal_gpio.o
 .ARM.attributes
                0x000001ac       0x39 Drivers\STM32L4xx_HAL_Driver\Src\stm32l4xx_hal_i2c.o
 .ARM.attributes
                0x000001e5       0x39 Drivers\STM32L4xx_HAL_Driver\Src\stm32l4xx_hal_i2c_ex.o
 .ARM.attributes
                0x0000021e       0x39 Drivers\STM32L4xx_HAL_Driver\Src\stm32l4xx_hal_pwr_ex.o
 .ARM.attributes
                0x00000257       0x39 Drivers\STM32L4xx_HAL_Driver\Src\stm32l4xx_hal_rcc.o
 .ARM.attributes
                0x00000290       0x39 Drivers\STM32L4xx_HAL_Driver\Src\stm32l4xx_hal_rcc_ex.o
 .ARM.attributes
                0x000002c9       0x39 Drivers\STM32L4xx_HAL_Driver\Src\stm32l4xx_hal_tim.o
 .ARM.attributes
                0x00000302       0x39 Drivers\STM32L4xx_HAL_Driver\Src\stm32l4xx_hal_tim_ex.o
 .ARM.attributes
                0x0000033b       0x39 Drivers\STM32L4xx_HAL_Driver\Src\stm32l4xx_hal_uart.o
 .ARM.attributes
                0x00000374       0x39 Src\adc.o
 .ARM.attributes
                0x000003ad       0x39 Src\gpio.o
 .ARM.attributes
                0x000003e6       0x39 Src\i2c.o
 .ARM.attributes
                0x0000041f       0x39 Src\main.o
 .ARM.attributes
                0x00000458       0x39 Src\stm32l4xx_hal_msp.o
 .ARM.attributes
                0x00000491       0x39 Src\stm32l4xx_it.o
 .ARM.attributes
                0x000004ca       0x39 Src\system_stm32l4xx.o
 .ARM.attributes
                0x00000503       0x39 Src\tim.o
 .ARM.attributes
                0x0000053c       0x39 Src\usart.o
 .ARM.attributes
                0x00000575       0x21 startup\startup_stm32l476xx.o
 .ARM.attributes
                0x00000596       0x34 c:/program files (x86)/atollic/truestudio for stm32 9.0.1/armtools/bin/../lib/gcc/arm-atollic-eabi/6.3.1/../../../../arm-atollic-eabi/lib/armv7e-m/fpu\libc_nano.a(lib_a-init.o)
 .ARM.attributes
                0x000005ca       0x34 c:/program files (x86)/atollic/truestudio for stm32 9.0.1/armtools/bin/../lib/gcc/arm-atollic-eabi/6.3.1/../../../../arm-atollic-eabi/lib/armv7e-m/fpu\libc_nano.a(lib_a-memset.o)
 .ARM.attributes
                0x000005fe       0x34 c:/program files (x86)/atollic/truestudio for stm32 9.0.1/armtools/bin/../lib/gcc/arm-atollic-eabi/6.3.1/../../../../arm-atollic-eabi/lib/armv7e-m/fpu\libc_nano.a(lib_a-printf.o)
 .ARM.attributes
                0x00000632       0x34 c:/program files (x86)/atollic/truestudio for stm32 9.0.1/armtools/bin/../lib/gcc/arm-atollic-eabi/6.3.1/../../../../arm-atollic-eabi/lib/armv7e-m/fpu\libc_nano.a(lib_a-puts.o)
 .ARM.attributes
                0x00000666       0x34 c:/program files (x86)/atollic/truestudio for stm32 9.0.1/armtools/bin/../lib/gcc/arm-atollic-eabi/6.3.1/../../../../arm-atollic-eabi/lib/armv7e-m/fpu\libc_nano.a(lib_a-wbuf.o)
 .ARM.attributes
                0x0000069a       0x34 c:/program files (x86)/atollic/truestudio for stm32 9.0.1/armtools/bin/../lib/gcc/arm-atollic-eabi/6.3.1/../../../../arm-atollic-eabi/lib/armv7e-m/fpu\libc_nano.a(lib_a-wsetup.o)
 .ARM.attributes
                0x000006ce       0x34 c:/program files (x86)/atollic/truestudio for stm32 9.0.1/armtools/bin/../lib/gcc/arm-atollic-eabi/6.3.1/../../../../arm-atollic-eabi/lib/armv7e-m/fpu\libc_nano.a(lib_a-fflush.o)
 .ARM.attributes
                0x00000702       0x34 c:/program files (x86)/atollic/truestudio for stm32 9.0.1/armtools/bin/../lib/gcc/arm-atollic-eabi/6.3.1/../../../../arm-atollic-eabi/lib/armv7e-m/fpu\libc_nano.a(lib_a-findfp.o)
 .ARM.attributes
                0x00000736       0x34 c:/program files (x86)/atollic/truestudio for stm32 9.0.1/armtools/bin/../lib/gcc/arm-atollic-eabi/6.3.1/../../../../arm-atollic-eabi/lib/armv7e-m/fpu\libc_nano.a(lib_a-fwalk.o)
 .ARM.attributes
                0x0000076a       0x34 c:/program files (x86)/atollic/truestudio for stm32 9.0.1/armtools/bin/../lib/gcc/arm-atollic-eabi/6.3.1/../../../../arm-atollic-eabi/lib/armv7e-m/fpu\libc_nano.a(lib_a-impure.o)
 .ARM.attributes
                0x0000079e       0x34 c:/program files (x86)/atollic/truestudio for stm32 9.0.1/armtools/bin/../lib/gcc/arm-atollic-eabi/6.3.1/../../../../arm-atollic-eabi/lib/armv7e-m/fpu\libc_nano.a(lib_a-makebuf.o)
 .ARM.attributes
                0x000007d2       0x34 c:/program files (x86)/atollic/truestudio for stm32 9.0.1/armtools/bin/../lib/gcc/arm-atollic-eabi/6.3.1/../../../../arm-atollic-eabi/lib/armv7e-m/fpu\libc_nano.a(lib_a-nano-freer.o)
 .ARM.attributes
                0x00000806       0x34 c:/program files (x86)/atollic/truestudio for stm32 9.0.1/armtools/bin/../lib/gcc/arm-atollic-eabi/6.3.1/../../../../arm-atollic-eabi/lib/armv7e-m/fpu\libc_nano.a(lib_a-nano-mallocr.o)
 .ARM.attributes
                0x0000083a       0x34 c:/program files (x86)/atollic/truestudio for stm32 9.0.1/armtools/bin/../lib/gcc/arm-atollic-eabi/6.3.1/../../../../arm-atollic-eabi/lib/armv7e-m/fpu\libc_nano.a(lib_a-nano-vfprintf.o)
 .ARM.attributes
                0x0000086e       0x34 c:/program files (x86)/atollic/truestudio for stm32 9.0.1/armtools/bin/../lib/gcc/arm-atollic-eabi/6.3.1/../../../../arm-atollic-eabi/lib/armv7e-m/fpu\libc_nano.a(lib_a-nano-vfprintf_i.o)
 .ARM.attributes
                0x000008a2       0x34 c:/program files (x86)/atollic/truestudio for stm32 9.0.1/armtools/bin/../lib/gcc/arm-atollic-eabi/6.3.1/../../../../arm-atollic-eabi/lib/armv7e-m/fpu\libc_nano.a(lib_a-sbrkr.o)
 .ARM.attributes
                0x000008d6       0x34 c:/program files (x86)/atollic/truestudio for stm32 9.0.1/armtools/bin/../lib/gcc/arm-atollic-eabi/6.3.1/../../../../arm-atollic-eabi/lib/armv7e-m/fpu\libc_nano.a(lib_a-stdio.o)
 .ARM.attributes
                0x0000090a       0x34 c:/program files (x86)/atollic/truestudio for stm32 9.0.1/armtools/bin/../lib/gcc/arm-atollic-eabi/6.3.1/../../../../arm-atollic-eabi/lib/armv7e-m/fpu\libc_nano.a(lib_a-writer.o)
 .ARM.attributes
                0x0000093e       0x34 c:/program files (x86)/atollic/truestudio for stm32 9.0.1/armtools/bin/../lib/gcc/arm-atollic-eabi/6.3.1/../../../../arm-atollic-eabi/lib/armv7e-m/fpu\libc_nano.a(lib_a-closer.o)
 .ARM.attributes
                0x00000972       0x34 c:/program files (x86)/atollic/truestudio for stm32 9.0.1/armtools/bin/../lib/gcc/arm-atollic-eabi/6.3.1/../../../../arm-atollic-eabi/lib/armv7e-m/fpu\libc_nano.a(lib_a-fstatr.o)
 .ARM.attributes
                0x000009a6       0x34 c:/program files (x86)/atollic/truestudio for stm32 9.0.1/armtools/bin/../lib/gcc/arm-atollic-eabi/6.3.1/../../../../arm-atollic-eabi/lib/armv7e-m/fpu\libc_nano.a(lib_a-isattyr.o)
 .ARM.attributes
                0x000009da       0x34 c:/program files (x86)/atollic/truestudio for stm32 9.0.1/armtools/bin/../lib/gcc/arm-atollic-eabi/6.3.1/../../../../arm-atollic-eabi/lib/armv7e-m/fpu\libc_nano.a(lib_a-lseekr.o)
 .ARM.attributes
                0x00000a0e       0x20 c:/program files (x86)/atollic/truestudio for stm32 9.0.1/armtools/bin/../lib/gcc/arm-atollic-eabi/6.3.1/../../../../arm-atollic-eabi/lib/armv7e-m/fpu\libc_nano.a(lib_a-memchr.o)
 .ARM.attributes
                0x00000a2e       0x34 c:/program files (x86)/atollic/truestudio for stm32 9.0.1/armtools/bin/../lib/gcc/arm-atollic-eabi/6.3.1/../../../../arm-atollic-eabi/lib/armv7e-m/fpu\libc_nano.a(lib_a-mlock.o)
 .ARM.attributes
                0x00000a62       0x34 c:/program files (x86)/atollic/truestudio for stm32 9.0.1/armtools/bin/../lib/gcc/arm-atollic-eabi/6.3.1/../../../../arm-atollic-eabi/lib/armv7e-m/fpu\libc_nano.a(lib_a-readr.o)
 .ARM.attributes
                0x00000a96       0x34 c:/program files (x86)/atollic/truestudio for stm32 9.0.1/armtools/bin/../lib/gcc/arm-atollic-eabi/6.3.1/../../../../arm-atollic-eabi/lib/armv7e-m/fpu\libc_nano.a(lib_a-reent.o)
 .ARM.attributes
                0x00000aca       0x22 c:/program files (x86)/atollic/truestudio for stm32 9.0.1/armtools/bin/../lib/gcc/arm-atollic-eabi/6.3.1/armv7e-m/fpu\libgcc.a(_aeabi_uldivmod.o)
 .ARM.attributes
                0x00000aec       0x34 c:/program files (x86)/atollic/truestudio for stm32 9.0.1/armtools/bin/../lib/gcc/arm-atollic-eabi/6.3.1/armv7e-m/fpu\libgcc.a(_udivmoddi4.o)
 .ARM.attributes
                0x00000b20       0x22 c:/program files (x86)/atollic/truestudio for stm32 9.0.1/armtools/bin/../lib/gcc/arm-atollic-eabi/6.3.1/armv7e-m/fpu\libgcc.a(_dvmd_tls.o)
 .ARM.attributes
                0x00000b42       0x34 c:/program files (x86)/atollic/truestudio for stm32 9.0.1/armtools/bin/../lib/gcc/arm-atollic-eabi/6.3.1/../../../../arm-atollic-eabi/lib/armv7e-m/fpu\libnosys.a(close.o)
 .ARM.attributes
                0x00000b76       0x34 c:/program files (x86)/atollic/truestudio for stm32 9.0.1/armtools/bin/../lib/gcc/arm-atollic-eabi/6.3.1/../../../../arm-atollic-eabi/lib/armv7e-m/fpu\libnosys.a(fstat.o)
 .ARM.attributes
                0x00000baa       0x34 c:/program files (x86)/atollic/truestudio for stm32 9.0.1/armtools/bin/../lib/gcc/arm-atollic-eabi/6.3.1/../../../../arm-atollic-eabi/lib/armv7e-m/fpu\libnosys.a(isatty.o)
 .ARM.attributes
                0x00000bde       0x34 c:/program files (x86)/atollic/truestudio for stm32 9.0.1/armtools/bin/../lib/gcc/arm-atollic-eabi/6.3.1/../../../../arm-atollic-eabi/lib/armv7e-m/fpu\libnosys.a(lseek.o)
 .ARM.attributes
                0x00000c12       0x34 c:/program files (x86)/atollic/truestudio for stm32 9.0.1/armtools/bin/../lib/gcc/arm-atollic-eabi/6.3.1/../../../../arm-atollic-eabi/lib/armv7e-m/fpu\libnosys.a(read.o)
 .ARM.attributes
                0x00000c46       0x34 c:/program files (x86)/atollic/truestudio for stm32 9.0.1/armtools/bin/../lib/gcc/arm-atollic-eabi/6.3.1/../../../../arm-atollic-eabi/lib/armv7e-m/fpu\libnosys.a(sbrk.o)
 .ARM.attributes
                0x00000c7a       0x22 c:/program files (x86)/atollic/truestudio for stm32 9.0.1/armtools/bin/../lib/gcc/arm-atollic-eabi/6.3.1/armv7e-m/fpu/crtn.o
OUTPUT(V73_GazSensor_T_H_A_M_B.elf elf32-littlearm)

.debug_info     0x00000000    0x1c837
 .debug_info    0x00000000      0xc2a Drivers\STM32L4xx_HAL_Driver\Src\stm32l4xx_hal.o
 .debug_info    0x00000c2a     0x2603 Drivers\STM32L4xx_HAL_Driver\Src\stm32l4xx_hal_adc.o
 .debug_info    0x0000322d     0x1fee Drivers\STM32L4xx_HAL_Driver\Src\stm32l4xx_hal_adc_ex.o
 .debug_info    0x0000521b      0xf6d Drivers\STM32L4xx_HAL_Driver\Src\stm32l4xx_hal_cortex.o
 .debug_info    0x00006188      0x84a Drivers\STM32L4xx_HAL_Driver\Src\stm32l4xx_hal_dma.o
 .debug_info    0x000069d2      0x862 Drivers\STM32L4xx_HAL_Driver\Src\stm32l4xx_hal_gpio.o
 .debug_info    0x00007234     0x37c1 Drivers\STM32L4xx_HAL_Driver\Src\stm32l4xx_hal_i2c.o
 .debug_info    0x0000a9f5      0xa36 Drivers\STM32L4xx_HAL_Driver\Src\stm32l4xx_hal_i2c_ex.o
 .debug_info    0x0000b42b      0xad2 Drivers\STM32L4xx_HAL_Driver\Src\stm32l4xx_hal_pwr_ex.o
 .debug_info    0x0000befd      0xdfe Drivers\STM32L4xx_HAL_Driver\Src\stm32l4xx_hal_rcc.o
 .debug_info    0x0000ccfb     0x1077 Drivers\STM32L4xx_HAL_Driver\Src\stm32l4xx_hal_rcc_ex.o
 .debug_info    0x0000dd72     0x33f3 Drivers\STM32L4xx_HAL_Driver\Src\stm32l4xx_hal_tim.o
 .debug_info    0x00011165     0x13c9 Drivers\STM32L4xx_HAL_Driver\Src\stm32l4xx_hal_tim_ex.o
 .debug_info    0x0001252e     0x1c1d Drivers\STM32L4xx_HAL_Driver\Src\stm32l4xx_hal_uart.o
 .debug_info    0x0001414b      0xfa2 Src\adc.o
 .debug_info    0x000150ed      0x5da Src\gpio.o
 .debug_info    0x000156c7      0xe0a Src\i2c.o
 .debug_info    0x000164d1     0x32fa Src\main.o
 .debug_info    0x000197cb      0x398 Src\stm32l4xx_hal_msp.o
 .debug_info    0x00019b63      0xe52 Src\stm32l4xx_it.o
 .debug_info    0x0001a9b5      0x5cf Src\system_stm32l4xx.o
 .debug_info    0x0001af84      0xccf Src\tim.o
 .debug_info    0x0001bc53      0xb5f Src\usart.o
 .debug_info    0x0001c7b2       0x85 startup\startup_stm32l476xx.o

.debug_abbrev   0x00000000     0x3579
 .debug_abbrev  0x00000000      0x29d Drivers\STM32L4xx_HAL_Driver\Src\stm32l4xx_hal.o
 .debug_abbrev  0x0000029d      0x33d Drivers\STM32L4xx_HAL_Driver\Src\stm32l4xx_hal_adc.o
 .debug_abbrev  0x000005da      0x33c Drivers\STM32L4xx_HAL_Driver\Src\stm32l4xx_hal_adc_ex.o
 .debug_abbrev  0x00000916      0x2e6 Drivers\STM32L4xx_HAL_Driver\Src\stm32l4xx_hal_cortex.o
 .debug_abbrev  0x00000bfc      0x224 Drivers\STM32L4xx_HAL_Driver\Src\stm32l4xx_hal_dma.o
 .debug_abbrev  0x00000e20      0x1d7 Drivers\STM32L4xx_HAL_Driver\Src\stm32l4xx_hal_gpio.o
 .debug_abbrev  0x00000ff7      0x351 Drivers\STM32L4xx_HAL_Driver\Src\stm32l4xx_hal_i2c.o
 .debug_abbrev  0x00001348      0x1b2 Drivers\STM32L4xx_HAL_Driver\Src\stm32l4xx_hal_i2c_ex.o
 .debug_abbrev  0x000014fa      0x227 Drivers\STM32L4xx_HAL_Driver\Src\stm32l4xx_hal_pwr_ex.o
 .debug_abbrev  0x00001721      0x267 Drivers\STM32L4xx_HAL_Driver\Src\stm32l4xx_hal_rcc.o
 .debug_abbrev  0x00001988      0x264 Drivers\STM32L4xx_HAL_Driver\Src\stm32l4xx_hal_rcc_ex.o
 .debug_abbrev  0x00001bec      0x327 Drivers\STM32L4xx_HAL_Driver\Src\stm32l4xx_hal_tim.o
 .debug_abbrev  0x00001f13      0x2ab Drivers\STM32L4xx_HAL_Driver\Src\stm32l4xx_hal_tim_ex.o
 .debug_abbrev  0x000021be      0x30e Drivers\STM32L4xx_HAL_Driver\Src\stm32l4xx_hal_uart.o
 .debug_abbrev  0x000024cc      0x200 Src\adc.o
 .debug_abbrev  0x000026cc      0x15b Src\gpio.o
 .debug_abbrev  0x00002827      0x1ff Src\i2c.o
 .debug_abbrev  0x00002a26      0x361 Src\main.o
 .debug_abbrev  0x00002d87       0xea Src\stm32l4xx_hal_msp.o
 .debug_abbrev  0x00002e71      0x1e7 Src\stm32l4xx_it.o
 .debug_abbrev  0x00003058      0x12f Src\system_stm32l4xx.o
 .debug_abbrev  0x00003187      0x1f5 Src\tim.o
 .debug_abbrev  0x0000337c      0x1eb Src\usart.o
 .debug_abbrev  0x00003567       0x12 startup\startup_stm32l476xx.o

.debug_loc      0x00000000     0xe848
 .debug_loc     0x00000000      0x149 Drivers\STM32L4xx_HAL_Driver\Src\stm32l4xx_hal.o
 .debug_loc     0x00000149     0x1654 Drivers\STM32L4xx_HAL_Driver\Src\stm32l4xx_hal_adc.o
 .debug_loc     0x0000179d     0x1482 Drivers\STM32L4xx_HAL_Driver\Src\stm32l4xx_hal_adc_ex.o
 .debug_loc     0x00002c1f      0x4fb Drivers\STM32L4xx_HAL_Driver\Src\stm32l4xx_hal_cortex.o
 .debug_loc     0x0000311a      0x5b7 Drivers\STM32L4xx_HAL_Driver\Src\stm32l4xx_hal_dma.o
 .debug_loc     0x000036d1      0x29d Drivers\STM32L4xx_HAL_Driver\Src\stm32l4xx_hal_gpio.o
 .debug_loc     0x0000396e     0x38e7 Drivers\STM32L4xx_HAL_Driver\Src\stm32l4xx_hal_i2c.o
 .debug_loc     0x00007255      0x1a0 Drivers\STM32L4xx_HAL_Driver\Src\stm32l4xx_hal_i2c_ex.o
 .debug_loc     0x000073f5      0x63b Drivers\STM32L4xx_HAL_Driver\Src\stm32l4xx_hal_pwr_ex.o
 .debug_loc     0x00007a30      0x5ae Drivers\STM32L4xx_HAL_Driver\Src\stm32l4xx_hal_rcc.o
 .debug_loc     0x00007fde      0xd98 Drivers\STM32L4xx_HAL_Driver\Src\stm32l4xx_hal_rcc_ex.o
 .debug_loc     0x00008d76     0x2e6c Drivers\STM32L4xx_HAL_Driver\Src\stm32l4xx_hal_tim.o
 .debug_loc     0x0000bbe2      0xd73 Drivers\STM32L4xx_HAL_Driver\Src\stm32l4xx_hal_tim_ex.o
 .debug_loc     0x0000c955     0x19b3 Drivers\STM32L4xx_HAL_Driver\Src\stm32l4xx_hal_uart.o
 .debug_loc     0x0000e308       0x58 Src\adc.o
 .debug_loc     0x0000e360       0x58 Src\i2c.o
 .debug_loc     0x0000e3b8      0x22d Src\main.o
 .debug_loc     0x0000e5e5      0x1be Src\system_stm32l4xx.o
 .debug_loc     0x0000e7a3       0x4d Src\tim.o
 .debug_loc     0x0000e7f0       0x58 Src\usart.o

.debug_aranges  0x00000000     0x10d8
 .debug_aranges
                0x00000000      0x108 Drivers\STM32L4xx_HAL_Driver\Src\stm32l4xx_hal.o
 .debug_aranges
                0x00000108       0xf0 Drivers\STM32L4xx_HAL_Driver\Src\stm32l4xx_hal_adc.o
 .debug_aranges
                0x000001f8       0xf0 Drivers\STM32L4xx_HAL_Driver\Src\stm32l4xx_hal_adc_ex.o
 .debug_aranges
                0x000002e8       0xa8 Drivers\STM32L4xx_HAL_Driver\Src\stm32l4xx_hal_cortex.o
 .debug_aranges
                0x00000390       0x78 Drivers\STM32L4xx_HAL_Driver\Src\stm32l4xx_hal_dma.o
 .debug_aranges
                0x00000408       0x58 Drivers\STM32L4xx_HAL_Driver\Src\stm32l4xx_hal_gpio.o
 .debug_aranges
                0x00000460      0x238 Drivers\STM32L4xx_HAL_Driver\Src\stm32l4xx_hal_i2c.o
 .debug_aranges
                0x00000698       0x48 Drivers\STM32L4xx_HAL_Driver\Src\stm32l4xx_hal_i2c_ex.o
 .debug_aranges
                0x000006e0      0x130 Drivers\STM32L4xx_HAL_Driver\Src\stm32l4xx_hal_pwr_ex.o
 .debug_aranges
                0x00000810       0x88 Drivers\STM32L4xx_HAL_Driver\Src\stm32l4xx_hal_rcc.o
 .debug_aranges
                0x00000898       0xc0 Drivers\STM32L4xx_HAL_Driver\Src\stm32l4xx_hal_rcc_ex.o
 .debug_aranges
                0x00000958      0x268 Drivers\STM32L4xx_HAL_Driver\Src\stm32l4xx_hal_tim.o
 .debug_aranges
                0x00000bc0      0x100 Drivers\STM32L4xx_HAL_Driver\Src\stm32l4xx_hal_tim_ex.o
 .debug_aranges
                0x00000cc0      0x1a0 Drivers\STM32L4xx_HAL_Driver\Src\stm32l4xx_hal_uart.o
 .debug_aranges
                0x00000e60       0x30 Src\adc.o
 .debug_aranges
                0x00000e90       0x20 Src\gpio.o
 .debug_aranges
                0x00000eb0       0x30 Src\i2c.o
 .debug_aranges
                0x00000ee0       0xc0 Src\main.o
 .debug_aranges
                0x00000fa0       0x20 Src\stm32l4xx_hal_msp.o
 .debug_aranges
                0x00000fc0       0x68 Src\stm32l4xx_it.o
 .debug_aranges
                0x00001028       0x28 Src\system_stm32l4xx.o
 .debug_aranges
                0x00001050       0x30 Src\tim.o
 .debug_aranges
                0x00001080       0x30 Src\usart.o
 .debug_aranges
                0x000010b0       0x28 startup\startup_stm32l476xx.o

.debug_ranges   0x00000000     0x1710
 .debug_ranges  0x00000000       0xf8 Drivers\STM32L4xx_HAL_Driver\Src\stm32l4xx_hal.o
 .debug_ranges  0x000000f8      0x330 Drivers\STM32L4xx_HAL_Driver\Src\stm32l4xx_hal_adc.o
 .debug_ranges  0x00000428      0x250 Drivers\STM32L4xx_HAL_Driver\Src\stm32l4xx_hal_adc_ex.o
 .debug_ranges  0x00000678      0x138 Drivers\STM32L4xx_HAL_Driver\Src\stm32l4xx_hal_cortex.o
 .debug_ranges  0x000007b0       0xa0 Drivers\STM32L4xx_HAL_Driver\Src\stm32l4xx_hal_dma.o
 .debug_ranges  0x00000850       0x68 Drivers\STM32L4xx_HAL_Driver\Src\stm32l4xx_hal_gpio.o
 .debug_ranges  0x000008b8      0x270 Drivers\STM32L4xx_HAL_Driver\Src\stm32l4xx_hal_i2c.o
 .debug_ranges  0x00000b28       0x68 Drivers\STM32L4xx_HAL_Driver\Src\stm32l4xx_hal_i2c_ex.o
 .debug_ranges  0x00000b90      0x120 Drivers\STM32L4xx_HAL_Driver\Src\stm32l4xx_hal_pwr_ex.o
 .debug_ranges  0x00000cb0       0x90 Drivers\STM32L4xx_HAL_Driver\Src\stm32l4xx_hal_rcc.o
 .debug_ranges  0x00000d40       0xf0 Drivers\STM32L4xx_HAL_Driver\Src\stm32l4xx_hal_rcc_ex.o
 .debug_ranges  0x00000e30      0x318 Drivers\STM32L4xx_HAL_Driver\Src\stm32l4xx_hal_tim.o
 .debug_ranges  0x00001148       0xf0 Drivers\STM32L4xx_HAL_Driver\Src\stm32l4xx_hal_tim_ex.o
 .debug_ranges  0x00001238      0x190 Drivers\STM32L4xx_HAL_Driver\Src\stm32l4xx_hal_uart.o
 .debug_ranges  0x000013c8       0x38 Src\adc.o
 .debug_ranges  0x00001400       0x28 Src\gpio.o
 .debug_ranges  0x00001428       0x60 Src\i2c.o
 .debug_ranges  0x00001488      0x150 Src\main.o
 .debug_ranges  0x000015d8       0x28 Src\stm32l4xx_hal_msp.o
 .debug_ranges  0x00001600       0x58 Src\stm32l4xx_it.o
 .debug_ranges  0x00001658       0x18 Src\system_stm32l4xx.o
 .debug_ranges  0x00001670       0x48 Src\tim.o
 .debug_ranges  0x000016b8       0x38 Src\usart.o
 .debug_ranges  0x000016f0       0x20 startup\startup_stm32l476xx.o

.debug_line     0x00000000     0x9f18
 .debug_line    0x00000000      0x455 Drivers\STM32L4xx_HAL_Driver\Src\stm32l4xx_hal.o
 .debug_line    0x00000455      0xe54 Drivers\STM32L4xx_HAL_Driver\Src\stm32l4xx_hal_adc.o
 .debug_line    0x000012a9      0xc5d Drivers\STM32L4xx_HAL_Driver\Src\stm32l4xx_hal_adc_ex.o
 .debug_line    0x00001f06      0x451 Drivers\STM32L4xx_HAL_Driver\Src\stm32l4xx_hal_cortex.o
 .debug_line    0x00002357      0x4e4 Drivers\STM32L4xx_HAL_Driver\Src\stm32l4xx_hal_dma.o
 .debug_line    0x0000283b      0x3e9 Drivers\STM32L4xx_HAL_Driver\Src\stm32l4xx_hal_gpio.o
 .debug_line    0x00002c24     0x1932 Drivers\STM32L4xx_HAL_Driver\Src\stm32l4xx_hal_i2c.o
 .debug_line    0x00004556      0x36d Drivers\STM32L4xx_HAL_Driver\Src\stm32l4xx_hal_i2c_ex.o
 .debug_line    0x000048c3      0x5d5 Drivers\STM32L4xx_HAL_Driver\Src\stm32l4xx_hal_pwr_ex.o
 .debug_line    0x00004e98      0x5bd Drivers\STM32L4xx_HAL_Driver\Src\stm32l4xx_hal_rcc.o
 .debug_line    0x00005455      0x6fc Drivers\STM32L4xx_HAL_Driver\Src\stm32l4xx_hal_rcc_ex.o
 .debug_line    0x00005b51     0x1343 Drivers\STM32L4xx_HAL_Driver\Src\stm32l4xx_hal_tim.o
 .debug_line    0x00006e94      0x763 Drivers\STM32L4xx_HAL_Driver\Src\stm32l4xx_hal_tim_ex.o
 .debug_line    0x000075f7      0xdc4 Drivers\STM32L4xx_HAL_Driver\Src\stm32l4xx_hal_uart.o
 .debug_line    0x000083bb      0x2ec Src\adc.o
 .debug_line    0x000086a7      0x21f Src\gpio.o
 .debug_line    0x000088c6      0x2d7 Src\i2c.o
 .debug_line    0x00008b9d      0x699 Src\main.o
 .debug_line    0x00009236      0x1e7 Src\stm32l4xx_hal_msp.o
 .debug_line    0x0000941d      0x2f4 Src\stm32l4xx_it.o
 .debug_line    0x00009711      0x248 Src\system_stm32l4xx.o
 .debug_line    0x00009959      0x2af Src\tim.o
 .debug_line    0x00009c08      0x291 Src\usart.o
 .debug_line    0x00009e99       0x7f startup\startup_stm32l476xx.o

.debug_str      0x00000000     0x6b45
 .debug_str     0x00000000      0xc9f Drivers\STM32L4xx_HAL_Driver\Src\stm32l4xx_hal.o
                                0xd21 (size before relaxing)
 .debug_str     0x00000c9f      0xdba Drivers\STM32L4xx_HAL_Driver\Src\stm32l4xx_hal_adc.o
                               0x11ab (size before relaxing)
 .debug_str     0x00001a59      0x5cf Drivers\STM32L4xx_HAL_Driver\Src\stm32l4xx_hal_adc_ex.o
                               0x1151 (size before relaxing)
 .debug_str     0x00002028      0x3c3 Drivers\STM32L4xx_HAL_Driver\Src\stm32l4xx_hal_cortex.o
                                0xc85 (size before relaxing)
 .debug_str     0x000023eb      0x248 Drivers\STM32L4xx_HAL_Driver\Src\stm32l4xx_hal_dma.o
                                0x6dd (size before relaxing)
 .debug_str     0x00002633      0x1da Drivers\STM32L4xx_HAL_Driver\Src\stm32l4xx_hal_gpio.o
                                0x5da (size before relaxing)
 .debug_str     0x0000280d      0xb20 Drivers\STM32L4xx_HAL_Driver\Src\stm32l4xx_hal_i2c.o
                               0x100b (size before relaxing)
 .debug_str     0x0000332d       0xf3 Drivers\STM32L4xx_HAL_Driver\Src\stm32l4xx_hal_i2c_ex.o
                                0x982 (size before relaxing)
 .debug_str     0x00003420      0x526 Drivers\STM32L4xx_HAL_Driver\Src\stm32l4xx_hal_pwr_ex.o
                                0x871 (size before relaxing)
 .debug_str     0x00003946      0x346 Drivers\STM32L4xx_HAL_Driver\Src\stm32l4xx_hal_rcc.o
                                0x8b7 (size before relaxing)
 .debug_str     0x00003c8c      0x595 Drivers\STM32L4xx_HAL_Driver\Src\stm32l4xx_hal_rcc_ex.o
                                0xb47 (size before relaxing)
 .debug_str     0x00004221      0xf77 Drivers\STM32L4xx_HAL_Driver\Src\stm32l4xx_hal_tim.o
                               0x148d (size before relaxing)
 .debug_str     0x00005198      0x61a Drivers\STM32L4xx_HAL_Driver\Src\stm32l4xx_hal_tim_ex.o
                                0xe58 (size before relaxing)
 .debug_str     0x000057b2      0x920 Drivers\STM32L4xx_HAL_Driver\Src\stm32l4xx_hal_uart.o
                                0xfc5 (size before relaxing)
 .debug_str     0x000060d2       0x3f Src\adc.o
                                0xef5 (size before relaxing)
 .debug_str     0x00006111       0x1b Src\gpio.o
                                0x42c (size before relaxing)
 .debug_str     0x0000612c       0x2a Src\i2c.o
                                0xe8d (size before relaxing)
 .debug_str     0x00006156      0x875 Src\main.o
                               0x1e43 (size before relaxing)
 .debug_str     0x000069cb       0x1b Src\stm32l4xx_hal_msp.o
                                0x39d (size before relaxing)
 .debug_str     0x000069e6       0xee Src\stm32l4xx_it.o
                                0xd49 (size before relaxing)
 .debug_str     0x00006ad4       0x3b Src\system_stm32l4xx.o
                                0x428 (size before relaxing)
 .debug_str     0x00006b0f       0x1c Src\tim.o
                                0xe49 (size before relaxing)
 .debug_str     0x00006b2b       0x1a Src\usart.o
                                0x924 (size before relaxing)

.comment        0x00000000       0x7c
 .comment       0x00000000       0x7c Drivers\STM32L4xx_HAL_Driver\Src\stm32l4xx_hal.o
                                 0x7d (size before relaxing)
 .comment       0x0000007c       0x7d Drivers\STM32L4xx_HAL_Driver\Src\stm32l4xx_hal_adc.o
 .comment       0x0000007c       0x7d Drivers\STM32L4xx_HAL_Driver\Src\stm32l4xx_hal_adc_ex.o
 .comment       0x0000007c       0x7d Drivers\STM32L4xx_HAL_Driver\Src\stm32l4xx_hal_cortex.o
 .comment       0x0000007c       0x7d Drivers\STM32L4xx_HAL_Driver\Src\stm32l4xx_hal_dma.o
 .comment       0x0000007c       0x7d Drivers\STM32L4xx_HAL_Driver\Src\stm32l4xx_hal_gpio.o
 .comment       0x0000007c       0x7d Drivers\STM32L4xx_HAL_Driver\Src\stm32l4xx_hal_i2c.o
 .comment       0x0000007c       0x7d Drivers\STM32L4xx_HAL_Driver\Src\stm32l4xx_hal_i2c_ex.o
 .comment       0x0000007c       0x7d Drivers\STM32L4xx_HAL_Driver\Src\stm32l4xx_hal_pwr_ex.o
 .comment       0x0000007c       0x7d Drivers\STM32L4xx_HAL_Driver\Src\stm32l4xx_hal_rcc.o
 .comment       0x0000007c       0x7d Drivers\STM32L4xx_HAL_Driver\Src\stm32l4xx_hal_rcc_ex.o
 .comment       0x0000007c       0x7d Drivers\STM32L4xx_HAL_Driver\Src\stm32l4xx_hal_tim.o
 .comment       0x0000007c       0x7d Drivers\STM32L4xx_HAL_Driver\Src\stm32l4xx_hal_tim_ex.o
 .comment       0x0000007c       0x7d Drivers\STM32L4xx_HAL_Driver\Src\stm32l4xx_hal_uart.o
 .comment       0x0000007c       0x7d Src\adc.o
 .comment       0x0000007c       0x7d Src\gpio.o
 .comment       0x0000007c       0x7d Src\i2c.o
 .comment       0x0000007c       0x7d Src\main.o
 .comment       0x0000007c       0x7d Src\stm32l4xx_hal_msp.o
 .comment       0x0000007c       0x7d Src\stm32l4xx_it.o
 .comment       0x0000007c       0x7d Src\system_stm32l4xx.o
 .comment       0x0000007c       0x7d Src\tim.o
 .comment       0x0000007c       0x7d Src\usart.o

.debug_frame    0x00000000     0x3aa0
 .debug_frame   0x00000000      0x244 Drivers\STM32L4xx_HAL_Driver\Src\stm32l4xx_hal.o
 .debug_frame   0x00000244      0x330 Drivers\STM32L4xx_HAL_Driver\Src\stm32l4xx_hal_adc.o
 .debug_frame   0x00000574      0x30c Drivers\STM32L4xx_HAL_Driver\Src\stm32l4xx_hal_adc_ex.o
 .debug_frame   0x00000880      0x158 Drivers\STM32L4xx_HAL_Driver\Src\stm32l4xx_hal_cortex.o
 .debug_frame   0x000009d8      0x140 Drivers\STM32L4xx_HAL_Driver\Src\stm32l4xx_hal_dma.o
 .debug_frame   0x00000b18       0xdc Drivers\STM32L4xx_HAL_Driver\Src\stm32l4xx_hal_gpio.o
 .debug_frame   0x00000bf4      0x8d8 Drivers\STM32L4xx_HAL_Driver\Src\stm32l4xx_hal_i2c.o
 .debug_frame   0x000014cc       0x90 Drivers\STM32L4xx_HAL_Driver\Src\stm32l4xx_hal_i2c_ex.o
 .debug_frame   0x0000155c      0x278 Drivers\STM32L4xx_HAL_Driver\Src\stm32l4xx_hal_pwr_ex.o
 .debug_frame   0x000017d4      0x160 Drivers\STM32L4xx_HAL_Driver\Src\stm32l4xx_hal_rcc.o
 .debug_frame   0x00001934      0x200 Drivers\STM32L4xx_HAL_Driver\Src\stm32l4xx_hal_rcc_ex.o
 .debug_frame   0x00001b34      0x8b4 Drivers\STM32L4xx_HAL_Driver\Src\stm32l4xx_hal_tim.o
 .debug_frame   0x000023e8      0x384 Drivers\STM32L4xx_HAL_Driver\Src\stm32l4xx_hal_tim_ex.o
 .debug_frame   0x0000276c      0x548 Drivers\STM32L4xx_HAL_Driver\Src\stm32l4xx_hal_uart.o
 .debug_frame   0x00002cb4       0x70 Src\adc.o
 .debug_frame   0x00002d24       0x34 Src\gpio.o
 .debug_frame   0x00002d58       0x70 Src\i2c.o
 .debug_frame   0x00002dc8      0x274 Src\main.o
 .debug_frame   0x0000303c       0x28 Src\stm32l4xx_hal_msp.o
 .debug_frame   0x00003064       0xe0 Src\stm32l4xx_it.o
 .debug_frame   0x00003144       0x38 Src\system_stm32l4xx.o
 .debug_frame   0x0000317c       0x54 Src\tim.o
 .debug_frame   0x000031d0       0x60 Src\usart.o
 .debug_frame   0x00003230       0x2c c:/program files (x86)/atollic/truestudio for stm32 9.0.1/armtools/bin/../lib/gcc/arm-atollic-eabi/6.3.1/../../../../arm-atollic-eabi/lib/armv7e-m/fpu\libc_nano.a(lib_a-init.o)
 .debug_frame   0x0000325c       0x20 c:/program files (x86)/atollic/truestudio for stm32 9.0.1/armtools/bin/../lib/gcc/arm-atollic-eabi/6.3.1/../../../../arm-atollic-eabi/lib/armv7e-m/fpu\libc_nano.a(lib_a-memset.o)
 .debug_frame   0x0000327c       0x74 c:/program files (x86)/atollic/truestudio for stm32 9.0.1/armtools/bin/../lib/gcc/arm-atollic-eabi/6.3.1/../../../../arm-atollic-eabi/lib/armv7e-m/fpu\libc_nano.a(lib_a-printf.o)
 .debug_frame   0x000032f0       0x3c c:/program files (x86)/atollic/truestudio for stm32 9.0.1/armtools/bin/../lib/gcc/arm-atollic-eabi/6.3.1/../../../../arm-atollic-eabi/lib/armv7e-m/fpu\libc_nano.a(lib_a-puts.o)
 .debug_frame   0x0000332c       0x40 c:/program files (x86)/atollic/truestudio for stm32 9.0.1/armtools/bin/../lib/gcc/arm-atollic-eabi/6.3.1/../../../../arm-atollic-eabi/lib/armv7e-m/fpu\libc_nano.a(lib_a-wbuf.o)
 .debug_frame   0x0000336c       0x2c c:/program files (x86)/atollic/truestudio for stm32 9.0.1/armtools/bin/../lib/gcc/arm-atollic-eabi/6.3.1/../../../../arm-atollic-eabi/lib/armv7e-m/fpu\libc_nano.a(lib_a-wsetup.o)
 .debug_frame   0x00003398       0x68 c:/program files (x86)/atollic/truestudio for stm32 9.0.1/armtools/bin/../lib/gcc/arm-atollic-eabi/6.3.1/../../../../arm-atollic-eabi/lib/armv7e-m/fpu\libc_nano.a(lib_a-fflush.o)
 .debug_frame   0x00003400      0x11c c:/program files (x86)/atollic/truestudio for stm32 9.0.1/armtools/bin/../lib/gcc/arm-atollic-eabi/6.3.1/../../../../arm-atollic-eabi/lib/armv7e-m/fpu\libc_nano.a(lib_a-findfp.o)
 .debug_frame   0x0000351c       0x54 c:/program files (x86)/atollic/truestudio for stm32 9.0.1/armtools/bin/../lib/gcc/arm-atollic-eabi/6.3.1/../../../../arm-atollic-eabi/lib/armv7e-m/fpu\libc_nano.a(lib_a-fwalk.o)
 .debug_frame   0x00003570       0x58 c:/program files (x86)/atollic/truestudio for stm32 9.0.1/armtools/bin/../lib/gcc/arm-atollic-eabi/6.3.1/../../../../arm-atollic-eabi/lib/armv7e-m/fpu\libc_nano.a(lib_a-makebuf.o)
 .debug_frame   0x000035c8       0x38 c:/program files (x86)/atollic/truestudio for stm32 9.0.1/armtools/bin/../lib/gcc/arm-atollic-eabi/6.3.1/../../../../arm-atollic-eabi/lib/armv7e-m/fpu\libc_nano.a(lib_a-nano-freer.o)
 .debug_frame   0x00003600       0x2c c:/program files (x86)/atollic/truestudio for stm32 9.0.1/armtools/bin/../lib/gcc/arm-atollic-eabi/6.3.1/../../../../arm-atollic-eabi/lib/armv7e-m/fpu\libc_nano.a(lib_a-nano-mallocr.o)
 .debug_frame   0x0000362c       0xac c:/program files (x86)/atollic/truestudio for stm32 9.0.1/armtools/bin/../lib/gcc/arm-atollic-eabi/6.3.1/../../../../arm-atollic-eabi/lib/armv7e-m/fpu\libc_nano.a(lib_a-nano-vfprintf.o)
 .debug_frame   0x000036d8       0x60 c:/program files (x86)/atollic/truestudio for stm32 9.0.1/armtools/bin/../lib/gcc/arm-atollic-eabi/6.3.1/../../../../arm-atollic-eabi/lib/armv7e-m/fpu\libc_nano.a(lib_a-nano-vfprintf_i.o)
 .debug_frame   0x00003738       0x2c c:/program files (x86)/atollic/truestudio for stm32 9.0.1/armtools/bin/../lib/gcc/arm-atollic-eabi/6.3.1/../../../../arm-atollic-eabi/lib/armv7e-m/fpu\libc_nano.a(lib_a-sbrkr.o)
 .debug_frame   0x00003764       0x88 c:/program files (x86)/atollic/truestudio for stm32 9.0.1/armtools/bin/../lib/gcc/arm-atollic-eabi/6.3.1/../../../../arm-atollic-eabi/lib/armv7e-m/fpu\libc_nano.a(lib_a-stdio.o)
 .debug_frame   0x000037ec       0x2c c:/program files (x86)/atollic/truestudio for stm32 9.0.1/armtools/bin/../lib/gcc/arm-atollic-eabi/6.3.1/../../../../arm-atollic-eabi/lib/armv7e-m/fpu\libc_nano.a(lib_a-writer.o)
 .debug_frame   0x00003818       0x2c c:/program files (x86)/atollic/truestudio for stm32 9.0.1/armtools/bin/../lib/gcc/arm-atollic-eabi/6.3.1/../../../../arm-atollic-eabi/lib/armv7e-m/fpu\libc_nano.a(lib_a-closer.o)
 .debug_frame   0x00003844       0x2c c:/program files (x86)/atollic/truestudio for stm32 9.0.1/armtools/bin/../lib/gcc/arm-atollic-eabi/6.3.1/../../../../arm-atollic-eabi/lib/armv7e-m/fpu\libc_nano.a(lib_a-fstatr.o)
 .debug_frame   0x00003870       0x2c c:/program files (x86)/atollic/truestudio for stm32 9.0.1/armtools/bin/../lib/gcc/arm-atollic-eabi/6.3.1/../../../../arm-atollic-eabi/lib/armv7e-m/fpu\libc_nano.a(lib_a-isattyr.o)
 .debug_frame   0x0000389c       0x2c c:/program files (x86)/atollic/truestudio for stm32 9.0.1/armtools/bin/../lib/gcc/arm-atollic-eabi/6.3.1/../../../../arm-atollic-eabi/lib/armv7e-m/fpu\libc_nano.a(lib_a-lseekr.o)
 .debug_frame   0x000038c8       0x30 c:/program files (x86)/atollic/truestudio for stm32 9.0.1/armtools/bin/../lib/gcc/arm-atollic-eabi/6.3.1/../../../../arm-atollic-eabi/lib/armv7e-m/fpu\libc_nano.a(lib_a-mlock.o)