Archive member included to satisfy reference by file (symbol)

c:/program files (x86)/atollic/truestudio for stm32 9.0.1/armtools/bin/../lib/gcc/arm-atollic-eabi/6.3.1/../../../../arm-atollic-eabi/lib/armv7e-m/fpu\libc_nano.a(lib_a-init.o)
                              startup\startup_stm32l452xx.o (__libc_init_array)
c:/program files (x86)/atollic/truestudio for stm32 9.0.1/armtools/bin/../lib/gcc/arm-atollic-eabi/6.3.1/armv7e-m/fpu\libgcc.a(_aeabi_uldivmod.o)
                              Drivers\STM32L4xx_HAL_Driver\Src\stm32l4xx_hal_uart.o (__aeabi_uldivmod)
c:/program files (x86)/atollic/truestudio for stm32 9.0.1/armtools/bin/../lib/gcc/arm-atollic-eabi/6.3.1/armv7e-m/fpu\libgcc.a(_udivmoddi4.o)
                              c:/program files (x86)/atollic/truestudio for stm32 9.0.1/armtools/bin/../lib/gcc/arm-atollic-eabi/6.3.1/armv7e-m/fpu\libgcc.a(_aeabi_uldivmod.o) (__udivmoddi4)
c:/program files (x86)/atollic/truestudio for stm32 9.0.1/armtools/bin/../lib/gcc/arm-atollic-eabi/6.3.1/armv7e-m/fpu\libgcc.a(_dvmd_tls.o)
                              c:/program files (x86)/atollic/truestudio for stm32 9.0.1/armtools/bin/../lib/gcc/arm-atollic-eabi/6.3.1/armv7e-m/fpu\libgcc.a(_aeabi_uldivmod.o) (__aeabi_ldiv0)

Allocating common symbols
Common symbol       size              file

hum                 0x4               Src\main.o
H1_rH               0x2               Src\main.o
H_OUT               0x2               Src\main.o
hi2c1               0x4c              Src\i2c.o
H0_rH               0x2               Src\main.o
uwTick              0x4               Drivers\STM32L4xx_HAL_Driver\Src\stm32l4xx_hal.o
value_hum           0x2               Src\main.o
temp_value          0x2               Src\main.o
value_press         0x2               Src\main.o
temp32              0x4               Src\main.o
REF_P               0x4               Src\main.o
H_T0_OUT            0x2               Src\main.o
huart2              0x78              Src\usart.o
H1_T0_OUT           0x2               Src\main.o
P_OUT               0x4               Src\main.o
H0_T0_OUT           0x2               Src\main.o
press32             0x4               Src\main.o

Discarded input sections

 .text          0x00000000        0x0 c:/program files (x86)/atollic/truestudio for stm32 9.0.1/armtools/bin/../lib/gcc/arm-atollic-eabi/6.3.1/armv7e-m/fpu/crti.o
 .data          0x00000000        0x0 c:/program files (x86)/atollic/truestudio for stm32 9.0.1/armtools/bin/../lib/gcc/arm-atollic-eabi/6.3.1/armv7e-m/fpu/crti.o
 .bss           0x00000000        0x0 c:/program files (x86)/atollic/truestudio for stm32 9.0.1/armtools/bin/../lib/gcc/arm-atollic-eabi/6.3.1/armv7e-m/fpu/crti.o
 .data          0x00000000        0x4 c:/program files (x86)/atollic/truestudio for stm32 9.0.1/armtools/bin/../lib/gcc/arm-atollic-eabi/6.3.1/armv7e-m/fpu/crtbegin.o
 .text          0x00000000        0x0 Drivers\STM32L4xx_HAL_Driver\Src\stm32l4xx_hal.o
 .data          0x00000000        0x0 Drivers\STM32L4xx_HAL_Driver\Src\stm32l4xx_hal.o
 .bss           0x00000000        0x0 Drivers\STM32L4xx_HAL_Driver\Src\stm32l4xx_hal.o
 .text.HAL_MspInit
                0x00000000        0x2 Drivers\STM32L4xx_HAL_Driver\Src\stm32l4xx_hal.o
 .text.HAL_MspDeInit
                0x00000000        0x2 Drivers\STM32L4xx_HAL_Driver\Src\stm32l4xx_hal.o
 .text.HAL_DeInit
                0x00000000       0x2c Drivers\STM32L4xx_HAL_Driver\Src\stm32l4xx_hal.o
 .text.HAL_SuspendTick
                0x00000000       0x10 Drivers\STM32L4xx_HAL_Driver\Src\stm32l4xx_hal.o
 .text.HAL_ResumeTick
                0x00000000       0x10 Drivers\STM32L4xx_HAL_Driver\Src\stm32l4xx_hal.o
 .text.HAL_GetHalVersion
                0x00000000        0x8 Drivers\STM32L4xx_HAL_Driver\Src\stm32l4xx_hal.o
 .text.HAL_GetREVID
                0x00000000        0xc Drivers\STM32L4xx_HAL_Driver\Src\stm32l4xx_hal.o
 .text.HAL_GetDEVID
                0x00000000       0x10 Drivers\STM32L4xx_HAL_Driver\Src\stm32l4xx_hal.o
 .text.HAL_GetUIDw0
                0x00000000        0xc Drivers\STM32L4xx_HAL_Driver\Src\stm32l4xx_hal.o
 .text.HAL_GetUIDw1
                0x00000000        0xc Drivers\STM32L4xx_HAL_Driver\Src\stm32l4xx_hal.o
 .text.HAL_GetUIDw2
                0x00000000        0xc Drivers\STM32L4xx_HAL_Driver\Src\stm32l4xx_hal.o
 .text.HAL_DBGMCU_EnableDBGSleepMode
                0x00000000       0x10 Drivers\STM32L4xx_HAL_Driver\Src\stm32l4xx_hal.o
 .text.HAL_DBGMCU_DisableDBGSleepMode
                0x00000000       0x10 Drivers\STM32L4xx_HAL_Driver\Src\stm32l4xx_hal.o
 .text.HAL_DBGMCU_EnableDBGStopMode
                0x00000000       0x10 Drivers\STM32L4xx_HAL_Driver\Src\stm32l4xx_hal.o
 .text.HAL_DBGMCU_DisableDBGStopMode
                0x00000000       0x10 Drivers\STM32L4xx_HAL_Driver\Src\stm32l4xx_hal.o
 .text.HAL_DBGMCU_EnableDBGStandbyMode
                0x00000000       0x10 Drivers\STM32L4xx_HAL_Driver\Src\stm32l4xx_hal.o
 .text.HAL_DBGMCU_DisableDBGStandbyMode
[...]
Memory Configuration

Name             Origin             Length             Attributes
RAM              0x20000000         0x00028000         xrw
FLASH            0x08000000         0x00080000         xr
*default*        0x00000000         0xffffffff

Linker script and memory map

LOAD c:/program files (x86)/atollic/truestudio for stm32 9.0.1/armtools/bin/../lib/gcc/arm-atollic-eabi/6.3.1/armv7e-m/fpu/crti.o
LOAD c:/program files (x86)/atollic/truestudio for stm32 9.0.1/armtools/bin/../lib/gcc/arm-atollic-eabi/6.3.1/armv7e-m/fpu/crtbegin.o
LOAD Drivers\STM32L4xx_HAL_Driver\Src\stm32l4xx_hal.o
LOAD Drivers\STM32L4xx_HAL_Driver\Src\stm32l4xx_hal_cortex.o
LOAD Drivers\STM32L4xx_HAL_Driver\Src\stm32l4xx_hal_dma.o
LOAD Drivers\STM32L4xx_HAL_Driver\Src\stm32l4xx_hal_dma_ex.o
LOAD Drivers\STM32L4xx_HAL_Driver\Src\stm32l4xx_hal_flash.o
LOAD Drivers\STM32L4xx_HAL_Driver\Src\stm32l4xx_hal_flash_ex.o
LOAD Drivers\STM32L4xx_HAL_Driver\Src\stm32l4xx_hal_flash_ramfunc.o
LOAD Drivers\STM32L4xx_HAL_Driver\Src\stm32l4xx_hal_gpio.o
LOAD Drivers\STM32L4xx_HAL_Driver\Src\stm32l4xx_hal_i2c.o
LOAD Drivers\STM32L4xx_HAL_Driver\Src\stm32l4xx_hal_i2c_ex.o
LOAD Drivers\STM32L4xx_HAL_Driver\Src\stm32l4xx_hal_pwr.o
LOAD Drivers\STM32L4xx_HAL_Driver\Src\stm32l4xx_hal_pwr_ex.o
LOAD Drivers\STM32L4xx_HAL_Driver\Src\stm32l4xx_hal_rcc.o
LOAD Drivers\STM32L4xx_HAL_Driver\Src\stm32l4xx_hal_rcc_ex.o
LOAD Drivers\STM32L4xx_HAL_Driver\Src\stm32l4xx_hal_tim.o
LOAD Drivers\STM32L4xx_HAL_Driver\Src\stm32l4xx_hal_tim_ex.o
LOAD Drivers\STM32L4xx_HAL_Driver\Src\stm32l4xx_hal_uart.o
LOAD Drivers\STM32L4xx_HAL_Driver\Src\stm32l4xx_hal_uart_ex.o
LOAD Src\gpio.o
LOAD Src\i2c.o
LOAD Src\main.o
LOAD Src\stm32l4xx_hal_msp.o
LOAD Src\stm32l4xx_it.o
LOAD Src\system_stm32l4xx.o
LOAD Src\usart.o
LOAD startup\startup_stm32l452xx.o
                0x00000080                malloc_getpagesize_P = 0x80
START GROUP
LOAD c:/program files (x86)/atollic/truestudio for stm32 9.0.1/armtools/bin/../lib/gcc/arm-atollic-eabi/6.3.1/../../../../arm-atollic-eabi/lib/armv7e-m/fpu\libc_nano.a
LOAD c:/program files (x86)/atollic/truestudio for stm32 9.0.1/armtools/bin/../lib/gcc/arm-atollic-eabi/6.3.1/../../../../arm-atollic-eabi/lib/armv7e-m/fpu\libm.a
END GROUP
START GROUP
LOAD c:/program files (x86)/atollic/truestudio for stm32 9.0.1/armtools/bin/../lib/gcc/arm-atollic-eabi/6.3.1/armv7e-m/fpu\libgcc.a
LOAD c:/program files (x86)/atollic/truestudio for stm32 9.0.1/armtools/bin/../lib/gcc/arm-atollic-eabi/6.3.1/../../../../arm-atollic-eabi/lib/armv7e-m/fpu\libc_nano.a
END GROUP
START GROUP
LOAD c:/program files (x86)/atollic/truestudio for stm32 9.0.1/armtools/bin/../lib/gcc/arm-atollic-eabi/6.3.1/armv7e-m/fpu\libgcc.a
LOAD c:/program files (x86)/atollic/truestudio for stm32 9.0.1/armtools/bin/../lib/gcc/arm-atollic-eabi/6.3.1/../../../../arm-atollic-eabi/lib/armv7e-m/fpu\libc_nano.a
LOAD c:/program files (x86)/atollic/truestudio for stm32 9.0.1/armtools/bin/../lib/gcc/arm-atollic-eabi/6.3.1/../../../../arm-atollic-eabi/lib/armv7e-m/fpu\libnosys.a
END GROUP
START GROUP
LOAD c:/program files (x86)/atollic/truestudio for stm32 9.0.1/armtools/bin/../lib/gcc/arm-atollic-eabi/6.3.1/armv7e-m/fpu\libgcc.a
LOAD c:/program files (x86)/atollic/truestudio for stm32 9.0.1/armtools/bin/../lib/gcc/arm-atollic-eabi/6.3.1/../../../../arm-atollic-eabi/lib/armv7e-m/fpu\libc_nano.a
LOAD c:/program files (x86)/atollic/truestudio for stm32 9.0.1/armtools/bin/../lib/gcc/arm-atollic-eabi/6.3.1/../../../../arm-atollic-eabi/lib/armv7e-m/fpu\libnosys.a
END GROUP
LOAD c:/program files (x86)/atollic/truestudio for stm32 9.0.1/armtools/bin/../lib/gcc/arm-atollic-eabi/6.3.1/armv7e-m/fpu/crtend.o
LOAD c:/program files (x86)/atollic/truestudio for stm32 9.0.1/armtools/bin/../lib/gcc/arm-atollic-eabi/6.3.1/armv7e-m/fpu/crtn.o
                0x20028000                _estack = 0x20028000
                0x00000200                _Min_Heap_Size = 0x200
                0x00000400                _Min_Stack_Size = 0x400

.isr_vector     0x08000000      0x194
                0x08000000                . = ALIGN (0x4)
 *(.isr_vector)
 .isr_vector    0x08000000      0x194 startup\startup_stm32l452xx.o
                0x08000000                g_pfnVectors
                0x08000194                . = ALIGN (0x4)

.text           0x08000194     0x24f8
                0x08000194                . = ALIGN (0x4)
 *(.text)
 .text          0x08000194       0x40 c:/program files (x86)/atollic/truestudio for stm32 9.0.1/armtools/bin/../lib/gcc/arm-atollic-eabi/6.3.1/armv7e-m/fpu/crtbegin.o
 .text          0x080001d4       0x30 c:/program files (x86)/atollic/truestudio for stm32 9.0.1/armtools/bin/../lib/gcc/arm-atollic-eabi/6.3.1/armv7e-m/fpu\libgcc.a(_aeabi_uldivmod.o)
                0x080001d4                __aeabi_uldivmod
 .text          0x08000204      0x2dc c:/program files (x86)/atollic/truestudio for stm32 9.0.1/armtools/bin/../lib/gcc/arm-atollic-eabi/6.3.1/armv7e-m/fpu\libgcc.a(_udivmoddi4.o)
                0x08000204                __udivmoddi4
 .text          0x080004e0        0x4 c:/program files (x86)/atollic/truestudio for stm32 9.0.1/armtools/bin/../lib/gcc/arm-atollic-eabi/6.3.1/armv7e-m/fpu\libgcc.a(_dvmd_tls.o)
                0x080004e0                __aeabi_idiv0
                0x080004e0                __aeabi_ldiv0
 *(.text*)
 .text.HAL_InitTick
                0x080004e4       0x30 Drivers\STM32L4xx_HAL_Driver\Src\stm32l4xx_hal.o
                0x080004e4                HAL_InitTick
 .text.HAL_Init
                0x08000514       0x2c Drivers\STM32L4xx_HAL_Driver\Src\stm32l4xx_hal.o
                0x08000514                HAL_Init
 .text.HAL_IncTick
                0x08000540       0x10 Drivers\STM32L4xx_HAL_Driver\Src\stm32l4xx_hal.o
                0x08000540                HAL_IncTick
 .text.HAL_GetTick
                0x08000550        0xc Drivers\STM32L4xx_HAL_Driver\Src\stm32l4xx_hal.o
                0x08000550                HAL_GetTick
 .text.HAL_Delay
                0x0800055c       0x1c Drivers\STM32L4xx_HAL_Driver\Src\stm32l4xx_hal.o
                0x0800055c                HAL_Delay
 .text.HAL_NVIC_SetPriorityGrouping
                0x08000578       0x24 Drivers\STM32L4xx_HAL_Driver\Src\stm32l4xx_hal_cortex.o
                0x08000578                HAL_NVIC_SetPriorityGrouping
 .text.HAL_NVIC_SetPriority
                0x0800059c       0x68 Drivers\STM32L4xx_HAL_Driver\Src\stm32l4xx_hal_cortex.o
                0x0800059c                HAL_NVIC_SetPriority
 .text.HAL_SYSTICK_Config
                0x08000604       0x2c Drivers\STM32L4xx_HAL_Driver\Src\stm32l4xx_hal_cortex.o
                0x08000604                HAL_SYSTICK_Config
 .text.HAL_SYSTICK_CLKSourceConfig
                0x08000630       0x18 Drivers\STM32L4xx_HAL_Driver\Src\stm32l4xx_hal_cortex.o
                0x08000630                HAL_SYSTICK_CLKSourceConfig
 .text.HAL_SYSTICK_Callback
                0x08000648        0x2 Drivers\STM32L4xx_HAL_Driver\Src\stm32l4xx_hal_cortex.o
                0x08000648                HAL_SYSTICK_Callback
 .text.HAL_SYSTICK_IRQHandler
                0x0800064a        0x8 Drivers\STM32L4xx_HAL_Driver\Src\stm32l4xx_hal_cortex.o
                0x0800064a                HAL_SYSTICK_IRQHandler
 *fill*         0x08000652        0x2 
 .text.HAL_GPIO_Init
                0x08000654      0x184 Drivers\STM32L4xx_HAL_Driver\Src\stm32l4xx_hal_gpio.o
                0x08000654                HAL_GPIO_Init
 .text.HAL_GPIO_WritePin
                0x080007d8        0xa Drivers\STM32L4xx_HAL_Driver\Src\stm32l4xx_hal_gpio.o
                0x080007d8                HAL_GPIO_WritePin
 .text.I2C_Flush_TXDR
                0x080007e2       0x1c Drivers\STM32L4xx_HAL_Driver\Src\stm32l4xx_hal_i2c.o
 .text.I2C_TransferConfig
                0x080007fe       0x34 Drivers\STM32L4xx_HAL_Driver\Src\stm32l4xx_hal_i2c.o
 .text.I2C_WaitOnFlagUntilTimeout
                0x08000832       0x56 Drivers\STM32L4xx_HAL_Driver\Src\stm32l4xx_hal_i2c.o
 .text.I2C_IsAcknowledgeFailed
                0x08000888       0x7a Drivers\STM32L4xx_HAL_Driver\Src\stm32l4xx_hal_i2c.o
 .text.I2C_WaitOnTXISFlagUntilTimeout
                0x08000902       0x4e Drivers\STM32L4xx_HAL_Driver\Src\stm32l4xx_hal_i2c.o
 .text.I2C_WaitOnSTOPFlagUntilTimeout
                0x08000950       0x4a Drivers\STM32L4xx_HAL_Driver\Src\stm32l4xx_hal_i2c.o
 .text.I2C_WaitOnRXNEFlagUntilTimeout
                0x0800099a       0x7e Drivers\STM32L4xx_HAL_Driver\Src\stm32l4xx_hal_i2c.o
 .text.HAL_I2C_Init
                0x08000a18       0xa2 Drivers\STM32L4xx_HAL_Driver\Src\stm32l4xx_hal_i2c.o
                0x08000a18                HAL_I2C_Init
 *fill*         0x08000aba        0x2 
 .text.HAL_I2C_Master_Transmit
                0x08000abc      0x128 Drivers\STM32L4xx_HAL_Driver\Src\stm32l4xx_hal_i2c.o
                0x08000abc                HAL_I2C_Master_Transmit
 .text.HAL_I2C_Master_Receive
                0x08000be4      0x12c Drivers\STM32L4xx_HAL_Driver\Src\stm32l4xx_hal_i2c.o
                0x08000be4                HAL_I2C_Master_Receive
 .text.HAL_I2CEx_ConfigAnalogFilter
                0x08000d10       0x4c Drivers\STM32L4xx_HAL_Driver\Src\stm32l4xx_hal_i2c_ex.o
                0x08000d10                HAL_I2CEx_ConfigAnalogFilter
 .text.HAL_I2CEx_ConfigDigitalFilter
                0x08000d5c       0x4a Drivers\STM32L4xx_HAL_Driver\Src\stm32l4xx_hal_i2c_ex.o
                0x08000d5c                HAL_I2CEx_ConfigDigitalFilter
 *fill*         0x08000da6        0x2 
 .text.HAL_PWREx_GetVoltageRange
                0x08000da8       0x10 Drivers\STM32L4xx_HAL_Driver\Src\stm32l4xx_hal_pwr_ex.o
                0x08000da8                HAL_PWREx_GetVoltageRange
 .text.HAL_PWREx_ControlVoltageScaling
                0x08000db8       0x6c Drivers\STM32L4xx_HAL_Driver\Src\stm32l4xx_hal_pwr_ex.o
                0x08000db8                HAL_PWREx_ControlVoltageScaling
 .text.RCC_SetFlashLatencyFromMSIRange
                0x08000e24       0x84 Drivers\STM32L4xx_HAL_Driver\Src\stm32l4xx_hal_rcc.o
 .text.HAL_RCC_GetSysClockFreq
                0x08000ea8       0xa8 Drivers\STM32L4xx_HAL_Driver\Src\stm32l4xx_hal_rcc.o
                0x08000ea8                HAL_RCC_GetSysClockFreq
 .text.HAL_RCC_OscConfig
                0x08000f50      0x4a4 Drivers\STM32L4xx_HAL_Driver\Src\stm32l4xx_hal_rcc.o
                0x08000f50                HAL_RCC_OscConfig
 .text.HAL_RCC_ClockConfig
                0x080013f4      0x124 Drivers\STM32L4xx_HAL_Driver\Src\stm32l4xx_hal_rcc.o
                0x080013f4                HAL_RCC_ClockConfig
 .text.HAL_RCC_GetHCLKFreq
                0x08001518        0xc Drivers\STM32L4xx_HAL_Driver\Src\stm32l4xx_hal_rcc.o
                0x08001518                HAL_RCC_GetHCLKFreq
 .text.HAL_RCC_GetPCLK1Freq
                0x08001524       0x24 Drivers\STM32L4xx_HAL_Driver\Src\stm32l4xx_hal_rcc.o
                0x08001524                HAL_RCC_GetPCLK1Freq
 .text.HAL_RCC_GetPCLK2Freq
                0x08001548       0x24 Drivers\STM32L4xx_HAL_Driver\Src\stm32l4xx_hal_rcc.o
                0x08001548                HAL_RCC_GetPCLK2Freq
 .text.RCCEx_PLLSAI1_Config
                0x0800156c      0x118 Drivers\STM32L4xx_HAL_Driver\Src\stm32l4xx_hal_rcc_ex.o
 .text.HAL_RCCEx_PeriphCLKConfig
                0x08001684      0x31c Drivers\STM32L4xx_HAL_Driver\Src\stm32l4xx_hal_rcc_ex.o
                0x08001684                HAL_RCCEx_PeriphCLKConfig
 .text.UART_SetConfig
                0x080019a0      0x300 Drivers\STM32L4xx_HAL_Driver\Src\stm32l4xx_hal_uart.o
                0x080019a0                UART_SetConfig
 .text.UART_AdvFeatureConfig
                0x08001ca0       0xa8 Drivers\STM32L4xx_HAL_Driver\Src\stm32l4xx_hal_uart.o
                0x08001ca0                UART_AdvFeatureConfig
 .text.UART_WaitOnFlagUntilTimeout
                0x08001d48       0x62 Drivers\STM32L4xx_HAL_Driver\Src\stm32l4xx_hal_uart.o
                0x08001d48                UART_WaitOnFlagUntilTimeout
 .text.UART_CheckIdleState
                0x08001daa       0x64 Drivers\STM32L4xx_HAL_Driver\Src\stm32l4xx_hal_uart.o
                0x08001daa                UART_CheckIdleState
 .text.HAL_UART_Init
                0x08001e0e       0x64 Drivers\STM32L4xx_HAL_Driver\Src\stm32l4xx_hal_uart.o
                0x08001e0e                HAL_UART_Init
 *fill*         0x08001e72        0x2 
 .text.MX_GPIO_Init
                0x08001e74       0x98 Src\gpio.o
                0x08001e74                MX_GPIO_Init
 .text.MX_I2C1_Init
                0x08001f0c       0x68 Src\i2c.o
                0x08001f0c                MX_I2C1_Init
 .text.HAL_I2C_MspInit
                0x08001f74       0x50 Src\i2c.o
                0x08001f74                HAL_I2C_MspInit
 .text.SystemClock_Config
                0x08001fc4       0x90 Src\main.o
                0x08001fc4                SystemClock_Config
 .text.get_register
                0x08002054       0x4c Src\main.o
                0x08002054                get_register
 .text.get_temp
                0x080020a0      0x174 Src\main.o
                0x080020a0                get_temp
 .text.get_hum  0x08002214      0x140 Src\main.o
                0x08002214                get_hum
 .text.get_press
                0x08002354       0xdc Src\main.o
                0x08002354                get_press
 .text.startup.main
                0x08002430       0x24 Src\main.o
                0x08002430                main
 .text._Error_Handler
                0x08002454        0x2 Src\main.o
                0x08002454                _Error_Handler
 *fill*         0x08002456        0x2 
 .text.HAL_MspInit
                0x08002458       0x8c Src\stm32l4xx_hal_msp.o
                0x08002458                HAL_MspInit
 .text.NMI_Handler
                0x080024e4        0x2 Src\stm32l4xx_it.o
                0x080024e4                NMI_Handler
 .text.HardFault_Handler
                0x080024e6        0x2 Src\stm32l4xx_it.o
                0x080024e6                HardFault_Handler
 .text.MemManage_Handler
                0x080024e8        0x2 Src\stm32l4xx_it.o
                0x080024e8                MemManage_Handler
 .text.BusFault_Handler
                0x080024ea        0x2 Src\stm32l4xx_it.o
                0x080024ea                BusFault_Handler
 .text.UsageFault_Handler
                0x080024ec        0x2 Src\stm32l4xx_it.o
                0x080024ec                UsageFault_Handler
 .text.SVC_Handler
                0x080024ee        0x2 Src\stm32l4xx_it.o
                0x080024ee                SVC_Handler
 .text.DebugMon_Handler
                0x080024f0        0x2 Src\stm32l4xx_it.o
                0x080024f0                DebugMon_Handler
 .text.PendSV_Handler
                0x080024f2        0x2 Src\stm32l4xx_it.o
                0x080024f2                PendSV_Handler
 .text.SysTick_Handler
                0x080024f4        0xe Src\stm32l4xx_it.o
                0x080024f4                SysTick_Handler
 *fill*         0x08002502        0x2 
 .text.SystemInit
                0x08002504       0x48 Src\system_stm32l4xx.o
                0x08002504                SystemInit
 .text.MX_USART2_UART_Init
                0x0800254c       0x44 Src\usart.o
                0x0800254c                MX_USART2_UART_Init
 .text.HAL_UART_MspInit
                0x08002590       0x48 Src\usart.o
                0x08002590                HAL_UART_MspInit
 .text.Reset_Handler
                0x080025d8       0x50 startup\startup_stm32l452xx.o
                0x080025d8                Reset_Handler
 .text.Default_Handler
                0x08002628        0x2 startup\startup_stm32l452xx.o
                0x08002628                RTC_Alarm_IRQHandler
                0x08002628                EXTI2_IRQHandler
                0x08002628                TIM1_CC_IRQHandler
                0x08002628                TSC_IRQHandler
                0x08002628                TAMP_STAMP_IRQHandler
                0x08002628                EXTI3_IRQHandler
                0x08002628                LPTIM2_IRQHandler
                0x08002628                DFSDM1_FLT1_IRQHandler
                0x08002628                I2C3_ER_IRQHandler
                0x08002628                EXTI0_IRQHandler
                0x08002628                I2C2_EV_IRQHandler
                0x08002628                CAN1_RX0_IRQHandler
                0x08002628                FPU_IRQHandler
                0x08002628                TIM1_UP_TIM16_IRQHandler
                0x08002628                SPI1_IRQHandler
                0x08002628                TIM6_DAC_IRQHandler
                0x08002628                DMA2_Channel2_IRQHandler
                0x08002628                DMA1_Channel4_IRQHandler
                0x08002628                ADC1_IRQHandler
                0x08002628                USART3_IRQHandler
                0x08002628                DMA1_Channel7_IRQHandler
                0x08002628                CAN1_RX1_IRQHandler
                0x08002628                DMA2_Channel1_IRQHandler
                0x08002628                QUADSPI_IRQHandler
                0x08002628                I2C1_EV_IRQHandler
                0x08002628                DMA1_Channel6_IRQHandler
                0x08002628                UART4_IRQHandler
                0x08002628                DMA2_Channel4_IRQHandler
                0x08002628                TIM3_IRQHandler
                0x08002628                RCC_IRQHandler
                0x08002628                TIM1_TRG_COM_IRQHandler
                0x08002628                DMA1_Channel1_IRQHandler
                0x08002628                Default_Handler
                0x08002628                DMA2_Channel7_IRQHandler
                0x08002628                EXTI15_10_IRQHandler
                0x08002628                SDMMC1_IRQHandler
                0x08002628                I2C3_EV_IRQHandler
                0x08002628                USB_IRQHandler
                0x08002628                EXTI9_5_IRQHandler
                0x08002628                RTC_WKUP_IRQHandler
                0x08002628                PVD_PVM_IRQHandler
                0x08002628                SPI2_IRQHandler
                0x08002628                CAN1_TX_IRQHandler
                0x08002628                DMA2_Channel5_IRQHandler
                0x08002628                CRS_IRQHandler
                0x08002628                DMA1_Channel5_IRQHandler
                0x08002628                EXTI4_IRQHandler
                0x08002628                RNG_IRQHandler
                0x08002628                DMA1_Channel3_IRQHandler
                0x08002628                COMP_IRQHandler
                0x08002628                WWDG_IRQHandler
                0x08002628                I2C4_EV_IRQHandler
                0x08002628                LPUART1_IRQHandler
                0x08002628                DMA2_Channel6_IRQHandler
                0x08002628                TIM2_IRQHandler
                0x08002628                EXTI1_IRQHandler
                0x08002628                USART2_IRQHandler
                0x08002628                DFSDM1_FLT0_IRQHandler
                0x08002628                I2C2_ER_IRQHandler
                0x08002628                DMA1_Channel2_IRQHandler
                0x08002628                CAN1_SCE_IRQHandler
                0x08002628                FLASH_IRQHandler
                0x08002628                USART1_IRQHandler
                0x08002628                SPI3_IRQHandler
                0x08002628                I2C1_ER_IRQHandler
                0x08002628                LPTIM1_IRQHandler
                0x08002628                I2C4_ER_IRQHandler
                0x08002628                SAI1_IRQHandler
                0x08002628                DMA2_Channel3_IRQHandler
                0x08002628                TIM1_BRK_TIM15_IRQHandler
 *fill*         0x0800262a        0x2 
 .text.__libc_init_array
                0x0800262c       0x48 c:/program files (x86)/atollic/truestudio for stm32 9.0.1/armtools/bin/../lib/gcc/arm-atollic-eabi/6.3.1/../../../../arm-atollic-eabi/lib/armv7e-m/fpu\libc_nano.a(lib_a-init.o)
                0x0800262c                __libc_init_array
 *(.glue_7)
 .glue_7        0x08002674        0x0 linker stubs
 *(.glue_7t)
 .glue_7t       0x08002674        0x0 linker stubs
 *(.eh_frame)
 .eh_frame      0x08002674        0x0 c:/program files (x86)/atollic/truestudio for stm32 9.0.1/armtools/bin/../lib/gcc/arm-atollic-eabi/6.3.1/armv7e-m/fpu/crtbegin.o
 *(.init)
 .init          0x08002674        0x4 c:/program files (x86)/atollic/truestudio for stm32 9.0.1/armtools/bin/../lib/gcc/arm-atollic-eabi/6.3.1/armv7e-m/fpu/crti.o
                0x08002674                _init
 .init          0x08002678        0x8 c:/program files (x86)/atollic/truestudio for stm32 9.0.1/armtools/bin/../lib/gcc/arm-atollic-eabi/6.3.1/armv7e-m/fpu/crtn.o
 *(.fini)
 .fini          0x08002680        0x4 c:/program files (x86)/atollic/truestudio for stm32 9.0.1/armtools/bin/../lib/gcc/arm-atollic-eabi/6.3.1/armv7e-m/fpu/crti.o
                0x08002680                _fini
 .fini          0x08002684        0x8 c:/program files (x86)/atollic/truestudio for stm32 9.0.1/armtools/bin/../lib/gcc/arm-atollic-eabi/6.3.1/armv7e-m/fpu/crtn.o
                0x0800268c                . = ALIGN (0x4)
                0x0800268c                _etext = .

.vfp11_veneer   0x0800268c        0x0
 .vfp11_veneer  0x0800268c        0x0 linker stubs

.v4_bx          0x0800268c        0x0
 .v4_bx         0x0800268c        0x0 linker stubs

.iplt           0x0800268c        0x0
 .iplt          0x0800268c        0x0 c:/program files (x86)/atollic/truestudio for stm32 9.0.1/armtools/bin/../lib/gcc/arm-atollic-eabi/6.3.1/armv7e-m/fpu/crtbegin.o

.rodata         0x0800268c       0x78
                0x0800268c                . = ALIGN (0x4)
 *(.rodata)
 *(.rodata*)
 .rodata.CSWTCH.51
                0x0800268c        0x4 Drivers\STM32L4xx_HAL_Driver\Src\stm32l4xx_hal_uart.o
 .rodata.CSWTCH.52
                0x08002690        0xd Drivers\STM32L4xx_HAL_Driver\Src\stm32l4xx_hal_uart.o
 .rodata.MX_I2C1_Init.str1.1
                0x0800269d        0xd Src\i2c.o
 .rodata.AHBPrescTable
                0x080026aa       0x10 Src\system_stm32l4xx.o
                0x080026aa                AHBPrescTable
 .rodata.APBPrescTable
                0x080026ba        0x8 Src\system_stm32l4xx.o
                0x080026ba                APBPrescTable
 *fill*         0x080026c2        0x2 
 .rodata.MSIRangeTable
                0x080026c4       0x30 Src\system_stm32l4xx.o
                0x080026c4                MSIRangeTable
 .rodata.MX_USART2_UART_Init.str1.1
                0x080026f4        0xf Src\usart.o
                0x08002704                . = ALIGN (0x4)
 *fill*         0x08002703        0x1 

.ARM.extab
 *(.ARM.extab* .gnu.linkonce.armextab.*)

.ARM            0x08002704        0x8
                0x08002704                __exidx_start = .
 *(.ARM.exidx*)
 .ARM.exidx     0x08002704        0x8 c:/program files (x86)/atollic/truestudio for stm32 9.0.1/armtools/bin/../lib/gcc/arm-atollic-eabi/6.3.1/armv7e-m/fpu\libgcc.a(_udivmoddi4.o)
                0x0800270c                __exidx_end = .

.rel.dyn        0x0800270c        0x0
 .rel.iplt      0x0800270c        0x0 c:/program files (x86)/atollic/truestudio for stm32 9.0.1/armtools/bin/../lib/gcc/arm-atollic-eabi/6.3.1/armv7e-m/fpu/crtbegin.o

.preinit_array  0x0800270c        0x0
                0x0800270c                PROVIDE (__preinit_array_start, .)
 *(.preinit_array*)
                0x0800270c                PROVIDE (__preinit_array_end, .)

.init_array     0x0800270c        0x4
                0x0800270c                PROVIDE (__init_array_start, .)
 *(SORT(.init_array.*))
 *(.init_array*)
 .init_array    0x0800270c        0x4 c:/program files (x86)/atollic/truestudio for stm32 9.0.1/armtools/bin/../lib/gcc/arm-atollic-eabi/6.3.1/armv7e-m/fpu/crtbegin.o
                0x08002710                PROVIDE (__init_array_end, .)

.fini_array     0x08002710        0x4
                [!provide]                PROVIDE (__fini_array_start, .)
 *(SORT(.fini_array.*))
 *(.fini_array*)
 .fini_array    0x08002710        0x4 c:/program files (x86)/atollic/truestudio for stm32 9.0.1/armtools/bin/../lib/gcc/arm-atollic-eabi/6.3.1/armv7e-m/fpu/crtbegin.o
                [!provide]                PROVIDE (__fini_array_end, .)
                0x08002714                _sidata = LOADADDR (.data)

.data           0x20000000       0x20 load address 0x08002714
                0x20000000                . = ALIGN (0x4)
                0x20000000                _sdata = .
 *(.data)
 *(.data*)
 .data.addr_H0_T0_OUT_H
                0x20000000        0x1 Src\main.o
                0x20000000                addr_H0_T0_OUT_H
 .data.addr_H0_T0_OUT_L
                0x20000001        0x1 Src\main.o
                0x20000001                addr_H0_T0_OUT_L
 .data.addr_H0_rH_x2
                0x20000002        0x1 Src\main.o
                0x20000002                addr_H0_rH_x2
 .data.addr_H1_T0_OUT_H
                0x20000003        0x1 Src\main.o
                0x20000003                addr_H1_T0_OUT_H
 .data.addr_H1_T0_OUT_L
                0x20000004        0x1 Src\main.o
                0x20000004                addr_H1_T0_OUT_L
 .data.addr_H1_rH_x2
                0x20000005        0x1 Src\main.o
                0x20000005                addr_H1_rH_x2
 .data.addr_H_T0_OUT_H
                0x20000006        0x1 Src\main.o
                0x20000006                addr_H_T0_OUT_H
 .data.addr_H_T0_OUT_L
                0x20000007        0x1 Src\main.o
                0x20000007                addr_H_T0_OUT_L
 .data.addr_MSB
                0x20000008        0x1 Src\main.o
                0x20000008                addr_MSB
 .data.addr_PRESS_OUT_H
                0x20000009        0x1 Src\main.o
                0x20000009                addr_PRESS_OUT_H
 .data.addr_PRESS_OUT_L
                0x2000000a        0x1 Src\main.o
                0x2000000a                addr_PRESS_OUT_L
 .data.addr_PRESS_OUT_XL
                0x2000000b        0x1 Src\main.o
                0x2000000b                addr_PRESS_OUT_XL
 .data.addr_REF_P_H
                0x2000000c        0x1 Src\main.o
                0x2000000c                addr_REF_P_H
 .data.addr_REF_P_L
                0x2000000d        0x1 Src\main.o
                0x2000000d                addr_REF_P_L
 .data.addr_REF_P_XL
                0x2000000e        0x1 Src\main.o
                0x2000000e                addr_REF_P_XL
 .data.addr_T0_OUT_H
                0x2000000f        0x1 Src\main.o
                0x2000000f                addr_T0_OUT_H
 .data.addr_T0_OUT_L
                0x20000010        0x1 Src\main.o
                0x20000010                addr_T0_OUT_L
 .data.addr_T0_degC_x8
                0x20000011        0x1 Src\main.o
                0x20000011                addr_T0_degC_x8
 .data.addr_T1_OUT_H
                0x20000012        0x1 Src\main.o
                0x20000012                addr_T1_OUT_H
 .data.addr_T1_OUT_L
                0x20000013        0x1 Src\main.o
                0x20000013                addr_T1_OUT_L
 .data.addr_T1_degC_x8
                0x20000014        0x1 Src\main.o
                0x20000014                addr_T1_degC_x8
 .data.addr_T_OUT_H
                0x20000015        0x1 Src\main.o
                0x20000015                addr_T_OUT_H
 .data.addr_T_OUT_L
                0x20000016        0x1 Src\main.o
                0x20000016                addr_T_OUT_L
 .data.addr_sensor
                0x20000017        0x1 Src\main.o
                0x20000017                addr_sensor
 .data.addr_sensor_press
                0x20000018        0x1 Src\main.o
                0x20000018                addr_sensor_press
 *fill*         0x20000019        0x3 
 .data.SystemCoreClock
                0x2000001c        0x4 Src\system_stm32l4xx.o
                0x2000001c                SystemCoreClock
                0x20000020                . = ALIGN (0x4)
                0x20000020                _edata = .

.igot.plt       0x20000020        0x0 load address 0x08002734
 .igot.plt      0x20000020        0x0 c:/program files (x86)/atollic/truestudio for stm32 9.0.1/armtools/bin/../lib/gcc/arm-atollic-eabi/6.3.1/armv7e-m/fpu/crtbegin.o
                0x20000020                . = ALIGN (0x4)

.bss            0x20000020      0x134 load address 0x08002734
                0x20000020                _sbss = .
                0x20000020                __bss_start__ = _sbss
 *(.bss)
 .bss           0x20000020       0x1c c:/program files (x86)/atollic/truestudio for stm32 9.0.1/armtools/bin/../lib/gcc/arm-atollic-eabi/6.3.1/armv7e-m/fpu/crtbegin.o
 *(.bss*)
 .bss.H0_T0_OUT_H
                0x2000003c        0x1 Src\main.o
                0x2000003c                H0_T0_OUT_H
 .bss.H0_T0_OUT_L
                0x2000003d        0x1 Src\main.o
                0x2000003d                H0_T0_OUT_L
 .bss.H0_rH_x2  0x2000003e        0x1 Src\main.o
                0x2000003e                H0_rH_x2
 .bss.H1_T0_OUT_H
                0x2000003f        0x1 Src\main.o
                0x2000003f                H1_T0_OUT_H
 .bss.H1_T0_OUT_L
                0x20000040        0x1 Src\main.o
                0x20000040                H1_T0_OUT_L
 .bss.H1_rH_x2  0x20000041        0x1 Src\main.o
                0x20000041                H1_rH_x2
 .bss.H_T0_OUT_H
                0x20000042        0x1 Src\main.o
                0x20000042                H_T0_OUT_H
 .bss.H_T0_OUT_L
                0x20000043        0x1 Src\main.o
                0x20000043                H_T0_OUT_L
 .bss.MSB       0x20000044        0x1 Src\main.o
                0x20000044                MSB
 .bss.P_OUT_H   0x20000045        0x1 Src\main.o
                0x20000045                P_OUT_H
 .bss.P_OUT_L   0x20000046        0x1 Src\main.o
                0x20000046                P_OUT_L
 .bss.P_OUT_XL  0x20000047        0x1 Src\main.o
                0x20000047                P_OUT_XL
 .bss.REF_P_H   0x20000048        0x1 Src\main.o
                0x20000048                REF_P_H
 .bss.REF_P_L   0x20000049        0x1 Src\main.o
                0x20000049                REF_P_L
 .bss.REF_P_XL  0x2000004a        0x1 Src\main.o
                0x2000004a                REF_P_XL
 *fill*         0x2000004b        0x1 
 .bss.T0_DegC   0x2000004c        0x2 Src\main.o
                0x2000004c                T0_DegC
 .bss.T0_OUT    0x2000004e        0x2 Src\main.o
                0x2000004e                T0_OUT
 .bss.T0_OUT_H  0x20000050        0x1 Src\main.o
                0x20000050                T0_OUT_H
 .bss.T0_OUT_L  0x20000051        0x1 Src\main.o
                0x20000051                T0_OUT_L
 .bss.T0_degC_x8
                0x20000052        0x1 Src\main.o
                0x20000052                T0_degC_x8
 *fill*         0x20000053        0x1 
 .bss.T0_degC_x8_u16
                0x20000054        0x2 Src\main.o
                0x20000054                T0_degC_x8_u16
 .bss.T1_DegC   0x20000056        0x2 Src\main.o
                0x20000056                T1_DegC
 .bss.T1_OUT    0x20000058        0x2 Src\main.o
                0x20000058                T1_OUT
 .bss.T1_OUT_H  0x2000005a        0x1 Src\main.o
                0x2000005a                T1_OUT_H
 .bss.T1_OUT_L  0x2000005b        0x1 Src\main.o
                0x2000005b                T1_OUT_L
 .bss.T1_degC_x8
                0x2000005c        0x1 Src\main.o
                0x2000005c                T1_degC_x8
 *fill*         0x2000005d        0x1 
 .bss.T1_degC_x8_u16
                0x2000005e        0x2 Src\main.o
                0x2000005e                T1_degC_x8_u16
 .bss.T_OUT     0x20000060        0x2 Src\main.o
                0x20000060                T_OUT
 .bss.T_OUT_H   0x20000062        0x1 Src\main.o
                0x20000062                T_OUT_H
 .bss.T_OUT_L   0x20000063        0x1 Src\main.o
                0x20000063                T_OUT_L
 *(COMMON)
 COMMON         0x20000064        0x4 Drivers\STM32L4xx_HAL_Driver\Src\stm32l4xx_hal.o
                0x20000064                uwTick
 COMMON         0x20000068       0x4c Src\i2c.o
                0x20000068                hi2c1
 COMMON         0x200000b4       0x28 Src\main.o
                0x200000b4                hum
                0x200000b8                H1_rH
                0x200000ba                H_OUT
                0x200000bc                H0_rH
                0x200000be                value_hum
                0x200000c0                temp_value
                0x200000c2                value_press
                0x200000c4                temp32
                0x200000c8                REF_P
                0x200000cc                H_T0_OUT
                0x200000ce                H1_T0_OUT
                0x200000d0                P_OUT
                0x200000d4                H0_T0_OUT
                0x200000d8                press32
 COMMON         0x200000dc       0x78 Src\usart.o
                0x200000dc                huart2
                0x20000154                . = ALIGN (0x4)
                0x20000154                _ebss = .
                0x20000154                __bss_end__ = _ebss

._user_heap_stack
                0x20000154      0x600 load address 0x08002734
                0x20000154                . = ALIGN (0x4)
                [!provide]                PROVIDE (end, .)
                [!provide]                PROVIDE (_end, .)
                0x20000354                . = (. + _Min_Heap_Size)
 *fill*         0x20000154      0x200 
                0x20000754                . = (. + _Min_Stack_Size)
 *fill*         0x20000354      0x400 
                0x20000754                . = ALIGN (0x4)

/DISCARD/
 libc.a(*)
 libm.a(*)
 libgcc.a(*)

.ARM.attributes
                0x00000000       0x30
 *(.ARM.attributes)
 .ARM.attributes
                0x00000000       0x22 c:/program files (x86)/atollic/truestudio for stm32 9.0.1/armtools/bin/../lib/gcc/arm-atollic-eabi/6.3.1/armv7e-m/fpu/crti.o
 .ARM.attributes
                0x00000022       0x34 c:/program files (x86)/atollic/truestudio for stm32 9.0.1/armtools/bin/../lib/gcc/arm-atollic-eabi/6.3.1/armv7e-m/fpu/crtbegin.o
 .ARM.attributes
                0x00000056       0x39 Drivers\STM32L4xx_HAL_Driver\Src\stm32l4xx_hal.o
 .ARM.attributes
                0x0000008f       0x39 Drivers\STM32L4xx_HAL_Driver\Src\stm32l4xx_hal_cortex.o
 .ARM.attributes
                0x000000c8       0x39 Drivers\STM32L4xx_HAL_Driver\Src\stm32l4xx_hal_gpio.o
 .ARM.attributes
                0x00000101       0x39 Drivers\STM32L4xx_HAL_Driver\Src\stm32l4xx_hal_i2c.o
 .ARM.attributes
                0x0000013a       0x39 Drivers\STM32L4xx_HAL_Driver\Src\stm32l4xx_hal_i2c_ex.o
 .ARM.attributes
                0x00000173       0x39 Drivers\STM32L4xx_HAL_Driver\Src\stm32l4xx_hal_pwr_ex.o
 .ARM.attributes
                0x000001ac       0x39 Drivers\STM32L4xx_HAL_Driver\Src\stm32l4xx_hal_rcc.o
 .ARM.attributes
                0x000001e5       0x39 Drivers\STM32L4xx_HAL_Driver\Src\stm32l4xx_hal_rcc_ex.o
 .ARM.attributes
                0x0000021e       0x39 Drivers\STM32L4xx_HAL_Driver\Src\stm32l4xx_hal_uart.o
 .ARM.attributes
                0x00000257       0x39 Src\gpio.o
 .ARM.attributes
                0x00000290       0x39 Src\i2c.o
 .ARM.attributes
                0x000002c9       0x39 Src\main.o
 .ARM.attributes
                0x00000302       0x39 Src\stm32l4xx_hal_msp.o
 .ARM.attributes
                0x0000033b       0x39 Src\stm32l4xx_it.o
 .ARM.attributes
                0x00000374       0x39 Src\system_stm32l4xx.o
 .ARM.attributes
                0x000003ad       0x39 Src\usart.o
 .ARM.attributes
                0x000003e6       0x21 startup\startup_stm32l452xx.o
 .ARM.attributes
                0x00000407       0x34 c:/program files (x86)/atollic/truestudio for stm32 9.0.1/armtools/bin/../lib/gcc/arm-atollic-eabi/6.3.1/../../../../arm-atollic-eabi/lib/armv7e-m/fpu\libc_nano.a(lib_a-init.o)
 .ARM.attributes
                0x0000043b       0x22 c:/program files (x86)/atollic/truestudio for stm32 9.0.1/armtools/bin/../lib/gcc/arm-atollic-eabi/6.3.1/armv7e-m/fpu\libgcc.a(_aeabi_uldivmod.o)
 .ARM.attributes
                0x0000045d       0x34 c:/program files (x86)/atollic/truestudio for stm32 9.0.1/armtools/bin/../lib/gcc/arm-atollic-eabi/6.3.1/armv7e-m/fpu\libgcc.a(_udivmoddi4.o)
 .ARM.attributes
                0x00000491       0x22 c:/program files (x86)/atollic/truestudio for stm32 9.0.1/armtools/bin/../lib/gcc/arm-atollic-eabi/6.3.1/armv7e-m/fpu\libgcc.a(_dvmd_tls.o)
 .ARM.attributes
                0x000004b3       0x22 c:/program files (x86)/atollic/truestudio for stm32 9.0.1/armtools/bin/../lib/gcc/arm-atollic-eabi/6.3.1/armv7e-m/fpu/crtn.o
OUTPUT(SENSORS_V1.elf elf32-littlearm)

.debug_info     0x00000000     0xef59
 .debug_info    0x00000000      0xbab Drivers\STM32L4xx_HAL_Driver\Src\stm32l4xx_hal.o
 .debug_info    0x00000bab      0xf25 Drivers\STM32L4xx_HAL_Driver\Src\stm32l4xx_hal_cortex.o
 .debug_info    0x00001ad0      0x86f Drivers\STM32L4xx_HAL_Driver\Src\stm32l4xx_hal_gpio.o
 .debug_info    0x0000233f     0x37c1 Drivers\STM32L4xx_HAL_Driver\Src\stm32l4xx_hal_i2c.o
 .debug_info    0x00005b00      0xa50 Drivers\STM32L4xx_HAL_Driver\Src\stm32l4xx_hal_i2c_ex.o
 .debug_info    0x00006550      0xa79 Drivers\STM32L4xx_HAL_Driver\Src\stm32l4xx_hal_pwr_ex.o
 .debug_info    0x00006fc9      0xdde Drivers\STM32L4xx_HAL_Driver\Src\stm32l4xx_hal_rcc.o
 .debug_info    0x00007da7     0x1114 Drivers\STM32L4xx_HAL_Driver\Src\stm32l4xx_hal_rcc_ex.o
 .debug_info    0x00008ebb     0x1c37 Drivers\STM32L4xx_HAL_Driver\Src\stm32l4xx_hal_uart.o
 .debug_info    0x0000aaf2      0x594 Src\gpio.o
 .debug_info    0x0000b086      0xb3e Src\i2c.o
 .debug_info    0x0000bbc4     0x1963 Src\main.o
 .debug_info    0x0000d527      0x690 Src\stm32l4xx_hal_msp.o
 .debug_info    0x0000dbb7      0x203 Src\stm32l4xx_it.o
 .debug_info    0x0000ddba      0x5e9 Src\system_stm32l4xx.o
 .debug_info    0x0000e3a3      0xb39 Src\usart.o
 .debug_info    0x0000eedc       0x7d startup\startup_stm32l452xx.o

.debug_abbrev   0x00000000     0x21c1
 .debug_abbrev  0x00000000      0x29d Drivers\STM32L4xx_HAL_Driver\Src\stm32l4xx_hal.o
 .debug_abbrev  0x0000029d      0x2e6 Drivers\STM32L4xx_HAL_Driver\Src\stm32l4xx_hal_cortex.o
 .debug_abbrev  0x00000583      0x1d7 Drivers\STM32L4xx_HAL_Driver\Src\stm32l4xx_hal_gpio.o
 .debug_abbrev  0x0000075a      0x351 Drivers\STM32L4xx_HAL_Driver\Src\stm32l4xx_hal_i2c.o
 .debug_abbrev  0x00000aab      0x1b2 Drivers\STM32L4xx_HAL_Driver\Src\stm32l4xx_hal_i2c_ex.o
 .debug_abbrev  0x00000c5d      0x227 Drivers\STM32L4xx_HAL_Driver\Src\stm32l4xx_hal_pwr_ex.o
 .debug_abbrev  0x00000e84      0x267 Drivers\STM32L4xx_HAL_Driver\Src\stm32l4xx_hal_rcc.o
 .debug_abbrev  0x000010eb      0x2eb Drivers\STM32L4xx_HAL_Driver\Src\stm32l4xx_hal_rcc_ex.o
 .debug_abbrev  0x000013d6      0x30e Drivers\STM32L4xx_HAL_Driver\Src\stm32l4xx_hal_uart.o
 .debug_abbrev  0x000016e4      0x166 Src\gpio.o
 .debug_abbrev  0x0000184a      0x1d2 Src\i2c.o
 .debug_abbrev  0x00001a1c      0x261 Src\main.o
 .debug_abbrev  0x00001c7d      0x139 Src\stm32l4xx_hal_msp.o
 .debug_abbrev  0x00001db6      0x105 Src\stm32l4xx_it.o
 .debug_abbrev  0x00001ebb      0x12f Src\system_stm32l4xx.o
 .debug_abbrev  0x00001fea      0x1c5 Src\usart.o
 .debug_abbrev  0x000021af       0x12 startup\startup_stm32l452xx.o

.debug_loc      0x00000000     0x76e2
 .debug_loc     0x00000000      0x149 Drivers\STM32L4xx_HAL_Driver\Src\stm32l4xx_hal.o
 .debug_loc     0x00000149      0x4fb Drivers\STM32L4xx_HAL_Driver\Src\stm32l4xx_hal_cortex.o
 .debug_loc     0x00000644      0x289 Drivers\STM32L4xx_HAL_Driver\Src\stm32l4xx_hal_gpio.o
 .debug_loc     0x000008cd     0x38e7 Drivers\STM32L4xx_HAL_Driver\Src\stm32l4xx_hal_i2c.o
 .debug_loc     0x000041b4      0x1a0 Drivers\STM32L4xx_HAL_Driver\Src\stm32l4xx_hal_i2c_ex.o
 .debug_loc     0x00004354      0x54e Drivers\STM32L4xx_HAL_Driver\Src\stm32l4xx_hal_pwr_ex.o
 .debug_loc     0x000048a2      0x5f0 Drivers\STM32L4xx_HAL_Driver\Src\stm32l4xx_hal_rcc.o
 .debug_loc     0x00004e92      0xbc1 Drivers\STM32L4xx_HAL_Driver\Src\stm32l4xx_hal_rcc_ex.o
 .debug_loc     0x00005a53     0x19b3 Drivers\STM32L4xx_HAL_Driver\Src\stm32l4xx_hal_uart.o
 .debug_loc     0x00007406       0x4d Src\i2c.o
 .debug_loc     0x00007453       0x84 Src\main.o
 .debug_loc     0x000074d7      0x1be Src\system_stm32l4xx.o
 .debug_loc     0x00007695       0x4d Src\usart.o

.debug_aranges  0x00000000      0xa18
 .debug_aranges
                0x00000000      0x108 Drivers\STM32L4xx_HAL_Driver\Src\stm32l4xx_hal.o
 .debug_aranges
                0x00000108       0xa8 Drivers\STM32L4xx_HAL_Driver\Src\stm32l4xx_hal_cortex.o
 .debug_aranges
                0x000001b0       0x58 Drivers\STM32L4xx_HAL_Driver\Src\stm32l4xx_hal_gpio.o
 .debug_aranges
                0x00000208      0x238 Drivers\STM32L4xx_HAL_Driver\Src\stm32l4xx_hal_i2c.o
 .debug_aranges
                0x00000440       0x48 Drivers\STM32L4xx_HAL_Driver\Src\stm32l4xx_hal_i2c_ex.o
 .debug_aranges
                0x00000488      0x110 Drivers\STM32L4xx_HAL_Driver\Src\stm32l4xx_hal_pwr_ex.o
 .debug_aranges
                0x00000598       0x88 Drivers\STM32L4xx_HAL_Driver\Src\stm32l4xx_hal_rcc.o
 .debug_aranges
                0x00000620       0xd0 Drivers\STM32L4xx_HAL_Driver\Src\stm32l4xx_hal_rcc_ex.o
 .debug_aranges
                0x000006f0      0x1a0 Drivers\STM32L4xx_HAL_Driver\Src\stm32l4xx_hal_uart.o
 .debug_aranges
                0x00000890       0x20 Src\gpio.o
 .debug_aranges
                0x000008b0       0x30 Src\i2c.o
 .debug_aranges
                0x000008e0       0x50 Src\main.o
 .debug_aranges
                0x00000930       0x20 Src\stm32l4xx_hal_msp.o
 .debug_aranges
                0x00000950       0x48 Src\stm32l4xx_it.o
 .debug_aranges
                0x00000998       0x28 Src\system_stm32l4xx.o
 .debug_aranges
                0x000009c0       0x30 Src\usart.o
 .debug_aranges
                0x000009f0       0x28 startup\startup_stm32l452xx.o

.debug_ranges   0x00000000      0xb50
 .debug_ranges  0x00000000       0xf8 Drivers\STM32L4xx_HAL_Driver\Src\stm32l4xx_hal.o
 .debug_ranges  0x000000f8      0x138 Drivers\STM32L4xx_HAL_Driver\Src\stm32l4xx_hal_cortex.o
 .debug_ranges  0x00000230       0x68 Drivers\STM32L4xx_HAL_Driver\Src\stm32l4xx_hal_gpio.o
 .debug_ranges  0x00000298      0x270 Drivers\STM32L4xx_HAL_Driver\Src\stm32l4xx_hal_i2c.o
 .debug_ranges  0x00000508       0x68 Drivers\STM32L4xx_HAL_Driver\Src\stm32l4xx_hal_i2c_ex.o
 .debug_ranges  0x00000570      0x100 Drivers\STM32L4xx_HAL_Driver\Src\stm32l4xx_hal_pwr_ex.o
 .debug_ranges  0x00000670       0x90 Drivers\STM32L4xx_HAL_Driver\Src\stm32l4xx_hal_rcc.o
 .debug_ranges  0x00000700      0x128 Drivers\STM32L4xx_HAL_Driver\Src\stm32l4xx_hal_rcc_ex.o
 .debug_ranges  0x00000828      0x190 Drivers\STM32L4xx_HAL_Driver\Src\stm32l4xx_hal_uart.o
 .debug_ranges  0x000009b8       0x50 Src\gpio.o
 .debug_ranges  0x00000a08       0x20 Src\i2c.o
 .debug_ranges  0x00000a28       0x40 Src\main.o
 .debug_ranges  0x00000a68       0x40 Src\stm32l4xx_hal_msp.o
 .debug_ranges  0x00000aa8       0x38 Src\stm32l4xx_it.o
 .debug_ranges  0x00000ae0       0x18 Src\system_stm32l4xx.o
 .debug_ranges  0x00000af8       0x38 Src\usart.o
 .debug_ranges  0x00000b30       0x20 startup\startup_stm32l452xx.o

.debug_line     0x00000000     0x5b28
 .debug_line    0x00000000      0x455 Drivers\STM32L4xx_HAL_Driver\Src\stm32l4xx_hal.o
 .debug_line    0x00000455      0x451 Drivers\STM32L4xx_HAL_Driver\Src\stm32l4xx_hal_cortex.o
 .debug_line    0x000008a6      0x3ce Drivers\STM32L4xx_HAL_Driver\Src\stm32l4xx_hal_gpio.o
 .debug_line    0x00000c74     0x1932 Drivers\STM32L4xx_HAL_Driver\Src\stm32l4xx_hal_i2c.o
 .debug_line    0x000025a6      0x36d Drivers\STM32L4xx_HAL_Driver\Src\stm32l4xx_hal_i2c_ex.o
 .debug_line    0x00002913      0x575 Drivers\STM32L4xx_HAL_Driver\Src\stm32l4xx_hal_pwr_ex.o
 .debug_line    0x00002e88      0x5ce Drivers\STM32L4xx_HAL_Driver\Src\stm32l4xx_hal_rcc.o
 .debug_line    0x00003456      0x6ea Drivers\STM32L4xx_HAL_Driver\Src\stm32l4xx_hal_rcc_ex.o
 .debug_line    0x00003b40      0xdb7 Drivers\STM32L4xx_HAL_Driver\Src\stm32l4xx_hal_uart.o
 .debug_line    0x000048f7      0x20b Src\gpio.o
 .debug_line    0x00004b02      0x2a1 Src\i2c.o
 .debug_line    0x00004da3      0x3f3 Src\main.o
 .debug_line    0x00005196      0x20a Src\stm32l4xx_hal_msp.o
 .debug_line    0x000053a0      0x23a Src\stm32l4xx_it.o
 .debug_line    0x000055da      0x248 Src\system_stm32l4xx.o
 .debug_line    0x00005822      0x287 Src\usart.o
 .debug_line    0x00005aa9       0x7f startup\startup_stm32l452xx.o

.debug_str      0x00000000     0x3b4f
 .debug_str     0x00000000      0xbe2 Drivers\STM32L4xx_HAL_Driver\Src\stm32l4xx_hal.o
                                0xc64 (size before relaxing)
 .debug_str     0x00000be2      0x3c3 Drivers\STM32L4xx_HAL_Driver\Src\stm32l4xx_hal_cortex.o
                                0xbde (size before relaxing)
 .debug_str     0x00000fa5      0x1d5 Drivers\STM32L4xx_HAL_Driver\Src\stm32l4xx_hal_gpio.o
                                0x5d7 (size before relaxing)
 .debug_str     0x0000117a      0xcef Drivers\STM32L4xx_HAL_Driver\Src\stm32l4xx_hal_i2c.o
                               0x1003 (size before relaxing)
 .debug_str     0x00001e69       0xf3 Drivers\STM32L4xx_HAL_Driver\Src\stm32l4xx_hal_i2c_ex.o
                                0x984 (size before relaxing)
 .debug_str     0x00001f5c      0x4ad Drivers\STM32L4xx_HAL_Driver\Src\stm32l4xx_hal_pwr_ex.o
                                0x7f4 (size before relaxing)
 .debug_str     0x00002409      0x346 Drivers\STM32L4xx_HAL_Driver\Src\stm32l4xx_hal_rcc.o
                                0x873 (size before relaxing)
 .debug_str     0x0000274f      0x695 Drivers\STM32L4xx_HAL_Driver\Src\stm32l4xx_hal_rcc_ex.o
                                0xc4e (size before relaxing)
 .debug_str     0x00002de4      0x934 Drivers\STM32L4xx_HAL_Driver\Src\stm32l4xx_hal_uart.o
                                0xfc7 (size before relaxing)
 .debug_str     0x00003718       0x1b Src\gpio.o
                                0x450 (size before relaxing)
 .debug_str     0x00003733       0x39 Src\i2c.o
                                0x967 (size before relaxing)
 .debug_str     0x0000376c      0x2cd Src\main.o
                               0x15e6 (size before relaxing)
 .debug_str     0x00003a39       0x1b Src\stm32l4xx_hal_msp.o
                                0x813 (size before relaxing)
 .debug_str     0x00003a54       0xa6 Src\stm32l4xx_it.o
                                0x2e7 (size before relaxing)
 .debug_str     0x00003afa       0x3b Src\system_stm32l4xx.o
                                0x42a (size before relaxing)
 .debug_str     0x00003b35       0x1a Src\usart.o
                                0x91b (size before relaxing)

.comment        0x00000000       0x7c
 .comment       0x00000000       0x7c Drivers\STM32L4xx_HAL_Driver\Src\stm32l4xx_hal.o
                                 0x7d (size before relaxing)
 .comment       0x0000007c       0x7d Drivers\STM32L4xx_HAL_Driver\Src\stm32l4xx_hal_cortex.o
 .comment       0x0000007c       0x7d Drivers\STM32L4xx_HAL_Driver\Src\stm32l4xx_hal_gpio.o
 .comment       0x0000007c       0x7d Drivers\STM32L4xx_HAL_Driver\Src\stm32l4xx_hal_i2c.o
 .comment       0x0000007c       0x7d Drivers\STM32L4xx_HAL_Driver\Src\stm32l4xx_hal_i2c_ex.o
 .comment       0x0000007c       0x7d Drivers\STM32L4xx_HAL_Driver\Src\stm32l4xx_hal_pwr_ex.o
 .comment       0x0000007c       0x7d Drivers\STM32L4xx_HAL_Driver\Src\stm32l4xx_hal_rcc.o
 .comment       0x0000007c       0x7d Drivers\STM32L4xx_HAL_Driver\Src\stm32l4xx_hal_rcc_ex.o
 .comment       0x0000007c       0x7d Drivers\STM32L4xx_HAL_Driver\Src\stm32l4xx_hal_uart.o
 .comment       0x0000007c       0x7d Src\gpio.o
 .comment       0x0000007c       0x7d Src\i2c.o
 .comment       0x0000007c       0x7d Src\main.o
 .comment       0x0000007c       0x7d Src\stm32l4xx_hal_msp.o
 .comment       0x0000007c       0x7d Src\stm32l4xx_it.o
 .comment       0x0000007c       0x7d Src\system_stm32l4xx.o
 .comment       0x0000007c       0x7d Src\usart.o

.debug_frame    0x00000000     0x1c48
 .debug_frame   0x00000000      0x244 Drivers\STM32L4xx_HAL_Driver\Src\stm32l4xx_hal.o
 .debug_frame   0x00000244      0x158 Drivers\STM32L4xx_HAL_Driver\Src\stm32l4xx_hal_cortex.o
 .debug_frame   0x0000039c       0xd4 Drivers\STM32L4xx_HAL_Driver\Src\stm32l4xx_hal_gpio.o
 .debug_frame   0x00000470      0x8d8 Drivers\STM32L4xx_HAL_Driver\Src\stm32l4xx_hal_i2c.o
 .debug_frame   0x00000d48       0x90 Drivers\STM32L4xx_HAL_Driver\Src\stm32l4xx_hal_i2c_ex.o
 .debug_frame   0x00000dd8      0x228 Drivers\STM32L4xx_HAL_Driver\Src\stm32l4xx_hal_pwr_ex.o
 .debug_frame   0x00001000      0x160 Drivers\STM32L4xx_HAL_Driver\Src\stm32l4xx_hal_rcc.o
 .debug_frame   0x00001160      0x238 Drivers\STM32L4xx_HAL_Driver\Src\stm32l4xx_hal_rcc_ex.o
 .debug_frame   0x00001398      0x548 Drivers\STM32L4xx_HAL_Driver\Src\stm32l4xx_hal_uart.o
 .debug_frame   0x000018e0       0x30 Src\gpio.o
 .debug_frame   0x00001910       0x58 Src\i2c.o
 .debug_frame   0x00001968       0xec Src\main.o
 .debug_frame   0x00001a54       0x2c Src\stm32l4xx_hal_msp.o
 .debug_frame   0x00001a80       0xac Src\stm32l4xx_it.o
 .debug_frame   0x00001b2c       0x38 Src\system_stm32l4xx.o
 .debug_frame   0x00001b64       0x58 Src\usart.o
 .debug_frame   0x00001bbc       0x2c c:/program files (x86)/atollic/truestudio for stm32 9.0.1/armtools/bin/../lib/gcc/arm-atollic-eabi/6.3.1/../../../../arm-atollic-eabi/lib/armv7e-m/fpu\libc_nano.a(lib_a-init.o)
 .debug_frame   0x00001be8       0x2c c:/program files (x86)/atollic/truestudio for stm32 9.0.1/armtools/bin/../lib/gcc/arm-atollic-eabi/6.3.1/armv7e-m/fpu\libgcc.a(_aeabi_uldivmod.o)
 .debug_frame   0x00001c14       0x34 c:/program files (x86)/atollic/truestudio for stm32 9.0.1/armtools/bin/../lib/gcc/arm-atollic-eabi/6.3.1/armv7e-m/fpu\libgcc.a(_udivmoddi4.o)
