main.c:284:6:SystemClock_Config	248	static
main.c:600:5:_write	8	static
main.c:634:6:ADC_Init	0	static
main.c:641:6:READ_SENSOR_MQ135	0	static
main.c:629:6:HAL_TIM_PeriodElapsedCallback	8	static
main.c:647:10:est_negatif	0	static
main.c:654:10:concatenate	0	static
main.c:659:10:div8	0	static
main.c:664:10:div2	0	static
main.c:668:6:Who_am_i	24	static
main.c:673:6:Register	32	static
main.c:233:5:main	64	static
main.c:686:6:temperature_IKSO1A2	56	static
main.c:724:6:humidity_IKSO1A2	56	static
main.c:747:6:pressure_IKSO1A2	56	static
main.c:606:6:HAL_ADC_ConvCpltCallback	8	static
main.c:771:6:Error_Handler	0	static
