Archive member included to satisfy reference by file (symbol)

c:/program files (x86)/atollic/truestudio for stm32 9.0.1/armtools/bin/../lib/gcc/arm-atollic-eabi/6.3.1/../../../../arm-atollic-eabi/lib/armv7e-m/fpu\libc_nano.a(lib_a-atoi.o)
                              Src\main.o (atoi)
c:/program files (x86)/atollic/truestudio for stm32 9.0.1/armtools/bin/../lib/gcc/arm-atollic-eabi/6.3.1/../../../../arm-atollic-eabi/lib/armv7e-m/fpu\libc_nano.a(lib_a-init.o)
                              startup\startup_stm32l476xx.o (__libc_init_array)
c:/program files (x86)/atollic/truestudio for stm32 9.0.1/armtools/bin/../lib/gcc/arm-atollic-eabi/6.3.1/../../../../arm-atollic-eabi/lib/armv7e-m/fpu\libc_nano.a(lib_a-itoa.o)
                              Src\main.o (itoa)
c:/program files (x86)/atollic/truestudio for stm32 9.0.1/armtools/bin/../lib/gcc/arm-atollic-eabi/6.3.1/../../../../arm-atollic-eabi/lib/armv7e-m/fpu\libc_nano.a(lib_a-memset.o)
                              Src\adc.o (memset)
c:/program files (x86)/atollic/truestudio for stm32 9.0.1/armtools/bin/../lib/gcc/arm-atollic-eabi/6.3.1/../../../../arm-atollic-eabi/lib/armv7e-m/fpu\libc_nano.a(lib_a-sprintf.o)
                              Src\main.o (sprintf)
c:/program files (x86)/atollic/truestudio for stm32 9.0.1/armtools/bin/../lib/gcc/arm-atollic-eabi/6.3.1/../../../../arm-atollic-eabi/lib/armv7e-m/fpu\libc_nano.a(lib_a-strcat.o)
                              Src\main.o (strcat)
c:/program files (x86)/atollic/truestudio for stm32 9.0.1/armtools/bin/../lib/gcc/arm-atollic-eabi/6.3.1/../../../../arm-atollic-eabi/lib/armv7e-m/fpu\libc_nano.a(lib_a-strlen.o)
                              Src\main.o (strlen)
c:/program files (x86)/atollic/truestudio for stm32 9.0.1/armtools/bin/../lib/gcc/arm-atollic-eabi/6.3.1/../../../../arm-atollic-eabi/lib/armv7e-m/fpu\libc_nano.a(lib_a-strstr.o)
                              Src\main.o (strstr)
c:/program files (x86)/atollic/truestudio for stm32 9.0.1/armtools/bin/../lib/gcc/arm-atollic-eabi/6.3.1/../../../../arm-atollic-eabi/lib/armv7e-m/fpu\libc_nano.a(lib_a-strtol.o)
                              c:/program files (x86)/atollic/truestudio for stm32 9.0.1/armtools/bin/../lib/gcc/arm-atollic-eabi/6.3.1/../../../../arm-atollic-eabi/lib/armv7e-m/fpu\libc_nano.a(lib_a-atoi.o) (_strtol_r)
c:/program files (x86)/atollic/truestudio for stm32 9.0.1/armtools/bin/../lib/gcc/arm-atollic-eabi/6.3.1/../../../../arm-atollic-eabi/lib/armv7e-m/fpu\libc_nano.a(lib_a-utoa.o)
                              c:/program files (x86)/atollic/truestudio for stm32 9.0.1/armtools/bin/../lib/gcc/arm-atollic-eabi/6.3.1/../../../../arm-atollic-eabi/lib/armv7e-m/fpu\libc_nano.a(lib_a-itoa.o) (__utoa)
c:/program files (x86)/atollic/truestudio for stm32 9.0.1/armtools/bin/../lib/gcc/arm-atollic-eabi/6.3.1/../../../../arm-atollic-eabi/lib/armv7e-m/fpu\libc_nano.a(lib_a-impure.o)
                              c:/program files (x86)/atollic/truestudio for stm32 9.0.1/armtools/bin/../lib/gcc/arm-atollic-eabi/6.3.1/../../../../arm-atollic-eabi/lib/armv7e-m/fpu\libc_nano.a(lib_a-sprintf.o) (_impure_ptr)
c:/program files (x86)/atollic/truestudio for stm32 9.0.1/armtools/bin/../lib/gcc/arm-atollic-eabi/6.3.1/../../../../arm-atollic-eabi/lib/armv7e-m/fpu\libc_nano.a(lib_a-locale.o)
                              c:/program files (x86)/atollic/truestudio for stm32 9.0.1/armtools/bin/../lib/gcc/arm-atollic-eabi/6.3.1/../../../../arm-atollic-eabi/lib/armv7e-m/fpu\libc_nano.a(lib_a-strtol.o) (__locale_ctype_ptr_l)
c:/program files (x86)/atollic/truestudio for stm32 9.0.1/armtools/bin/../lib/gcc/arm-atollic-eabi/6.3.1/../../../../arm-atollic-eabi/lib/armv7e-m/fpu\libc_nano.a(lib_a-mbtowc_r.o)
                              c:/program files (x86)/atollic/truestudio for stm32 9.0.1/armtools/bin/../lib/gcc/arm-atollic-eabi/6.3.1/../../../../arm-atollic-eabi/lib/armv7e-m/fpu\libc_nano.a(lib_a-locale.o) (__ascii_mbtowc)
c:/program files (x86)/atollic/truestudio for stm32 9.0.1/armtools/bin/../lib/gcc/arm-atollic-eabi/6.3.1/../../../../arm-atollic-eabi/lib/armv7e-m/fpu\libc_nano.a(lib_a-nano-svfprintf.o)
                              c:/program files (x86)/atollic/truestudio for stm32 9.0.1/armtools/bin/../lib/gcc/arm-atollic-eabi/6.3.1/../../../../arm-atollic-eabi/lib/armv7e-m/fpu\libc_nano.a(lib_a-sprintf.o) (_svfprintf_r)
c:/program files (x86)/atollic/truestudio for stm32 9.0.1/armtools/bin/../lib/gcc/arm-atollic-eabi/6.3.1/../../../../arm-atollic-eabi/lib/armv7e-m/fpu\libc_nano.a(lib_a-nano-vfprintf_i.o)
                              c:/program files (x86)/atollic/truestudio for stm32 9.0.1/armtools/bin/../lib/gcc/arm-atollic-eabi/6.3.1/../../../../arm-atollic-eabi/lib/armv7e-m/fpu\libc_nano.a(lib_a-nano-svfprintf.o) (_printf_i)
c:/program files (x86)/atollic/truestudio for stm32 9.0.1/armtools/bin/../lib/gcc/arm-atollic-eabi/6.3.1/../../../../arm-atollic-eabi/lib/armv7e-m/fpu\libc_nano.a(lib_a-strcmp.o)
[...]
Memory Configuration

Name             Origin             Length             Attributes
RAM              0x20000000         0x00018000         xrw
RAM2             0x10000000         0x00008000         xrw
FLASH            0x08000000         0x00100000         xr
*default*        0x00000000         0xffffffff

Linker script and memory map

LOAD c:/program files (x86)/atollic/truestudio for stm32 9.0.1/armtools/bin/../lib/gcc/arm-atollic-eabi/6.3.1/armv7e-m/fpu/crti.o
LOAD c:/program files (x86)/atollic/truestudio for stm32 9.0.1/armtools/bin/../lib/gcc/arm-atollic-eabi/6.3.1/armv7e-m/fpu/crtbegin.o
LOAD Drivers\STM32L4xx_HAL_Driver\Src\stm32l4xx_hal.o
LOAD Drivers\STM32L4xx_HAL_Driver\Src\stm32l4xx_hal_adc.o
LOAD Drivers\STM32L4xx_HAL_Driver\Src\stm32l4xx_hal_adc_ex.o
LOAD Drivers\STM32L4xx_HAL_Driver\Src\stm32l4xx_hal_cortex.o
LOAD Drivers\STM32L4xx_HAL_Driver\Src\stm32l4xx_hal_dma.o
LOAD Drivers\STM32L4xx_HAL_Driver\Src\stm32l4xx_hal_dma_ex.o
LOAD Drivers\STM32L4xx_HAL_Driver\Src\stm32l4xx_hal_flash.o
LOAD Drivers\STM32L4xx_HAL_Driver\Src\stm32l4xx_hal_flash_ex.o
LOAD Drivers\STM32L4xx_HAL_Driver\Src\stm32l4xx_hal_flash_ramfunc.o
LOAD Drivers\STM32L4xx_HAL_Driver\Src\stm32l4xx_hal_gpio.o
LOAD Drivers\STM32L4xx_HAL_Driver\Src\stm32l4xx_hal_i2c.o
LOAD Drivers\STM32L4xx_HAL_Driver\Src\stm32l4xx_hal_i2c_ex.o
LOAD Drivers\STM32L4xx_HAL_Driver\Src\stm32l4xx_hal_pwr.o
LOAD Drivers\STM32L4xx_HAL_Driver\Src\stm32l4xx_hal_pwr_ex.o
LOAD Drivers\STM32L4xx_HAL_Driver\Src\stm32l4xx_hal_rcc.o
LOAD Drivers\STM32L4xx_HAL_Driver\Src\stm32l4xx_hal_rcc_ex.o
LOAD Drivers\STM32L4xx_HAL_Driver\Src\stm32l4xx_hal_sd.o
LOAD Drivers\STM32L4xx_HAL_Driver\Src\stm32l4xx_hal_sd_ex.o
LOAD Drivers\STM32L4xx_HAL_Driver\Src\stm32l4xx_hal_tim.o
LOAD Drivers\STM32L4xx_HAL_Driver\Src\stm32l4xx_hal_tim_ex.o
LOAD Drivers\STM32L4xx_HAL_Driver\Src\stm32l4xx_hal_uart.o
LOAD Drivers\STM32L4xx_HAL_Driver\Src\stm32l4xx_hal_uart_ex.o
LOAD Drivers\STM32L4xx_HAL_Driver\Src\stm32l4xx_ll_sdmmc.o
LOAD Middlewares\Third_Party\FatFs\src\diskio.o
LOAD Middlewares\Third_Party\FatFs\src\ff.o
LOAD Middlewares\Third_Party\FatFs\src\ff_gen_drv.o
LOAD Middlewares\Third_Party\FatFs\src\option\syscall.o
LOAD Src\adc.o
LOAD Src\bsp_driver_sd.o
LOAD Src\dma.o
LOAD Src\fatfs.o
LOAD Src\gpio.o
LOAD Src\i2c.o
LOAD Src\main.o
LOAD Src\sd_diskio.o
LOAD Src\sdmmc.o
LOAD Src\stm32l4xx_hal_msp.o
LOAD Src\stm32l4xx_it.o
LOAD Src\system_stm32l4xx.o
LOAD Src\usart.o
LOAD startup\startup_stm32l476xx.o
                0x00000080                malloc_getpagesize_P = 0x80
START GROUP
LOAD c:/program files (x86)/atollic/truestudio for stm32 9.0.1/armtools/bin/../lib/gcc/arm-atollic-eabi/6.3.1/../../../../arm-atollic-eabi/lib/armv7e-m/fpu\libc_nano.a
LOAD c:/program files (x86)/atollic/truestudio for stm32 9.0.1/armtools/bin/../lib/gcc/arm-atollic-eabi/6.3.1/../../../../arm-atollic-eabi/lib/armv7e-m/fpu\libm.a
END GROUP
START GROUP
LOAD c:/program files (x86)/atollic/truestudio for stm32 9.0.1/armtools/bin/../lib/gcc/arm-atollic-eabi/6.3.1/armv7e-m/fpu\libgcc.a
LOAD c:/program files (x86)/atollic/truestudio for stm32 9.0.1/armtools/bin/../lib/gcc/arm-atollic-eabi/6.3.1/../../../../arm-atollic-eabi/lib/armv7e-m/fpu\libc_nano.a
END GROUP
START GROUP
LOAD c:/program files (x86)/atollic/truestudio for stm32 9.0.1/armtools/bin/../lib/gcc/arm-atollic-eabi/6.3.1/armv7e-m/fpu\libgcc.a
LOAD c:/program files (x86)/atollic/truestudio for stm32 9.0.1/armtools/bin/../lib/gcc/arm-atollic-eabi/6.3.1/../../../../arm-atollic-eabi/lib/armv7e-m/fpu\libc_nano.a
LOAD c:/program files (x86)/atollic/truestudio for stm32 9.0.1/armtools/bin/../lib/gcc/arm-atollic-eabi/6.3.1/../../../../arm-atollic-eabi/lib/armv7e-m/fpu\libnosys.a
END GROUP
START GROUP
LOAD c:/program files (x86)/atollic/truestudio for stm32 9.0.1/armtools/bin/../lib/gcc/arm-atollic-eabi/6.3.1/armv7e-m/fpu\libgcc.a
LOAD c:/program files (x86)/atollic/truestudio for stm32 9.0.1/armtools/bin/../lib/gcc/arm-atollic-eabi/6.3.1/../../../../arm-atollic-eabi/lib/armv7e-m/fpu\libc_nano.a
LOAD c:/program files (x86)/atollic/truestudio for stm32 9.0.1/armtools/bin/../lib/gcc/arm-atollic-eabi/6.3.1/../../../../arm-atollic-eabi/lib/armv7e-m/fpu\libnosys.a
END GROUP
LOAD c:/program files (x86)/atollic/truestudio for stm32 9.0.1/armtools/bin/../lib/gcc/arm-atollic-eabi/6.3.1/armv7e-m/fpu/crtend.o
LOAD c:/program files (x86)/atollic/truestudio for stm32 9.0.1/armtools/bin/../lib/gcc/arm-atollic-eabi/6.3.1/armv7e-m/fpu/crtn.o
                0x20018000                _estack = 0x20018000
                0x00002000                _Min_Heap_Size = 0x2000
                0x00004000                _Min_Stack_Size = 0x4000

.isr_vector     0x08000000      0x188
                0x08000000                . = ALIGN (0x4)
 *(.isr_vector)
 .isr_vector    0x08000000      0x188 startup\startup_stm32l476xx.o
                0x08000000                g_pfnVectors
                0x08000188                . = ALIGN (0x4)

.text           0x08000190     0x6d1c
                0x08000190                . = ALIGN (0x4)
 *(.text)
 .text          0x08000190       0x40 c:/program files (x86)/atollic/truestudio for stm32 9.0.1/armtools/bin/../lib/gcc/arm-atollic-eabi/6.3.1/armv7e-m/fpu/crtbegin.o
 .text          0x080001d0       0x10 c:/program files (x86)/atollic/truestudio for stm32 9.0.1/armtools/bin/../lib/gcc/arm-atollic-eabi/6.3.1/../../../../arm-atollic-eabi/lib/armv7e-m/fpu\libc_nano.a(lib_a-strlen.o)
                0x080001d0                strlen
 .text          0x080001e0       0xa0 c:/program files (x86)/atollic/truestudio for stm32 9.0.1/armtools/bin/../lib/gcc/arm-atollic-eabi/6.3.1/../../../../arm-atollic-eabi/lib/armv7e-m/fpu\libc_nano.a(lib_a-memchr.o)
                0x080001e0                memchr
 .text          0x08000280       0x30 c:/program files (x86)/atollic/truestudio for stm32 9.0.1/armtools/bin/../lib/gcc/arm-atollic-eabi/6.3.1/armv7e-m/fpu\libgcc.a(_aeabi_uldivmod.o)
                0x08000280                __aeabi_uldivmod
 .text          0x080002b0      0x2dc c:/program files (x86)/atollic/truestudio for stm32 9.0.1/armtools/bin/../lib/gcc/arm-atollic-eabi/6.3.1/armv7e-m/fpu\libgcc.a(_udivmoddi4.o)
                0x080002b0                __udivmoddi4
 .text          0x0800058c        0x4 c:/program files (x86)/atollic/truestudio for stm32 9.0.1/armtools/bin/../lib/gcc/arm-atollic-eabi/6.3.1/armv7e-m/fpu\libgcc.a(_dvmd_tls.o)
                0x0800058c                __aeabi_idiv0
                0x0800058c                __aeabi_ldiv0
 *(.text*)
 .text.HAL_InitTick
                0x08000590       0x30 Drivers\STM32L4xx_HAL_Driver\Src\stm32l4xx_hal.o
                0x08000590                HAL_InitTick
 .text.HAL_Init
                0x080005c0       0x2c Drivers\STM32L4xx_HAL_Driver\Src\stm32l4xx_hal.o
                0x080005c0                HAL_Init
 .text.HAL_IncTick
                0x080005ec       0x10 Drivers\STM32L4xx_HAL_Driver\Src\stm32l4xx_hal.o
                0x080005ec                HAL_IncTick
 .text.HAL_GetTick
                0x080005fc        0xc Drivers\STM32L4xx_HAL_Driver\Src\stm32l4xx_hal.o
                0x080005fc                HAL_GetTick
 .text.HAL_Delay
                0x08000608       0x1c Drivers\STM32L4xx_HAL_Driver\Src\stm32l4xx_hal.o
                0x08000608                HAL_Delay
 .text.LL_ADC_SetChannelSamplingTime
                0x08000624       0x24 Drivers\STM32L4xx_HAL_Driver\Src\stm32l4xx_hal_adc.o
 .text.LL_ADC_IsEnabled
                0x08000648        0x8 Drivers\STM32L4xx_HAL_Driver\Src\stm32l4xx_hal_adc.o
 .text.LL_ADC_REG_IsConversionOngoing
                0x08000650        0x8 Drivers\STM32L4xx_HAL_Driver\Src\stm32l4xx_hal_adc.o
 .text.HAL_ADC_Init
                0x08000658      0x1c0 Drivers\STM32L4xx_HAL_Driver\Src\stm32l4xx_hal_adc.o
                0x08000658                HAL_ADC_Init
 .text.HAL_ADC_ConvCpltCallback
                0x08000818        0x2 Drivers\STM32L4xx_HAL_Driver\Src\stm32l4xx_hal_adc.o
                0x08000818                HAL_ADC_ConvCpltCallback
 .text.HAL_ADC_ConvHalfCpltCallback
                0x0800081a        0x2 Drivers\STM32L4xx_HAL_Driver\Src\stm32l4xx_hal_adc.o
                0x0800081a                HAL_ADC_ConvHalfCpltCallback
 .text.ADC_DMAHalfConvCplt
                0x0800081c        0xa Drivers\STM32L4xx_HAL_Driver\Src\stm32l4xx_hal_adc.o
                0x0800081c                ADC_DMAHalfConvCplt
 .text.HAL_ADC_ErrorCallback
                0x08000826        0x2 Drivers\STM32L4xx_HAL_Driver\Src\stm32l4xx_hal_adc.o
                0x08000826                HAL_ADC_ErrorCallback
 .text.ADC_DMAConvCplt
                0x08000828       0x68 Drivers\STM32L4xx_HAL_Driver\Src\stm32l4xx_hal_adc.o
                0x08000828                ADC_DMAConvCplt
 .text.ADC_DMAError
                0x08000890       0x1a Drivers\STM32L4xx_HAL_Driver\Src\stm32l4xx_hal_adc.o
                0x08000890                ADC_DMAError
 *fill*         0x080008aa        0x2 
 .text.HAL_ADC_ConfigChannel
                0x080008ac      0x3c4 Drivers\STM32L4xx_HAL_Driver\Src\stm32l4xx_hal_adc.o
                0x080008ac                HAL_ADC_ConfigChannel
 .text.ADC_Enable
                0x08000c70       0x70 Drivers\STM32L4xx_HAL_Driver\Src\stm32l4xx_hal_adc.o
                0x08000c70                ADC_Enable
 .text.HAL_ADC_Start
                0x08000ce0       0xe4 Drivers\STM32L4xx_HAL_Driver\Src\stm32l4xx_hal_adc.o
                0x08000ce0                HAL_ADC_Start
 .text.HAL_ADC_Start_DMA
                0x08000dc4       0xfc Drivers\STM32L4xx_HAL_Driver\Src\stm32l4xx_hal_adc.o
                0x08000dc4                HAL_ADC_Start_DMA
 .text.LL_ADC_IsEnabled
                0x08000ec0        0x8 Drivers\STM32L4xx_HAL_Driver\Src\stm32l4xx_hal_adc_ex.o
 .text.LL_ADC_REG_IsConversionOngoing
                0x08000ec8        0x8 Drivers\STM32L4xx_HAL_Driver\Src\stm32l4xx_hal_adc_ex.o
 .text.HAL_ADCEx_MultiModeConfigChannel
                0x08000ed0       0xf0 Drivers\STM32L4xx_HAL_Driver\Src\stm32l4xx_hal_adc_ex.o
                0x08000ed0                HAL_ADCEx_MultiModeConfigChannel
 .text.HAL_NVIC_SetPriorityGrouping
                0x08000fc0       0x24 Drivers\STM32L4xx_HAL_Driver\Src\stm32l4xx_hal_cortex.o
                0x08000fc0                HAL_NVIC_SetPriorityGrouping
 .text.HAL_NVIC_SetPriority
                0x08000fe4       0x68 Drivers\STM32L4xx_HAL_Driver\Src\stm32l4xx_hal_cortex.o
                0x08000fe4                HAL_NVIC_SetPriority
 .text.HAL_NVIC_EnableIRQ
                0x0800104c       0x18 Drivers\STM32L4xx_HAL_Driver\Src\stm32l4xx_hal_cortex.o
                0x0800104c                HAL_NVIC_EnableIRQ
 .text.HAL_SYSTICK_Config
                0x08001064       0x2c Drivers\STM32L4xx_HAL_Driver\Src\stm32l4xx_hal_cortex.o
                0x08001064                HAL_SYSTICK_Config
 .text.HAL_DMA_Init
                0x08001090       0xc4 Drivers\STM32L4xx_HAL_Driver\Src\stm32l4xx_hal_dma.o
                0x08001090                HAL_DMA_Init
 .text.HAL_DMA_Start_IT
                0x08001154       0x80 Drivers\STM32L4xx_HAL_Driver\Src\stm32l4xx_hal_dma.o
                0x08001154                HAL_DMA_Start_IT
 .text.HAL_DMA_IRQHandler
                0x080011d4       0x94 Drivers\STM32L4xx_HAL_Driver\Src\stm32l4xx_hal_dma.o
                0x080011d4                HAL_DMA_IRQHandler
 .text.HAL_GPIO_Init
                0x08001268      0x1b8 Drivers\STM32L4xx_HAL_Driver\Src\stm32l4xx_hal_gpio.o
                0x08001268                HAL_GPIO_Init
 .text.HAL_GPIO_WritePin
                0x08001420        0xa Drivers\STM32L4xx_HAL_Driver\Src\stm32l4xx_hal_gpio.o
                0x08001420                HAL_GPIO_WritePin
 .text.HAL_GPIO_TogglePin
                0x0800142a        0x8 Drivers\STM32L4xx_HAL_Driver\Src\stm32l4xx_hal_gpio.o
                0x0800142a                HAL_GPIO_TogglePin
 .text.I2C_Flush_TXDR
                0x08001432       0x1c Drivers\STM32L4xx_HAL_Driver\Src\stm32l4xx_hal_i2c.o
 .text.I2C_TransferConfig
                0x0800144e       0x34 Drivers\STM32L4xx_HAL_Driver\Src\stm32l4xx_hal_i2c.o
 .text.I2C_WaitOnFlagUntilTimeout
                0x08001482       0x56 Drivers\STM32L4xx_HAL_Driver\Src\stm32l4xx_hal_i2c.o
 .text.I2C_IsAcknowledgeFailed
                0x080014d8       0x7a Drivers\STM32L4xx_HAL_Driver\Src\stm32l4xx_hal_i2c.o
 .text.I2C_WaitOnTXISFlagUntilTimeout
                0x08001552       0x4e Drivers\STM32L4xx_HAL_Driver\Src\stm32l4xx_hal_i2c.o
 .text.I2C_RequestMemoryWrite
                0x080015a0       0x64 Drivers\STM32L4xx_HAL_Driver\Src\stm32l4xx_hal_i2c.o
 .text.I2C_RequestMemoryRead
                0x08001604       0x64 Drivers\STM32L4xx_HAL_Driver\Src\stm32l4xx_hal_i2c.o
 .text.I2C_WaitOnSTOPFlagUntilTimeout
                0x08001668       0x4a Drivers\STM32L4xx_HAL_Driver\Src\stm32l4xx_hal_i2c.o
 .text.HAL_I2C_Init
                0x080016b2       0xa2 Drivers\STM32L4xx_HAL_Driver\Src\stm32l4xx_hal_i2c.o
                0x080016b2                HAL_I2C_Init
 .text.HAL_I2C_Mem_Write
                0x08001754      0x16e Drivers\STM32L4xx_HAL_Driver\Src\stm32l4xx_hal_i2c.o
                0x08001754                HAL_I2C_Mem_Write
 *fill*         0x080018c2        0x2 
 .text.HAL_I2C_Mem_Read
                0x080018c4      0x17c Drivers\STM32L4xx_HAL_Driver\Src\stm32l4xx_hal_i2c.o
                0x080018c4                HAL_I2C_Mem_Read
 .text.HAL_I2CEx_ConfigAnalogFilter
                0x08001a40       0x4c Drivers\STM32L4xx_HAL_Driver\Src\stm32l4xx_hal_i2c_ex.o
                0x08001a40                HAL_I2CEx_ConfigAnalogFilter
 .text.HAL_I2CEx_ConfigDigitalFilter
                0x08001a8c       0x4a Drivers\STM32L4xx_HAL_Driver\Src\stm32l4xx_hal_i2c_ex.o
                0x08001a8c                HAL_I2CEx_ConfigDigitalFilter
 *fill*         0x08001ad6        0x2 
 .text.HAL_PWREx_GetVoltageRange
                0x08001ad8       0x10 Drivers\STM32L4xx_HAL_Driver\Src\stm32l4xx_hal_pwr_ex.o
                0x08001ad8                HAL_PWREx_GetVoltageRange
 .text.HAL_PWREx_ControlVoltageScaling
                0x08001ae8       0x6c Drivers\STM32L4xx_HAL_Driver\Src\stm32l4xx_hal_pwr_ex.o
                0x08001ae8                HAL_PWREx_ControlVoltageScaling
 .text.RCC_SetFlashLatencyFromMSIRange
                0x08001b54       0x84 Drivers\STM32L4xx_HAL_Driver\Src\stm32l4xx_hal_rcc.o
 .text.HAL_RCC_GetSysClockFreq
                0x08001bd8       0xa8 Drivers\STM32L4xx_HAL_Driver\Src\stm32l4xx_hal_rcc.o
                0x08001bd8                HAL_RCC_GetSysClockFreq
 .text.HAL_RCC_OscConfig
                0x08001c80      0x44c Drivers\STM32L4xx_HAL_Driver\Src\stm32l4xx_hal_rcc.o
                0x08001c80                HAL_RCC_OscConfig
 .text.HAL_RCC_ClockConfig
                0x080020cc      0x124 Drivers\STM32L4xx_HAL_Driver\Src\stm32l4xx_hal_rcc.o
                0x080020cc                HAL_RCC_ClockConfig
 .text.HAL_RCC_GetPCLK1Freq
                0x080021f0       0x24 Drivers\STM32L4xx_HAL_Driver\Src\stm32l4xx_hal_rcc.o
                0x080021f0                HAL_RCC_GetPCLK1Freq
 .text.HAL_RCC_GetPCLK2Freq
                0x08002214       0x24 Drivers\STM32L4xx_HAL_Driver\Src\stm32l4xx_hal_rcc.o
                0x08002214                HAL_RCC_GetPCLK2Freq
 .text.RCCEx_PLLSAI1_Config
                0x08002238      0x11c Drivers\STM32L4xx_HAL_Driver\Src\stm32l4xx_hal_rcc_ex.o
 .text.RCCEx_PLLSAI2_Config
                0x08002354       0xfc Drivers\STM32L4xx_HAL_Driver\Src\stm32l4xx_hal_rcc_ex.o
 .text.HAL_RCCEx_PeriphCLKConfig
                0x08002450      0x3d0 Drivers\STM32L4xx_HAL_Driver\Src\stm32l4xx_hal_rcc_ex.o
                0x08002450                HAL_RCCEx_PeriphCLKConfig
 .text.HAL_SD_ReadBlocks
                0x08002820      0x210 Drivers\STM32L4xx_HAL_Driver\Src\stm32l4xx_hal_sd.o
                0x08002820                HAL_SD_ReadBlocks
 .text.HAL_SD_WriteBlocks
                0x08002a30      0x1a4 Drivers\STM32L4xx_HAL_Driver\Src\stm32l4xx_hal_sd.o
                0x08002a30                HAL_SD_WriteBlocks
 .text.HAL_SD_GetCardCSD
                0x08002bd4      0x16c Drivers\STM32L4xx_HAL_Driver\Src\stm32l4xx_hal_sd.o
                0x08002bd4                HAL_SD_GetCardCSD
 .text.HAL_SD_InitCard
                0x08002d40      0x1fe Drivers\STM32L4xx_HAL_Driver\Src\stm32l4xx_hal_sd.o
                0x08002d40                HAL_SD_InitCard
 .text.HAL_SD_Init
                0x08002f3e       0x36 Drivers\STM32L4xx_HAL_Driver\Src\stm32l4xx_hal_sd.o
                0x08002f3e                HAL_SD_Init
 .text.HAL_SD_GetCardInfo
                0x08002f74       0x24 Drivers\STM32L4xx_HAL_Driver\Src\stm32l4xx_hal_sd.o
                0x08002f74                HAL_SD_GetCardInfo
 .text.HAL_SD_GetCardState
                0x08002f98       0x28 Drivers\STM32L4xx_HAL_Driver\Src\stm32l4xx_hal_sd.o
                0x08002f98                HAL_SD_GetCardState
 .text.UART_SetConfig
                0x08002fc0      0x330 Drivers\STM32L4xx_HAL_Driver\Src\stm32l4xx_hal_uart.o
                0x08002fc0                UART_SetConfig
 .text.UART_AdvFeatureConfig
                0x080032f0       0xa8 Drivers\STM32L4xx_HAL_Driver\Src\stm32l4xx_hal_uart.o
                0x080032f0                UART_AdvFeatureConfig
 .text.UART_WaitOnFlagUntilTimeout
                0x08003398       0x62 Drivers\STM32L4xx_HAL_Driver\Src\stm32l4xx_hal_uart.o
                0x08003398                UART_WaitOnFlagUntilTimeout
 .text.HAL_UART_Receive
                0x080033fa       0xde Drivers\STM32L4xx_HAL_Driver\Src\stm32l4xx_hal_uart.o
                0x080033fa                HAL_UART_Receive
 .text.UART_CheckIdleState
                0x080034d8       0x64 Drivers\STM32L4xx_HAL_Driver\Src\stm32l4xx_hal_uart.o
                0x080034d8                UART_CheckIdleState
 .text.HAL_UART_Init
                0x0800353c       0x64 Drivers\STM32L4xx_HAL_Driver\Src\stm32l4xx_hal_uart.o
                0x0800353c                HAL_UART_Init
 .text.SDMMC_GetCmdResp2
                0x080035a0       0x4c Drivers\STM32L4xx_HAL_Driver\Src\stm32l4xx_ll_sdmmc.o
 .text.SDMMC_GetCmdResp3
                0x080035ec       0x40 Drivers\STM32L4xx_HAL_Driver\Src\stm32l4xx_ll_sdmmc.o
 .text.SDMMC_GetCmdResp1
                0x0800362c      0x118 Drivers\STM32L4xx_HAL_Driver\Src\stm32l4xx_ll_sdmmc.o
 .text.SDMMC_Init
                0x08003744       0x38 Drivers\STM32L4xx_HAL_Driver\Src\stm32l4xx_ll_sdmmc.o
                0x08003744                SDMMC_Init
 .text.SDMMC_ReadFIFO
                0x0800377c        0x6 Drivers\STM32L4xx_HAL_Driver\Src\stm32l4xx_ll_sdmmc.o
                0x0800377c                SDMMC_ReadFIFO
 .text.SDMMC_WriteFIFO
                0x08003782        0xa Drivers\STM32L4xx_HAL_Driver\Src\stm32l4xx_ll_sdmmc.o
                0x08003782                SDMMC_WriteFIFO
 .text.SDMMC_PowerState_ON
                0x0800378c        0x8 Drivers\STM32L4xx_HAL_Driver\Src\stm32l4xx_ll_sdmmc.o
                0x0800378c                SDMMC_PowerState_ON
 .text.SDMMC_GetPowerState
                0x08003794        0x8 Drivers\STM32L4xx_HAL_Driver\Src\stm32l4xx_ll_sdmmc.o
                0x08003794                SDMMC_GetPowerState
 .text.SDMMC_SendCommand
                0x0800379c       0x24 Drivers\STM32L4xx_HAL_Driver\Src\stm32l4xx_ll_sdmmc.o
                0x0800379c                SDMMC_SendCommand
 .text.SDMMC_GetResponse
                0x080037c0        0x6 Drivers\STM32L4xx_HAL_Driver\Src\stm32l4xx_ll_sdmmc.o
                0x080037c0                SDMMC_GetResponse
 .text.SDMMC_ConfigData
                0x080037c6       0x24 Drivers\STM32L4xx_HAL_Driver\Src\stm32l4xx_ll_sdmmc.o
                0x080037c6                SDMMC_ConfigData
 .text.SDMMC_CmdBlockLength
                0x080037ea       0x30 Drivers\STM32L4xx_HAL_Driver\Src\stm32l4xx_ll_sdmmc.o
                0x080037ea                SDMMC_CmdBlockLength
 .text.SDMMC_CmdReadSingleBlock
                0x0800381a       0x30 Drivers\STM32L4xx_HAL_Driver\Src\stm32l4xx_ll_sdmmc.o
                0x0800381a                SDMMC_CmdReadSingleBlock
 .text.SDMMC_CmdReadMultiBlock
                0x0800384a       0x30 Drivers\STM32L4xx_HAL_Driver\Src\stm32l4xx_ll_sdmmc.o
                0x0800384a                SDMMC_CmdReadMultiBlock
 .text.SDMMC_CmdWriteSingleBlock
                0x0800387a       0x30 Drivers\STM32L4xx_HAL_Driver\Src\stm32l4xx_ll_sdmmc.o
                0x0800387a                SDMMC_CmdWriteSingleBlock
 .text.SDMMC_CmdWriteMultiBlock
                0x080038aa       0x30 Drivers\STM32L4xx_HAL_Driver\Src\stm32l4xx_ll_sdmmc.o
                0x080038aa                SDMMC_CmdWriteMultiBlock
 *fill*         0x080038da        0x2 
 .text.SDMMC_CmdStopTransfer
                0x080038dc       0x34 Drivers\STM32L4xx_HAL_Driver\Src\stm32l4xx_ll_sdmmc.o
                0x080038dc                SDMMC_CmdStopTransfer
 .text.SDMMC_CmdSelDesel
                0x08003910       0x30 Drivers\STM32L4xx_HAL_Driver\Src\stm32l4xx_ll_sdmmc.o
                0x08003910                SDMMC_CmdSelDesel
 .text.SDMMC_CmdGoIdleState
                0x08003940       0x50 Drivers\STM32L4xx_HAL_Driver\Src\stm32l4xx_ll_sdmmc.o
                0x08003940                SDMMC_CmdGoIdleState
 .text.SDMMC_CmdOperCond
                0x08003990       0x78 Drivers\STM32L4xx_HAL_Driver\Src\stm32l4xx_ll_sdmmc.o
                0x08003990                SDMMC_CmdOperCond
 .text.SDMMC_CmdAppCommand
                0x08003a08       0x30 Drivers\STM32L4xx_HAL_Driver\Src\stm32l4xx_ll_sdmmc.o
                0x08003a08                SDMMC_CmdAppCommand
 .text.SDMMC_CmdAppOperCommand
                0x08003a38       0x32 Drivers\STM32L4xx_HAL_Driver\Src\stm32l4xx_ll_sdmmc.o
                0x08003a38                SDMMC_CmdAppOperCommand
 .text.SDMMC_CmdSendCID
                0x08003a6a       0x2a Drivers\STM32L4xx_HAL_Driver\Src\stm32l4xx_ll_sdmmc.o
                0x08003a6a                SDMMC_CmdSendCID
 .text.SDMMC_CmdSendCSD
                0x08003a94       0x2a Drivers\STM32L4xx_HAL_Driver\Src\stm32l4xx_ll_sdmmc.o
                0x08003a94                SDMMC_CmdSendCSD
 *fill*         0x08003abe        0x2 
 .text.SDMMC_CmdSetRelAdd
                0x08003ac0       0x9c Drivers\STM32L4xx_HAL_Driver\Src\stm32l4xx_ll_sdmmc.o
                0x08003ac0                SDMMC_CmdSetRelAdd
 .text.SDMMC_CmdSendStatus
                0x08003b5c       0x30 Drivers\STM32L4xx_HAL_Driver\Src\stm32l4xx_ll_sdmmc.o
                0x08003b5c                SDMMC_CmdSendStatus
 .text.disk_status
                0x08003b8c       0x14 Middlewares\Third_Party\FatFs\src\diskio.o
                0x08003b8c                disk_status
 .text.disk_initialize
                0x08003ba0       0x20 Middlewares\Third_Party\FatFs\src\diskio.o
                0x08003ba0                disk_initialize
 .text.disk_read
                0x08003bc0       0x1c Middlewares\Third_Party\FatFs\src\diskio.o
                0x08003bc0                disk_read
 .text.disk_write
                0x08003bdc       0x1c Middlewares\Third_Party\FatFs\src\diskio.o
                0x08003bdc                disk_write
 .text.disk_ioctl
                0x08003bf8       0x1c Middlewares\Third_Party\FatFs\src\diskio.o
                0x08003bf8                disk_ioctl
 .text.ld_dword
                0x08003c14       0x10 Middlewares\Third_Party\FatFs\src\ff.o
 .text.st_dword
                0x08003c24       0x10 Middlewares\Third_Party\FatFs\src\ff.o
 .text.mem_set  0x08003c34        0xc Middlewares\Third_Party\FatFs\src\ff.o
 .text.chk_lock
                0x08003c40       0x5c Middlewares\Third_Party\FatFs\src\ff.o
 .text.inc_lock
                0x08003c9c       0x78 Middlewares\Third_Party\FatFs\src\ff.o
 .text.dec_lock
                0x08003d14       0x30 Middlewares\Third_Party\FatFs\src\ff.o
 .text.clust2sect
                0x08003d44       0x16 Middlewares\Third_Party\FatFs\src\ff.o
 .text.clmt_clust
                0x08003d5a       0x28 Middlewares\Third_Party\FatFs\src\ff.o
 .text.get_ldnumber
                0x08003d82       0x30 Middlewares\Third_Party\FatFs\src\ff.o
 .text.validate
                0x08003db2       0x36 Middlewares\Third_Party\FatFs\src\ff.o
 .text.mem_cpy.part.0
                0x08003de8       0x12 Middlewares\Third_Party\FatFs\src\ff.o
 .text.ld_clust.isra.1
                0x08003dfa       0x1c Middlewares\Third_Party\FatFs\src\ff.o
 .text.st_clust.isra.2
                0x08003e16       0x18 Middlewares\Third_Party\FatFs\src\ff.o
 .text.sync_window.part.4
                0x08003e2e       0x46 Middlewares\Third_Party\FatFs\src\ff.o
 .text.sync_window
                0x08003e74        0xc Middlewares\Third_Party\FatFs\src\ff.o
 .text.sync_fs  0x08003e80       0x94 Middlewares\Third_Party\FatFs\src\ff.o
 .text.move_window
                0x08003f14       0x36 Middlewares\Third_Party\FatFs\src\ff.o
 *fill*         0x08003f4a        0x2 
 .text.check_fs
                0x08003f4c       0x80 Middlewares\Third_Party\FatFs\src\ff.o
 .text.find_volume
                0x08003fcc      0x2f8 Middlewares\Third_Party\FatFs\src\ff.o
 .text.put_fat  0x080042c4      0x128 Middlewares\Third_Party\FatFs\src\ff.o
 .text.get_fat.isra.8
                0x080043ec       0xe0 Middlewares\Third_Party\FatFs\src\ff.o
 .text.create_chain
                0x080044cc       0xb0 Middlewares\Third_Party\FatFs\src\ff.o
 .text.remove_chain
                0x0800457c       0x6c Middlewares\Third_Party\FatFs\src\ff.o
 .text.dir_sdi.constprop.11
                0x080045e8       0x6a Middlewares\Third_Party\FatFs\src\ff.o
 .text.dir_next
                0x08004652      0x100 Middlewares\Third_Party\FatFs\src\ff.o
 *fill*         0x08004752        0x2 
 .text.follow_path
                0x08004754      0x18c Middlewares\Third_Party\FatFs\src\ff.o
 .text.dir_register
                0x080048e0       0x62 Middlewares\Third_Party\FatFs\src\ff.o
 *fill*         0x08004942        0x2 
 .text.f_mount  0x08004944       0x68 Middlewares\Third_Party\FatFs\src\ff.o
                0x08004944                f_mount
 .text.f_open   0x080049ac      0x22c Middlewares\Third_Party\FatFs\src\ff.o
                0x080049ac                f_open
 .text.f_write  0x08004bd8      0x1ac Middlewares\Third_Party\FatFs\src\ff.o
                0x08004bd8                f_write
 .text.f_sync   0x08004d84       0x90 Middlewares\Third_Party\FatFs\src\ff.o
                0x08004d84                f_sync
 .text.f_close  0x08004e14       0x22 Middlewares\Third_Party\FatFs\src\ff.o
                0x08004e14                f_close
 *fill*         0x08004e36        0x2 
 .text.FATFS_LinkDriverEx
                0x08004e38       0x44 Middlewares\Third_Party\FatFs\src\ff_gen_drv.o
                0x08004e38                FATFS_LinkDriverEx
 .text.FATFS_LinkDriver
                0x08004e7c        0x6 Middlewares\Third_Party\FatFs\src\ff_gen_drv.o
                0x08004e7c                FATFS_LinkDriver
 *fill*         0x08004e82        0x2 
 .text.MX_ADC1_Init
                0x08004e84       0xb8 Src\adc.o
                0x08004e84                MX_ADC1_Init
 .text.HAL_ADC_MspInit
                0x08004f3c       0x9c Src\adc.o
                0x08004f3c                HAL_ADC_MspInit
 .text.BSP_SD_Init
                0x08004fd8       0x24 Src\bsp_driver_sd.o
                0x08004fd8                BSP_SD_Init
 .text.BSP_SD_ReadBlocks
                0x08004ffc       0x20 Src\bsp_driver_sd.o
                0x08004ffc                BSP_SD_ReadBlocks
 .text.BSP_SD_WriteBlocks
                0x0800501c       0x20 Src\bsp_driver_sd.o
                0x0800501c                BSP_SD_WriteBlocks
 .text.BSP_SD_GetCardState
                0x0800503c       0x14 Src\bsp_driver_sd.o
                0x0800503c                BSP_SD_GetCardState
 .text.BSP_SD_GetCardInfo
                0x08005050        0xc Src\bsp_driver_sd.o
                0x08005050                BSP_SD_GetCardInfo
 .text.MX_DMA_Init
                0x0800505c       0x30 Src\dma.o
                0x0800505c                MX_DMA_Init
 .text.MX_FATFS_Init
                0x0800508c       0x1c Src\fatfs.o
                0x0800508c                MX_FATFS_Init
 .text.get_fattime
                0x080050a8        0x4 Src\fatfs.o
                0x080050a8                get_fattime
 .text.MX_GPIO_Init
                0x080050ac       0xb4 Src\gpio.o
                0x080050ac                MX_GPIO_Init
 .text.MX_I2C1_Init
                0x08005160       0x58 Src\i2c.o
                0x08005160                MX_I2C1_Init
 .text.HAL_I2C_MspInit
                0x080051b8       0x6c Src\i2c.o
                0x080051b8                HAL_I2C_MspInit
 .text.TEMP_HUM_init
                0x08005224       0x30 Src\main.o
                0x08005224                TEMP_HUM_init
 .text.PRES_init
                0x08005254       0x74 Src\main.o
                0x08005254                PRES_init
 .text.MAGN_init
                0x080052c8       0x30 Src\main.o
                0x080052c8                MAGN_init
 .text.DMA_init
                0x080052f8       0x14 Src\main.o
                0x080052f8                DMA_init
 .text.get_TEMP
                0x0800530c      0x254 Src\main.o
                0x0800530c                get_TEMP
 .text.get_HUM  0x08005560      0x18c Src\main.o
                0x08005560                get_HUM
 .text.get_PRES
                0x080056ec      0x124 Src\main.o
                0x080056ec                get_PRES
 .text.get_MAGN
                0x08005810      0x148 Src\main.o
                0x08005810                get_MAGN
 .text.get_ADC  0x08005958       0x30 Src\main.o
                0x08005958                get_ADC
 .text.SD_SENSORS
                0x08005988      0x31c Src\main.o
                0x08005988                SD_SENSORS
 .text.CONV_CHAR32
                0x08005ca4        0xe Src\main.o
                0x08005ca4                CONV_CHAR32
 *fill*         0x08005cb2        0x2 
 .text.lora_test
                0x08005cb4       0x4c Src\main.o
                0x08005cb4                lora_test
 .text.GPS_GETPOS
                0x08005d00      0x1dc Src\main.o
                0x08005d00                GPS_GETPOS
 .text.SystemClock_Config
                0x08005edc       0xa4 Src\main.o
                0x08005edc                SystemClock_Config
 .text.startup.main
                0x08005f80       0x5e Src\main.o
                0x08005f80                main
 .text.Error_Handler
                0x08005fde        0x2 Src\main.o
                0x08005fde                Error_Handler
 .text.SD_CheckStatus.isra.0
                0x08005fe0       0x20 Src\sd_diskio.o
 .text.SD_initialize
                0x08006000       0x1c Src\sd_diskio.o
                0x08006000                SD_initialize
 .text.SD_status
                0x0800601c        0x4 Src\sd_diskio.o
                0x0800601c                SD_status
 .text.SD_read  0x08006020       0x20 Src\sd_diskio.o
                0x08006020                SD_read
 .text.SD_ioctl
                0x08006040       0x50 Src\sd_diskio.o
                0x08006040                SD_ioctl
 .text.SD_write
                0x08006090       0x20 Src\sd_diskio.o
                0x08006090                SD_write
 .text.MX_SDMMC1_SD_Init
                0x080060b0       0x20 Src\sdmmc.o
                0x080060b0                MX_SDMMC1_SD_Init
 .text.HAL_SD_MspInit
                0x080060d0       0x98 Src\sdmmc.o
                0x080060d0                HAL_SD_MspInit
 .text.HAL_MspInit
                0x08006168       0x30 Src\stm32l4xx_hal_msp.o
                0x08006168                HAL_MspInit
 .text.NMI_Handler
                0x08006198        0x2 Src\stm32l4xx_it.o
                0x08006198                NMI_Handler
 .text.HardFault_Handler
                0x0800619a        0x2 Src\stm32l4xx_it.o
                0x0800619a                HardFault_Handler
 .text.MemManage_Handler
                0x0800619c        0x2 Src\stm32l4xx_it.o
                0x0800619c                MemManage_Handler
 .text.BusFault_Handler
                0x0800619e        0x2 Src\stm32l4xx_it.o
                0x0800619e                BusFault_Handler
 .text.UsageFault_Handler
                0x080061a0        0x2 Src\stm32l4xx_it.o
                0x080061a0                UsageFault_Handler
 .text.SVC_Handler
                0x080061a2        0x2 Src\stm32l4xx_it.o
                0x080061a2                SVC_Handler
 .text.DebugMon_Handler
                0x080061a4        0x2 Src\stm32l4xx_it.o
                0x080061a4                DebugMon_Handler
 .text.PendSV_Handler
                0x080061a6        0x2 Src\stm32l4xx_it.o
                0x080061a6                PendSV_Handler
 .text.SysTick_Handler
                0x080061a8        0x4 Src\stm32l4xx_it.o
                0x080061a8                SysTick_Handler
 .text.DMA1_Channel1_IRQHandler
                0x080061ac        0xc Src\stm32l4xx_it.o
                0x080061ac                DMA1_Channel1_IRQHandler
 .text.SystemInit
                0x080061b8       0x48 Src\system_stm32l4xx.o
                0x080061b8                SystemInit
 .text.MX_USART1_UART_Init
                0x08006200       0x3c Src\usart.o
                0x08006200                MX_USART1_UART_Init
 .text.MX_USART2_UART_Init
                0x0800623c       0x3c Src\usart.o
                0x0800623c                MX_USART2_UART_Init
 .text.HAL_UART_MspInit
                0x08006278       0x9c Src\usart.o
                0x08006278                HAL_UART_MspInit
 .text.Reset_Handler
                0x08006314       0x50 startup\startup_stm32l476xx.o
                0x08006314                Reset_Handler
 .text.Default_Handler
                0x08006364        0x2 startup\startup_stm32l476xx.o
                0x08006364                RTC_Alarm_IRQHandler
                0x08006364                EXTI2_IRQHandler
                0x08006364                TIM8_TRG_COM_IRQHandler
                0x08006364                TIM8_CC_IRQHandler
                0x08006364                TIM1_CC_IRQHandler
                0x08006364                TSC_IRQHandler
                0x08006364                TAMP_STAMP_IRQHandler
                0x08006364                EXTI3_IRQHandler
                0x08006364                LPTIM2_IRQHandler
                0x08006364                DFSDM1_FLT1_IRQHandler
                0x08006364                I2C3_ER_IRQHandler
                0x08006364                DFSDM1_FLT2_IRQHandler
                0x08006364                EXTI0_IRQHandler
                0x08006364                I2C2_EV_IRQHandler
                0x08006364                CAN1_RX0_IRQHandler
                0x08006364                FPU_IRQHandler
                0x08006364                TIM1_UP_TIM16_IRQHandler
                0x08006364                ADC1_2_IRQHandler
                0x08006364                SPI1_IRQHandler
                0x08006364                TIM6_DAC_IRQHandler
                0x08006364                TIM8_UP_IRQHandler
                0x08006364                DMA2_Channel2_IRQHandler
                0x08006364                DMA1_Channel4_IRQHandler
                0x08006364                SAI2_IRQHandler
                0x08006364                DFSDM1_FLT3_IRQHandler
                0x08006364                USART3_IRQHandler
                0x08006364                DMA1_Channel7_IRQHandler
                0x08006364                CAN1_RX1_IRQHandler
                0x08006364                LCD_IRQHandler
                0x08006364                UART5_IRQHandler
                0x08006364                ADC3_IRQHandler
                0x08006364                TIM4_IRQHandler
                0x08006364                DMA2_Channel1_IRQHandler
                0x08006364                QUADSPI_IRQHandler
                0x08006364                I2C1_EV_IRQHandler
                0x08006364                DMA1_Channel6_IRQHandler
                0x08006364                UART4_IRQHandler
                0x08006364                DMA2_Channel4_IRQHandler
                0x08006364                TIM3_IRQHandler
                0x08006364                RCC_IRQHandler
                0x08006364                Default_Handler
                0x08006364                DMA2_Channel7_IRQHandler
                0x08006364                EXTI15_10_IRQHandler
                0x08006364                TIM7_IRQHandler
                0x08006364                SDMMC1_IRQHandler
                0x08006364                TIM5_IRQHandler
                0x08006364                I2C3_EV_IRQHandler
                0x08006364                EXTI9_5_IRQHandler
                0x08006364                RTC_WKUP_IRQHandler
                0x08006364                PVD_PVM_IRQHandler
                0x08006364                SPI2_IRQHandler
                0x08006364                CAN1_TX_IRQHandler
                0x08006364                DMA2_Channel5_IRQHandler
                0x08006364                DMA1_Channel5_IRQHandler
                0x08006364                EXTI4_IRQHandler
                0x08006364                RNG_IRQHandler
                0x08006364                TIM1_TRG_COM_TIM17_IRQHandler
                0x08006364                DMA1_Channel3_IRQHandler
                0x08006364                COMP_IRQHandler
                0x08006364                WWDG_IRQHandler
                0x08006364                LPUART1_IRQHandler
                0x08006364                DMA2_Channel6_IRQHandler
                0x08006364                TIM2_IRQHandler
                0x08006364                EXTI1_IRQHandler
                0x08006364                USART2_IRQHandler
                0x08006364                DFSDM1_FLT0_IRQHandler
                0x08006364                I2C2_ER_IRQHandler
                0x08006364                DMA1_Channel2_IRQHandler
                0x08006364                TIM8_BRK_IRQHandler
                0x08006364                CAN1_SCE_IRQHandler
                0x08006364                FLASH_IRQHandler
                0x08006364                USART1_IRQHandler
                0x08006364                OTG_FS_IRQHandler
                0x08006364                SPI3_IRQHandler
                0x08006364                I2C1_ER_IRQHandler
                0x08006364                FMC_IRQHandler
                0x08006364                SWPMI1_IRQHandler
                0x08006364                LPTIM1_IRQHandler
                0x08006364                SAI1_IRQHandler
                0x08006364                DMA2_Channel3_IRQHandler
                0x08006364                TIM1_BRK_TIM15_IRQHandler
 .text.atoi     0x08006366        0x8 c:/program files (x86)/atollic/truestudio for stm32 9.0.1/armtools/bin/../lib/gcc/arm-atollic-eabi/6.3.1/../../../../arm-atollic-eabi/lib/armv7e-m/fpu\libc_nano.a(lib_a-atoi.o)
                0x08006366                atoi
 *fill*         0x0800636e        0x2 
 .text.__libc_init_array
                0x08006370       0x48 c:/program files (x86)/atollic/truestudio for stm32 9.0.1/armtools/bin/../lib/gcc/arm-atollic-eabi/6.3.1/../../../../arm-atollic-eabi/lib/armv7e-m/fpu\libc_nano.a(lib_a-init.o)
                0x08006370                __libc_init_array
 .text.__itoa   0x080063b8       0x30 c:/program files (x86)/atollic/truestudio for stm32 9.0.1/armtools/bin/../lib/gcc/arm-atollic-eabi/6.3.1/../../../../arm-atollic-eabi/lib/armv7e-m/fpu\libc_nano.a(lib_a-itoa.o)
                0x080063b8                __itoa
 .text.itoa     0x080063e8        0x4 c:/program files (x86)/atollic/truestudio for stm32 9.0.1/armtools/bin/../lib/gcc/arm-atollic-eabi/6.3.1/../../../../arm-atollic-eabi/lib/armv7e-m/fpu\libc_nano.a(lib_a-itoa.o)
                0x080063e8                itoa
 .text.memset   0x080063ec       0x10 c:/program files (x86)/atollic/truestudio for stm32 9.0.1/armtools/bin/../lib/gcc/arm-atollic-eabi/6.3.1/../../../../arm-atollic-eabi/lib/armv7e-m/fpu\libc_nano.a(lib_a-memset.o)
                0x080063ec                memset
 .text.sprintf  0x080063fc       0x48 c:/program files (x86)/atollic/truestudio for stm32 9.0.1/armtools/bin/../lib/gcc/arm-atollic-eabi/6.3.1/../../../../arm-atollic-eabi/lib/armv7e-m/fpu\libc_nano.a(lib_a-sprintf.o)
                0x080063fc                siprintf
                0x080063fc                sprintf
 .text.strcat   0x08006444       0x1e c:/program files (x86)/atollic/truestudio for stm32 9.0.1/armtools/bin/../lib/gcc/arm-atollic-eabi/6.3.1/../../../../arm-atollic-eabi/lib/armv7e-m/fpu\libc_nano.a(lib_a-strcat.o)
                0x08006444                strcat
 .text.strstr   0x08006462       0x36 c:/program files (x86)/atollic/truestudio for stm32 9.0.1/armtools/bin/../lib/gcc/arm-atollic-eabi/6.3.1/../../../../arm-atollic-eabi/lib/armv7e-m/fpu\libc_nano.a(lib_a-strstr.o)
                0x08006462                strstr
 .text._strtol_l.isra.0
                0x08006498      0x100 c:/program files (x86)/atollic/truestudio for stm32 9.0.1/armtools/bin/../lib/gcc/arm-atollic-eabi/6.3.1/../../../../arm-atollic-eabi/lib/armv7e-m/fpu\libc_nano.a(lib_a-strtol.o)
 .text.strtol   0x08006598       0x2c c:/program files (x86)/atollic/truestudio for stm32 9.0.1/armtools/bin/../lib/gcc/arm-atollic-eabi/6.3.1/../../../../arm-atollic-eabi/lib/armv7e-m/fpu\libc_nano.a(lib_a-strtol.o)
                0x08006598                strtol
 .text.__utoa   0x080065c4       0x80 c:/program files (x86)/atollic/truestudio for stm32 9.0.1/armtools/bin/../lib/gcc/arm-atollic-eabi/6.3.1/../../../../arm-atollic-eabi/lib/armv7e-m/fpu\libc_nano.a(lib_a-utoa.o)
                0x080065c4                __utoa
 .text.__locale_ctype_ptr_l
                0x08006644        0x6 c:/program files (x86)/atollic/truestudio for stm32 9.0.1/armtools/bin/../lib/gcc/arm-atollic-eabi/6.3.1/../../../../arm-atollic-eabi/lib/armv7e-m/fpu\libc_nano.a(lib_a-locale.o)
                0x08006644                __locale_ctype_ptr_l
 .text.__ascii_mbtowc
                0x0800664a       0x24 c:/program files (x86)/atollic/truestudio for stm32 9.0.1/armtools/bin/../lib/gcc/arm-atollic-eabi/6.3.1/../../../../arm-atollic-eabi/lib/armv7e-m/fpu\libc_nano.a(lib_a-mbtowc_r.o)
                0x0800664a                __ascii_mbtowc
 .text.__ssputs_r
                0x0800666e       0xb6 c:/program files (x86)/atollic/truestudio for stm32 9.0.1/armtools/bin/../lib/gcc/arm-atollic-eabi/6.3.1/../../../../arm-atollic-eabi/lib/armv7e-m/fpu\libc_nano.a(lib_a-nano-svfprintf.o)
                0x0800666e                __ssputs_r
 .text._svfprintf_r
                0x08006724      0x1e8 c:/program files (x86)/atollic/truestudio for stm32 9.0.1/armtools/bin/../lib/gcc/arm-atollic-eabi/6.3.1/../../../../arm-atollic-eabi/lib/armv7e-m/fpu\libc_nano.a(lib_a-nano-svfprintf.o)
                0x08006724                _svfiprintf_r
                0x08006724                _svfprintf_r
 .text._printf_common
                0x0800690c       0xec c:/program files (x86)/atollic/truestudio for stm32 9.0.1/armtools/bin/../lib/gcc/arm-atollic-eabi/6.3.1/../../../../arm-atollic-eabi/lib/armv7e-m/fpu\libc_nano.a(lib_a-nano-vfprintf_i.o)
                0x0800690c                _printf_common
 .text._printf_i
                0x080069f8      0x240 c:/program files (x86)/atollic/truestudio for stm32 9.0.1/armtools/bin/../lib/gcc/arm-atollic-eabi/6.3.1/../../../../arm-atollic-eabi/lib/armv7e-m/fpu\libc_nano.a(lib_a-nano-vfprintf_i.o)
                0x080069f8                _printf_i
 .text.__ascii_wctomb
                0x08006c38       0x1a c:/program files (x86)/atollic/truestudio for stm32 9.0.1/armtools/bin/../lib/gcc/arm-atollic-eabi/6.3.1/../../../../arm-atollic-eabi/lib/armv7e-m/fpu\libc_nano.a(lib_a-wctomb_r.o)
                0x08006c38                __ascii_wctomb
 .text.memcpy   0x08006c52       0x16 c:/program files (x86)/atollic/truestudio for stm32 9.0.1/armtools/bin/../lib/gcc/arm-atollic-eabi/6.3.1/../../../../arm-atollic-eabi/lib/armv7e-m/fpu\libc_nano.a(lib_a-memcpy-stub.o)
                0x08006c52                memcpy
 .text.memmove  0x08006c68       0x34 c:/program files (x86)/atollic/truestudio for stm32 9.0.1/armtools/bin/../lib/gcc/arm-atollic-eabi/6.3.1/../../../../arm-atollic-eabi/lib/armv7e-m/fpu\libc_nano.a(lib_a-memmove.o)
                0x08006c68                memmove
 .text._free_r  0x08006c9c       0x9c c:/program files (x86)/atollic/truestudio for stm32 9.0.1/armtools/bin/../lib/gcc/arm-atollic-eabi/6.3.1/../../../../arm-atollic-eabi/lib/armv7e-m/fpu\libc_nano.a(lib_a-nano-freer.o)
                0x08006c9c                _free_r
 .text._malloc_r
                0x08006d38       0xbc c:/program files (x86)/atollic/truestudio for stm32 9.0.1/armtools/bin/../lib/gcc/arm-atollic-eabi/6.3.1/../../../../arm-atollic-eabi/lib/armv7e-m/fpu\libc_nano.a(lib_a-nano-mallocr.o)
                0x08006d38                _malloc_r
 .text._realloc_r
                0x08006df4       0x4c c:/program files (x86)/atollic/truestudio for stm32 9.0.1/armtools/bin/../lib/gcc/arm-atollic-eabi/6.3.1/../../../../arm-atollic-eabi/lib/armv7e-m/fpu\libc_nano.a(lib_a-nano-reallocr.o)
                0x08006df4                _realloc_r
 .text._sbrk_r  0x08006e40       0x20 c:/program files (x86)/atollic/truestudio for stm32 9.0.1/armtools/bin/../lib/gcc/arm-atollic-eabi/6.3.1/../../../../arm-atollic-eabi/lib/armv7e-m/fpu\libc_nano.a(lib_a-sbrkr.o)
                0x08006e40                _sbrk_r
 .text.__malloc_lock
                0x08006e60        0x2 c:/program files (x86)/atollic/truestudio for stm32 9.0.1/armtools/bin/../lib/gcc/arm-atollic-eabi/6.3.1/../../../../arm-atollic-eabi/lib/armv7e-m/fpu\libc_nano.a(lib_a-mlock.o)
                0x08006e60                __malloc_lock
 .text.__malloc_unlock
                0x08006e62        0x2 c:/program files (x86)/atollic/truestudio for stm32 9.0.1/armtools/bin/../lib/gcc/arm-atollic-eabi/6.3.1/../../../../arm-atollic-eabi/lib/armv7e-m/fpu\libc_nano.a(lib_a-mlock.o)
                0x08006e62                __malloc_unlock
 .text._malloc_usable_size_r
                0x08006e64       0x12 c:/program files (x86)/atollic/truestudio for stm32 9.0.1/armtools/bin/../lib/gcc/arm-atollic-eabi/6.3.1/../../../../arm-atollic-eabi/lib/armv7e-m/fpu\libc_nano.a(lib_a-nano-msizer.o)
                0x08006e64                _malloc_usable_size_r
 *fill*         0x08006e76        0x2 
 .text._sbrk    0x08006e78       0x1c c:/program files (x86)/atollic/truestudio for stm32 9.0.1/armtools/bin/../lib/gcc/arm-atollic-eabi/6.3.1/../../../../arm-atollic-eabi/lib/armv7e-m/fpu\libnosys.a(sbrk.o)
                0x08006e78                _sbrk
 *(.glue_7)
 .glue_7        0x08006e94        0x0 linker stubs
 *(.glue_7t)
 .glue_7t       0x08006e94        0x0 linker stubs
 *(.eh_frame)
 .eh_frame      0x08006e94        0x0 c:/program files (x86)/atollic/truestudio for stm32 9.0.1/armtools/bin/../lib/gcc/arm-atollic-eabi/6.3.1/armv7e-m/fpu/crtbegin.o
 *(.init)
 .init          0x08006e94        0x4 c:/program files (x86)/atollic/truestudio for stm32 9.0.1/armtools/bin/../lib/gcc/arm-atollic-eabi/6.3.1/armv7e-m/fpu/crti.o
                0x08006e94                _init
 .init          0x08006e98        0x8 c:/program files (x86)/atollic/truestudio for stm32 9.0.1/armtools/bin/../lib/gcc/arm-atollic-eabi/6.3.1/armv7e-m/fpu/crtn.o
 *(.fini)
 .fini          0x08006ea0        0x4 c:/program files (x86)/atollic/truestudio for stm32 9.0.1/armtools/bin/../lib/gcc/arm-atollic-eabi/6.3.1/armv7e-m/fpu/crti.o
                0x08006ea0                _fini
 .fini          0x08006ea4        0x8 c:/program files (x86)/atollic/truestudio for stm32 9.0.1/armtools/bin/../lib/gcc/arm-atollic-eabi/6.3.1/armv7e-m/fpu/crtn.o
                0x08006eac                . = ALIGN (0x4)
                0x08006eac                _etext = .

.vfp11_veneer   0x08006eac        0x0
 .vfp11_veneer  0x08006eac        0x0 linker stubs

.v4_bx          0x08006eac        0x0
 .v4_bx         0x08006eac        0x0 linker stubs

.iplt           0x08006eac        0x0
 .iplt          0x08006eac        0x0 c:/program files (x86)/atollic/truestudio for stm32 9.0.1/armtools/bin/../lib/gcc/arm-atollic-eabi/6.3.1/armv7e-m/fpu/crtbegin.o

.rodata         0x08006eac      0x2dc
                0x08006eac                . = ALIGN (0x4)
 *(.rodata)
 .rodata        0x08006eac       0x14 Src\main.o
 *(.rodata*)
 .rodata.CSWTCH.51
                0x08006ec0        0x4 Drivers\STM32L4xx_HAL_Driver\Src\stm32l4xx_hal_uart.o
 .rodata.CSWTCH.52
                0x08006ec4        0xd Drivers\STM32L4xx_HAL_Driver\Src\stm32l4xx_hal_uart.o
 .rodata.ExCvt  0x08006ed1       0x80 Middlewares\Third_Party\FatFs\src\ff.o
 .rodata.follow_path.str1.1
                0x08006f51        0xf Middlewares\Third_Party\FatFs\src\ff.o
 .rodata.GPS_GETPOS.str1.1
                0x08006f60        0xe Src\main.o
 .rodata.SD_SENSORS.str1.1
                0x08006f6e       0x55 Src\main.o
 .rodata.lora_test.str1.1
                0x08006fc3        0x2 Src\main.o
 *fill*         0x08006fc5        0x3 
 .rodata.SD_Driver
                0x08006fc8       0x14 Src\sd_diskio.o
                0x08006fc8                SD_Driver
 .rodata.AHBPrescTable
                0x08006fdc       0x10 Src\system_stm32l4xx.o
                0x08006fdc                AHBPrescTable
 .rodata.APBPrescTable
                0x08006fec        0x8 Src\system_stm32l4xx.o
                0x08006fec                APBPrescTable
 .rodata.MSIRangeTable
                0x08006ff4       0x30 Src\system_stm32l4xx.o
                0x08006ff4                MSIRangeTable
 .rodata.__utoa.str1.1
                0x08007024       0x25 c:/program files (x86)/atollic/truestudio for stm32 9.0.1/armtools/bin/../lib/gcc/arm-atollic-eabi/6.3.1/../../../../arm-atollic-eabi/lib/armv7e-m/fpu\libc_nano.a(lib_a-utoa.o)
 .rodata._setlocale_r.str1.1
                0x08007049        0x8 c:/program files (x86)/atollic/truestudio for stm32 9.0.1/armtools/bin/../lib/gcc/arm-atollic-eabi/6.3.1/../../../../arm-atollic-eabi/lib/armv7e-m/fpu\libc_nano.a(lib_a-locale.o)
                                  0x9 (size before relaxing)
 .rodata.str1.1
                0x08007051        0x2 c:/program files (x86)/atollic/truestudio for stm32 9.0.1/armtools/bin/../lib/gcc/arm-atollic-eabi/6.3.1/../../../../arm-atollic-eabi/lib/armv7e-m/fpu\libc_nano.a(lib_a-locale.o)
 .rodata._svfprintf_r.str1.1
                0x08007053       0x11 c:/program files (x86)/atollic/truestudio for stm32 9.0.1/armtools/bin/../lib/gcc/arm-atollic-eabi/6.3.1/../../../../arm-atollic-eabi/lib/armv7e-m/fpu\libc_nano.a(lib_a-nano-svfprintf.o)
 .rodata._printf_i.str1.1
                0x08007064       0x22 c:/program files (x86)/atollic/truestudio for stm32 9.0.1/armtools/bin/../lib/gcc/arm-atollic-eabi/6.3.1/../../../../arm-atollic-eabi/lib/armv7e-m/fpu\libc_nano.a(lib_a-nano-vfprintf_i.o)
 .rodata._ctype_
                0x08007086      0x101 c:/program files (x86)/atollic/truestudio for stm32 9.0.1/armtools/bin/../lib/gcc/arm-atollic-eabi/6.3.1/../../../../arm-atollic-eabi/lib/armv7e-m/fpu\libc_nano.a(lib_a-ctype_.o)
                0x08007086                _ctype_
                0x08007188                . = ALIGN (0x4)
 *fill*         0x08007187        0x1 

.ARM.extab
 *(.ARM.extab* .gnu.linkonce.armextab.*)

.ARM            0x08007188        0x8
                0x08007188                __exidx_start = .
 *(.ARM.exidx*)
 .ARM.exidx     0x08007188        0x8 c:/program files (x86)/atollic/truestudio for stm32 9.0.1/armtools/bin/../lib/gcc/arm-atollic-eabi/6.3.1/armv7e-m/fpu\libgcc.a(_udivmoddi4.o)
                0x08007190                __exidx_end = .

.rel.dyn        0x08007190        0x0
 .rel.iplt      0x08007190        0x0 c:/program files (x86)/atollic/truestudio for stm32 9.0.1/armtools/bin/../lib/gcc/arm-atollic-eabi/6.3.1/armv7e-m/fpu/crtbegin.o

.preinit_array  0x08007190        0x0
                0x08007190                PROVIDE (__preinit_array_start, .)
 *(.preinit_array*)
                0x08007190                PROVIDE (__preinit_array_end, .)

.init_array     0x08007190        0x4
                0x08007190                PROVIDE (__init_array_start, .)
 *(SORT(.init_array.*))
 *(.init_array*)
 .init_array    0x08007190        0x4 c:/program files (x86)/atollic/truestudio for stm32 9.0.1/armtools/bin/../lib/gcc/arm-atollic-eabi/6.3.1/armv7e-m/fpu/crtbegin.o
                0x08007194                PROVIDE (__init_array_end, .)

.fini_array     0x08007194        0x4
                [!provide]                PROVIDE (__fini_array_start, .)
 *(SORT(.fini_array.*))
 *(.fini_array*)
 .fini_array    0x08007194        0x4 c:/program files (x86)/atollic/truestudio for stm32 9.0.1/armtools/bin/../lib/gcc/arm-atollic-eabi/6.3.1/armv7e-m/fpu/crtbegin.o
                [!provide]                PROVIDE (__fini_array_end, .)
                0x08007198                _sidata = LOADADDR (.data)

.data           0x20000000      0x1fc load address 0x08007198
                0x20000000                . = ALIGN (0x4)
                0x20000000                _sdata = .
 *(.data)
 *(.data*)
 .data.CFG_REG_A_M
                0x20000000        0x1 Src\main.o
                0x20000000                CFG_REG_A_M
 .data.CTRL_REG1_PRES
                0x20000001        0x1 Src\main.o
                0x20000001                CTRL_REG1_PRES
 .data.CTRL_REG1_TEMP
                0x20000002        0x1 Src\main.o
                0x20000002                CTRL_REG1_TEMP
 .data.CTRL_REG2_PRES
                0x20000003        0x1 Src\main.o
                0x20000003                CTRL_REG2_PRES
 .data.INTERRUPT_CFG
                0x20000004        0x1 Src\main.o
                0x20000004                INTERRUPT_CFG
 .data.addr_CFG_REG_A_M
                0x20000005        0x1 Src\main.o
                0x20000005                addr_CFG_REG_A_M
 .data.addr_CTRL_REG1_PRES
                0x20000006        0x1 Src\main.o
                0x20000006                addr_CTRL_REG1_PRES
 .data.addr_CTRL_REG1_TEMP
                0x20000007        0x1 Src\main.o
                0x20000007                addr_CTRL_REG1_TEMP
 .data.addr_CTRL_REG2_PRES
                0x20000008        0x1 Src\main.o
                0x20000008                addr_CTRL_REG2_PRES
 .data.addr_H0_T0_OUT_H
                0x20000009        0x1 Src\main.o
                0x20000009                addr_H0_T0_OUT_H
 .data.addr_H0_T0_OUT_L
                0x2000000a        0x1 Src\main.o
                0x2000000a                addr_H0_T0_OUT_L
 .data.addr_H0_rH_x2
                0x2000000b        0x1 Src\main.o
                0x2000000b                addr_H0_rH_x2
 .data.addr_H1_T0_OUT_H
                0x2000000c        0x1 Src\main.o
                0x2000000c                addr_H1_T0_OUT_H
 .data.addr_H1_T0_OUT_L
                0x2000000d        0x1 Src\main.o
                0x2000000d                addr_H1_T0_OUT_L
 .data.addr_H1_rH_x2
                0x2000000e        0x1 Src\main.o
                0x2000000e                addr_H1_rH_x2
 .data.addr_HUM_H
                0x2000000f        0x1 Src\main.o
                0x2000000f                addr_HUM_H
 .data.addr_HUM_L
                0x20000010        0x1 Src\main.o
                0x20000010                addr_HUM_L
 .data.addr_INTERRUPT_CFG
                0x20000011        0x1 Src\main.o
                0x20000011                addr_INTERRUPT_CFG
 .data.addr_OUTX_H_REG_M
                0x20000012        0x1 Src\main.o
                0x20000012                addr_OUTX_H_REG_M
 .data.addr_OUTX_L_REG_M
                0x20000013        0x1 Src\main.o
                0x20000013                addr_OUTX_L_REG_M
 .data.addr_OUTY_H_REG_M
                0x20000014        0x1 Src\main.o
                0x20000014                addr_OUTY_H_REG_M
 .data.addr_OUTY_L_REG_M
                0x20000015        0x1 Src\main.o
                0x20000015                addr_OUTY_L_REG_M
 .data.addr_OUTZ_H_REG_M
                0x20000016        0x1 Src\main.o
                0x20000016                addr_OUTZ_H_REG_M
 .data.addr_OUTZ_L_REG_M
                0x20000017        0x1 Src\main.o
                0x20000017                addr_OUTZ_L_REG_M
 .data.addr_PRES_OUT_H
                0x20000018        0x1 Src\main.o
                0x20000018                addr_PRES_OUT_H
 .data.addr_PRES_OUT_L
                0x20000019        0x1 Src\main.o
                0x20000019                addr_PRES_OUT_L
 .data.addr_PRES_OUT_XL
                0x2000001a        0x1 Src\main.o
                0x2000001a                addr_PRES_OUT_XL
 .data.addr_REF_P_H
                0x2000001b        0x1 Src\main.o
                0x2000001b                addr_REF_P_H
 .data.addr_REF_P_L
                0x2000001c        0x1 Src\main.o
                0x2000001c                addr_REF_P_L
 .data.addr_REF_P_XL
                0x2000001d        0x1 Src\main.o
                0x2000001d                addr_REF_P_XL
 .data.addr_T0_H
                0x2000001e        0x1 Src\main.o
                0x2000001e                addr_T0_H
 .data.addr_T0_L
                0x2000001f        0x1 Src\main.o
                0x2000001f                addr_T0_L
 .data.addr_T0_T1_msb
                0x20000020        0x1 Src\main.o
                0x20000020                addr_T0_T1_msb
 .data.addr_T0_degC_x8
                0x20000021        0x1 Src\main.o
                0x20000021                addr_T0_degC_x8
 .data.addr_T1_H
                0x20000022        0x1 Src\main.o
                0x20000022                addr_T1_H
 .data.addr_T1_L
                0x20000023        0x1 Src\main.o
                0x20000023                addr_T1_L
 .data.addr_T1_degC_x8
                0x20000024        0x1 Src\main.o
                0x20000024                addr_T1_degC_x8
 .data.addr_T_OUT_H
                0x20000025        0x1 Src\main.o
                0x20000025                addr_T_OUT_H
 .data.addr_T_OUT_L
                0x20000026        0x1 Src\main.o
                0x20000026                addr_T_OUT_L
 .data.Stat     0x20000027        0x1 Src\sd_diskio.o
 .data.SystemCoreClock
                0x20000028        0x4 Src\system_stm32l4xx.o
                0x20000028                SystemCoreClock
 .data._impure_ptr
                0x2000002c        0x4 c:/program files (x86)/atollic/truestudio for stm32 9.0.1/armtools/bin/../lib/gcc/arm-atollic-eabi/6.3.1/../../../../arm-atollic-eabi/lib/armv7e-m/fpu\libc_nano.a(lib_a-impure.o)
                0x2000002c                _impure_ptr
 .data.impure_data
                0x20000030       0x60 c:/program files (x86)/atollic/truestudio for stm32 9.0.1/armtools/bin/../lib/gcc/arm-atollic-eabi/6.3.1/../../../../arm-atollic-eabi/lib/armv7e-m/fpu\libc_nano.a(lib_a-impure.o)
 .data.__global_locale
                0x20000090      0x16c c:/program files (x86)/atollic/truestudio for stm32 9.0.1/armtools/bin/../lib/gcc/arm-atollic-eabi/6.3.1/../../../../arm-atollic-eabi/lib/armv7e-m/fpu\libc_nano.a(lib_a-locale.o)
                0x20000090                __global_locale
                0x200001fc                . = ALIGN (0x4)
                0x200001fc                _edata = .

.igot.plt       0x200001fc        0x0 load address 0x08007394
 .igot.plt      0x200001fc        0x0 c:/program files (x86)/atollic/truestudio for stm32 9.0.1/armtools/bin/../lib/gcc/arm-atollic-eabi/6.3.1/armv7e-m/fpu/crtbegin.o
                0x200001fc                . = ALIGN (0x4)

.bss            0x200001fc     0x4494 load address 0x08007394
                0x200001fc                _sbss = .
                0x200001fc                __bss_start__ = _sbss
 *(.bss)
 .bss           0x200001fc       0x1c c:/program files (x86)/atollic/truestudio for stm32 9.0.1/armtools/bin/../lib/gcc/arm-atollic-eabi/6.3.1/armv7e-m/fpu/crtbegin.o
 *(.bss*)
 .bss.FatFs     0x20000218        0x4 Middlewares\Third_Party\FatFs\src\ff.o
 .bss.Files     0x2000021c       0x20 Middlewares\Third_Party\FatFs\src\ff.o
 .bss.Fsid      0x2000023c        0x2 Middlewares\Third_Party\FatFs\src\ff.o
 *fill*         0x2000023e        0x2 
 .bss.disk      0x20000240        0xc Middlewares\Third_Party\FatFs\src\ff_gen_drv.o
                0x20000240                disk
 .bss.__malloc_free_list
                0x2000024c        0x4 c:/program files (x86)/atollic/truestudio for stm32 9.0.1/armtools/bin/../lib/gcc/arm-atollic-eabi/6.3.1/../../../../arm-atollic-eabi/lib/armv7e-m/fpu\libc_nano.a(lib_a-nano-mallocr.o)
                0x2000024c                __malloc_free_list
 .bss.__malloc_sbrk_start
                0x20000250        0x4 c:/program files (x86)/atollic/truestudio for stm32 9.0.1/armtools/bin/../lib/gcc/arm-atollic-eabi/6.3.1/../../../../arm-atollic-eabi/lib/armv7e-m/fpu\libc_nano.a(lib_a-nano-mallocr.o)
                0x20000250                __malloc_sbrk_start
 .bss.heap_end.5239
                0x20000254        0x4 c:/program files (x86)/atollic/truestudio for stm32 9.0.1/armtools/bin/../lib/gcc/arm-atollic-eabi/6.3.1/../../../../arm-atollic-eabi/lib/armv7e-m/fpu\libnosys.a(sbrk.o)
 *(COMMON)
 COMMON         0x20000258        0x4 Drivers\STM32L4xx_HAL_Driver\Src\stm32l4xx_hal.o
                0x20000258                uwTick
 COMMON         0x2000025c       0xac Src\adc.o
                0x2000025c                hadc1
                0x200002c0                hdma_adc1
 COMMON         0x20000308     0x206c Src\fatfs.o
                0x20000308                retSD
                0x20000309                SDPath
                0x20000310                SDFile
                0x20001340                SDFatFS
 COMMON         0x20002374       0x4c Src\i2c.o
                0x20002374                hi2c1
 COMMON         0x200023c0     0x2158 Src\main.o
                0x200023c0                temp16u
                0x200023c2                magn16
                0x200023c4                T1_msb
                0x200023c5                H1_T0_OUT_L
                0x200023c6                T0_L
                0x200023c8                H1_rH
                0x200023ca                T_OUT_L
                0x200023cc                magnZ16
                0x200023ce                T1_H
                0x200023cf                H1_T0_OUT_H
                0x200023d0                H_OUT
                0x200023d2                H0_T0_OUT_L
                0x200023d4                T1_degC_DIV8
                0x200023d8                myFILE
                0x20003408                myFATFS
                0x2000443c                H0_rH
                0x2000443e                REF_P_XL
                0x2000443f                OUTX_L_REG_M
                0x20004440                bat16
                0x20004442                magn_char
                0x20004446                hum_char
                0x2000444c                pres32
                0x20004450                REF_P_H
                0x20004452                magnX16
                0x20004454                T1_L
                0x20004456                T0_degC
                0x20004458                alt_char
                0x2000446c                T1_degC_x8
                0x2000446d                T0_degC_x8
                0x2000446e                PRES_OUT_L
                0x2000446f                OUTX_H_REG_M
                0x20004470                temp_d_char
                0x20004472                T0_H
                0x20004473                REF_P_L
                0x20004474                T1_degC
                0x20004476                lat_char
                0x2000448a                T0_OUT
                0x2000448c                gas16
                0x2000448e                T0_T1_msb
                0x20004490                temp16
                0x20004492                T0_msb
                0x20004494                PRES_x4096
                0x20004498                H0
                0x2000449a                magnY16
                0x2000449c                T_OUT_H
                0x2000449d                OUTZ_H_REG_M
                0x2000449e                T1_OUT
                0x200044a0                H1_rH_x2
                0x200044a1                HUM_H
                0x200044a2                pres_char
                0x200044a7                gas_char
                0x200044bc                temp16d
                0x200044be                lon_char
                0x200044d2                H0_T0_OUT_H
                0x200044d4                T0_degC_DIV8
                0x200044d6                aADCxConvertedValues
                0x200044da                H0_rH_x2
                0x200044db                PRES_OUT_H
                0x200044dc                T_OUT
                0x200044de                hum16
                0x200044e0                temp_u_char
                0x200044e3                OUTY_L_REG_M
                0x200044e4                bat_char
                0x200044f8                REF_P_x4096
                0x200044fc                OUTY_H_REG_M
                0x200044fd                HUM_L
                0x20004500                GPS_COORD
                0x2000450c                PRES_OUT_XL
                0x2000450e                H1
                0x20004510                OUTZ_L_REG_M
                0x20004514                testByte
 COMMON         0x20004518       0x84 Src\sdmmc.o
                0x20004518                hsd1
 COMMON         0x2000459c       0xf0 Src\usart.o
                0x2000459c                huart1
                0x20004614                huart2
 COMMON         0x2000468c        0x4 c:/program files (x86)/atollic/truestudio for stm32 9.0.1/armtools/bin/../lib/gcc/arm-atollic-eabi/6.3.1/../../../../arm-atollic-eabi/lib/armv7e-m/fpu\libc_nano.a(lib_a-reent.o)
                0x2000468c                errno
                0x20004690                . = ALIGN (0x4)
                0x20004690                _ebss = .
                0x20004690                __bss_end__ = _ebss

._user_heap_stack
                0x20004690     0x6000 load address 0x08007394
                0x20004690                . = ALIGN (0x4)
                0x20004690                PROVIDE (end, .)
                [!provide]                PROVIDE (_end, .)
                0x20006690                . = (. + _Min_Heap_Size)
 *fill*         0x20004690     0x2000 
                0x2000a690                . = (. + _Min_Stack_Size)
 *fill*         0x20006690     0x4000 
                0x2000a690                . = ALIGN (0x4)

/DISCARD/
 libc.a(*)
 libm.a(*)
 libgcc.a(*)

.ARM.attributes
                0x00000000       0x30
 *(.ARM.attributes)
 .ARM.attributes
                0x00000000       0x22 c:/program files (x86)/atollic/truestudio for stm32 9.0.1/armtools/bin/../lib/gcc/arm-atollic-eabi/6.3.1/armv7e-m/fpu/crti.o
 .ARM.attributes
                0x00000022       0x34 c:/program files (x86)/atollic/truestudio for stm32 9.0.1/armtools/bin/../lib/gcc/arm-atollic-eabi/6.3.1/armv7e-m/fpu/crtbegin.o
 .ARM.attributes
                0x00000056       0x39 Drivers\STM32L4xx_HAL_Driver\Src\stm32l4xx_hal.o
 .ARM.attributes
                0x0000008f       0x39 Drivers\STM32L4xx_HAL_Driver\Src\stm32l4xx_hal_adc.o
 .ARM.attributes
                0x000000c8       0x39 Drivers\STM32L4xx_HAL_Driver\Src\stm32l4xx_hal_adc_ex.o
 .ARM.attributes
                0x00000101       0x39 Drivers\STM32L4xx_HAL_Driver\Src\stm32l4xx_hal_cortex.o
 .ARM.attributes
                0x0000013a       0x39 Drivers\STM32L4xx_HAL_Driver\Src\stm32l4xx_hal_dma.o
 .ARM.attributes
                0x00000173       0x39 Drivers\STM32L4xx_HAL_Driver\Src\stm32l4xx_hal_gpio.o
 .ARM.attributes
                0x000001ac       0x39 Drivers\STM32L4xx_HAL_Driver\Src\stm32l4xx_hal_i2c.o
 .ARM.attributes
                0x000001e5       0x39 Drivers\STM32L4xx_HAL_Driver\Src\stm32l4xx_hal_i2c_ex.o
 .ARM.attributes
                0x0000021e       0x39 Drivers\STM32L4xx_HAL_Driver\Src\stm32l4xx_hal_pwr_ex.o
 .ARM.attributes
                0x00000257       0x39 Drivers\STM32L4xx_HAL_Driver\Src\stm32l4xx_hal_rcc.o
 .ARM.attributes
                0x00000290       0x39 Drivers\STM32L4xx_HAL_Driver\Src\stm32l4xx_hal_rcc_ex.o
 .ARM.attributes
                0x000002c9       0x39 Drivers\STM32L4xx_HAL_Driver\Src\stm32l4xx_hal_sd.o
 .ARM.attributes
                0x00000302       0x39 Drivers\STM32L4xx_HAL_Driver\Src\stm32l4xx_hal_uart.o
 .ARM.attributes
                0x0000033b       0x39 Drivers\STM32L4xx_HAL_Driver\Src\stm32l4xx_ll_sdmmc.o
 .ARM.attributes
                0x00000374       0x39 Middlewares\Third_Party\FatFs\src\diskio.o
 .ARM.attributes
                0x000003ad       0x39 Middlewares\Third_Party\FatFs\src\ff.o
 .ARM.attributes
                0x000003e6       0x39 Middlewares\Third_Party\FatFs\src\ff_gen_drv.o
 .ARM.attributes
                0x0000041f       0x39 Src\adc.o
 .ARM.attributes
                0x00000458       0x39 Src\bsp_driver_sd.o
 .ARM.attributes
                0x00000491       0x39 Src\dma.o
 .ARM.attributes
                0x000004ca       0x39 Src\fatfs.o
 .ARM.attributes
                0x00000503       0x39 Src\gpio.o
 .ARM.attributes
                0x0000053c       0x39 Src\i2c.o
 .ARM.attributes
                0x00000575       0x39 Src\main.o
 .ARM.attributes
                0x000005ae       0x39 Src\sd_diskio.o
 .ARM.attributes
                0x000005e7       0x39 Src\sdmmc.o
 .ARM.attributes
                0x00000620       0x39 Src\stm32l4xx_hal_msp.o
 .ARM.attributes
                0x00000659       0x39 Src\stm32l4xx_it.o
 .ARM.attributes
                0x00000692       0x39 Src\system_stm32l4xx.o
 .ARM.attributes
                0x000006cb       0x39 Src\usart.o
 .ARM.attributes
                0x00000704       0x21 startup\startup_stm32l476xx.o
 .ARM.attributes
                0x00000725       0x34 c:/program files (x86)/atollic/truestudio for stm32 9.0.1/armtools/bin/../lib/gcc/arm-atollic-eabi/6.3.1/../../../../arm-atollic-eabi/lib/armv7e-m/fpu\libc_nano.a(lib_a-atoi.o)
 .ARM.attributes
                0x00000759       0x34 c:/program files (x86)/atollic/truestudio for stm32 9.0.1/armtools/bin/../lib/gcc/arm-atollic-eabi/6.3.1/../../../../arm-atollic-eabi/lib/armv7e-m/fpu\libc_nano.a(lib_a-init.o)
 .ARM.attributes
                0x0000078d       0x34 c:/program files (x86)/atollic/truestudio for stm32 9.0.1/armtools/bin/../lib/gcc/arm-atollic-eabi/6.3.1/../../../../arm-atollic-eabi/lib/armv7e-m/fpu\libc_nano.a(lib_a-itoa.o)
 .ARM.attributes
                0x000007c1       0x34 c:/program files (x86)/atollic/truestudio for stm32 9.0.1/armtools/bin/../lib/gcc/arm-atollic-eabi/6.3.1/../../../../arm-atollic-eabi/lib/armv7e-m/fpu\libc_nano.a(lib_a-memset.o)
 .ARM.attributes
                0x000007f5       0x34 c:/program files (x86)/atollic/truestudio for stm32 9.0.1/armtools/bin/../lib/gcc/arm-atollic-eabi/6.3.1/../../../../arm-atollic-eabi/lib/armv7e-m/fpu\libc_nano.a(lib_a-sprintf.o)
 .ARM.attributes
                0x00000829       0x34 c:/program files (x86)/atollic/truestudio for stm32 9.0.1/armtools/bin/../lib/gcc/arm-atollic-eabi/6.3.1/../../../../arm-atollic-eabi/lib/armv7e-m/fpu\libc_nano.a(lib_a-strcat.o)
 .ARM.attributes
                0x0000085d       0x1b c:/program files (x86)/atollic/truestudio for stm32 9.0.1/armtools/bin/../lib/gcc/arm-atollic-eabi/6.3.1/../../../../arm-atollic-eabi/lib/armv7e-m/fpu\libc_nano.a(lib_a-strlen.o)
 .ARM.attributes
                0x00000878       0x34 c:/program files (x86)/atollic/truestudio for stm32 9.0.1/armtools/bin/../lib/gcc/arm-atollic-eabi/6.3.1/../../../../arm-atollic-eabi/lib/armv7e-m/fpu\libc_nano.a(lib_a-strstr.o)
 .ARM.attributes
                0x000008ac       0x34 c:/program files (x86)/atollic/truestudio for stm32 9.0.1/armtools/bin/../lib/gcc/arm-atollic-eabi/6.3.1/../../../../arm-atollic-eabi/lib/armv7e-m/fpu\libc_nano.a(lib_a-strtol.o)
 .ARM.attributes
                0x000008e0       0x34 c:/program files (x86)/atollic/truestudio for stm32 9.0.1/armtools/bin/../lib/gcc/arm-atollic-eabi/6.3.1/../../../../arm-atollic-eabi/lib/armv7e-m/fpu\libc_nano.a(lib_a-utoa.o)
 .ARM.attributes
                0x00000914       0x34 c:/program files (x86)/atollic/truestudio for stm32 9.0.1/armtools/bin/../lib/gcc/arm-atollic-eabi/6.3.1/../../../../arm-atollic-eabi/lib/armv7e-m/fpu\libc_nano.a(lib_a-impure.o)
 .ARM.attributes
                0x00000948       0x34 c:/program files (x86)/atollic/truestudio for stm32 9.0.1/armtools/bin/../lib/gcc/arm-atollic-eabi/6.3.1/../../../../arm-atollic-eabi/lib/armv7e-m/fpu\libc_nano.a(lib_a-locale.o)
 .ARM.attributes
                0x0000097c       0x34 c:/program files (x86)/atollic/truestudio for stm32 9.0.1/armtools/bin/../lib/gcc/arm-atollic-eabi/6.3.1/../../../../arm-atollic-eabi/lib/armv7e-m/fpu\libc_nano.a(lib_a-mbtowc_r.o)
 .ARM.attributes
                0x000009b0       0x34 c:/program files (x86)/atollic/truestudio for stm32 9.0.1/armtools/bin/../lib/gcc/arm-atollic-eabi/6.3.1/../../../../arm-atollic-eabi/lib/armv7e-m/fpu\libc_nano.a(lib_a-nano-svfprintf.o)
 .ARM.attributes
                0x000009e4       0x34 c:/program files (x86)/atollic/truestudio for stm32 9.0.1/armtools/bin/../lib/gcc/arm-atollic-eabi/6.3.1/../../../../arm-atollic-eabi/lib/armv7e-m/fpu\libc_nano.a(lib_a-nano-vfprintf_i.o)
 .ARM.attributes
                0x00000a18       0x34 c:/program files (x86)/atollic/truestudio for stm32 9.0.1/armtools/bin/../lib/gcc/arm-atollic-eabi/6.3.1/../../../../arm-atollic-eabi/lib/armv7e-m/fpu\libc_nano.a(lib_a-wctomb_r.o)
 .ARM.attributes
                0x00000a4c       0x34 c:/program files (x86)/atollic/truestudio for stm32 9.0.1/armtools/bin/../lib/gcc/arm-atollic-eabi/6.3.1/../../../../arm-atollic-eabi/lib/armv7e-m/fpu\libc_nano.a(lib_a-ctype_.o)
 .ARM.attributes
                0x00000a80       0x20 c:/program files (x86)/atollic/truestudio for stm32 9.0.1/armtools/bin/../lib/gcc/arm-atollic-eabi/6.3.1/../../../../arm-atollic-eabi/lib/armv7e-m/fpu\libc_nano.a(lib_a-memchr.o)
 .ARM.attributes
                0x00000aa0       0x34 c:/program files (x86)/atollic/truestudio for stm32 9.0.1/armtools/bin/../lib/gcc/arm-atollic-eabi/6.3.1/../../../../arm-atollic-eabi/lib/armv7e-m/fpu\libc_nano.a(lib_a-memcpy-stub.o)
 .ARM.attributes
                0x00000ad4       0x34 c:/program files (x86)/atollic/truestudio for stm32 9.0.1/armtools/bin/../lib/gcc/arm-atollic-eabi/6.3.1/../../../../arm-atollic-eabi/lib/armv7e-m/fpu\libc_nano.a(lib_a-memmove.o)
 .ARM.attributes
                0x00000b08       0x34 c:/program files (x86)/atollic/truestudio for stm32 9.0.1/armtools/bin/../lib/gcc/arm-atollic-eabi/6.3.1/../../../../arm-atollic-eabi/lib/armv7e-m/fpu\libc_nano.a(lib_a-nano-freer.o)
 .ARM.attributes
                0x00000b3c       0x34 c:/program files (x86)/atollic/truestudio for stm32 9.0.1/armtools/bin/../lib/gcc/arm-atollic-eabi/6.3.1/../../../../arm-atollic-eabi/lib/armv7e-m/fpu\libc_nano.a(lib_a-nano-mallocr.o)
 .ARM.attributes
                0x00000b70       0x34 c:/program files (x86)/atollic/truestudio for stm32 9.0.1/armtools/bin/../lib/gcc/arm-atollic-eabi/6.3.1/../../../../arm-atollic-eabi/lib/armv7e-m/fpu\libc_nano.a(lib_a-nano-reallocr.o)
 .ARM.attributes
                0x00000ba4       0x34 c:/program files (x86)/atollic/truestudio for stm32 9.0.1/armtools/bin/../lib/gcc/arm-atollic-eabi/6.3.1/../../../../arm-atollic-eabi/lib/armv7e-m/fpu\libc_nano.a(lib_a-sbrkr.o)
 .ARM.attributes
                0x00000bd8       0x34 c:/program files (x86)/atollic/truestudio for stm32 9.0.1/armtools/bin/../lib/gcc/arm-atollic-eabi/6.3.1/../../../../arm-atollic-eabi/lib/armv7e-m/fpu\libc_nano.a(lib_a-mlock.o)
 .ARM.attributes
                0x00000c0c       0x34 c:/program files (x86)/atollic/truestudio for stm32 9.0.1/armtools/bin/../lib/gcc/arm-atollic-eabi/6.3.1/../../../../arm-atollic-eabi/lib/armv7e-m/fpu\libc_nano.a(lib_a-nano-msizer.o)
 .ARM.attributes
                0x00000c40       0x34 c:/program files (x86)/atollic/truestudio for stm32 9.0.1/armtools/bin/../lib/gcc/arm-atollic-eabi/6.3.1/../../../../arm-atollic-eabi/lib/armv7e-m/fpu\libc_nano.a(lib_a-reent.o)
 .ARM.attributes
                0x00000c74       0x22 c:/program files (x86)/atollic/truestudio for stm32 9.0.1/armtools/bin/../lib/gcc/arm-atollic-eabi/6.3.1/armv7e-m/fpu\libgcc.a(_aeabi_uldivmod.o)
 .ARM.attributes
                0x00000c96       0x34 c:/program files (x86)/atollic/truestudio for stm32 9.0.1/armtools/bin/../lib/gcc/arm-atollic-eabi/6.3.1/armv7e-m/fpu\libgcc.a(_udivmoddi4.o)
 .ARM.attributes
                0x00000cca       0x22 c:/program files (x86)/atollic/truestudio for stm32 9.0.1/armtools/bin/../lib/gcc/arm-atollic-eabi/6.3.1/armv7e-m/fpu\libgcc.a(_dvmd_tls.o)
 .ARM.attributes
                0x00000cec       0x34 c:/program files (x86)/atollic/truestudio for stm32 9.0.1/armtools/bin/../lib/gcc/arm-atollic-eabi/6.3.1/../../../../arm-atollic-eabi/lib/armv7e-m/fpu\libnosys.a(sbrk.o)
 .ARM.attributes
                0x00000d20       0x22 c:/program files (x86)/atollic/truestudio for stm32 9.0.1/armtools/bin/../lib/gcc/arm-atollic-eabi/6.3.1/armv7e-m/fpu/crtn.o
OUTPUT(SENSORS_V6.elf elf32-littlearm)

.debug_info     0x00000000    0x256d1
 .debug_info    0x00000000      0xc2a Drivers\STM32L4xx_HAL_Driver\Src\stm32l4xx_hal.o
 .debug_info    0x00000c2a     0x2603 Drivers\STM32L4xx_HAL_Driver\Src\stm32l4xx_hal_adc.o
 .debug_info    0x0000322d     0x1fee Drivers\STM32L4xx_HAL_Driver\Src\stm32l4xx_hal_adc_ex.o
 .debug_info    0x0000521b      0xf6d Drivers\STM32L4xx_HAL_Driver\Src\stm32l4xx_hal_cortex.o
 .debug_info    0x00006188      0x84a Drivers\STM32L4xx_HAL_Driver\Src\stm32l4xx_hal_dma.o
 .debug_info    0x000069d2      0x862 Drivers\STM32L4xx_HAL_Driver\Src\stm32l4xx_hal_gpio.o
 .debug_info    0x00007234     0x37c1 Drivers\STM32L4xx_HAL_Driver\Src\stm32l4xx_hal_i2c.o
 .debug_info    0x0000a9f5      0xa36 Drivers\STM32L4xx_HAL_Driver\Src\stm32l4xx_hal_i2c_ex.o
 .debug_info    0x0000b42b      0xad2 Drivers\STM32L4xx_HAL_Driver\Src\stm32l4xx_hal_pwr_ex.o
 .debug_info    0x0000befd      0xdfe Drivers\STM32L4xx_HAL_Driver\Src\stm32l4xx_hal_rcc.o
 .debug_info    0x0000ccfb     0x1077 Drivers\STM32L4xx_HAL_Driver\Src\stm32l4xx_hal_rcc_ex.o
 .debug_info    0x0000dd72     0x231c Drivers\STM32L4xx_HAL_Driver\Src\stm32l4xx_hal_sd.o
 .debug_info    0x0001008e     0x1c1d Drivers\STM32L4xx_HAL_Driver\Src\stm32l4xx_hal_uart.o
 .debug_info    0x00011cab     0x16f7 Drivers\STM32L4xx_HAL_Driver\Src\stm32l4xx_ll_sdmmc.o
 .debug_info    0x000133a2      0xcff Middlewares\Third_Party\FatFs\src\diskio.o
 .debug_info    0x000140a1     0x5070 Middlewares\Third_Party\FatFs\src\ff.o
 .debug_info    0x00019111      0xd35 Middlewares\Third_Party\FatFs\src\ff_gen_drv.o
 .debug_info    0x00019e46      0xd8f Src\adc.o
 .debug_info    0x0001abd5      0xbdc Src\bsp_driver_sd.o
 .debug_info    0x0001b7b1      0x5f1 Src\dma.o
 .debug_info    0x0001bda2      0xd96 Src\fatfs.o
 .debug_info    0x0001cb38      0x5ce Src\gpio.o
 .debug_info    0x0001d106      0xb38 Src\i2c.o
 .debug_info    0x0001dc3e     0x4617 Src\main.o
 .debug_info    0x00022255      0xf1f Src\sd_diskio.o
 .debug_info    0x00023174      0xb5e Src\sdmmc.o
 .debug_info    0x00023cd2      0x398 Src\stm32l4xx_hal_msp.o
 .debug_info    0x0002406a      0x438 Src\stm32l4xx_it.o
 .debug_info    0x000244a2      0x5cf Src\system_stm32l4xx.o
 .debug_info    0x00024a71      0xbe4 Src\usart.o
 .debug_info    0x00025655       0x7c startup\startup_stm32l476xx.o

.debug_abbrev   0x00000000     0x4789
 .debug_abbrev  0x00000000      0x29d Drivers\STM32L4xx_HAL_Driver\Src\stm32l4xx_hal.o
 .debug_abbrev  0x0000029d      0x33d Drivers\STM32L4xx_HAL_Driver\Src\stm32l4xx_hal_adc.o
 .debug_abbrev  0x000005da      0x33c Drivers\STM32L4xx_HAL_Driver\Src\stm32l4xx_hal_adc_ex.o
 .debug_abbrev  0x00000916      0x2e6 Drivers\STM32L4xx_HAL_Driver\Src\stm32l4xx_hal_cortex.o
 .debug_abbrev  0x00000bfc      0x224 Drivers\STM32L4xx_HAL_Driver\Src\stm32l4xx_hal_dma.o
 .debug_abbrev  0x00000e20      0x1d7 Drivers\STM32L4xx_HAL_Driver\Src\stm32l4xx_hal_gpio.o
 .debug_abbrev  0x00000ff7      0x351 Drivers\STM32L4xx_HAL_Driver\Src\stm32l4xx_hal_i2c.o
 .debug_abbrev  0x00001348      0x1b2 Drivers\STM32L4xx_HAL_Driver\Src\stm32l4xx_hal_i2c_ex.o
 .debug_abbrev  0x000014fa      0x227 Drivers\STM32L4xx_HAL_Driver\Src\stm32l4xx_hal_pwr_ex.o
 .debug_abbrev  0x00001721      0x267 Drivers\STM32L4xx_HAL_Driver\Src\stm32l4xx_hal_rcc.o
 .debug_abbrev  0x00001988      0x264 Drivers\STM32L4xx_HAL_Driver\Src\stm32l4xx_hal_rcc_ex.o
 .debug_abbrev  0x00001bec      0x366 Drivers\STM32L4xx_HAL_Driver\Src\stm32l4xx_hal_sd.o
 .debug_abbrev  0x00001f52      0x30e Drivers\STM32L4xx_HAL_Driver\Src\stm32l4xx_hal_uart.o
 .debug_abbrev  0x00002260      0x28e Drivers\STM32L4xx_HAL_Driver\Src\stm32l4xx_ll_sdmmc.o
 .debug_abbrev  0x000024ee      0x23d Middlewares\Third_Party\FatFs\src\diskio.o
 .debug_abbrev  0x0000272b      0x3ed Middlewares\Third_Party\FatFs\src\ff.o
 .debug_abbrev  0x00002b18      0x2a5 Middlewares\Third_Party\FatFs\src\ff_gen_drv.o
 .debug_abbrev  0x00002dbd      0x1fd Src\adc.o
 .debug_abbrev  0x00002fba      0x2a0 Src\bsp_driver_sd.o
 .debug_abbrev  0x0000325a      0x139 Src\dma.o
 .debug_abbrev  0x00003393      0x204 Src\fatfs.o
 .debug_abbrev  0x00003597      0x173 Src\gpio.o
 .debug_abbrev  0x0000370a      0x201 Src\i2c.o
 .debug_abbrev  0x0000390b      0x41b Src\main.o
 .debug_abbrev  0x00003d26      0x2dd Src\sd_diskio.o
 .debug_abbrev  0x00004003      0x1e4 Src\sdmmc.o
 .debug_abbrev  0x000041e7       0xea Src\stm32l4xx_hal_msp.o
 .debug_abbrev  0x000042d1      0x195 Src\stm32l4xx_it.o
 .debug_abbrev  0x00004466      0x12f Src\system_stm32l4xx.o
 .debug_abbrev  0x00004595      0x1e2 Src\usart.o
 .debug_abbrev  0x00004777       0x12 startup\startup_stm32l476xx.o

.debug_loc      0x00000000    0x13175
 .debug_loc     0x00000000      0x149 Drivers\STM32L4xx_HAL_Driver\Src\stm32l4xx_hal.o
 .debug_loc     0x00000149     0x1654 Drivers\STM32L4xx_HAL_Driver\Src\stm32l4xx_hal_adc.o
 .debug_loc     0x0000179d     0x1482 Drivers\STM32L4xx_HAL_Driver\Src\stm32l4xx_hal_adc_ex.o
 .debug_loc     0x00002c1f      0x4fb Drivers\STM32L4xx_HAL_Driver\Src\stm32l4xx_hal_cortex.o
 .debug_loc     0x0000311a      0x5b7 Drivers\STM32L4xx_HAL_Driver\Src\stm32l4xx_hal_dma.o
 .debug_loc     0x000036d1      0x29d Drivers\STM32L4xx_HAL_Driver\Src\stm32l4xx_hal_gpio.o
 .debug_loc     0x0000396e     0x38e7 Drivers\STM32L4xx_HAL_Driver\Src\stm32l4xx_hal_i2c.o
 .debug_loc     0x00007255      0x1a0 Drivers\STM32L4xx_HAL_Driver\Src\stm32l4xx_hal_i2c_ex.o
 .debug_loc     0x000073f5      0x63b Drivers\STM32L4xx_HAL_Driver\Src\stm32l4xx_hal_pwr_ex.o
 .debug_loc     0x00007a30      0x5ae Drivers\STM32L4xx_HAL_Driver\Src\stm32l4xx_hal_rcc.o
 .debug_loc     0x00007fde      0xd98 Drivers\STM32L4xx_HAL_Driver\Src\stm32l4xx_hal_rcc_ex.o
 .debug_loc     0x00008d76     0x18c1 Drivers\STM32L4xx_HAL_Driver\Src\stm32l4xx_hal_sd.o
 .debug_loc     0x0000a637     0x19b3 Drivers\STM32L4xx_HAL_Driver\Src\stm32l4xx_hal_uart.o
 .debug_loc     0x0000bfea      0xb44 Drivers\STM32L4xx_HAL_Driver\Src\stm32l4xx_ll_sdmmc.o
 .debug_loc     0x0000cb2e      0x1c6 Middlewares\Third_Party\FatFs\src\diskio.o
 .debug_loc     0x0000ccf4     0x50fd Middlewares\Third_Party\FatFs\src\ff.o
 .debug_loc     0x00011df1      0x216 Middlewares\Third_Party\FatFs\src\ff_gen_drv.o
 .debug_loc     0x00012007       0x63 Src\adc.o
 .debug_loc     0x0001206a      0x42a Src\bsp_driver_sd.o
 .debug_loc     0x00012494       0x58 Src\i2c.o
 .debug_loc     0x000124ec      0x684 Src\main.o
 .debug_loc     0x00012b70      0x3a5 Src\sd_diskio.o
 .debug_loc     0x00012f15       0x58 Src\sdmmc.o
 .debug_loc     0x00012f6d      0x1be Src\system_stm32l4xx.o
 .debug_loc     0x0001312b       0x4a Src\usart.o

.debug_aranges  0x00000000     0x12e0
 .debug_aranges
                0x00000000      0x108 Drivers\STM32L4xx_HAL_Driver\Src\stm32l4xx_hal.o
 .debug_aranges
                0x00000108       0xf0 Drivers\STM32L4xx_HAL_Driver\Src\stm32l4xx_hal_adc.o
 .debug_aranges
                0x000001f8       0xf0 Drivers\STM32L4xx_HAL_Driver\Src\stm32l4xx_hal_adc_ex.o
 .debug_aranges
                0x000002e8       0xa8 Drivers\STM32L4xx_HAL_Driver\Src\stm32l4xx_hal_cortex.o
 .debug_aranges
                0x00000390       0x78 Drivers\STM32L4xx_HAL_Driver\Src\stm32l4xx_hal_dma.o
 .debug_aranges
                0x00000408       0x58 Drivers\STM32L4xx_HAL_Driver\Src\stm32l4xx_hal_gpio.o
 .debug_aranges
                0x00000460      0x238 Drivers\STM32L4xx_HAL_Driver\Src\stm32l4xx_hal_i2c.o
 .debug_aranges
                0x00000698       0x48 Drivers\STM32L4xx_HAL_Driver\Src\stm32l4xx_hal_i2c_ex.o
 .debug_aranges
                0x000006e0      0x130 Drivers\STM32L4xx_HAL_Driver\Src\stm32l4xx_hal_pwr_ex.o
 .debug_aranges
                0x00000810       0x88 Drivers\STM32L4xx_HAL_Driver\Src\stm32l4xx_hal_rcc.o
 .debug_aranges
                0x00000898       0xc0 Drivers\STM32L4xx_HAL_Driver\Src\stm32l4xx_hal_rcc_ex.o
 .debug_aranges
                0x00000958       0xf0 Drivers\STM32L4xx_HAL_Driver\Src\stm32l4xx_hal_sd.o
 .debug_aranges
                0x00000a48      0x1a0 Drivers\STM32L4xx_HAL_Driver\Src\stm32l4xx_hal_uart.o
 .debug_aranges
                0x00000be8      0x150 Drivers\STM32L4xx_HAL_Driver\Src\stm32l4xx_ll_sdmmc.o
 .debug_aranges
                0x00000d38       0x48 Middlewares\Third_Party\FatFs\src\diskio.o
 .debug_aranges
                0x00000d80      0x1b8 Middlewares\Third_Party\FatFs\src\ff.o
 .debug_aranges
                0x00000f38       0x40 Middlewares\Third_Party\FatFs\src\ff_gen_drv.o
 .debug_aranges
                0x00000f78       0x30 Src\adc.o
 .debug_aranges
                0x00000fa8       0x90 Src\bsp_driver_sd.o
 .debug_aranges
                0x00001038       0x20 Src\dma.o
 .debug_aranges
                0x00001058       0x28 Src\fatfs.o
 .debug_aranges
                0x00001080       0x20 Src\gpio.o
 .debug_aranges
                0x000010a0       0x30 Src\i2c.o
 .debug_aranges
                0x000010d0       0xa0 Src\main.o
 .debug_aranges
                0x00001170       0x48 Src\sd_diskio.o
 .debug_aranges
                0x000011b8       0x30 Src\sdmmc.o
 .debug_aranges
                0x000011e8       0x20 Src\stm32l4xx_hal_msp.o
 .debug_aranges
                0x00001208       0x50 Src\stm32l4xx_it.o
 .debug_aranges
                0x00001258       0x28 Src\system_stm32l4xx.o
 .debug_aranges
                0x00001280       0x38 Src\usart.o
 .debug_aranges
                0x000012b8       0x28 startup\startup_stm32l476xx.o

.debug_ranges   0x00000000     0x1c38
 .debug_ranges  0x00000000       0xf8 Drivers\STM32L4xx_HAL_Driver\Src\stm32l4xx_hal.o
 .debug_ranges  0x000000f8      0x330 Drivers\STM32L4xx_HAL_Driver\Src\stm32l4xx_hal_adc.o
 .debug_ranges  0x00000428      0x250 Drivers\STM32L4xx_HAL_Driver\Src\stm32l4xx_hal_adc_ex.o
 .debug_ranges  0x00000678      0x138 Drivers\STM32L4xx_HAL_Driver\Src\stm32l4xx_hal_cortex.o
 .debug_ranges  0x000007b0       0xa0 Drivers\STM32L4xx_HAL_Driver\Src\stm32l4xx_hal_dma.o
 .debug_ranges  0x00000850       0x68 Drivers\STM32L4xx_HAL_Driver\Src\stm32l4xx_hal_gpio.o
 .debug_ranges  0x000008b8      0x270 Drivers\STM32L4xx_HAL_Driver\Src\stm32l4xx_hal_i2c.o
 .debug_ranges  0x00000b28       0x68 Drivers\STM32L4xx_HAL_Driver\Src\stm32l4xx_hal_i2c_ex.o
 .debug_ranges  0x00000b90      0x120 Drivers\STM32L4xx_HAL_Driver\Src\stm32l4xx_hal_pwr_ex.o
 .debug_ranges  0x00000cb0       0x90 Drivers\STM32L4xx_HAL_Driver\Src\stm32l4xx_hal_rcc.o
 .debug_ranges  0x00000d40       0xf0 Drivers\STM32L4xx_HAL_Driver\Src\stm32l4xx_hal_rcc_ex.o
 .debug_ranges  0x00000e30      0x198 Drivers\STM32L4xx_HAL_Driver\Src\stm32l4xx_hal_sd.o
 .debug_ranges  0x00000fc8      0x190 Drivers\STM32L4xx_HAL_Driver\Src\stm32l4xx_hal_uart.o
 .debug_ranges  0x00001158      0x1b8 Drivers\STM32L4xx_HAL_Driver\Src\stm32l4xx_ll_sdmmc.o
 .debug_ranges  0x00001310       0x38 Middlewares\Third_Party\FatFs\src\diskio.o
 .debug_ranges  0x00001348      0x420 Middlewares\Third_Party\FatFs\src\ff.o
 .debug_ranges  0x00001768       0x30 Middlewares\Third_Party\FatFs\src\ff_gen_drv.o
 .debug_ranges  0x00001798       0x38 Src\adc.o
 .debug_ranges  0x000017d0       0x80 Src\bsp_driver_sd.o
 .debug_ranges  0x00001850       0x38 Src\dma.o
 .debug_ranges  0x00001888       0x18 Src\fatfs.o
 .debug_ranges  0x000018a0       0x30 Src\gpio.o
 .debug_ranges  0x000018d0       0x38 Src\i2c.o
 .debug_ranges  0x00001908      0x1c0 Src\main.o
 .debug_ranges  0x00001ac8       0x50 Src\sd_diskio.o
 .debug_ranges  0x00001b18       0x58 Src\sdmmc.o
 .debug_ranges  0x00001b70       0x28 Src\stm32l4xx_hal_msp.o
 .debug_ranges  0x00001b98       0x40 Src\stm32l4xx_it.o
 .debug_ranges  0x00001bd8       0x18 Src\system_stm32l4xx.o
 .debug_ranges  0x00001bf0       0x28 Src\usart.o
 .debug_ranges  0x00001c18       0x20 startup\startup_stm32l476xx.o

.debug_line     0x00000000     0xbcee
 .debug_line    0x00000000      0x455 Drivers\STM32L4xx_HAL_Driver\Src\stm32l4xx_hal.o
 .debug_line    0x00000455      0xe54 Drivers\STM32L4xx_HAL_Driver\Src\stm32l4xx_hal_adc.o
 .debug_line    0x000012a9      0xc5d Drivers\STM32L4xx_HAL_Driver\Src\stm32l4xx_hal_adc_ex.o
 .debug_line    0x00001f06      0x451 Drivers\STM32L4xx_HAL_Driver\Src\stm32l4xx_hal_cortex.o
 .debug_line    0x00002357      0x4e4 Drivers\STM32L4xx_HAL_Driver\Src\stm32l4xx_hal_dma.o
 .debug_line    0x0000283b      0x3e9 Drivers\STM32L4xx_HAL_Driver\Src\stm32l4xx_hal_gpio.o
 .debug_line    0x00002c24     0x1932 Drivers\STM32L4xx_HAL_Driver\Src\stm32l4xx_hal_i2c.o
 .debug_line    0x00004556      0x36d Drivers\STM32L4xx_HAL_Driver\Src\stm32l4xx_hal_i2c_ex.o
 .debug_line    0x000048c3      0x5d5 Drivers\STM32L4xx_HAL_Driver\Src\stm32l4xx_hal_pwr_ex.o
 .debug_line    0x00004e98      0x5bd Drivers\STM32L4xx_HAL_Driver\Src\stm32l4xx_hal_rcc.o
 .debug_line    0x00005455      0x6fc Drivers\STM32L4xx_HAL_Driver\Src\stm32l4xx_hal_rcc_ex.o
 .debug_line    0x00005b51      0xa26 Drivers\STM32L4xx_HAL_Driver\Src\stm32l4xx_hal_sd.o
 .debug_line    0x00006577      0xdc4 Drivers\STM32L4xx_HAL_Driver\Src\stm32l4xx_hal_uart.o
 .debug_line    0x0000733b      0x6e0 Drivers\STM32L4xx_HAL_Driver\Src\stm32l4xx_ll_sdmmc.o
 .debug_line    0x00007a1b      0x36d Middlewares\Third_Party\FatFs\src\diskio.o
 .debug_line    0x00007d88     0x1330 Middlewares\Third_Party\FatFs\src\ff.o
 .debug_line    0x000090b8      0x375 Middlewares\Third_Party\FatFs\src\ff_gen_drv.o
 .debug_line    0x0000942d      0x2fd Src\adc.o
 .debug_line    0x0000972a      0x343 Src\bsp_driver_sd.o
 .debug_line    0x00009a6d      0x1f8 Src\dma.o
 .debug_line    0x00009c65      0x34c Src\fatfs.o
 .debug_line    0x00009fb1      0x20c Src\gpio.o
 .debug_line    0x0000a1bd      0x2af Src\i2c.o
 .debug_line    0x0000a46c      0x809 Src\main.o
 .debug_line    0x0000ac75      0x3e2 Src\sd_diskio.o
 .debug_line    0x0000b057      0x2b7 Src\sdmmc.o
 .debug_line    0x0000b30e      0x1e7 Src\stm32l4xx_hal_msp.o
 .debug_line    0x0000b4f5      0x26d Src\stm32l4xx_it.o
 .debug_line    0x0000b762      0x248 Src\system_stm32l4xx.o
 .debug_line    0x0000b9aa      0x2c5 Src\usart.o
 .debug_line    0x0000bc6f       0x7f startup\startup_stm32l476xx.o

.debug_str      0x00000000     0x6db7
 .debug_str     0x00000000      0xc91 Drivers\STM32L4xx_HAL_Driver\Src\stm32l4xx_hal.o
                                0xd18 (size before relaxing)
 .debug_str     0x00000c91      0xdb0 Drivers\STM32L4xx_HAL_Driver\Src\stm32l4xx_hal_adc.o
                               0x11a2 (size before relaxing)
 .debug_str     0x00001a41      0x5cf Drivers\STM32L4xx_HAL_Driver\Src\stm32l4xx_hal_adc_ex.o
                               0x1148 (size before relaxing)
 .debug_str     0x00002010      0x3c3 Drivers\STM32L4xx_HAL_Driver\Src\stm32l4xx_hal_cortex.o
                                0xc7c (size before relaxing)
 .debug_str     0x000023d3      0x248 Drivers\STM32L4xx_HAL_Driver\Src\stm32l4xx_hal_dma.o
                                0x6d4 (size before relaxing)
 .debug_str     0x0000261b      0x1da Drivers\STM32L4xx_HAL_Driver\Src\stm32l4xx_hal_gpio.o
                                0x5d1 (size before relaxing)
 .debug_str     0x000027f5      0xb1b Drivers\STM32L4xx_HAL_Driver\Src\stm32l4xx_hal_i2c.o
                               0x1002 (size before relaxing)
 .debug_str     0x00003310       0xf3 Drivers\STM32L4xx_HAL_Driver\Src\stm32l4xx_hal_i2c_ex.o
                                0x979 (size before relaxing)
 .debug_str     0x00003403      0x526 Drivers\STM32L4xx_HAL_Driver\Src\stm32l4xx_hal_pwr_ex.o
                                0x868 (size before relaxing)
 .debug_str     0x00003929      0x346 Drivers\STM32L4xx_HAL_Driver\Src\stm32l4xx_hal_rcc.o
                                0x8ae (size before relaxing)
 .debug_str     0x00003c6f      0x595 Drivers\STM32L4xx_HAL_Driver\Src\stm32l4xx_hal_rcc_ex.o
                                0xb3e (size before relaxing)
 .debug_str     0x00004204      0xc55 Drivers\STM32L4xx_HAL_Driver\Src\stm32l4xx_hal_sd.o
                               0x119f (size before relaxing)
 .debug_str     0x00004e59      0x8fa Drivers\STM32L4xx_HAL_Driver\Src\stm32l4xx_hal_uart.o
                                0xfbc (size before relaxing)
 .debug_str     0x00005753      0x1fd Drivers\STM32L4xx_HAL_Driver\Src\stm32l4xx_ll_sdmmc.o
                                0x84b (size before relaxing)
 .debug_str     0x00005950      0x4d2 Middlewares\Third_Party\FatFs\src\diskio.o
                                0x761 (size before relaxing)
 .debug_str     0x00005e22      0x5b8 Middlewares\Third_Party\FatFs\src\ff.o
                                0xcef (size before relaxing)
 .debug_str     0x000063da       0xa2 Middlewares\Third_Party\FatFs\src\ff_gen_drv.o
                                0x7b2 (size before relaxing)
 .debug_str     0x0000647c       0x49 Src\adc.o
                                0x9f5 (size before relaxing)
 .debug_str     0x000064c5      0x176 Src\bsp_driver_sd.o
                                0x9b1 (size before relaxing)
 .debug_str     0x0000663b       0x19 Src\dma.o
                                0x88f (size before relaxing)
 .debug_str     0x00006654       0x43 Src\fatfs.o
                                0x82c (size before relaxing)
 .debug_str     0x00006697       0x1b Src\gpio.o