Archive member included to satisfy reference by file (symbol)

c:/program files (x86)/atollic/truestudio for stm32 9.0.1/armtools/bin/../lib/gcc/arm-atollic-eabi/6.3.1/../../../../arm-atollic-eabi/lib/armv7e-m/fpu\libc_nano.a(lib_a-atoi.o)
                              Src\main.o (atoi)
c:/program files (x86)/atollic/truestudio for stm32 9.0.1/armtools/bin/../lib/gcc/arm-atollic-eabi/6.3.1/../../../../arm-atollic-eabi/lib/armv7e-m/fpu\libc_nano.a(lib_a-init.o)
                              startup\startup_stm32l476xx.o (__libc_init_array)
c:/program files (x86)/atollic/truestudio for stm32 9.0.1/armtools/bin/../lib/gcc/arm-atollic-eabi/6.3.1/../../../../arm-atollic-eabi/lib/armv7e-m/fpu\libc_nano.a(lib_a-itoa.o)
                              Src\main.o (itoa)
c:/program files (x86)/atollic/truestudio for stm32 9.0.1/armtools/bin/../lib/gcc/arm-atollic-eabi/6.3.1/../../../../arm-atollic-eabi/lib/armv7e-m/fpu\libc_nano.a(lib_a-memset.o)
                              Src\adc.o (memset)
c:/program files (x86)/atollic/truestudio for stm32 9.0.1/armtools/bin/../lib/gcc/arm-atollic-eabi/6.3.1/../../../../arm-atollic-eabi/lib/armv7e-m/fpu\libc_nano.a(lib_a-sprintf.o)
                              Src\main.o (sprintf)
c:/program files (x86)/atollic/truestudio for stm32 9.0.1/armtools/bin/../lib/gcc/arm-atollic-eabi/6.3.1/../../../../arm-atollic-eabi/lib/armv7e-m/fpu\libc_nano.a(lib_a-strcat.o)
                              Src\main.o (strcat)
c:/program files (x86)/atollic/truestudio for stm32 9.0.1/armtools/bin/../lib/gcc/arm-atollic-eabi/6.3.1/../../../../arm-atollic-eabi/lib/armv7e-m/fpu\libc_nano.a(lib_a-strchr.o)
                              Src\main.o (strchr)
c:/program files (x86)/atollic/truestudio for stm32 9.0.1/armtools/bin/../lib/gcc/arm-atollic-eabi/6.3.1/../../../../arm-atollic-eabi/lib/armv7e-m/fpu\libc_nano.a(lib_a-strlen.o)
                              Src\main.o (strlen)
c:/program files (x86)/atollic/truestudio for stm32 9.0.1/armtools/bin/../lib/gcc/arm-atollic-eabi/6.3.1/../../../../arm-atollic-eabi/lib/armv7e-m/fpu\libc_nano.a(lib_a-strstr.o)
                              Src\main.o (strstr)
c:/program files (x86)/atollic/truestudio for stm32 9.0.1/armtools/bin/../lib/gcc/arm-atollic-eabi/6.3.1/../../../../arm-atollic-eabi/lib/armv7e-m/fpu\libc_nano.a(lib_a-strtol.o)
                              c:/program files (x86)/atollic/truestudio for stm32 9.0.1/armtools/bin/../lib/gcc/arm-atollic-eabi/6.3.1/../../../../arm-atollic-eabi/lib/armv7e-m/fpu\libc_nano.a(lib_a-atoi.o) (_strtol_r)
c:/program files (x86)/atollic/truestudio for stm32 9.0.1/armtools/bin/../lib/gcc/arm-atollic-eabi/6.3.1/../../../../arm-atollic-eabi/lib/armv7e-m/fpu\libc_nano.a(lib_a-utoa.o)
                              c:/program files (x86)/atollic/truestudio for stm32 9.0.1/armtools/bin/../lib/gcc/arm-atollic-eabi/6.3.1/../../../../arm-atollic-eabi/lib/armv7e-m/fpu\libc_nano.a(lib_a-itoa.o) (__utoa)
c:/program files (x86)/atollic/truestudio for stm32 9.0.1/armtools/bin/../lib/gcc/arm-atollic-eabi/6.3.1/../../../../arm-atollic-eabi/lib/armv7e-m/fpu\libc_nano.a(lib_a-impure.o)
                              c:/program files (x86)/atollic/truestudio for stm32 9.0.1/armtools/bin/../lib/gcc/arm-atollic-eabi/6.3.1/../../../../arm-atollic-eabi/lib/armv7e-m/fpu\libc_nano.a(lib_a-sprintf.o) (_impure_ptr)
c:/program files (x86)/atollic/truestudio for stm32 9.0.1/armtools/bin/../lib/gcc/arm-atollic-eabi/6.3.1/../../../../arm-atollic-eabi/lib/armv7e-m/fpu\libc_nano.a(lib_a-locale.o)
                              c:/program files (x86)/atollic/truestudio for stm32 9.0.1/armtools/bin/../lib/gcc/arm-atollic-eabi/6.3.1/../../../../arm-atollic-eabi/lib/armv7e-m/fpu\libc_nano.a(lib_a-strtol.o) (__locale_ctype_ptr_l)
c:/program files (x86)/atollic/truestudio for stm32 9.0.1/armtools/bin/../lib/gcc/arm-atollic-eabi/6.3.1/../../../../arm-atollic-eabi/lib/armv7e-m/fpu\libc_nano.a(lib_a-mbtowc_r.o)
                              c:/program files (x86)/atollic/truestudio for stm32 9.0.1/armtools/bin/../lib/gcc/arm-atollic-eabi/6.3.1/../../../../arm-atollic-eabi/lib/armv7e-m/fpu\libc_nano.a(lib_a-locale.o) (__ascii_mbtowc)
c:/program files (x86)/atollic/truestudio for stm32 9.0.1/armtools/bin/../lib/gcc/arm-atollic-eabi/6.3.1/../../../../arm-atollic-eabi/lib/armv7e-m/fpu\libc_nano.a(lib_a-nano-svfprintf.o)
                              c:/program files (x86)/atollic/truestudio for stm32 9.0.1/armtools/bin/../lib/gcc/arm-atollic-eabi/6.3.1/../../../../arm-atollic-eabi/lib/armv7e-m/fpu\libc_nano.a(lib_a-sprintf.o) (_svfprintf_r)
c:/program files (x86)/atollic/truestudio for stm32 9.0.1/armtools/bin/../lib/gcc/arm-atollic-eabi/6.3.1/../../../../arm-atollic-eabi/lib/armv7e-m/fpu\libc_nano.a(lib_a-nano-vfprintf_i.o)
                              c:/program files (x86)/atollic/truestudio for stm32 9.0.1/armtools/bin/../lib/gcc/arm-atollic-eabi/6.3.1/../../../../arm-atollic-eabi/lib/armv7e-m/fpu\libc_nano.a(lib_a-nano-svfprintf.o) (_printf_i)
[...]
Memory Configuration

Name             Origin             Length             Attributes
RAM              0x20000000         0x00018000         xrw
RAM2             0x10000000         0x00008000         xrw
FLASH            0x08000000         0x00100000         xr
*default*        0x00000000         0xffffffff

Linker script and memory map

LOAD c:/program files (x86)/atollic/truestudio for stm32 9.0.1/armtools/bin/../lib/gcc/arm-atollic-eabi/6.3.1/armv7e-m/fpu/crti.o
LOAD c:/program files (x86)/atollic/truestudio for stm32 9.0.1/armtools/bin/../lib/gcc/arm-atollic-eabi/6.3.1/armv7e-m/fpu/crtbegin.o
LOAD Drivers\STM32L4xx_HAL_Driver\Src\stm32l4xx_hal.o
LOAD Drivers\STM32L4xx_HAL_Driver\Src\stm32l4xx_hal_adc.o
LOAD Drivers\STM32L4xx_HAL_Driver\Src\stm32l4xx_hal_adc_ex.o
LOAD Drivers\STM32L4xx_HAL_Driver\Src\stm32l4xx_hal_cortex.o
LOAD Drivers\STM32L4xx_HAL_Driver\Src\stm32l4xx_hal_dma.o
LOAD Drivers\STM32L4xx_HAL_Driver\Src\stm32l4xx_hal_dma_ex.o
LOAD Drivers\STM32L4xx_HAL_Driver\Src\stm32l4xx_hal_flash.o
LOAD Drivers\STM32L4xx_HAL_Driver\Src\stm32l4xx_hal_flash_ex.o
LOAD Drivers\STM32L4xx_HAL_Driver\Src\stm32l4xx_hal_flash_ramfunc.o
LOAD Drivers\STM32L4xx_HAL_Driver\Src\stm32l4xx_hal_gpio.o
LOAD Drivers\STM32L4xx_HAL_Driver\Src\stm32l4xx_hal_i2c.o
LOAD Drivers\STM32L4xx_HAL_Driver\Src\stm32l4xx_hal_i2c_ex.o
LOAD Drivers\STM32L4xx_HAL_Driver\Src\stm32l4xx_hal_pwr.o
LOAD Drivers\STM32L4xx_HAL_Driver\Src\stm32l4xx_hal_pwr_ex.o
LOAD Drivers\STM32L4xx_HAL_Driver\Src\stm32l4xx_hal_rcc.o
LOAD Drivers\STM32L4xx_HAL_Driver\Src\stm32l4xx_hal_rcc_ex.o
LOAD Drivers\STM32L4xx_HAL_Driver\Src\stm32l4xx_hal_sd.o
LOAD Drivers\STM32L4xx_HAL_Driver\Src\stm32l4xx_hal_sd_ex.o
LOAD Drivers\STM32L4xx_HAL_Driver\Src\stm32l4xx_hal_tim.o
LOAD Drivers\STM32L4xx_HAL_Driver\Src\stm32l4xx_hal_tim_ex.o
LOAD Drivers\STM32L4xx_HAL_Driver\Src\stm32l4xx_hal_uart.o
LOAD Drivers\STM32L4xx_HAL_Driver\Src\stm32l4xx_hal_uart_ex.o
LOAD Drivers\STM32L4xx_HAL_Driver\Src\stm32l4xx_ll_sdmmc.o
LOAD Middlewares\Third_Party\FatFs\src\diskio.o
LOAD Middlewares\Third_Party\FatFs\src\ff.o
LOAD Middlewares\Third_Party\FatFs\src\ff_gen_drv.o
LOAD Middlewares\Third_Party\FatFs\src\option\syscall.o
LOAD Src\adc.o
LOAD Src\bsp_driver_sd.o
LOAD Src\dma.o
LOAD Src\fatfs.o
LOAD Src\flash.o
LOAD Src\gpio.o
LOAD Src\i2c.o
LOAD Src\main.o
LOAD Src\sd_diskio.o
LOAD Src\sdmmc.o
LOAD Src\stm32l4xx_hal_msp.o
LOAD Src\stm32l4xx_it.o
LOAD Src\system_stm32l4xx.o
LOAD Src\usart.o
LOAD startup\startup_stm32l476xx.o
                0x00000080                malloc_getpagesize_P = 0x80
START GROUP
LOAD c:/program files (x86)/atollic/truestudio for stm32 9.0.1/armtools/bin/../lib/gcc/arm-atollic-eabi/6.3.1/../../../../arm-atollic-eabi/lib/armv7e-m/fpu\libc_nano.a
LOAD c:/program files (x86)/atollic/truestudio for stm32 9.0.1/armtools/bin/../lib/gcc/arm-atollic-eabi/6.3.1/../../../../arm-atollic-eabi/lib/armv7e-m/fpu\libm.a
END GROUP
START GROUP
LOAD c:/program files (x86)/atollic/truestudio for stm32 9.0.1/armtools/bin/../lib/gcc/arm-atollic-eabi/6.3.1/armv7e-m/fpu\libgcc.a
LOAD c:/program files (x86)/atollic/truestudio for stm32 9.0.1/armtools/bin/../lib/gcc/arm-atollic-eabi/6.3.1/../../../../arm-atollic-eabi/lib/armv7e-m/fpu\libc_nano.a
END GROUP
START GROUP
LOAD c:/program files (x86)/atollic/truestudio for stm32 9.0.1/armtools/bin/../lib/gcc/arm-atollic-eabi/6.3.1/armv7e-m/fpu\libgcc.a
LOAD c:/program files (x86)/atollic/truestudio for stm32 9.0.1/armtools/bin/../lib/gcc/arm-atollic-eabi/6.3.1/../../../../arm-atollic-eabi/lib/armv7e-m/fpu\libc_nano.a
LOAD c:/program files (x86)/atollic/truestudio for stm32 9.0.1/armtools/bin/../lib/gcc/arm-atollic-eabi/6.3.1/../../../../arm-atollic-eabi/lib/armv7e-m/fpu\libnosys.a
END GROUP
START GROUP
LOAD c:/program files (x86)/atollic/truestudio for stm32 9.0.1/armtools/bin/../lib/gcc/arm-atollic-eabi/6.3.1/armv7e-m/fpu\libgcc.a
LOAD c:/program files (x86)/atollic/truestudio for stm32 9.0.1/armtools/bin/../lib/gcc/arm-atollic-eabi/6.3.1/../../../../arm-atollic-eabi/lib/armv7e-m/fpu\libc_nano.a
LOAD c:/program files (x86)/atollic/truestudio for stm32 9.0.1/armtools/bin/../lib/gcc/arm-atollic-eabi/6.3.1/../../../../arm-atollic-eabi/lib/armv7e-m/fpu\libnosys.a
END GROUP
LOAD c:/program files (x86)/atollic/truestudio for stm32 9.0.1/armtools/bin/../lib/gcc/arm-atollic-eabi/6.3.1/armv7e-m/fpu/crtend.o
LOAD c:/program files (x86)/atollic/truestudio for stm32 9.0.1/armtools/bin/../lib/gcc/arm-atollic-eabi/6.3.1/armv7e-m/fpu/crtn.o
                0x20018000                _estack = 0x20018000
                0x00002000                _Min_Heap_Size = 0x2000
                0x00004000                _Min_Stack_Size = 0x4000

.isr_vector     0x08000000      0x188
                0x08000000                . = ALIGN (0x4)
 *(.isr_vector)
 .isr_vector    0x08000000      0x188 startup\startup_stm32l476xx.o
                0x08000000                g_pfnVectors
                0x08000188                . = ALIGN (0x4)

.text           0x08000188     0x6b5c
                0x08000188                . = ALIGN (0x4)
 *(.text)
 .text          0x08000188       0x40 c:/program files (x86)/atollic/truestudio for stm32 9.0.1/armtools/bin/../lib/gcc/arm-atollic-eabi/6.3.1/armv7e-m/fpu/crtbegin.o
 .text          0x080001c8       0x10 c:/program files (x86)/atollic/truestudio for stm32 9.0.1/armtools/bin/../lib/gcc/arm-atollic-eabi/6.3.1/../../../../arm-atollic-eabi/lib/armv7e-m/fpu\libc_nano.a(lib_a-strlen.o)
                0x080001c8                strlen
 .text          0x080001d8       0x30 c:/program files (x86)/atollic/truestudio for stm32 9.0.1/armtools/bin/../lib/gcc/arm-atollic-eabi/6.3.1/armv7e-m/fpu\libgcc.a(_aeabi_uldivmod.o)
                0x080001d8                __aeabi_uldivmod
 .text          0x08000208      0x2dc c:/program files (x86)/atollic/truestudio for stm32 9.0.1/armtools/bin/../lib/gcc/arm-atollic-eabi/6.3.1/armv7e-m/fpu\libgcc.a(_udivmoddi4.o)
                0x08000208                __udivmoddi4
 .text          0x080004e4        0x4 c:/program files (x86)/atollic/truestudio for stm32 9.0.1/armtools/bin/../lib/gcc/arm-atollic-eabi/6.3.1/armv7e-m/fpu\libgcc.a(_dvmd_tls.o)
                0x080004e4                __aeabi_idiv0
                0x080004e4                __aeabi_ldiv0
 *(.text*)
 .text.HAL_InitTick
                0x080004e8       0x30 Drivers\STM32L4xx_HAL_Driver\Src\stm32l4xx_hal.o
                0x080004e8                HAL_InitTick
 .text.HAL_Init
                0x08000518       0x2c Drivers\STM32L4xx_HAL_Driver\Src\stm32l4xx_hal.o
                0x08000518                HAL_Init
 .text.HAL_IncTick
                0x08000544       0x10 Drivers\STM32L4xx_HAL_Driver\Src\stm32l4xx_hal.o
                0x08000544                HAL_IncTick
 .text.HAL_GetTick
                0x08000554        0xc Drivers\STM32L4xx_HAL_Driver\Src\stm32l4xx_hal.o
                0x08000554                HAL_GetTick
 .text.HAL_Delay
                0x08000560       0x1c Drivers\STM32L4xx_HAL_Driver\Src\stm32l4xx_hal.o
                0x08000560                HAL_Delay
 .text.LL_ADC_SetChannelSamplingTime
                0x0800057c       0x24 Drivers\STM32L4xx_HAL_Driver\Src\stm32l4xx_hal_adc.o
 .text.LL_ADC_IsEnabled
                0x080005a0        0x8 Drivers\STM32L4xx_HAL_Driver\Src\stm32l4xx_hal_adc.o
 .text.LL_ADC_REG_IsConversionOngoing
                0x080005a8        0x8 Drivers\STM32L4xx_HAL_Driver\Src\stm32l4xx_hal_adc.o
 .text.HAL_ADC_Init
                0x080005b0      0x1c0 Drivers\STM32L4xx_HAL_Driver\Src\stm32l4xx_hal_adc.o
                0x080005b0                HAL_ADC_Init
 .text.HAL_ADC_ConvCpltCallback
                0x08000770        0x2 Drivers\STM32L4xx_HAL_Driver\Src\stm32l4xx_hal_adc.o
                0x08000770                HAL_ADC_ConvCpltCallback
 .text.HAL_ADC_ConvHalfCpltCallback
                0x08000772        0x2 Drivers\STM32L4xx_HAL_Driver\Src\stm32l4xx_hal_adc.o
                0x08000772                HAL_ADC_ConvHalfCpltCallback
 .text.ADC_DMAHalfConvCplt
                0x08000774        0xa Drivers\STM32L4xx_HAL_Driver\Src\stm32l4xx_hal_adc.o
                0x08000774                ADC_DMAHalfConvCplt
 .text.HAL_ADC_ErrorCallback
                0x0800077e        0x2 Drivers\STM32L4xx_HAL_Driver\Src\stm32l4xx_hal_adc.o
                0x0800077e                HAL_ADC_ErrorCallback
 .text.ADC_DMAConvCplt
                0x08000780       0x68 Drivers\STM32L4xx_HAL_Driver\Src\stm32l4xx_hal_adc.o
                0x08000780                ADC_DMAConvCplt
 .text.ADC_DMAError
                0x080007e8       0x1a Drivers\STM32L4xx_HAL_Driver\Src\stm32l4xx_hal_adc.o
                0x080007e8                ADC_DMAError
 *fill*         0x08000802        0x2 
 .text.HAL_ADC_ConfigChannel
                0x08000804      0x3c4 Drivers\STM32L4xx_HAL_Driver\Src\stm32l4xx_hal_adc.o
                0x08000804                HAL_ADC_ConfigChannel
 .text.ADC_Enable
                0x08000bc8       0x70 Drivers\STM32L4xx_HAL_Driver\Src\stm32l4xx_hal_adc.o
                0x08000bc8                ADC_Enable
 .text.HAL_ADC_Start
                0x08000c38       0xe4 Drivers\STM32L4xx_HAL_Driver\Src\stm32l4xx_hal_adc.o
                0x08000c38                HAL_ADC_Start
 .text.HAL_ADC_Start_DMA
                0x08000d1c       0xfc Drivers\STM32L4xx_HAL_Driver\Src\stm32l4xx_hal_adc.o
                0x08000d1c                HAL_ADC_Start_DMA
 .text.LL_ADC_IsEnabled
                0x08000e18        0x8 Drivers\STM32L4xx_HAL_Driver\Src\stm32l4xx_hal_adc_ex.o
 .text.LL_ADC_REG_IsConversionOngoing
                0x08000e20        0x8 Drivers\STM32L4xx_HAL_Driver\Src\stm32l4xx_hal_adc_ex.o
 .text.HAL_ADCEx_MultiModeConfigChannel
                0x08000e28       0xf0 Drivers\STM32L4xx_HAL_Driver\Src\stm32l4xx_hal_adc_ex.o
                0x08000e28                HAL_ADCEx_MultiModeConfigChannel
 .text.HAL_NVIC_SetPriorityGrouping
                0x08000f18       0x24 Drivers\STM32L4xx_HAL_Driver\Src\stm32l4xx_hal_cortex.o
                0x08000f18                HAL_NVIC_SetPriorityGrouping
 .text.HAL_NVIC_SetPriority
                0x08000f3c       0x68 Drivers\STM32L4xx_HAL_Driver\Src\stm32l4xx_hal_cortex.o
                0x08000f3c                HAL_NVIC_SetPriority
 .text.HAL_NVIC_EnableIRQ
                0x08000fa4       0x18 Drivers\STM32L4xx_HAL_Driver\Src\stm32l4xx_hal_cortex.o
                0x08000fa4                HAL_NVIC_EnableIRQ
 .text.HAL_SYSTICK_Config
                0x08000fbc       0x2c Drivers\STM32L4xx_HAL_Driver\Src\stm32l4xx_hal_cortex.o
                0x08000fbc                HAL_SYSTICK_Config
 .text.HAL_DMA_Init
                0x08000fe8       0xc4 Drivers\STM32L4xx_HAL_Driver\Src\stm32l4xx_hal_dma.o
                0x08000fe8                HAL_DMA_Init
 .text.HAL_DMA_Start_IT
                0x080010ac       0x80 Drivers\STM32L4xx_HAL_Driver\Src\stm32l4xx_hal_dma.o
                0x080010ac                HAL_DMA_Start_IT
 .text.HAL_DMA_IRQHandler
                0x0800112c       0x94 Drivers\STM32L4xx_HAL_Driver\Src\stm32l4xx_hal_dma.o
                0x0800112c                HAL_DMA_IRQHandler
 .text.FLASH_Program_Fast
                0x080011c0       0x24 Drivers\STM32L4xx_HAL_Driver\Src\stm32l4xx_hal_flash.o
 .text.HAL_FLASH_Unlock
                0x080011e4       0x24 Drivers\STM32L4xx_HAL_Driver\Src\stm32l4xx_hal_flash.o
                0x080011e4                HAL_FLASH_Unlock
 .text.HAL_FLASH_Lock
                0x08001208       0x14 Drivers\STM32L4xx_HAL_Driver\Src\stm32l4xx_hal_flash.o
                0x08001208                HAL_FLASH_Lock
 .text.FLASH_WaitForLastOperation
                0x0800121c       0x78 Drivers\STM32L4xx_HAL_Driver\Src\stm32l4xx_hal_flash.o
                0x0800121c                FLASH_WaitForLastOperation
 .text.HAL_FLASH_Program
                0x08001294       0xa0 Drivers\STM32L4xx_HAL_Driver\Src\stm32l4xx_hal_flash.o
                0x08001294                HAL_FLASH_Program
 .text.FLASH_MassErase
                0x08001334       0x2c Drivers\STM32L4xx_HAL_Driver\Src\stm32l4xx_hal_flash_ex.o
 .text.FLASH_PageErase
                0x08001360       0x3c Drivers\STM32L4xx_HAL_Driver\Src\stm32l4xx_hal_flash_ex.o
                0x08001360                FLASH_PageErase
 .text.FLASH_FlushCaches
                0x0800139c       0x58 Drivers\STM32L4xx_HAL_Driver\Src\stm32l4xx_hal_flash_ex.o
                0x0800139c                FLASH_FlushCaches
 .text.HAL_FLASHEx_Erase
                0x080013f4       0xe8 Drivers\STM32L4xx_HAL_Driver\Src\stm32l4xx_hal_flash_ex.o
                0x080013f4                HAL_FLASHEx_Erase
 .text.HAL_GPIO_Init
                0x080014dc      0x1b8 Drivers\STM32L4xx_HAL_Driver\Src\stm32l4xx_hal_gpio.o
                0x080014dc                HAL_GPIO_Init
 .text.HAL_GPIO_DeInit
                0x08001694      0x134 Drivers\STM32L4xx_HAL_Driver\Src\stm32l4xx_hal_gpio.o
                0x08001694                HAL_GPIO_DeInit
 .text.HAL_GPIO_WritePin
                0x080017c8        0xa Drivers\STM32L4xx_HAL_Driver\Src\stm32l4xx_hal_gpio.o
                0x080017c8                HAL_GPIO_WritePin
 .text.HAL_GPIO_TogglePin
                0x080017d2        0x8 Drivers\STM32L4xx_HAL_Driver\Src\stm32l4xx_hal_gpio.o
                0x080017d2                HAL_GPIO_TogglePin
 .text.I2C_Flush_TXDR
                0x080017da       0x1c Drivers\STM32L4xx_HAL_Driver\Src\stm32l4xx_hal_i2c.o
 .text.I2C_TransferConfig
                0x080017f6       0x34 Drivers\STM32L4xx_HAL_Driver\Src\stm32l4xx_hal_i2c.o
 .text.I2C_WaitOnFlagUntilTimeout
                0x0800182a       0x56 Drivers\STM32L4xx_HAL_Driver\Src\stm32l4xx_hal_i2c.o
 .text.I2C_IsAcknowledgeFailed
                0x08001880       0x7a Drivers\STM32L4xx_HAL_Driver\Src\stm32l4xx_hal_i2c.o
 .text.I2C_WaitOnTXISFlagUntilTimeout
                0x080018fa       0x4e Drivers\STM32L4xx_HAL_Driver\Src\stm32l4xx_hal_i2c.o
 .text.I2C_RequestMemoryWrite
                0x08001948       0x64 Drivers\STM32L4xx_HAL_Driver\Src\stm32l4xx_hal_i2c.o
 .text.I2C_RequestMemoryRead
                0x080019ac       0x64 Drivers\STM32L4xx_HAL_Driver\Src\stm32l4xx_hal_i2c.o
 .text.I2C_WaitOnSTOPFlagUntilTimeout
                0x08001a10       0x4a Drivers\STM32L4xx_HAL_Driver\Src\stm32l4xx_hal_i2c.o
 .text.HAL_I2C_Init
                0x08001a5a       0xa2 Drivers\STM32L4xx_HAL_Driver\Src\stm32l4xx_hal_i2c.o
                0x08001a5a                HAL_I2C_Init
 .text.HAL_I2C_Mem_Write
                0x08001afc      0x16e Drivers\STM32L4xx_HAL_Driver\Src\stm32l4xx_hal_i2c.o
                0x08001afc                HAL_I2C_Mem_Write
 *fill*         0x08001c6a        0x2 
 .text.HAL_I2C_Mem_Read
                0x08001c6c      0x17c Drivers\STM32L4xx_HAL_Driver\Src\stm32l4xx_hal_i2c.o
                0x08001c6c                HAL_I2C_Mem_Read
 .text.HAL_I2CEx_ConfigAnalogFilter
                0x08001de8       0x4c Drivers\STM32L4xx_HAL_Driver\Src\stm32l4xx_hal_i2c_ex.o
                0x08001de8                HAL_I2CEx_ConfigAnalogFilter
 .text.HAL_I2CEx_ConfigDigitalFilter
                0x08001e34       0x4a Drivers\STM32L4xx_HAL_Driver\Src\stm32l4xx_hal_i2c_ex.o
                0x08001e34                HAL_I2CEx_ConfigDigitalFilter
 *fill*         0x08001e7e        0x2 
 .text.HAL_PWREx_GetVoltageRange
                0x08001e80       0x10 Drivers\STM32L4xx_HAL_Driver\Src\stm32l4xx_hal_pwr_ex.o
                0x08001e80                HAL_PWREx_GetVoltageRange
 .text.HAL_PWREx_ControlVoltageScaling
                0x08001e90       0x6c Drivers\STM32L4xx_HAL_Driver\Src\stm32l4xx_hal_pwr_ex.o
                0x08001e90                HAL_PWREx_ControlVoltageScaling
 .text.RCC_SetFlashLatencyFromMSIRange
                0x08001efc       0x84 Drivers\STM32L4xx_HAL_Driver\Src\stm32l4xx_hal_rcc.o
 .text.HAL_RCC_GetSysClockFreq
                0x08001f80       0xa8 Drivers\STM32L4xx_HAL_Driver\Src\stm32l4xx_hal_rcc.o
                0x08001f80                HAL_RCC_GetSysClockFreq
 .text.HAL_RCC_OscConfig
                0x08002028      0x44c Drivers\STM32L4xx_HAL_Driver\Src\stm32l4xx_hal_rcc.o
                0x08002028                HAL_RCC_OscConfig
 .text.HAL_RCC_ClockConfig
                0x08002474      0x124 Drivers\STM32L4xx_HAL_Driver\Src\stm32l4xx_hal_rcc.o
                0x08002474                HAL_RCC_ClockConfig
 .text.HAL_RCC_GetPCLK1Freq
                0x08002598       0x24 Drivers\STM32L4xx_HAL_Driver\Src\stm32l4xx_hal_rcc.o
                0x08002598                HAL_RCC_GetPCLK1Freq
 .text.HAL_RCC_GetPCLK2Freq
                0x080025bc       0x24 Drivers\STM32L4xx_HAL_Driver\Src\stm32l4xx_hal_rcc.o
                0x080025bc                HAL_RCC_GetPCLK2Freq
 .text.RCCEx_PLLSAI1_Config
                0x080025e0      0x11c Drivers\STM32L4xx_HAL_Driver\Src\stm32l4xx_hal_rcc_ex.o
 .text.RCCEx_PLLSAI2_Config
                0x080026fc       0xfc Drivers\STM32L4xx_HAL_Driver\Src\stm32l4xx_hal_rcc_ex.o
 .text.HAL_RCCEx_PeriphCLKConfig
                0x080027f8      0x3d0 Drivers\STM32L4xx_HAL_Driver\Src\stm32l4xx_hal_rcc_ex.o
                0x080027f8                HAL_RCCEx_PeriphCLKConfig
 .text.HAL_SD_ReadBlocks
                0x08002bc8      0x210 Drivers\STM32L4xx_HAL_Driver\Src\stm32l4xx_hal_sd.o
                0x08002bc8                HAL_SD_ReadBlocks
 .text.HAL_SD_WriteBlocks
                0x08002dd8      0x1a4 Drivers\STM32L4xx_HAL_Driver\Src\stm32l4xx_hal_sd.o
                0x08002dd8                HAL_SD_WriteBlocks
 .text.HAL_SD_GetCardCSD
                0x08002f7c      0x16c Drivers\STM32L4xx_HAL_Driver\Src\stm32l4xx_hal_sd.o
                0x08002f7c                HAL_SD_GetCardCSD
 .text.HAL_SD_InitCard
                0x080030e8      0x1fe Drivers\STM32L4xx_HAL_Driver\Src\stm32l4xx_hal_sd.o
                0x080030e8                HAL_SD_InitCard
 .text.HAL_SD_Init
                0x080032e6       0x36 Drivers\STM32L4xx_HAL_Driver\Src\stm32l4xx_hal_sd.o
                0x080032e6                HAL_SD_Init
 .text.HAL_SD_GetCardInfo
                0x0800331c       0x24 Drivers\STM32L4xx_HAL_Driver\Src\stm32l4xx_hal_sd.o
                0x0800331c                HAL_SD_GetCardInfo
 .text.HAL_SD_GetCardState
                0x08003340       0x28 Drivers\STM32L4xx_HAL_Driver\Src\stm32l4xx_hal_sd.o
                0x08003340                HAL_SD_GetCardState
 .text.HAL_UART_DeInit
                0x08003368       0x38 Drivers\STM32L4xx_HAL_Driver\Src\stm32l4xx_hal_uart.o
                0x08003368                HAL_UART_DeInit
 .text.UART_SetConfig
                0x080033a0      0x330 Drivers\STM32L4xx_HAL_Driver\Src\stm32l4xx_hal_uart.o
                0x080033a0                UART_SetConfig
 .text.UART_AdvFeatureConfig
                0x080036d0       0xa8 Drivers\STM32L4xx_HAL_Driver\Src\stm32l4xx_hal_uart.o
                0x080036d0                UART_AdvFeatureConfig
 .text.UART_WaitOnFlagUntilTimeout
                0x08003778       0x62 Drivers\STM32L4xx_HAL_Driver\Src\stm32l4xx_hal_uart.o
                0x08003778                UART_WaitOnFlagUntilTimeout
 .text.HAL_UART_Receive
                0x080037da       0xde Drivers\STM32L4xx_HAL_Driver\Src\stm32l4xx_hal_uart.o
                0x080037da                HAL_UART_Receive
 .text.UART_CheckIdleState
                0x080038b8       0x64 Drivers\STM32L4xx_HAL_Driver\Src\stm32l4xx_hal_uart.o
                0x080038b8                UART_CheckIdleState
 .text.HAL_UART_Init
                0x0800391c       0x64 Drivers\STM32L4xx_HAL_Driver\Src\stm32l4xx_hal_uart.o
                0x0800391c                HAL_UART_Init
 .text.SDMMC_GetCmdResp2
                0x08003980       0x4c Drivers\STM32L4xx_HAL_Driver\Src\stm32l4xx_ll_sdmmc.o
 .text.SDMMC_GetCmdResp3
                0x080039cc       0x40 Drivers\STM32L4xx_HAL_Driver\Src\stm32l4xx_ll_sdmmc.o
 .text.SDMMC_GetCmdResp1
                0x08003a0c      0x118 Drivers\STM32L4xx_HAL_Driver\Src\stm32l4xx_ll_sdmmc.o
 .text.SDMMC_Init
                0x08003b24       0x38 Drivers\STM32L4xx_HAL_Driver\Src\stm32l4xx_ll_sdmmc.o
                0x08003b24                SDMMC_Init
 .text.SDMMC_ReadFIFO
                0x08003b5c        0x6 Drivers\STM32L4xx_HAL_Driver\Src\stm32l4xx_ll_sdmmc.o
                0x08003b5c                SDMMC_ReadFIFO
 .text.SDMMC_WriteFIFO
                0x08003b62        0xa Drivers\STM32L4xx_HAL_Driver\Src\stm32l4xx_ll_sdmmc.o
                0x08003b62                SDMMC_WriteFIFO
 .text.SDMMC_PowerState_ON
                0x08003b6c        0x8 Drivers\STM32L4xx_HAL_Driver\Src\stm32l4xx_ll_sdmmc.o
                0x08003b6c                SDMMC_PowerState_ON
 .text.SDMMC_GetPowerState
                0x08003b74        0x8 Drivers\STM32L4xx_HAL_Driver\Src\stm32l4xx_ll_sdmmc.o
                0x08003b74                SDMMC_GetPowerState
 .text.SDMMC_SendCommand
                0x08003b7c       0x24 Drivers\STM32L4xx_HAL_Driver\Src\stm32l4xx_ll_sdmmc.o
                0x08003b7c                SDMMC_SendCommand
 .text.SDMMC_GetResponse
                0x08003ba0        0x6 Drivers\STM32L4xx_HAL_Driver\Src\stm32l4xx_ll_sdmmc.o
                0x08003ba0                SDMMC_GetResponse
 .text.SDMMC_ConfigData
                0x08003ba6       0x24 Drivers\STM32L4xx_HAL_Driver\Src\stm32l4xx_ll_sdmmc.o
                0x08003ba6                SDMMC_ConfigData
 .text.SDMMC_CmdBlockLength
                0x08003bca       0x30 Drivers\STM32L4xx_HAL_Driver\Src\stm32l4xx_ll_sdmmc.o
                0x08003bca                SDMMC_CmdBlockLength
 .text.SDMMC_CmdReadSingleBlock
                0x08003bfa       0x30 Drivers\STM32L4xx_HAL_Driver\Src\stm32l4xx_ll_sdmmc.o
                0x08003bfa                SDMMC_CmdReadSingleBlock
 .text.SDMMC_CmdReadMultiBlock
                0x08003c2a       0x30 Drivers\STM32L4xx_HAL_Driver\Src\stm32l4xx_ll_sdmmc.o
                0x08003c2a                SDMMC_CmdReadMultiBlock
 .text.SDMMC_CmdWriteSingleBlock
                0x08003c5a       0x30 Drivers\STM32L4xx_HAL_Driver\Src\stm32l4xx_ll_sdmmc.o
                0x08003c5a                SDMMC_CmdWriteSingleBlock
 .text.SDMMC_CmdWriteMultiBlock
                0x08003c8a       0x30 Drivers\STM32L4xx_HAL_Driver\Src\stm32l4xx_ll_sdmmc.o
                0x08003c8a                SDMMC_CmdWriteMultiBlock
 *fill*         0x08003cba        0x2 
 .text.SDMMC_CmdStopTransfer
                0x08003cbc       0x34 Drivers\STM32L4xx_HAL_Driver\Src\stm32l4xx_ll_sdmmc.o
                0x08003cbc                SDMMC_CmdStopTransfer
 .text.SDMMC_CmdSelDesel
                0x08003cf0       0x30 Drivers\STM32L4xx_HAL_Driver\Src\stm32l4xx_ll_sdmmc.o
                0x08003cf0                SDMMC_CmdSelDesel
 .text.SDMMC_CmdGoIdleState
                0x08003d20       0x50 Drivers\STM32L4xx_HAL_Driver\Src\stm32l4xx_ll_sdmmc.o
                0x08003d20                SDMMC_CmdGoIdleState
 .text.SDMMC_CmdOperCond
                0x08003d70       0x78 Drivers\STM32L4xx_HAL_Driver\Src\stm32l4xx_ll_sdmmc.o
                0x08003d70                SDMMC_CmdOperCond
 .text.SDMMC_CmdAppCommand
                0x08003de8       0x30 Drivers\STM32L4xx_HAL_Driver\Src\stm32l4xx_ll_sdmmc.o
                0x08003de8                SDMMC_CmdAppCommand
 .text.SDMMC_CmdAppOperCommand
                0x08003e18       0x32 Drivers\STM32L4xx_HAL_Driver\Src\stm32l4xx_ll_sdmmc.o
                0x08003e18                SDMMC_CmdAppOperCommand
 .text.SDMMC_CmdSendCID
                0x08003e4a       0x2a Drivers\STM32L4xx_HAL_Driver\Src\stm32l4xx_ll_sdmmc.o
                0x08003e4a                SDMMC_CmdSendCID
 .text.SDMMC_CmdSendCSD
                0x08003e74       0x2a Drivers\STM32L4xx_HAL_Driver\Src\stm32l4xx_ll_sdmmc.o
                0x08003e74                SDMMC_CmdSendCSD
 *fill*         0x08003e9e        0x2 
 .text.SDMMC_CmdSetRelAdd
                0x08003ea0       0x9c Drivers\STM32L4xx_HAL_Driver\Src\stm32l4xx_ll_sdmmc.o
                0x08003ea0                SDMMC_CmdSetRelAdd
 .text.SDMMC_CmdSendStatus
                0x08003f3c       0x30 Drivers\STM32L4xx_HAL_Driver\Src\stm32l4xx_ll_sdmmc.o
                0x08003f3c                SDMMC_CmdSendStatus
 .text.disk_status
                0x08003f6c       0x14 Middlewares\Third_Party\FatFs\src\diskio.o
                0x08003f6c                disk_status
 .text.disk_initialize
                0x08003f80       0x20 Middlewares\Third_Party\FatFs\src\diskio.o
                0x08003f80                disk_initialize
 .text.disk_read
                0x08003fa0       0x1c Middlewares\Third_Party\FatFs\src\diskio.o
                0x08003fa0                disk_read
 .text.disk_write
                0x08003fbc       0x1c Middlewares\Third_Party\FatFs\src\diskio.o
                0x08003fbc                disk_write
 .text.disk_ioctl
                0x08003fd8       0x1c Middlewares\Third_Party\FatFs\src\diskio.o
                0x08003fd8                disk_ioctl
 .text.ld_dword
                0x08003ff4       0x10 Middlewares\Third_Party\FatFs\src\ff.o
 .text.st_dword
                0x08004004       0x10 Middlewares\Third_Party\FatFs\src\ff.o
 .text.mem_set  0x08004014        0xc Middlewares\Third_Party\FatFs\src\ff.o
 .text.chk_lock
                0x08004020       0x5c Middlewares\Third_Party\FatFs\src\ff.o
 .text.inc_lock
                0x0800407c       0x78 Middlewares\Third_Party\FatFs\src\ff.o
 .text.dec_lock
                0x080040f4       0x30 Middlewares\Third_Party\FatFs\src\ff.o
 .text.clust2sect
                0x08004124       0x16 Middlewares\Third_Party\FatFs\src\ff.o
 .text.clmt_clust
                0x0800413a       0x28 Middlewares\Third_Party\FatFs\src\ff.o
 .text.get_ldnumber
                0x08004162       0x30 Middlewares\Third_Party\FatFs\src\ff.o
 .text.validate
                0x08004192       0x36 Middlewares\Third_Party\FatFs\src\ff.o
 .text.mem_cpy.part.0
                0x080041c8       0x12 Middlewares\Third_Party\FatFs\src\ff.o
 .text.ld_clust.isra.1
                0x080041da       0x1c Middlewares\Third_Party\FatFs\src\ff.o
 .text.st_clust.isra.2
                0x080041f6       0x18 Middlewares\Third_Party\FatFs\src\ff.o
 .text.sync_window.part.4
                0x0800420e       0x46 Middlewares\Third_Party\FatFs\src\ff.o
 .text.sync_window
                0x08004254        0xc Middlewares\Third_Party\FatFs\src\ff.o
 .text.sync_fs  0x08004260       0x94 Middlewares\Third_Party\FatFs\src\ff.o
 .text.move_window
                0x080042f4       0x36 Middlewares\Third_Party\FatFs\src\ff.o
 *fill*         0x0800432a        0x2 
 .text.check_fs
                0x0800432c       0x80 Middlewares\Third_Party\FatFs\src\ff.o
 .text.find_volume
                0x080043ac      0x2f8 Middlewares\Third_Party\FatFs\src\ff.o
 .text.put_fat  0x080046a4      0x128 Middlewares\Third_Party\FatFs\src\ff.o
 .text.get_fat.isra.8
                0x080047cc       0xe0 Middlewares\Third_Party\FatFs\src\ff.o
 .text.create_chain
                0x080048ac       0xb0 Middlewares\Third_Party\FatFs\src\ff.o
 .text.remove_chain
                0x0800495c       0x6c Middlewares\Third_Party\FatFs\src\ff.o
 .text.dir_sdi.constprop.11
                0x080049c8       0x6a Middlewares\Third_Party\FatFs\src\ff.o
 .text.dir_next
                0x08004a32      0x100 Middlewares\Third_Party\FatFs\src\ff.o
 *fill*         0x08004b32        0x2 
 .text.follow_path
                0x08004b34      0x18c Middlewares\Third_Party\FatFs\src\ff.o
 .text.dir_register
                0x08004cc0       0x62 Middlewares\Third_Party\FatFs\src\ff.o
 *fill*         0x08004d22        0x2 
 .text.f_mount  0x08004d24       0x68 Middlewares\Third_Party\FatFs\src\ff.o
                0x08004d24                f_mount
 .text.f_open   0x08004d8c      0x22c Middlewares\Third_Party\FatFs\src\ff.o
                0x08004d8c                f_open
 .text.f_write  0x08004fb8      0x1ac Middlewares\Third_Party\FatFs\src\ff.o
                0x08004fb8                f_write
 .text.f_sync   0x08005164       0x90 Middlewares\Third_Party\FatFs\src\ff.o
                0x08005164                f_sync
 .text.f_close  0x080051f4       0x22 Middlewares\Third_Party\FatFs\src\ff.o
                0x080051f4                f_close
 *fill*         0x08005216        0x2 
 .text.FATFS_LinkDriverEx
                0x08005218       0x44 Middlewares\Third_Party\FatFs\src\ff_gen_drv.o
                0x08005218                FATFS_LinkDriverEx
 .text.FATFS_LinkDriver
                0x0800525c        0x6 Middlewares\Third_Party\FatFs\src\ff_gen_drv.o
                0x0800525c                FATFS_LinkDriver
 *fill*         0x08005262        0x2 
 .text.MX_ADC1_Init
                0x08005264       0xb8 Src\adc.o
                0x08005264                MX_ADC1_Init
 .text.HAL_ADC_MspInit
                0x0800531c       0x9c Src\adc.o
                0x0800531c                HAL_ADC_MspInit
 .text.BSP_SD_Init
                0x080053b8       0x24 Src\bsp_driver_sd.o
                0x080053b8                BSP_SD_Init
 .text.BSP_SD_ReadBlocks
                0x080053dc       0x20 Src\bsp_driver_sd.o
                0x080053dc                BSP_SD_ReadBlocks
 .text.BSP_SD_WriteBlocks
                0x080053fc       0x20 Src\bsp_driver_sd.o
                0x080053fc                BSP_SD_WriteBlocks
 .text.BSP_SD_GetCardState
                0x0800541c       0x14 Src\bsp_driver_sd.o
                0x0800541c                BSP_SD_GetCardState
 .text.BSP_SD_GetCardInfo
                0x08005430        0xc Src\bsp_driver_sd.o
                0x08005430                BSP_SD_GetCardInfo
 .text.MX_DMA_Init
                0x0800543c       0x30 Src\dma.o
                0x0800543c                MX_DMA_Init
 .text.MX_FATFS_Init
                0x0800546c       0x1c Src\fatfs.o
                0x0800546c                MX_FATFS_Init
 .text.get_fattime
                0x08005488        0x4 Src\fatfs.o
                0x08005488                get_fattime
 .text.InitFlash
                0x0800548c       0xe4 Src\flash.o
                0x0800548c                InitFlash
 .text.EraseFlash
                0x08005570       0x2c Src\flash.o
                0x08005570                EraseFlash
 .text.WriteFlash
                0x0800559c       0x3a Src\flash.o
                0x0800559c                WriteFlash
 *fill*         0x080055d6        0x2 
 .text.MX_GPIO_Init
                0x080055d8       0xb4 Src\gpio.o
                0x080055d8                MX_GPIO_Init
 .text.MX_I2C1_Init
                0x0800568c       0x58 Src\i2c.o
                0x0800568c                MX_I2C1_Init
 .text.HAL_I2C_MspInit
                0x080056e4       0x6c Src\i2c.o
                0x080056e4                HAL_I2C_MspInit
 .text.TEMP_HUM_init
                0x08005750       0x30 Src\main.o
                0x08005750                TEMP_HUM_init
 .text.PRES_init
                0x08005780       0x74 Src\main.o
                0x08005780                PRES_init
 .text.MAGN_init
                0x080057f4       0x30 Src\main.o
                0x080057f4                MAGN_init
 .text.DMA_init
                0x08005824       0x14 Src\main.o
                0x08005824                DMA_init
 .text.get_TEMP
                0x08005838      0x254 Src\main.o
                0x08005838                get_TEMP
 .text.get_HUM  0x08005a8c      0x18c Src\main.o
                0x08005a8c                get_HUM
 .text.get_PRES
                0x08005c18      0x124 Src\main.o
                0x08005c18                get_PRES
 .text.get_MAGN
                0x08005d3c      0x148 Src\main.o
                0x08005d3c                get_MAGN
 .text.get_ADC  0x08005e84       0x30 Src\main.o
                0x08005e84                get_ADC
 .text.SD_SENSORS
                0x08005eb4      0x31c Src\main.o
                0x08005eb4                SD_SENSORS
 .text.GPS_GETPOS
                0x080061d0      0x23c Src\main.o
                0x080061d0                GPS_GETPOS
 .text.SystemClock_Config
                0x0800640c       0xa4 Src\main.o
                0x0800640c                SystemClock_Config
 .text.startup.main
                0x080064b0       0xd4 Src\main.o
                0x080064b0                main
 .text.Error_Handler
                0x08006584        0x2 Src\main.o
                0x08006584                Error_Handler
 *fill*         0x08006586        0x2 
 .text.SD_CheckStatus.isra.0
                0x08006588       0x20 Src\sd_diskio.o
 .text.SD_initialize
                0x080065a8       0x1c Src\sd_diskio.o
                0x080065a8                SD_initialize
 .text.SD_status
                0x080065c4        0x4 Src\sd_diskio.o
                0x080065c4                SD_status
 .text.SD_read  0x080065c8       0x20 Src\sd_diskio.o
                0x080065c8                SD_read
 .text.SD_ioctl
                0x080065e8       0x50 Src\sd_diskio.o
                0x080065e8                SD_ioctl
 .text.SD_write
                0x08006638       0x20 Src\sd_diskio.o
                0x08006638                SD_write
 .text.MX_SDMMC1_SD_Init
                0x08006658       0x20 Src\sdmmc.o
                0x08006658                MX_SDMMC1_SD_Init
 .text.HAL_SD_MspInit
                0x08006678       0x98 Src\sdmmc.o
                0x08006678                HAL_SD_MspInit
 .text.HAL_MspInit
                0x08006710       0x30 Src\stm32l4xx_hal_msp.o
                0x08006710                HAL_MspInit
 .text.NMI_Handler
                0x08006740        0x2 Src\stm32l4xx_it.o
                0x08006740                NMI_Handler
 .text.HardFault_Handler
                0x08006742        0x2 Src\stm32l4xx_it.o
                0x08006742                HardFault_Handler
 .text.MemManage_Handler
                0x08006744        0x2 Src\stm32l4xx_it.o
                0x08006744                MemManage_Handler
 .text.BusFault_Handler
                0x08006746        0x2 Src\stm32l4xx_it.o
                0x08006746                BusFault_Handler
 .text.UsageFault_Handler
                0x08006748        0x2 Src\stm32l4xx_it.o
                0x08006748                UsageFault_Handler
 .text.SVC_Handler
                0x0800674a        0x2 Src\stm32l4xx_it.o
                0x0800674a                SVC_Handler
 .text.DebugMon_Handler
                0x0800674c        0x2 Src\stm32l4xx_it.o
                0x0800674c                DebugMon_Handler
 .text.PendSV_Handler
                0x0800674e        0x2 Src\stm32l4xx_it.o
                0x0800674e                PendSV_Handler
 .text.SysTick_Handler
                0x08006750        0x4 Src\stm32l4xx_it.o
                0x08006750                SysTick_Handler
 .text.DMA1_Channel1_IRQHandler
                0x08006754        0xc Src\stm32l4xx_it.o
                0x08006754                DMA1_Channel1_IRQHandler
 .text.SystemInit
                0x08006760       0x48 Src\system_stm32l4xx.o
                0x08006760                SystemInit
 .text.MX_LPUART1_UART_Init
                0x080067a8       0x3c Src\usart.o
                0x080067a8                MX_LPUART1_UART_Init
 .text.MX_USART1_UART_Init
                0x080067e4       0x3c Src\usart.o
                0x080067e4                MX_USART1_UART_Init
 .text.MX_USART2_UART_Init
                0x08006820       0x3c Src\usart.o
                0x08006820                MX_USART2_UART_Init
 .text.HAL_UART_MspInit
                0x0800685c       0xe4 Src\usart.o
                0x0800685c                HAL_UART_MspInit
 .text.HAL_UART_MspDeInit
                0x08006940       0x60 Src\usart.o
                0x08006940                HAL_UART_MspDeInit
 .text.Reset_Handler
                0x080069a0       0x50 startup\startup_stm32l476xx.o
                0x080069a0                Reset_Handler
 .text.Default_Handler
                0x080069f0        0x2 startup\startup_stm32l476xx.o
                0x080069f0                RTC_Alarm_IRQHandler
                0x080069f0                EXTI2_IRQHandler
                0x080069f0                TIM8_TRG_COM_IRQHandler
                0x080069f0                TIM8_CC_IRQHandler
                0x080069f0                TIM1_CC_IRQHandler
                0x080069f0                TSC_IRQHandler
                0x080069f0                TAMP_STAMP_IRQHandler
                0x080069f0                EXTI3_IRQHandler
                0x080069f0                LPTIM2_IRQHandler
                0x080069f0                DFSDM1_FLT1_IRQHandler
                0x080069f0                I2C3_ER_IRQHandler
                0x080069f0                DFSDM1_FLT2_IRQHandler
                0x080069f0                EXTI0_IRQHandler
                0x080069f0                I2C2_EV_IRQHandler
                0x080069f0                CAN1_RX0_IRQHandler
                0x080069f0                FPU_IRQHandler
                0x080069f0                TIM1_UP_TIM16_IRQHandler
                0x080069f0                ADC1_2_IRQHandler
                0x080069f0                SPI1_IRQHandler
                0x080069f0                TIM6_DAC_IRQHandler
                0x080069f0                TIM8_UP_IRQHandler
                0x080069f0                DMA2_Channel2_IRQHandler
                0x080069f0                DMA1_Channel4_IRQHandler
                0x080069f0                SAI2_IRQHandler
                0x080069f0                DFSDM1_FLT3_IRQHandler
                0x080069f0                USART3_IRQHandler
                0x080069f0                DMA1_Channel7_IRQHandler
                0x080069f0                CAN1_RX1_IRQHandler
                0x080069f0                LCD_IRQHandler
                0x080069f0                UART5_IRQHandler
                0x080069f0                ADC3_IRQHandler
                0x080069f0                TIM4_IRQHandler
                0x080069f0                DMA2_Channel1_IRQHandler
                0x080069f0                QUADSPI_IRQHandler
                0x080069f0                I2C1_EV_IRQHandler
                0x080069f0                DMA1_Channel6_IRQHandler
                0x080069f0                UART4_IRQHandler
                0x080069f0                DMA2_Channel4_IRQHandler
                0x080069f0                TIM3_IRQHandler
                0x080069f0                RCC_IRQHandler
                0x080069f0                Default_Handler
                0x080069f0                DMA2_Channel7_IRQHandler
                0x080069f0                EXTI15_10_IRQHandler
                0x080069f0                TIM7_IRQHandler
                0x080069f0                SDMMC1_IRQHandler
                0x080069f0                TIM5_IRQHandler
                0x080069f0                I2C3_EV_IRQHandler
                0x080069f0                EXTI9_5_IRQHandler
                0x080069f0                RTC_WKUP_IRQHandler
                0x080069f0                PVD_PVM_IRQHandler
                0x080069f0                SPI2_IRQHandler
                0x080069f0                CAN1_TX_IRQHandler
                0x080069f0                DMA2_Channel5_IRQHandler
                0x080069f0                DMA1_Channel5_IRQHandler
                0x080069f0                EXTI4_IRQHandler
                0x080069f0                RNG_IRQHandler
                0x080069f0                TIM1_TRG_COM_TIM17_IRQHandler
                0x080069f0                DMA1_Channel3_IRQHandler
                0x080069f0                COMP_IRQHandler
                0x080069f0                WWDG_IRQHandler
                0x080069f0                LPUART1_IRQHandler
                0x080069f0                DMA2_Channel6_IRQHandler
                0x080069f0                TIM2_IRQHandler
                0x080069f0                EXTI1_IRQHandler
                0x080069f0                USART2_IRQHandler
                0x080069f0                DFSDM1_FLT0_IRQHandler
                0x080069f0                I2C2_ER_IRQHandler
                0x080069f0                DMA1_Channel2_IRQHandler
                0x080069f0                TIM8_BRK_IRQHandler
                0x080069f0                CAN1_SCE_IRQHandler
                0x080069f0                FLASH_IRQHandler
                0x080069f0                USART1_IRQHandler
                0x080069f0                OTG_FS_IRQHandler
                0x080069f0                SPI3_IRQHandler
                0x080069f0                I2C1_ER_IRQHandler
                0x080069f0                FMC_IRQHandler
                0x080069f0                SWPMI1_IRQHandler
                0x080069f0                LPTIM1_IRQHandler
                0x080069f0                SAI1_IRQHandler
                0x080069f0                DMA2_Channel3_IRQHandler
                0x080069f0                TIM1_BRK_TIM15_IRQHandler
 .text.atoi     0x080069f2        0x8 c:/program files (x86)/atollic/truestudio for stm32 9.0.1/armtools/bin/../lib/gcc/arm-atollic-eabi/6.3.1/../../../../arm-atollic-eabi/lib/armv7e-m/fpu\libc_nano.a(lib_a-atoi.o)
                0x080069f2                atoi
 *fill*         0x080069fa        0x2 
 .text.__libc_init_array
                0x080069fc       0x48 c:/program files (x86)/atollic/truestudio for stm32 9.0.1/armtools/bin/../lib/gcc/arm-atollic-eabi/6.3.1/../../../../arm-atollic-eabi/lib/armv7e-m/fpu\libc_nano.a(lib_a-init.o)
                0x080069fc                __libc_init_array
 .text.__itoa   0x08006a44       0x30 c:/program files (x86)/atollic/truestudio for stm32 9.0.1/armtools/bin/../lib/gcc/arm-atollic-eabi/6.3.1/../../../../arm-atollic-eabi/lib/armv7e-m/fpu\libc_nano.a(lib_a-itoa.o)
                0x08006a44                __itoa
 .text.itoa     0x08006a74        0x4 c:/program files (x86)/atollic/truestudio for stm32 9.0.1/armtools/bin/../lib/gcc/arm-atollic-eabi/6.3.1/../../../../arm-atollic-eabi/lib/armv7e-m/fpu\libc_nano.a(lib_a-itoa.o)
                0x08006a74                itoa
 .text.memset   0x08006a78       0x10 c:/program files (x86)/atollic/truestudio for stm32 9.0.1/armtools/bin/../lib/gcc/arm-atollic-eabi/6.3.1/../../../../arm-atollic-eabi/lib/armv7e-m/fpu\libc_nano.a(lib_a-memset.o)
                0x08006a78                memset
 .text.strchr   0x08006a88       0x1c c:/program files (x86)/atollic/truestudio for stm32 9.0.1/armtools/bin/../lib/gcc/arm-atollic-eabi/6.3.1/../../../../arm-atollic-eabi/lib/armv7e-m/fpu\libc_nano.a(lib_a-strchr.o)
                0x08006a88                strchr
 .text.strstr   0x08006aa4       0x36 c:/program files (x86)/atollic/truestudio for stm32 9.0.1/armtools/bin/../lib/gcc/arm-atollic-eabi/6.3.1/../../../../arm-atollic-eabi/lib/armv7e-m/fpu\libc_nano.a(lib_a-strstr.o)
                0x08006aa4                strstr
 .text._strtol_l.isra.0
                0x08006ada      0x100 c:/program files (x86)/atollic/truestudio for stm32 9.0.1/armtools/bin/../lib/gcc/arm-atollic-eabi/6.3.1/../../../../arm-atollic-eabi/lib/armv7e-m/fpu\libc_nano.a(lib_a-strtol.o)
 *fill*         0x08006bda        0x2 
 .text.strtol   0x08006bdc       0x2c c:/program files (x86)/atollic/truestudio for stm32 9.0.1/armtools/bin/../lib/gcc/arm-atollic-eabi/6.3.1/../../../../arm-atollic-eabi/lib/armv7e-m/fpu\libc_nano.a(lib_a-strtol.o)
                0x08006bdc                strtol
 .text.__utoa   0x08006c08       0x80 c:/program files (x86)/atollic/truestudio for stm32 9.0.1/armtools/bin/../lib/gcc/arm-atollic-eabi/6.3.1/../../../../arm-atollic-eabi/lib/armv7e-m/fpu\libc_nano.a(lib_a-utoa.o)
                0x08006c08                __utoa
 .text.__locale_ctype_ptr_l
                0x08006c88        0x6 c:/program files (x86)/atollic/truestudio for stm32 9.0.1/armtools/bin/../lib/gcc/arm-atollic-eabi/6.3.1/../../../../arm-atollic-eabi/lib/armv7e-m/fpu\libc_nano.a(lib_a-locale.o)
                0x08006c88                __locale_ctype_ptr_l
 .text.__ascii_mbtowc
                0x08006c8e       0x24 c:/program files (x86)/atollic/truestudio for stm32 9.0.1/armtools/bin/../lib/gcc/arm-atollic-eabi/6.3.1/../../../../arm-atollic-eabi/lib/armv7e-m/fpu\libc_nano.a(lib_a-mbtowc_r.o)
                0x08006c8e                __ascii_mbtowc
 .text.__ascii_wctomb
                0x08006cb2       0x1a c:/program files (x86)/atollic/truestudio for stm32 9.0.1/armtools/bin/../lib/gcc/arm-atollic-eabi/6.3.1/../../../../arm-atollic-eabi/lib/armv7e-m/fpu\libc_nano.a(lib_a-wctomb_r.o)
                0x08006cb2                __ascii_wctomb
 *(.glue_7)
 .glue_7        0x08006ccc        0x0 linker stubs
 *(.glue_7t)
 .glue_7t       0x08006ccc        0x0 linker stubs
 *(.eh_frame)
 .eh_frame      0x08006ccc        0x0 c:/program files (x86)/atollic/truestudio for stm32 9.0.1/armtools/bin/../lib/gcc/arm-atollic-eabi/6.3.1/armv7e-m/fpu/crtbegin.o
 *(.init)
 .init          0x08006ccc        0x4 c:/program files (x86)/atollic/truestudio for stm32 9.0.1/armtools/bin/../lib/gcc/arm-atollic-eabi/6.3.1/armv7e-m/fpu/crti.o
                0x08006ccc                _init
 .init          0x08006cd0        0x8 c:/program files (x86)/atollic/truestudio for stm32 9.0.1/armtools/bin/../lib/gcc/arm-atollic-eabi/6.3.1/armv7e-m/fpu/crtn.o
 *(.fini)
 .fini          0x08006cd8        0x4 c:/program files (x86)/atollic/truestudio for stm32 9.0.1/armtools/bin/../lib/gcc/arm-atollic-eabi/6.3.1/armv7e-m/fpu/crti.o
                0x08006cd8                _fini
 .fini          0x08006cdc        0x8 c:/program files (x86)/atollic/truestudio for stm32 9.0.1/armtools/bin/../lib/gcc/arm-atollic-eabi/6.3.1/armv7e-m/fpu/crtn.o
                0x08006ce4                . = ALIGN (0x4)
                0x08006ce4                _etext = .

.vfp11_veneer   0x08006ce4        0x0
 .vfp11_veneer  0x08006ce4        0x0 linker stubs

.v4_bx          0x08006ce4        0x0
 .v4_bx         0x08006ce4        0x0 linker stubs

.iplt           0x08006ce4        0x0
 .iplt          0x08006ce4        0x0 c:/program files (x86)/atollic/truestudio for stm32 9.0.1/armtools/bin/../lib/gcc/arm-atollic-eabi/6.3.1/armv7e-m/fpu/crtbegin.o

.rodata         0x08006ce4      0x29c
                0x08006ce4                . = ALIGN (0x4)
 *(.rodata)
 .rodata        0x08006ce4       0x14 Src\main.o
 *(.rodata*)
 .rodata.CSWTCH.51
                0x08006cf8        0x4 Drivers\STM32L4xx_HAL_Driver\Src\stm32l4xx_hal_uart.o
 .rodata.CSWTCH.52
                0x08006cfc        0xd Drivers\STM32L4xx_HAL_Driver\Src\stm32l4xx_hal_uart.o
 .rodata.ExCvt  0x08006d09       0x80 Middlewares\Third_Party\FatFs\src\ff.o
 .rodata.follow_path.str1.1
                0x08006d89        0xf Middlewares\Third_Party\FatFs\src\ff.o
 .rodata.GPS_GETPOS.str1.1
                0x08006d98        0x7 Src\main.o
                                  0xa (size before relaxing)
 .rodata.SD_SENSORS.str1.1
                0x08006d9f       0x55 Src\main.o
 .rodata.SD_Driver
                0x08006df4       0x14 Src\sd_diskio.o
                0x08006df4                SD_Driver
 .rodata.AHBPrescTable
                0x08006e08       0x10 Src\system_stm32l4xx.o
                0x08006e08                AHBPrescTable
 .rodata.APBPrescTable
                0x08006e18        0x8 Src\system_stm32l4xx.o
                0x08006e18                APBPrescTable
 .rodata.MSIRangeTable
                0x08006e20       0x30 Src\system_stm32l4xx.o
                0x08006e20                MSIRangeTable
 .rodata.__utoa.str1.1
                0x08006e50       0x25 c:/program files (x86)/atollic/truestudio for stm32 9.0.1/armtools/bin/../lib/gcc/arm-atollic-eabi/6.3.1/../../../../arm-atollic-eabi/lib/armv7e-m/fpu\libc_nano.a(lib_a-utoa.o)
 .rodata._setlocale_r.str1.1
                0x08006e75        0x8 c:/program files (x86)/atollic/truestudio for stm32 9.0.1/armtools/bin/../lib/gcc/arm-atollic-eabi/6.3.1/../../../../arm-atollic-eabi/lib/armv7e-m/fpu\libc_nano.a(lib_a-locale.o)
                                  0x9 (size before relaxing)
 .rodata.str1.1
                0x08006e7d        0x2 c:/program files (x86)/atollic/truestudio for stm32 9.0.1/armtools/bin/../lib/gcc/arm-atollic-eabi/6.3.1/../../../../arm-atollic-eabi/lib/armv7e-m/fpu\libc_nano.a(lib_a-locale.o)
 .rodata._ctype_
                0x08006e7f      0x101 c:/program files (x86)/atollic/truestudio for stm32 9.0.1/armtools/bin/../lib/gcc/arm-atollic-eabi/6.3.1/../../../../arm-atollic-eabi/lib/armv7e-m/fpu\libc_nano.a(lib_a-ctype_.o)
                0x08006e7f                _ctype_
                0x08006f80                . = ALIGN (0x4)

.ARM.extab
 *(.ARM.extab* .gnu.linkonce.armextab.*)

.ARM            0x08006f80        0x8
                0x08006f80                __exidx_start = .
 *(.ARM.exidx*)
 .ARM.exidx     0x08006f80        0x8 c:/program files (x86)/atollic/truestudio for stm32 9.0.1/armtools/bin/../lib/gcc/arm-atollic-eabi/6.3.1/armv7e-m/fpu\libgcc.a(_udivmoddi4.o)
                0x08006f88                __exidx_end = .

.rel.dyn        0x08006f88        0x0
 .rel.iplt      0x08006f88        0x0 c:/program files (x86)/atollic/truestudio for stm32 9.0.1/armtools/bin/../lib/gcc/arm-atollic-eabi/6.3.1/armv7e-m/fpu/crtbegin.o

.preinit_array  0x08006f88        0x0
                0x08006f88                PROVIDE (__preinit_array_start, .)
 *(.preinit_array*)
                0x08006f88                PROVIDE (__preinit_array_end, .)

.init_array     0x08006f88        0x4
                0x08006f88                PROVIDE (__init_array_start, .)
 *(SORT(.init_array.*))
 *(.init_array*)
 .init_array    0x08006f88        0x4 c:/program files (x86)/atollic/truestudio for stm32 9.0.1/armtools/bin/../lib/gcc/arm-atollic-eabi/6.3.1/armv7e-m/fpu/crtbegin.o
                0x08006f8c                PROVIDE (__init_array_end, .)

.fini_array     0x08006f8c        0x4
                [!provide]                PROVIDE (__fini_array_start, .)
 *(SORT(.fini_array.*))
 *(.fini_array*)
 .fini_array    0x08006f8c        0x4 c:/program files (x86)/atollic/truestudio for stm32 9.0.1/armtools/bin/../lib/gcc/arm-atollic-eabi/6.3.1/armv7e-m/fpu/crtbegin.o
                [!provide]                PROVIDE (__fini_array_end, .)
                0x08006f90                _sidata = LOADADDR (.data)

.data           0x20000000      0x21c load address 0x08006f90
                0x20000000                . = ALIGN (0x4)
                0x20000000                _sdata = .
 *(.data)
 *(.data*)
 .data.pFlash   0x20000000       0x20 Drivers\STM32L4xx_HAL_Driver\Src\stm32l4xx_hal_flash.o
                0x20000000                pFlash
 .data.CFG_REG_A_M
                0x20000020        0x1 Src\main.o
                0x20000020                CFG_REG_A_M
 .data.CTRL_REG1_PRES
                0x20000021        0x1 Src\main.o
                0x20000021                CTRL_REG1_PRES
 .data.CTRL_REG1_TEMP
                0x20000022        0x1 Src\main.o
                0x20000022                CTRL_REG1_TEMP
 .data.CTRL_REG2_PRES
                0x20000023        0x1 Src\main.o
                0x20000023                CTRL_REG2_PRES
 .data.INTERRUPT_CFG
                0x20000024        0x1 Src\main.o
                0x20000024                INTERRUPT_CFG
 .data.addr_CFG_REG_A_M
                0x20000025        0x1 Src\main.o
                0x20000025                addr_CFG_REG_A_M
 .data.addr_CTRL_REG1_PRES
                0x20000026        0x1 Src\main.o
                0x20000026                addr_CTRL_REG1_PRES
 .data.addr_CTRL_REG1_TEMP
                0x20000027        0x1 Src\main.o
                0x20000027                addr_CTRL_REG1_TEMP
 .data.addr_CTRL_REG2_PRES
                0x20000028        0x1 Src\main.o
                0x20000028                addr_CTRL_REG2_PRES
 .data.addr_H0_T0_OUT_H
                0x20000029        0x1 Src\main.o
                0x20000029                addr_H0_T0_OUT_H
 .data.addr_H0_T0_OUT_L
                0x2000002a        0x1 Src\main.o
                0x2000002a                addr_H0_T0_OUT_L
 .data.addr_H0_rH_x2
                0x2000002b        0x1 Src\main.o
                0x2000002b                addr_H0_rH_x2
 .data.addr_H1_T0_OUT_H
                0x2000002c        0x1 Src\main.o
                0x2000002c                addr_H1_T0_OUT_H
 .data.addr_H1_T0_OUT_L
                0x2000002d        0x1 Src\main.o
                0x2000002d                addr_H1_T0_OUT_L
 .data.addr_H1_rH_x2
                0x2000002e        0x1 Src\main.o
                0x2000002e                addr_H1_rH_x2
 .data.addr_HUM_H
                0x2000002f        0x1 Src\main.o
                0x2000002f                addr_HUM_H
 .data.addr_HUM_L
                0x20000030        0x1 Src\main.o
                0x20000030                addr_HUM_L
 .data.addr_INTERRUPT_CFG
                0x20000031        0x1 Src\main.o
                0x20000031                addr_INTERRUPT_CFG
 .data.addr_OUTX_H_REG_M
                0x20000032        0x1 Src\main.o
                0x20000032                addr_OUTX_H_REG_M
 .data.addr_OUTX_L_REG_M
                0x20000033        0x1 Src\main.o
                0x20000033                addr_OUTX_L_REG_M
 .data.addr_OUTY_H_REG_M
                0x20000034        0x1 Src\main.o
                0x20000034                addr_OUTY_H_REG_M
 .data.addr_OUTY_L_REG_M
                0x20000035        0x1 Src\main.o
                0x20000035                addr_OUTY_L_REG_M
 .data.addr_OUTZ_H_REG_M
                0x20000036        0x1 Src\main.o
                0x20000036                addr_OUTZ_H_REG_M
 .data.addr_OUTZ_L_REG_M
                0x20000037        0x1 Src\main.o
                0x20000037                addr_OUTZ_L_REG_M
 .data.addr_PRES_OUT_H
                0x20000038        0x1 Src\main.o
                0x20000038                addr_PRES_OUT_H
 .data.addr_PRES_OUT_L
                0x20000039        0x1 Src\main.o
                0x20000039                addr_PRES_OUT_L
 .data.addr_PRES_OUT_XL
                0x2000003a        0x1 Src\main.o
                0x2000003a                addr_PRES_OUT_XL
 .data.addr_REF_P_H
                0x2000003b        0x1 Src\main.o
                0x2000003b                addr_REF_P_H
 .data.addr_REF_P_L
                0x2000003c        0x1 Src\main.o
                0x2000003c                addr_REF_P_L
 .data.addr_REF_P_XL
                0x2000003d        0x1 Src\main.o
                0x2000003d                addr_REF_P_XL
 .data.addr_T0_H
                0x2000003e        0x1 Src\main.o
                0x2000003e                addr_T0_H
 .data.addr_T0_L
                0x2000003f        0x1 Src\main.o
                0x2000003f                addr_T0_L
 .data.addr_T0_T1_msb
                0x20000040        0x1 Src\main.o
                0x20000040                addr_T0_T1_msb
 .data.addr_T0_degC_x8
                0x20000041        0x1 Src\main.o
                0x20000041                addr_T0_degC_x8
 .data.addr_T1_H
                0x20000042        0x1 Src\main.o
                0x20000042                addr_T1_H
 .data.addr_T1_L
                0x20000043        0x1 Src\main.o
                0x20000043                addr_T1_L
 .data.addr_T1_degC_x8
                0x20000044        0x1 Src\main.o
                0x20000044                addr_T1_degC_x8
 .data.addr_T_OUT_H
                0x20000045        0x1 Src\main.o
                0x20000045                addr_T_OUT_H
 .data.addr_T_OUT_L
                0x20000046        0x1 Src\main.o
                0x20000046                addr_T_OUT_L
 .data.Stat     0x20000047        0x1 Src\sd_diskio.o
 .data.SystemCoreClock
                0x20000048        0x4 Src\system_stm32l4xx.o
                0x20000048                SystemCoreClock
 .data._impure_ptr
                0x2000004c        0x4 c:/program files (x86)/atollic/truestudio for stm32 9.0.1/armtools/bin/../lib/gcc/arm-atollic-eabi/6.3.1/../../../../arm-atollic-eabi/lib/armv7e-m/fpu\libc_nano.a(lib_a-impure.o)
                0x2000004c                _impure_ptr
 .data.impure_data
                0x20000050       0x60 c:/program files (x86)/atollic/truestudio for stm32 9.0.1/armtools/bin/../lib/gcc/arm-atollic-eabi/6.3.1/../../../../arm-atollic-eabi/lib/armv7e-m/fpu\libc_nano.a(lib_a-impure.o)
 .data.__global_locale
                0x200000b0      0x16c c:/program files (x86)/atollic/truestudio for stm32 9.0.1/armtools/bin/../lib/gcc/arm-atollic-eabi/6.3.1/../../../../arm-atollic-eabi/lib/armv7e-m/fpu\libc_nano.a(lib_a-locale.o)
                0x200000b0                __global_locale
                0x2000021c                . = ALIGN (0x4)
                0x2000021c                _edata = .

.igot.plt       0x2000021c        0x0 load address 0x080071ac
 .igot.plt      0x2000021c        0x0 c:/program files (x86)/atollic/truestudio for stm32 9.0.1/armtools/bin/../lib/gcc/arm-atollic-eabi/6.3.1/armv7e-m/fpu/crtbegin.o
                0x2000021c                . = ALIGN (0x4)

.bss            0x20000220     0x4520 load address 0x080071ac
                0x20000220                _sbss = .
                0x20000220                __bss_start__ = _sbss
 *(.bss)
 .bss           0x20000220       0x1c c:/program files (x86)/atollic/truestudio for stm32 9.0.1/armtools/bin/../lib/gcc/arm-atollic-eabi/6.3.1/armv7e-m/fpu/crtbegin.o
 *(.bss*)
 .bss.FatFs     0x2000023c        0x4 Middlewares\Third_Party\FatFs\src\ff.o
 .bss.Files     0x20000240       0x20 Middlewares\Third_Party\FatFs\src\ff.o
 .bss.Fsid      0x20000260        0x2 Middlewares\Third_Party\FatFs\src\ff.o
 *fill*         0x20000262        0x2 
 .bss.disk      0x20000264        0xc Middlewares\Third_Party\FatFs\src\ff_gen_drv.o
                0x20000264                disk
 .bss.BankNumber
                0x20000270        0x4 Src\flash.o
                0x20000270                BankNumber
 .bss.EraseInitStruct
                0x20000274       0x10 Src\flash.o
 .bss.FirstPage
                0x20000284        0x4 Src\flash.o
                0x20000284                FirstPage
 .bss.NbOfPages
                0x20000288        0x4 Src\flash.o
                0x20000288                NbOfPages
 .bss.PAGEError
                0x2000028c        0x4 Src\flash.o
                0x2000028c                PAGEError
 .bss.cpt       0x20000290        0x4 Src\main.o
                0x20000290                cpt
 .bss.cpt_flash
                0x20000294        0x4 Src\main.o
                0x20000294                cpt_flash
 .bss.erreur    0x20000298        0x8 Src\main.o
                0x20000298                erreur
 .bss.erreur_write
                0x200002a0        0x4 Src\main.o
                0x200002a0                erreur_write
 *(COMMON)
 COMMON         0x200002a4        0x4 Drivers\STM32L4xx_HAL_Driver\Src\stm32l4xx_hal.o
                0x200002a4                uwTick
 COMMON         0x200002a8       0xac Src\adc.o
                0x200002a8                hadc1
                0x2000030c                hdma_adc1
 COMMON         0x20000354     0x206c Src\fatfs.o
                0x20000354                retSD
                0x20000355                SDPath
                0x2000035c                SDFile
                0x2000138c                SDFatFS
 COMMON         0x200023c0       0x4c Src\i2c.o
                0x200023c0                hi2c1
 COMMON         0x2000240c     0x2148 Src\main.o
                0x2000240c                temp16u
                0x2000240e                magn16
                0x20002410                T1_msb
                0x20002411                H1_T0_OUT_L
                0x20002412                T0_L
                0x20002414                H1_rH
                0x20002416                T_OUT_L
                0x20002418                magnZ16
                0x2000241a                T1_H
                0x2000241b                H1_T0_OUT_H
                0x2000241c                H_OUT
                0x2000241e                H0_T0_OUT_L
                0x20002420                T1_degC_DIV8
                0x20002424                myFILE
                0x20003454                myFATFS
                0x20004488                H0_rH
                0x2000448a                REF_P_XL
                0x2000448b                OUTX_L_REG_M
                0x2000448c                bat16
                0x2000448e                magn_char
                0x20004492                hum_char
                0x20004498                pres32
                0x2000449c                REF_P_H
                0x2000449e                magnX16
                0x200044a0                T1_L
                0x200044a2                T0_degC
                0x200044a4                alt_char
                0x200044b8                T1_degC_x8
                0x200044b9                T0_degC_x8
                0x200044ba                PRES_OUT_L
                0x200044bb                OUTX_H_REG_M
                0x200044bc                temp_d_char
                0x200044be                T0_H
                0x200044bf                REF_P_L
                0x200044c0                T1_degC
                0x200044c2                lat_char
                0x200044d6                T0_OUT
                0x200044d8                gas16
                0x200044da                T0_T1_msb
                0x200044dc                temp16
                0x200044de                T0_msb
                0x200044e0                PRES_x4096
                0x200044e4                H0
                0x200044e6                magnY16
                0x200044e8                T_OUT_H
                0x200044e9                OUTZ_H_REG_M
                0x200044ea                T1_OUT
                0x200044ec                H1_rH_x2
                0x200044ed                HUM_H
                0x200044ee                pres_char
                0x200044f3                gas_char
                0x20004508                temp16d
                0x2000450a                lon_char
                0x2000451e                H0_T0_OUT_H
                0x20004520                T0_degC_DIV8
                0x20004522                aADCxConvertedValues
                0x20004526                H0_rH_x2
                0x20004527                PRES_OUT_H
                0x20004528                T_OUT
                0x2000452a                hum16
                0x2000452c                temp_u_char
                0x2000452f                OUTY_L_REG_M
                0x20004530                bat_char
                0x20004544                REF_P_x4096
                0x20004548                OUTY_H_REG_M
                0x20004549                HUM_L
                0x2000454a                PRES_OUT_XL
                0x2000454c                H1
                0x2000454e                OUTZ_L_REG_M
                0x20004550                testByte
 COMMON         0x20004554       0x84 Src\sdmmc.o
                0x20004554                hsd1
 COMMON         0x200045d8      0x168 Src\usart.o
                0x200045d8                hlpuart1
                0x20004650                huart1
                0x200046c8                huart2
                0x20004740                . = ALIGN (0x4)
                0x20004740                _ebss = .
                0x20004740                __bss_end__ = _ebss

._user_heap_stack
                0x20004740     0x6000 load address 0x080071ac
                0x20004740                . = ALIGN (0x4)
                0x20004740                PROVIDE (end, .)
                [!provide]                PROVIDE (_end, .)
                0x20006740                . = (. + _Min_Heap_Size)
 *fill*         0x20004740     0x2000 
                0x2000a740                . = (. + _Min_Stack_Size)
 *fill*         0x20006740     0x4000 
                0x2000a740                . = ALIGN (0x4)

/DISCARD/
 libc.a(*)
 libm.a(*)
 libgcc.a(*)

.ARM.attributes
                0x00000000       0x30
 *(.ARM.attributes)
 .ARM.attributes
                0x00000000       0x22 c:/program files (x86)/atollic/truestudio for stm32 9.0.1/armtools/bin/../lib/gcc/arm-atollic-eabi/6.3.1/armv7e-m/fpu/crti.o
 .ARM.attributes
                0x00000022       0x34 c:/program files (x86)/atollic/truestudio for stm32 9.0.1/armtools/bin/../lib/gcc/arm-atollic-eabi/6.3.1/armv7e-m/fpu/crtbegin.o
 .ARM.attributes
                0x00000056       0x39 Drivers\STM32L4xx_HAL_Driver\Src\stm32l4xx_hal.o
 .ARM.attributes
                0x0000008f       0x39 Drivers\STM32L4xx_HAL_Driver\Src\stm32l4xx_hal_adc.o
 .ARM.attributes
                0x000000c8       0x39 Drivers\STM32L4xx_HAL_Driver\Src\stm32l4xx_hal_adc_ex.o
 .ARM.attributes
                0x00000101       0x39 Drivers\STM32L4xx_HAL_Driver\Src\stm32l4xx_hal_cortex.o
 .ARM.attributes
                0x0000013a       0x39 Drivers\STM32L4xx_HAL_Driver\Src\stm32l4xx_hal_dma.o
 .ARM.attributes
                0x00000173       0x39 Drivers\STM32L4xx_HAL_Driver\Src\stm32l4xx_hal_flash.o
 .ARM.attributes
                0x000001ac       0x39 Drivers\STM32L4xx_HAL_Driver\Src\stm32l4xx_hal_flash_ex.o
 .ARM.attributes
                0x000001e5       0x39 Drivers\STM32L4xx_HAL_Driver\Src\stm32l4xx_hal_gpio.o
 .ARM.attributes
                0x0000021e       0x39 Drivers\STM32L4xx_HAL_Driver\Src\stm32l4xx_hal_i2c.o
 .ARM.attributes
                0x00000257       0x39 Drivers\STM32L4xx_HAL_Driver\Src\stm32l4xx_hal_i2c_ex.o
 .ARM.attributes
                0x00000290       0x39 Drivers\STM32L4xx_HAL_Driver\Src\stm32l4xx_hal_pwr_ex.o
 .ARM.attributes
                0x000002c9       0x39 Drivers\STM32L4xx_HAL_Driver\Src\stm32l4xx_hal_rcc.o
 .ARM.attributes
                0x00000302       0x39 Drivers\STM32L4xx_HAL_Driver\Src\stm32l4xx_hal_rcc_ex.o
 .ARM.attributes
                0x0000033b       0x39 Drivers\STM32L4xx_HAL_Driver\Src\stm32l4xx_hal_sd.o
 .ARM.attributes
                0x00000374       0x39 Drivers\STM32L4xx_HAL_Driver\Src\stm32l4xx_hal_uart.o
 .ARM.attributes
                0x000003ad       0x39 Drivers\STM32L4xx_HAL_Driver\Src\stm32l4xx_ll_sdmmc.o
 .ARM.attributes
                0x000003e6       0x39 Middlewares\Third_Party\FatFs\src\diskio.o
 .ARM.attributes
                0x0000041f       0x39 Middlewares\Third_Party\FatFs\src\ff.o
 .ARM.attributes
                0x00000458       0x39 Middlewares\Third_Party\FatFs\src\ff_gen_drv.o
 .ARM.attributes
                0x00000491       0x39 Src\adc.o
 .ARM.attributes
                0x000004ca       0x39 Src\bsp_driver_sd.o
 .ARM.attributes
                0x00000503       0x39 Src\dma.o
 .ARM.attributes
                0x0000053c       0x39 Src\fatfs.o
 .ARM.attributes
                0x00000575       0x39 Src\flash.o
 .ARM.attributes
                0x000005ae       0x39 Src\gpio.o
 .ARM.attributes
                0x000005e7       0x39 Src\i2c.o
 .ARM.attributes
                0x00000620       0x39 Src\main.o
 .ARM.attributes
                0x00000659       0x39 Src\sd_diskio.o
 .ARM.attributes
                0x00000692       0x39 Src\sdmmc.o
 .ARM.attributes
                0x000006cb       0x39 Src\stm32l4xx_hal_msp.o
 .ARM.attributes
                0x00000704       0x39 Src\stm32l4xx_it.o
 .ARM.attributes
                0x0000073d       0x39 Src\system_stm32l4xx.o
 .ARM.attributes
                0x00000776       0x39 Src\usart.o
 .ARM.attributes
                0x000007af       0x21 startup\startup_stm32l476xx.o
 .ARM.attributes
                0x000007d0       0x34 c:/program files (x86)/atollic/truestudio for stm32 9.0.1/armtools/bin/../lib/gcc/arm-atollic-eabi/6.3.1/../../../../arm-atollic-eabi/lib/armv7e-m/fpu\libc_nano.a(lib_a-atoi.o)
 .ARM.attributes
                0x00000804       0x34 c:/program files (x86)/atollic/truestudio for stm32 9.0.1/armtools/bin/../lib/gcc/arm-atollic-eabi/6.3.1/../../../../arm-atollic-eabi/lib/armv7e-m/fpu\libc_nano.a(lib_a-init.o)
 .ARM.attributes
                0x00000838       0x34 c:/program files (x86)/atollic/truestudio for stm32 9.0.1/armtools/bin/../lib/gcc/arm-atollic-eabi/6.3.1/../../../../arm-atollic-eabi/lib/armv7e-m/fpu\libc_nano.a(lib_a-itoa.o)
 .ARM.attributes
                0x0000086c       0x34 c:/program files (x86)/atollic/truestudio for stm32 9.0.1/armtools/bin/../lib/gcc/arm-atollic-eabi/6.3.1/../../../../arm-atollic-eabi/lib/armv7e-m/fpu\libc_nano.a(lib_a-memset.o)
 .ARM.attributes
                0x000008a0       0x34 c:/program files (x86)/atollic/truestudio for stm32 9.0.1/armtools/bin/../lib/gcc/arm-atollic-eabi/6.3.1/../../../../arm-atollic-eabi/lib/armv7e-m/fpu\libc_nano.a(lib_a-strchr.o)
 .ARM.attributes
                0x000008d4       0x1b c:/program files (x86)/atollic/truestudio for stm32 9.0.1/armtools/bin/../lib/gcc/arm-atollic-eabi/6.3.1/../../../../arm-atollic-eabi/lib/armv7e-m/fpu\libc_nano.a(lib_a-strlen.o)
 .ARM.attributes
                0x000008ef       0x34 c:/program files (x86)/atollic/truestudio for stm32 9.0.1/armtools/bin/../lib/gcc/arm-atollic-eabi/6.3.1/../../../../arm-atollic-eabi/lib/armv7e-m/fpu\libc_nano.a(lib_a-strstr.o)
 .ARM.attributes
                0x00000923       0x34 c:/program files (x86)/atollic/truestudio for stm32 9.0.1/armtools/bin/../lib/gcc/arm-atollic-eabi/6.3.1/../../../../arm-atollic-eabi/lib/armv7e-m/fpu\libc_nano.a(lib_a-strtol.o)
 .ARM.attributes
                0x00000957       0x34 c:/program files (x86)/atollic/truestudio for stm32 9.0.1/armtools/bin/../lib/gcc/arm-atollic-eabi/6.3.1/../../../../arm-atollic-eabi/lib/armv7e-m/fpu\libc_nano.a(lib_a-utoa.o)
 .ARM.attributes
                0x0000098b       0x34 c:/program files (x86)/atollic/truestudio for stm32 9.0.1/armtools/bin/../lib/gcc/arm-atollic-eabi/6.3.1/../../../../arm-atollic-eabi/lib/armv7e-m/fpu\libc_nano.a(lib_a-impure.o)
 .ARM.attributes
                0x000009bf       0x34 c:/program files (x86)/atollic/truestudio for stm32 9.0.1/armtools/bin/../lib/gcc/arm-atollic-eabi/6.3.1/../../../../arm-atollic-eabi/lib/armv7e-m/fpu\libc_nano.a(lib_a-locale.o)
 .ARM.attributes
                0x000009f3       0x34 c:/program files (x86)/atollic/truestudio for stm32 9.0.1/armtools/bin/../lib/gcc/arm-atollic-eabi/6.3.1/../../../../arm-atollic-eabi/lib/armv7e-m/fpu\libc_nano.a(lib_a-mbtowc_r.o)
 .ARM.attributes
                0x00000a27       0x34 c:/program files (x86)/atollic/truestudio for stm32 9.0.1/armtools/bin/../lib/gcc/arm-atollic-eabi/6.3.1/../../../../arm-atollic-eabi/lib/armv7e-m/fpu\libc_nano.a(lib_a-wctomb_r.o)
 .ARM.attributes
                0x00000a5b       0x34 c:/program files (x86)/atollic/truestudio for stm32 9.0.1/armtools/bin/../lib/gcc/arm-atollic-eabi/6.3.1/../../../../arm-atollic-eabi/lib/armv7e-m/fpu\libc_nano.a(lib_a-ctype_.o)
 .ARM.attributes
                0x00000a8f       0x22 c:/program files (x86)/atollic/truestudio for stm32 9.0.1/armtools/bin/../lib/gcc/arm-atollic-eabi/6.3.1/armv7e-m/fpu\libgcc.a(_aeabi_uldivmod.o)
 .ARM.attributes
                0x00000ab1       0x34 c:/program files (x86)/atollic/truestudio for stm32 9.0.1/armtools/bin/../lib/gcc/arm-atollic-eabi/6.3.1/armv7e-m/fpu\libgcc.a(_udivmoddi4.o)
 .ARM.attributes
                0x00000ae5       0x22 c:/program files (x86)/atollic/truestudio for stm32 9.0.1/armtools/bin/../lib/gcc/arm-atollic-eabi/6.3.1/armv7e-m/fpu\libgcc.a(_dvmd_tls.o)
 .ARM.attributes
                0x00000b07       0x22 c:/program files (x86)/atollic/truestudio for stm32 9.0.1/armtools/bin/../lib/gcc/arm-atollic-eabi/6.3.1/armv7e-m/fpu/crtn.o
OUTPUT(Final_Code_V1.elf elf32-littlearm)

.debug_info     0x00000000    0x284ae
 .debug_info    0x00000000      0xc2a Drivers\STM32L4xx_HAL_Driver\Src\stm32l4xx_hal.o
 .debug_info    0x00000c2a     0x2603 Drivers\STM32L4xx_HAL_Driver\Src\stm32l4xx_hal_adc.o
 .debug_info    0x0000322d     0x1fee Drivers\STM32L4xx_HAL_Driver\Src\stm32l4xx_hal_adc_ex.o
 .debug_info    0x0000521b      0xf6d Drivers\STM32L4xx_HAL_Driver\Src\stm32l4xx_hal_cortex.o
 .debug_info    0x00006188      0x84a Drivers\STM32L4xx_HAL_Driver\Src\stm32l4xx_hal_dma.o
 .debug_info    0x000069d2      0x83a Drivers\STM32L4xx_HAL_Driver\Src\stm32l4xx_hal_flash.o
 .debug_info    0x0000720c      0xb5c Drivers\STM32L4xx_HAL_Driver\Src\stm32l4xx_hal_flash_ex.o
 .debug_info    0x00007d68      0x862 Drivers\STM32L4xx_HAL_Driver\Src\stm32l4xx_hal_gpio.o
 .debug_info    0x000085ca     0x37c1 Drivers\STM32L4xx_HAL_Driver\Src\stm32l4xx_hal_i2c.o
 .debug_info    0x0000bd8b      0xa36 Drivers\STM32L4xx_HAL_Driver\Src\stm32l4xx_hal_i2c_ex.o
 .debug_info    0x0000c7c1      0xad2 Drivers\STM32L4xx_HAL_Driver\Src\stm32l4xx_hal_pwr_ex.o
 .debug_info    0x0000d293      0xdfe Drivers\STM32L4xx_HAL_Driver\Src\stm32l4xx_hal_rcc.o
 .debug_info    0x0000e091     0x1077 Drivers\STM32L4xx_HAL_Driver\Src\stm32l4xx_hal_rcc_ex.o
 .debug_info    0x0000f108     0x231c Drivers\STM32L4xx_HAL_Driver\Src\stm32l4xx_hal_sd.o
 .debug_info    0x00011424     0x1c1d Drivers\STM32L4xx_HAL_Driver\Src\stm32l4xx_hal_uart.o
 .debug_info    0x00013041     0x16f7 Drivers\STM32L4xx_HAL_Driver\Src\stm32l4xx_ll_sdmmc.o
 .debug_info    0x00014738      0xcff Middlewares\Third_Party\FatFs\src\diskio.o
 .debug_info    0x00015437     0x5070 Middlewares\Third_Party\FatFs\src\ff.o
 .debug_info    0x0001a4a7      0xd35 Middlewares\Third_Party\FatFs\src\ff_gen_drv.o
 .debug_info    0x0001b1dc      0xd8f Src\adc.o
 .debug_info    0x0001bf6b      0xbdc Src\bsp_driver_sd.o
 .debug_info    0x0001cb47      0x5f1 Src\dma.o
 .debug_info    0x0001d138      0xd96 Src\fatfs.o
 .debug_info    0x0001dece     0x1005 Src\flash.o
 .debug_info    0x0001eed3      0x5ce Src\gpio.o
 .debug_info    0x0001f4a1      0xb38 Src\i2c.o
 .debug_info    0x0001ffd9     0x4fde Src\main.o
 .debug_info    0x00024fb7      0xf1f Src\sd_diskio.o
 .debug_info    0x00025ed6      0xb5e Src\sdmmc.o
 .debug_info    0x00026a34      0x398 Src\stm32l4xx_hal_msp.o
 .debug_info    0x00026dcc      0x438 Src\stm32l4xx_it.o
 .debug_info    0x00027204      0x5cf Src\system_stm32l4xx.o
 .debug_info    0x000277d3      0xc50 Src\usart.o
 .debug_info    0x00028423       0x8b startup\startup_stm32l476xx.o

.debug_abbrev   0x00000000     0x5021
 .debug_abbrev  0x00000000      0x29d Drivers\STM32L4xx_HAL_Driver\Src\stm32l4xx_hal.o
 .debug_abbrev  0x0000029d      0x33d Drivers\STM32L4xx_HAL_Driver\Src\stm32l4xx_hal_adc.o
 .debug_abbrev  0x000005da      0x33c Drivers\STM32L4xx_HAL_Driver\Src\stm32l4xx_hal_adc_ex.o
 .debug_abbrev  0x00000916      0x2e6 Drivers\STM32L4xx_HAL_Driver\Src\stm32l4xx_hal_cortex.o
 .debug_abbrev  0x00000bfc      0x224 Drivers\STM32L4xx_HAL_Driver\Src\stm32l4xx_hal_dma.o
 .debug_abbrev  0x00000e20      0x322 Drivers\STM32L4xx_HAL_Driver\Src\stm32l4xx_hal_flash.o
 .debug_abbrev  0x00001142      0x270 Drivers\STM32L4xx_HAL_Driver\Src\stm32l4xx_hal_flash_ex.o
 .debug_abbrev  0x000013b2      0x1d7 Drivers\STM32L4xx_HAL_Driver\Src\stm32l4xx_hal_gpio.o
 .debug_abbrev  0x00001589      0x351 Drivers\STM32L4xx_HAL_Driver\Src\stm32l4xx_hal_i2c.o
 .debug_abbrev  0x000018da      0x1b2 Drivers\STM32L4xx_HAL_Driver\Src\stm32l4xx_hal_i2c_ex.o
 .debug_abbrev  0x00001a8c      0x227 Drivers\STM32L4xx_HAL_Driver\Src\stm32l4xx_hal_pwr_ex.o
 .debug_abbrev  0x00001cb3      0x267 Drivers\STM32L4xx_HAL_Driver\Src\stm32l4xx_hal_rcc.o
 .debug_abbrev  0x00001f1a      0x264 Drivers\STM32L4xx_HAL_Driver\Src\stm32l4xx_hal_rcc_ex.o
 .debug_abbrev  0x0000217e      0x366 Drivers\STM32L4xx_HAL_Driver\Src\stm32l4xx_hal_sd.o
 .debug_abbrev  0x000024e4      0x30e Drivers\STM32L4xx_HAL_Driver\Src\stm32l4xx_hal_uart.o
 .debug_abbrev  0x000027f2      0x28e Drivers\STM32L4xx_HAL_Driver\Src\stm32l4xx_ll_sdmmc.o
 .debug_abbrev  0x00002a80      0x23d Middlewares\Third_Party\FatFs\src\diskio.o
 .debug_abbrev  0x00002cbd      0x3ed Middlewares\Third_Party\FatFs\src\ff.o
 .debug_abbrev  0x000030aa      0x2a5 Middlewares\Third_Party\FatFs\src\ff_gen_drv.o
 .debug_abbrev  0x0000334f      0x1fd Src\adc.o
 .debug_abbrev  0x0000354c      0x2a0 Src\bsp_driver_sd.o
 .debug_abbrev  0x000037ec      0x139 Src\dma.o
 .debug_abbrev  0x00003925      0x204 Src\fatfs.o
 .debug_abbrev  0x00003b29      0x2cd Src\flash.o
 .debug_abbrev  0x00003df6      0x173 Src\gpio.o
 .debug_abbrev  0x00003f69      0x201 Src\i2c.o
 .debug_abbrev  0x0000416a      0x459 Src\main.o
 .debug_abbrev  0x000045c3      0x2dd Src\sd_diskio.o
 .debug_abbrev  0x000048a0      0x1e4 Src\sdmmc.o
 .debug_abbrev  0x00004a84       0xea Src\stm32l4xx_hal_msp.o
 .debug_abbrev  0x00004b6e      0x195 Src\stm32l4xx_it.o
 .debug_abbrev  0x00004d03      0x12f Src\system_stm32l4xx.o
 .debug_abbrev  0x00004e32      0x1dd Src\usart.o
 .debug_abbrev  0x0000500f       0x12 startup\startup_stm32l476xx.o

.debug_loc      0x00000000    0x14265
 .debug_loc     0x00000000      0x149 Drivers\STM32L4xx_HAL_Driver\Src\stm32l4xx_hal.o
 .debug_loc     0x00000149     0x1654 Drivers\STM32L4xx_HAL_Driver\Src\stm32l4xx_hal_adc.o
 .debug_loc     0x0000179d     0x1482 Drivers\STM32L4xx_HAL_Driver\Src\stm32l4xx_hal_adc_ex.o
 .debug_loc     0x00002c1f      0x4fb Drivers\STM32L4xx_HAL_Driver\Src\stm32l4xx_hal_cortex.o
 .debug_loc     0x0000311a      0x5b7 Drivers\STM32L4xx_HAL_Driver\Src\stm32l4xx_hal_dma.o
 .debug_loc     0x000036d1      0x3b3 Drivers\STM32L4xx_HAL_Driver\Src\stm32l4xx_hal_flash.o
 .debug_loc     0x00003a84      0x6d9 Drivers\STM32L4xx_HAL_Driver\Src\stm32l4xx_hal_flash_ex.o
 .debug_loc     0x0000415d      0x29d Drivers\STM32L4xx_HAL_Driver\Src\stm32l4xx_hal_gpio.o
 .debug_loc     0x000043fa     0x38e7 Drivers\STM32L4xx_HAL_Driver\Src\stm32l4xx_hal_i2c.o
 .debug_loc     0x00007ce1      0x1a0 Drivers\STM32L4xx_HAL_Driver\Src\stm32l4xx_hal_i2c_ex.o
 .debug_loc     0x00007e81      0x63b Drivers\STM32L4xx_HAL_Driver\Src\stm32l4xx_hal_pwr_ex.o
 .debug_loc     0x000084bc      0x5ae Drivers\STM32L4xx_HAL_Driver\Src\stm32l4xx_hal_rcc.o
 .debug_loc     0x00008a6a      0xd98 Drivers\STM32L4xx_HAL_Driver\Src\stm32l4xx_hal_rcc_ex.o
 .debug_loc     0x00009802     0x18c1 Drivers\STM32L4xx_HAL_Driver\Src\stm32l4xx_hal_sd.o
 .debug_loc     0x0000b0c3     0x19b3 Drivers\STM32L4xx_HAL_Driver\Src\stm32l4xx_hal_uart.o
 .debug_loc     0x0000ca76      0xb44 Drivers\STM32L4xx_HAL_Driver\Src\stm32l4xx_ll_sdmmc.o
 .debug_loc     0x0000d5ba      0x1c6 Middlewares\Third_Party\FatFs\src\diskio.o
 .debug_loc     0x0000d780     0x50fd Middlewares\Third_Party\FatFs\src\ff.o
 .debug_loc     0x0001287d      0x216 Middlewares\Third_Party\FatFs\src\ff_gen_drv.o
 .debug_loc     0x00012a93       0x63 Src\adc.o
 .debug_loc     0x00012af6      0x42a Src\bsp_driver_sd.o
 .debug_loc     0x00012f20      0x29b Src\flash.o
 .debug_loc     0x000131bb       0x58 Src\i2c.o
 .debug_loc     0x00013213      0xa34 Src\main.o
 .debug_loc     0x00013c47      0x3a5 Src\sd_diskio.o
 .debug_loc     0x00013fec       0x58 Src\sdmmc.o
 .debug_loc     0x00014044      0x1be Src\system_stm32l4xx.o
 .debug_loc     0x00014202       0x63 Src\usart.o

.debug_aranges  0x00000000     0x1428
 .debug_aranges
                0x00000000      0x108 Drivers\STM32L4xx_HAL_Driver\Src\stm32l4xx_hal.o
 .debug_aranges
                0x00000108       0xf0 Drivers\STM32L4xx_HAL_Driver\Src\stm32l4xx_hal_adc.o
 .debug_aranges
                0x000001f8       0xf0 Drivers\STM32L4xx_HAL_Driver\Src\stm32l4xx_hal_adc_ex.o
 .debug_aranges
                0x000002e8       0xa8 Drivers\STM32L4xx_HAL_Driver\Src\stm32l4xx_hal_cortex.o
 .debug_aranges
                0x00000390       0x78 Drivers\STM32L4xx_HAL_Driver\Src\stm32l4xx_hal_dma.o
 .debug_aranges
                0x00000408       0x78 Drivers\STM32L4xx_HAL_Driver\Src\stm32l4xx_hal_flash.o
 .debug_aranges
                0x00000480       0x50 Drivers\STM32L4xx_HAL_Driver\Src\stm32l4xx_hal_flash_ex.o
 .debug_aranges
                0x000004d0       0x58 Drivers\STM32L4xx_HAL_Driver\Src\stm32l4xx_hal_gpio.o
 .debug_aranges
                0x00000528      0x238 Drivers\STM32L4xx_HAL_Driver\Src\stm32l4xx_hal_i2c.o
 .debug_aranges
                0x00000760       0x48 Drivers\STM32L4xx_HAL_Driver\Src\stm32l4xx_hal_i2c_ex.o
 .debug_aranges
                0x000007a8      0x130 Drivers\STM32L4xx_HAL_Driver\Src\stm32l4xx_hal_pwr_ex.o
 .debug_aranges
                0x000008d8       0x88 Drivers\STM32L4xx_HAL_Driver\Src\stm32l4xx_hal_rcc.o
 .debug_aranges
                0x00000960       0xc0 Drivers\STM32L4xx_HAL_Driver\Src\stm32l4xx_hal_rcc_ex.o
 .debug_aranges
                0x00000a20       0xf0 Drivers\STM32L4xx_HAL_Driver\Src\stm32l4xx_hal_sd.o
 .debug_aranges
                0x00000b10      0x1a0 Drivers\STM32L4xx_HAL_Driver\Src\stm32l4xx_hal_uart.o
 .debug_aranges
                0x00000cb0      0x150 Drivers\STM32L4xx_HAL_Driver\Src\stm32l4xx_ll_sdmmc.o
 .debug_aranges
                0x00000e00       0x48 Middlewares\Third_Party\FatFs\src\diskio.o
 .debug_aranges
                0x00000e48      0x1b8 Middlewares\Third_Party\FatFs\src\ff.o
 .debug_aranges
                0x00001000       0x40 Middlewares\Third_Party\FatFs\src\ff_gen_drv.o
 .debug_aranges
                0x00001040       0x30 Src\adc.o
 .debug_aranges
                0x00001070       0x90 Src\bsp_driver_sd.o
 .debug_aranges
                0x00001100       0x20 Src\dma.o
 .debug_aranges
                0x00001120       0x28 Src\fatfs.o
 .debug_aranges
                0x00001148       0x40 Src\flash.o
 .debug_aranges
                0x00001188       0x20 Src\gpio.o
 .debug_aranges
                0x000011a8       0x30 Src\i2c.o
 .debug_aranges
                0x000011d8       0xd8 Src\main.o
 .debug_aranges
                0x000012b0       0x48 Src\sd_diskio.o
 .debug_aranges
                0x000012f8       0x30 Src\sdmmc.o
 .debug_aranges
                0x00001328       0x20 Src\stm32l4xx_hal_msp.o
 .debug_aranges
                0x00001348       0x50 Src\stm32l4xx_it.o
 .debug_aranges
                0x00001398       0x28 Src\system_stm32l4xx.o
 .debug_aranges
                0x000013c0       0x40 Src\usart.o
 .debug_aranges
                0x00001400       0x28 startup\startup_stm32l476xx.o

.debug_ranges   0x00000000     0x1f10
 .debug_ranges  0x00000000       0xf8 Drivers\STM32L4xx_HAL_Driver\Src\stm32l4xx_hal.o
 .debug_ranges  0x000000f8      0x330 Drivers\STM32L4xx_HAL_Driver\Src\stm32l4xx_hal_adc.o
 .debug_ranges  0x00000428      0x250 Drivers\STM32L4xx_HAL_Driver\Src\stm32l4xx_hal_adc_ex.o
 .debug_ranges  0x00000678      0x138 Drivers\STM32L4xx_HAL_Driver\Src\stm32l4xx_hal_cortex.o
 .debug_ranges  0x000007b0       0xa0 Drivers\STM32L4xx_HAL_Driver\Src\stm32l4xx_hal_dma.o
 .debug_ranges  0x00000850       0x80 Drivers\STM32L4xx_HAL_Driver\Src\stm32l4xx_hal_flash.o
 .debug_ranges  0x000008d0      0x118 Drivers\STM32L4xx_HAL_Driver\Src\stm32l4xx_hal_flash_ex.o
 .debug_ranges  0x000009e8       0x68 Drivers\STM32L4xx_HAL_Driver\Src\stm32l4xx_hal_gpio.o
 .debug_ranges  0x00000a50      0x270 Drivers\STM32L4xx_HAL_Driver\Src\stm32l4xx_hal_i2c.o
 .debug_ranges  0x00000cc0       0x68 Drivers\STM32L4xx_HAL_Driver\Src\stm32l4xx_hal_i2c_ex.o
 .debug_ranges  0x00000d28      0x120 Drivers\STM32L4xx_HAL_Driver\Src\stm32l4xx_hal_pwr_ex.o
 .debug_ranges  0x00000e48       0x90 Drivers\STM32L4xx_HAL_Driver\Src\stm32l4xx_hal_rcc.o
 .debug_ranges  0x00000ed8       0xf0 Drivers\STM32L4xx_HAL_Driver\Src\stm32l4xx_hal_rcc_ex.o
 .debug_ranges  0x00000fc8      0x198 Drivers\STM32L4xx_HAL_Driver\Src\stm32l4xx_hal_sd.o
 .debug_ranges  0x00001160      0x190 Drivers\STM32L4xx_HAL_Driver\Src\stm32l4xx_hal_uart.o
 .debug_ranges  0x000012f0      0x1b8 Drivers\STM32L4xx_HAL_Driver\Src\stm32l4xx_ll_sdmmc.o
 .debug_ranges  0x000014a8       0x38 Middlewares\Third_Party\FatFs\src\diskio.o
 .debug_ranges  0x000014e0      0x420 Middlewares\Third_Party\FatFs\src\ff.o
 .debug_ranges  0x00001900       0x30 Middlewares\Third_Party\FatFs\src\ff_gen_drv.o
 .debug_ranges  0x00001930       0x38 Src\adc.o
 .debug_ranges  0x00001968       0x80 Src\bsp_driver_sd.o
 .debug_ranges  0x000019e8       0x38 Src\dma.o
 .debug_ranges  0x00001a20       0x18 Src\fatfs.o
 .debug_ranges  0x00001a38       0x80 Src\flash.o
 .debug_ranges  0x00001ab8       0x30 Src\gpio.o
 .debug_ranges  0x00001ae8       0x38 Src\i2c.o
 .debug_ranges  0x00001b20      0x260 Src\main.o
 .debug_ranges  0x00001d80       0x50 Src\sd_diskio.o
 .debug_ranges  0x00001dd0       0x58 Src\sdmmc.o
 .debug_ranges  0x00001e28       0x28 Src\stm32l4xx_hal_msp.o
 .debug_ranges  0x00001e50       0x40 Src\stm32l4xx_it.o
 .debug_ranges  0x00001e90       0x18 Src\system_stm32l4xx.o
 .debug_ranges  0x00001ea8       0x48 Src\usart.o
 .debug_ranges  0x00001ef0       0x20 startup\startup_stm32l476xx.o

.debug_line     0x00000000     0xcb43
 .debug_line    0x00000000      0x455 Drivers\STM32L4xx_HAL_Driver\Src\stm32l4xx_hal.o
 .debug_line    0x00000455      0xe54 Drivers\STM32L4xx_HAL_Driver\Src\stm32l4xx_hal_adc.o
 .debug_line    0x000012a9      0xc5d Drivers\STM32L4xx_HAL_Driver\Src\stm32l4xx_hal_adc_ex.o
 .debug_line    0x00001f06      0x451 Drivers\STM32L4xx_HAL_Driver\Src\stm32l4xx_hal_cortex.o
 .debug_line    0x00002357      0x4e4 Drivers\STM32L4xx_HAL_Driver\Src\stm32l4xx_hal_dma.o
 .debug_line    0x0000283b      0x448 Drivers\STM32L4xx_HAL_Driver\Src\stm32l4xx_hal_flash.o
 .debug_line    0x00002c83      0x4bd Drivers\STM32L4xx_HAL_Driver\Src\stm32l4xx_hal_flash_ex.o
 .debug_line    0x00003140      0x3e9 Drivers\STM32L4xx_HAL_Driver\Src\stm32l4xx_hal_gpio.o
 .debug_line    0x00003529     0x1932 Drivers\STM32L4xx_HAL_Driver\Src\stm32l4xx_hal_i2c.o
 .debug_line    0x00004e5b      0x36d Drivers\STM32L4xx_HAL_Driver\Src\stm32l4xx_hal_i2c_ex.o
 .debug_line    0x000051c8      0x5d5 Drivers\STM32L4xx_HAL_Driver\Src\stm32l4xx_hal_pwr_ex.o
 .debug_line    0x0000579d      0x5bd Drivers\STM32L4xx_HAL_Driver\Src\stm32l4xx_hal_rcc.o
 .debug_line    0x00005d5a      0x6fc Drivers\STM32L4xx_HAL_Driver\Src\stm32l4xx_hal_rcc_ex.o
 .debug_line    0x00006456      0xa26 Drivers\STM32L4xx_HAL_Driver\Src\stm32l4xx_hal_sd.o
 .debug_line    0x00006e7c      0xdc4 Drivers\STM32L4xx_HAL_Driver\Src\stm32l4xx_hal_uart.o
 .debug_line    0x00007c40      0x6e0 Drivers\STM32L4xx_HAL_Driver\Src\stm32l4xx_ll_sdmmc.o
 .debug_line    0x00008320      0x36d Middlewares\Third_Party\FatFs\src\diskio.o
 .debug_line    0x0000868d     0x1330 Middlewares\Third_Party\FatFs\src\ff.o
 .debug_line    0x000099bd      0x375 Middlewares\Third_Party\FatFs\src\ff_gen_drv.o
 .debug_line    0x00009d32      0x2fd Src\adc.o
 .debug_line    0x0000a02f      0x343 Src\bsp_driver_sd.o
 .debug_line    0x0000a372      0x1f8 Src\dma.o
 .debug_line    0x0000a56a      0x34c Src\fatfs.o
 .debug_line    0x0000a8b6      0x387 Src\flash.o
 .debug_line    0x0000ac3d      0x20c Src\gpio.o
 .debug_line    0x0000ae49      0x2af Src\i2c.o
 .debug_line    0x0000b0f8      0x998 Src\main.o
 .debug_line    0x0000ba90      0x3e2 Src\sd_diskio.o
 .debug_line    0x0000be72      0x2b7 Src\sdmmc.o
 .debug_line    0x0000c129      0x1e7 Src\stm32l4xx_hal_msp.o
 .debug_line    0x0000c310      0x26d Src\stm32l4xx_it.o
 .debug_line    0x0000c57d      0x248 Src\system_stm32l4xx.o
 .debug_line    0x0000c7c5      0x2ff Src\usart.o
 .debug_line    0x0000cac4       0x7f startup\startup_stm32l476xx.o

.debug_str      0x00000000     0x75c6
 .debug_str     0x00000000      0xca0 Drivers\STM32L4xx_HAL_Driver\Src\stm32l4xx_hal.o
                                0xd27 (size before relaxing)
 .debug_str     0x00000ca0      0xdab Drivers\STM32L4xx_HAL_Driver\Src\stm32l4xx_hal_adc.o
                               0x11b1 (size before relaxing)
 .debug_str     0x00001a4b      0x5cf Drivers\STM32L4xx_HAL_Driver\Src\stm32l4xx_hal_adc_ex.o
                               0x1157 (size before relaxing)
 .debug_str     0x0000201a      0x3c3 Drivers\STM32L4xx_HAL_Driver\Src\stm32l4xx_hal_cortex.o
                                0xc8b (size before relaxing)
 .debug_str     0x000023dd      0x248 Drivers\STM32L4xx_HAL_Driver\Src\stm32l4xx_hal_dma.o
                                0x6e3 (size before relaxing)
 .debug_str     0x00002625      0x35d Drivers\STM32L4xx_HAL_Driver\Src\stm32l4xx_hal_flash.o
                                0x6c3 (size before relaxing)
 .debug_str     0x00002982      0x272 Drivers\STM32L4xx_HAL_Driver\Src\stm32l4xx_hal_flash_ex.o
                                0x783 (size before relaxing)
 .debug_str     0x00002bf4      0x1da Drivers\STM32L4xx_HAL_Driver\Src\stm32l4xx_hal_gpio.o
                                0x5e0 (size before relaxing)
 .debug_str     0x00002dce      0xb1b Drivers\STM32L4xx_HAL_Driver\Src\stm32l4xx_hal_i2c.o
                               0x1011 (size before relaxing)
 .debug_str     0x000038e9       0xf3 Drivers\STM32L4xx_HAL_Driver\Src\stm32l4xx_hal_i2c_ex.o
                                0x988 (size before relaxing)
 .debug_str     0x000039dc      0x526 Drivers\STM32L4xx_HAL_Driver\Src\stm32l4xx_hal_pwr_ex.o
                                0x877 (size before relaxing)
 .debug_str     0x00003f02      0x346 Drivers\STM32L4xx_HAL_Driver\Src\stm32l4xx_hal_rcc.o
                                0x8bd (size before relaxing)
 .debug_str     0x00004248      0x595 Drivers\STM32L4xx_HAL_Driver\Src\stm32l4xx_hal_rcc_ex.o
                                0xb4d (size before relaxing)
 .debug_str     0x000047dd      0xc50 Drivers\STM32L4xx_HAL_Driver\Src\stm32l4xx_hal_sd.o
                               0x11ae (size before relaxing)
 .debug_str     0x0000542d      0x8ef Drivers\STM32L4xx_HAL_Driver\Src\stm32l4xx_hal_uart.o
                                0xfcb (size before relaxing)
 .debug_str     0x00005d1c      0x1fd Drivers\STM32L4xx_HAL_Driver\Src\stm32l4xx_ll_sdmmc.o
                                0x85a (size before relaxing)
 .debug_str     0x00005f19      0x4d2 Middlewares\Third_Party\FatFs\src\diskio.o
                                0x770 (size before relaxing)
 .debug_str     0x000063eb      0x5b8 Middlewares\Third_Party\FatFs\src\ff.o
                                0xcfe (size before relaxing)
 .debug_str     0x000069a3       0xa2 Middlewares\Third_Party\FatFs\src\ff_gen_drv.o
                                0x7c1 (size before relaxing)
 .debug_str     0x00006a45       0x49 Src\adc.o
                                0xa04 (size before relaxing)
 .debug_str     0x00006a8e      0x164 Src\bsp_driver_sd.o
                                0x9c0 (size before relaxing)
 .debug_str     0x00006bf2       0x19 Src\dma.o
                                0x89e (size before relaxing)
 .debug_str     0x00006c0b       0x43 Src\fatfs.o
                                0x83b (size before relaxing)
 .debug_str     0x00006c4e      0x115 Src\flash.o
                                0x957 (size before relaxing)
 .debug_str     0x00006d63       0x1b Src\gpio.o
                                0x460 (size before relaxing)
 .debug_str     0x00006d7e       0x2a Src\i2c.o
                                0x976 (size before relaxing)
 .debug_str     0x00006da8      0x67e Src\main.o
                               0x2383 (size before relaxing)
 .debug_str     0x00007426       0x59 Src\sd_diskio.o
                                0x83a (size before relaxing)
 .debug_str     0x0000747f       0x18 Src\sdmmc.o
                                0x8a1 (size before relaxing)
 .debug_str     0x00007497       0x1b Src\stm32l4xx_hal_msp.o
                                0x3a3 (size before relaxing)
 .debug_str     0x000074b2       0xbf Src\stm32l4xx_it.o
                                0x4f3 (size before relaxing)
 .debug_str     0x00007571       0x3b Src\system_stm32l4xx.o
                                0x42e (size before relaxing)
 .debug_str     0x000075ac       0x1a Src\usart.o
                                0x963 (size before relaxing)

.comment        0x00000000       0x7c
 .comment       0x00000000       0x7c Drivers\STM32L4xx_HAL_Driver\Src\stm32l4xx_hal.o
                                 0x7d (size before relaxing)
 .comment       0x0000007c       0x7d Drivers\STM32L4xx_HAL_Driver\Src\stm32l4xx_hal_adc.o
 .comment       0x0000007c       0x7d Drivers\STM32L4xx_HAL_Driver\Src\stm32l4xx_hal_adc_ex.o
 .comment       0x0000007c       0x7d Drivers\STM32L4xx_HAL_Driver\Src\stm32l4xx_hal_cortex.o
 .comment       0x0000007c       0x7d Drivers\STM32L4xx_HAL_Driver\Src\stm32l4xx_hal_dma.o
 .comment       0x0000007c       0x7d Drivers\STM32L4xx_HAL_Driver\Src\stm32l4xx_hal_flash.o
 .comment       0x0000007c       0x7d Drivers\STM32L4xx_HAL_Driver\Src\stm32l4xx_hal_flash_ex.o
 .comment       0x0000007c       0x7d Drivers\STM32L4xx_HAL_Driver\Src\stm32l4xx_hal_gpio.o
 .comment       0x0000007c       0x7d Drivers\STM32L4xx_HAL_Driver\Src\stm32l4xx_hal_i2c.o
 .comment       0x0000007c       0x7d Drivers\STM32L4xx_HAL_Driver\Src\stm32l4xx_hal_i2c_ex.o
 .comment       0x0000007c       0x7d Drivers\STM32L4xx_HAL_Driver\Src\stm32l4xx_hal_pwr_ex.o
 .comment       0x0000007c       0x7d Drivers\STM32L4xx_HAL_Driver\Src\stm32l4xx_hal_rcc.o
 .comment       0x0000007c       0x7d Drivers\STM32L4xx_HAL_Driver\Src\stm32l4xx_hal_rcc_ex.o
 .comment       0x0000007c       0x7d Drivers\STM32L4xx_HAL_Driver\Src\stm32l4xx_hal_sd.o
 .comment       0x0000007c       0x7d Drivers\STM32L4xx_HAL_Driver\Src\stm32l4xx_hal_uart.o
 .comment       0x0000007c       0x7d Drivers\STM32L4xx_HAL_Driver\Src\stm32l4xx_ll_sdmmc.o
 .comment       0x0000007c       0x7d Middlewares\Third_Party\FatFs\src\diskio.o
 .comment       0x0000007c       0x7d Middlewares\Third_Party\FatFs\src\ff.o
 .comment       0x0000007c       0x7d Middlewares\Third_Party\FatFs\src\ff_gen_drv.o
 .comment       0x0000007c       0x7d Src\adc.o
 .comment       0x0000007c       0x7d Src\bsp_driver_sd.o
 .comment       0x0000007c       0x7d Src\dma.o
 .comment       0x0000007c       0x7d Src\fatfs.o
 .comment       0x0000007c       0x7d Src\flash.o
 .comment       0x0000007c       0x7d Src\gpio.o
 .comment       0x0000007c       0x7d Src\i2c.o
 .comment       0x0000007c       0x7d Src\main.o
 .comment       0x0000007c       0x7d Src\sd_diskio.o
 .comment       0x0000007c       0x7d Src\sdmmc.o
 .comment       0x0000007c       0x7d Src\stm32l4xx_hal_msp.o
 .comment       0x0000007c       0x7d Src\stm32l4xx_it.o
 .comment       0x0000007c       0x7d Src\system_stm32l4xx.o
 .comment       0x0000007c       0x7d Src\usart.o

.debug_frame    0x00000000     0x3e64
 .debug_frame   0x00000000      0x244 Drivers\STM32L4xx_HAL_Driver\Src\stm32l4xx_hal.o
 .debug_frame   0x00000244      0x330 Drivers\STM32L4xx_HAL_Driver\Src\stm32l4xx_hal_adc.o
 .debug_frame   0x00000574      0x30c Drivers\STM32L4xx_HAL_Driver\Src\stm32l4xx_hal_adc_ex.o
 .debug_frame   0x00000880      0x158 Drivers\STM32L4xx_HAL_Driver\Src\stm32l4xx_hal_cortex.o
 .debug_frame   0x000009d8      0x140 Drivers\STM32L4xx_HAL_Driver\Src\stm32l4xx_hal_dma.o