Archive member included to satisfy reference by file (symbol)

c:/program files (x86)/atollic/truestudio for stm32 9.0.1/armtools/bin/../lib/gcc/arm-atollic-eabi/6.3.1/../../../../arm-atollic-eabi/lib/armv7e-m/fpu\libc_nano.a(lib_a-atoi.o)
                              Src\main.o (atoi)
c:/program files (x86)/atollic/truestudio for stm32 9.0.1/armtools/bin/../lib/gcc/arm-atollic-eabi/6.3.1/../../../../arm-atollic-eabi/lib/armv7e-m/fpu\libc_nano.a(lib_a-errno.o)
                              Src\syscalls.o (__errno)
c:/program files (x86)/atollic/truestudio for stm32 9.0.1/armtools/bin/../lib/gcc/arm-atollic-eabi/6.3.1/../../../../arm-atollic-eabi/lib/armv7e-m/fpu\libc_nano.a(lib_a-impure.o)
                              c:/program files (x86)/atollic/truestudio for stm32 9.0.1/armtools/bin/../lib/gcc/arm-atollic-eabi/6.3.1/../../../../arm-atollic-eabi/lib/armv7e-m/fpu\libc_nano.a(lib_a-errno.o) (_impure_ptr)
c:/program files (x86)/atollic/truestudio for stm32 9.0.1/armtools/bin/../lib/gcc/arm-atollic-eabi/6.3.1/../../../../arm-atollic-eabi/lib/armv7e-m/fpu\libc_nano.a(lib_a-init.o)
                              startup\startup_stm32l476xx.o (__libc_init_array)
c:/program files (x86)/atollic/truestudio for stm32 9.0.1/armtools/bin/../lib/gcc/arm-atollic-eabi/6.3.1/../../../../arm-atollic-eabi/lib/armv7e-m/fpu\libc_nano.a(lib_a-itoa.o)
                              Src\main.o (itoa)
c:/program files (x86)/atollic/truestudio for stm32 9.0.1/armtools/bin/../lib/gcc/arm-atollic-eabi/6.3.1/../../../../arm-atollic-eabi/lib/armv7e-m/fpu\libc_nano.a(lib_a-memset.o)
                              Src\adc.o (memset)
c:/program files (x86)/atollic/truestudio for stm32 9.0.1/armtools/bin/../lib/gcc/arm-atollic-eabi/6.3.1/../../../../arm-atollic-eabi/lib/armv7e-m/fpu\libc_nano.a(lib_a-sprintf.o)
                              Src\main.o (sprintf)
c:/program files (x86)/atollic/truestudio for stm32 9.0.1/armtools/bin/../lib/gcc/arm-atollic-eabi/6.3.1/../../../../arm-atollic-eabi/lib/armv7e-m/fpu\libc_nano.a(lib_a-strcat.o)
                              Src\main.o (strcat)
c:/program files (x86)/atollic/truestudio for stm32 9.0.1/armtools/bin/../lib/gcc/arm-atollic-eabi/6.3.1/../../../../arm-atollic-eabi/lib/armv7e-m/fpu\libc_nano.a(lib_a-strchr.o)
                              Src\main.o (strchr)
c:/program files (x86)/atollic/truestudio for stm32 9.0.1/armtools/bin/../lib/gcc/arm-atollic-eabi/6.3.1/../../../../arm-atollic-eabi/lib/armv7e-m/fpu\libc_nano.a(lib_a-strlen.o)
                              Src\main.o (strlen)
c:/program files (x86)/atollic/truestudio for stm32 9.0.1/armtools/bin/../lib/gcc/arm-atollic-eabi/6.3.1/../../../../arm-atollic-eabi/lib/armv7e-m/fpu\libc_nano.a(lib_a-strstr.o)
                              Src\main.o (strstr)
c:/program files (x86)/atollic/truestudio for stm32 9.0.1/armtools/bin/../lib/gcc/arm-atollic-eabi/6.3.1/../../../../arm-atollic-eabi/lib/armv7e-m/fpu\libc_nano.a(lib_a-strtol.o)
                              c:/program files (x86)/atollic/truestudio for stm32 9.0.1/armtools/bin/../lib/gcc/arm-atollic-eabi/6.3.1/../../../../arm-atollic-eabi/lib/armv7e-m/fpu\libc_nano.a(lib_a-atoi.o) (_strtol_r)
c:/program files (x86)/atollic/truestudio for stm32 9.0.1/armtools/bin/../lib/gcc/arm-atollic-eabi/6.3.1/../../../../arm-atollic-eabi/lib/armv7e-m/fpu\libc_nano.a(lib_a-utoa.o)
                              c:/program files (x86)/atollic/truestudio for stm32 9.0.1/armtools/bin/../lib/gcc/arm-atollic-eabi/6.3.1/../../../../arm-atollic-eabi/lib/armv7e-m/fpu\libc_nano.a(lib_a-itoa.o) (__utoa)
c:/program files (x86)/atollic/truestudio for stm32 9.0.1/armtools/bin/../lib/gcc/arm-atollic-eabi/6.3.1/../../../../arm-atollic-eabi/lib/armv7e-m/fpu\libc_nano.a(lib_a-locale.o)
                              c:/program files (x86)/atollic/truestudio for stm32 9.0.1/armtools/bin/../lib/gcc/arm-atollic-eabi/6.3.1/../../../../arm-atollic-eabi/lib/armv7e-m/fpu\libc_nano.a(lib_a-strtol.o) (__locale_ctype_ptr_l)
c:/program files (x86)/atollic/truestudio for stm32 9.0.1/armtools/bin/../lib/gcc/arm-atollic-eabi/6.3.1/../../../../arm-atollic-eabi/lib/armv7e-m/fpu\libc_nano.a(lib_a-mbtowc_r.o)
                              c:/program files (x86)/atollic/truestudio for stm32 9.0.1/armtools/bin/../lib/gcc/arm-atollic-eabi/6.3.1/../../../../arm-atollic-eabi/lib/armv7e-m/fpu\libc_nano.a(lib_a-locale.o) (__ascii_mbtowc)
c:/program files (x86)/atollic/truestudio for stm32 9.0.1/armtools/bin/../lib/gcc/arm-atollic-eabi/6.3.1/../../../../arm-atollic-eabi/lib/armv7e-m/fpu\libc_nano.a(lib_a-nano-svfprintf.o)
                              c:/program files (x86)/atollic/truestudio for stm32 9.0.1/armtools/bin/../lib/gcc/arm-atollic-eabi/6.3.1/../../../../arm-atollic-eabi/lib/armv7e-m/fpu\libc_nano.a(lib_a-sprintf.o) (_svfprintf_r)
c:/program files (x86)/atollic/truestudio for stm32 9.0.1/armtools/bin/../lib/gcc/arm-atollic-eabi/6.3.1/../../../../arm-atollic-eabi/lib/armv7e-m/fpu\libc_nano.a(lib_a-nano-vfprintf_i.o)
[...]
Memory Configuration

Name             Origin             Length             Attributes
RAM              0x20000000         0x00018000         xrw
RAM2             0x10000000         0x00008000         xrw
FLASH            0x08000000         0x00100000         xr
*default*        0x00000000         0xffffffff

Linker script and memory map

LOAD c:/program files (x86)/atollic/truestudio for stm32 9.0.1/armtools/bin/../lib/gcc/arm-atollic-eabi/6.3.1/armv7e-m/fpu/crti.o
LOAD c:/program files (x86)/atollic/truestudio for stm32 9.0.1/armtools/bin/../lib/gcc/arm-atollic-eabi/6.3.1/armv7e-m/fpu/crtbegin.o
LOAD Drivers\STM32L4xx_HAL_Driver\Src\stm32l4xx_hal.o
LOAD Drivers\STM32L4xx_HAL_Driver\Src\stm32l4xx_hal_adc.o
LOAD Drivers\STM32L4xx_HAL_Driver\Src\stm32l4xx_hal_adc_ex.o
LOAD Drivers\STM32L4xx_HAL_Driver\Src\stm32l4xx_hal_cortex.o
LOAD Drivers\STM32L4xx_HAL_Driver\Src\stm32l4xx_hal_dma.o
LOAD Drivers\STM32L4xx_HAL_Driver\Src\stm32l4xx_hal_dma_ex.o
LOAD Drivers\STM32L4xx_HAL_Driver\Src\stm32l4xx_hal_flash.o
LOAD Drivers\STM32L4xx_HAL_Driver\Src\stm32l4xx_hal_flash_ex.o
LOAD Drivers\STM32L4xx_HAL_Driver\Src\stm32l4xx_hal_flash_ramfunc.o
LOAD Drivers\STM32L4xx_HAL_Driver\Src\stm32l4xx_hal_gpio.o
LOAD Drivers\STM32L4xx_HAL_Driver\Src\stm32l4xx_hal_i2c.o
LOAD Drivers\STM32L4xx_HAL_Driver\Src\stm32l4xx_hal_i2c_ex.o
LOAD Drivers\STM32L4xx_HAL_Driver\Src\stm32l4xx_hal_pwr.o
LOAD Drivers\STM32L4xx_HAL_Driver\Src\stm32l4xx_hal_pwr_ex.o
LOAD Drivers\STM32L4xx_HAL_Driver\Src\stm32l4xx_hal_rcc.o
LOAD Drivers\STM32L4xx_HAL_Driver\Src\stm32l4xx_hal_rcc_ex.o
LOAD Drivers\STM32L4xx_HAL_Driver\Src\stm32l4xx_hal_rtc.o
LOAD Drivers\STM32L4xx_HAL_Driver\Src\stm32l4xx_hal_rtc_ex.o
LOAD Drivers\STM32L4xx_HAL_Driver\Src\stm32l4xx_hal_sd.o
LOAD Drivers\STM32L4xx_HAL_Driver\Src\stm32l4xx_hal_sd_ex.o
LOAD Drivers\STM32L4xx_HAL_Driver\Src\stm32l4xx_hal_tim.o
LOAD Drivers\STM32L4xx_HAL_Driver\Src\stm32l4xx_hal_tim_ex.o
LOAD Drivers\STM32L4xx_HAL_Driver\Src\stm32l4xx_hal_uart.o
LOAD Drivers\STM32L4xx_HAL_Driver\Src\stm32l4xx_hal_uart_ex.o
LOAD Drivers\STM32L4xx_HAL_Driver\Src\stm32l4xx_ll_sdmmc.o
LOAD Middlewares\Third_Party\FatFs\src\diskio.o
LOAD Middlewares\Third_Party\FatFs\src\ff.o
LOAD Middlewares\Third_Party\FatFs\src\ff_gen_drv.o
LOAD Middlewares\Third_Party\FatFs\src\option\syscall.o
LOAD Src\adc.o
LOAD Src\bsp_driver_sd.o
LOAD Src\dma.o
LOAD Src\fatfs.o
LOAD Src\flash.o
LOAD Src\gpio.o
LOAD Src\i2c.o
LOAD Src\main.o
LOAD Src\rtc.o
LOAD Src\sd_diskio.o
LOAD Src\sdmmc.o
LOAD Src\stm32l4xx_hal_msp.o
LOAD Src\stm32l4xx_it.o
LOAD Src\syscalls.o
LOAD Src\system_stm32l4xx.o
LOAD Src\usart.o
LOAD startup\startup_stm32l476xx.o
                0x00000080                malloc_getpagesize_P = 0x80
START GROUP
LOAD c:/program files (x86)/atollic/truestudio for stm32 9.0.1/armtools/bin/../lib/gcc/arm-atollic-eabi/6.3.1/../../../../arm-atollic-eabi/lib/armv7e-m/fpu\libc_nano.a
LOAD c:/program files (x86)/atollic/truestudio for stm32 9.0.1/armtools/bin/../lib/gcc/arm-atollic-eabi/6.3.1/../../../../arm-atollic-eabi/lib/armv7e-m/fpu\libm.a
END GROUP
START GROUP
LOAD c:/program files (x86)/atollic/truestudio for stm32 9.0.1/armtools/bin/../lib/gcc/arm-atollic-eabi/6.3.1/armv7e-m/fpu\libgcc.a
LOAD c:/program files (x86)/atollic/truestudio for stm32 9.0.1/armtools/bin/../lib/gcc/arm-atollic-eabi/6.3.1/../../../../arm-atollic-eabi/lib/armv7e-m/fpu\libc_nano.a
END GROUP
START GROUP
LOAD c:/program files (x86)/atollic/truestudio for stm32 9.0.1/armtools/bin/../lib/gcc/arm-atollic-eabi/6.3.1/armv7e-m/fpu\libgcc.a
LOAD c:/program files (x86)/atollic/truestudio for stm32 9.0.1/armtools/bin/../lib/gcc/arm-atollic-eabi/6.3.1/../../../../arm-atollic-eabi/lib/armv7e-m/fpu\libc_nano.a
LOAD c:/program files (x86)/atollic/truestudio for stm32 9.0.1/armtools/bin/../lib/gcc/arm-atollic-eabi/6.3.1/../../../../arm-atollic-eabi/lib/armv7e-m/fpu\libnosys.a
END GROUP
START GROUP
LOAD c:/program files (x86)/atollic/truestudio for stm32 9.0.1/armtools/bin/../lib/gcc/arm-atollic-eabi/6.3.1/armv7e-m/fpu\libgcc.a
LOAD c:/program files (x86)/atollic/truestudio for stm32 9.0.1/armtools/bin/../lib/gcc/arm-atollic-eabi/6.3.1/../../../../arm-atollic-eabi/lib/armv7e-m/fpu\libc_nano.a
LOAD c:/program files (x86)/atollic/truestudio for stm32 9.0.1/armtools/bin/../lib/gcc/arm-atollic-eabi/6.3.1/../../../../arm-atollic-eabi/lib/armv7e-m/fpu\libnosys.a
END GROUP
LOAD c:/program files (x86)/atollic/truestudio for stm32 9.0.1/armtools/bin/../lib/gcc/arm-atollic-eabi/6.3.1/armv7e-m/fpu/crtend.o
LOAD c:/program files (x86)/atollic/truestudio for stm32 9.0.1/armtools/bin/../lib/gcc/arm-atollic-eabi/6.3.1/armv7e-m/fpu/crtn.o
                0x20018000                _estack = 0x20018000
                0x00002000                _Min_Heap_Size = 0x2000
                0x00004000                _Min_Stack_Size = 0x4000

.isr_vector     0x08000000      0x188
                0x08000000                . = ALIGN (0x4)
 *(.isr_vector)
 .isr_vector    0x08000000      0x188 startup\startup_stm32l476xx.o
                0x08000000                g_pfnVectors
                0x08000188                . = ALIGN (0x4)

.text           0x08000190     0x683c
                0x08000190                . = ALIGN (0x4)
 *(.text)
 .text          0x08000190       0x40 c:/program files (x86)/atollic/truestudio for stm32 9.0.1/armtools/bin/../lib/gcc/arm-atollic-eabi/6.3.1/armv7e-m/fpu/crtbegin.o
 .text          0x080001d0       0x10 c:/program files (x86)/atollic/truestudio for stm32 9.0.1/armtools/bin/../lib/gcc/arm-atollic-eabi/6.3.1/../../../../arm-atollic-eabi/lib/armv7e-m/fpu\libc_nano.a(lib_a-strlen.o)
                0x080001d0                strlen
 .text          0x080001e0       0xa0 c:/program files (x86)/atollic/truestudio for stm32 9.0.1/armtools/bin/../lib/gcc/arm-atollic-eabi/6.3.1/../../../../arm-atollic-eabi/lib/armv7e-m/fpu\libc_nano.a(lib_a-memchr.o)
                0x080001e0                memchr
 .text          0x08000280       0x30 c:/program files (x86)/atollic/truestudio for stm32 9.0.1/armtools/bin/../lib/gcc/arm-atollic-eabi/6.3.1/armv7e-m/fpu\libgcc.a(_aeabi_uldivmod.o)
                0x08000280                __aeabi_uldivmod
 .text          0x080002b0      0x2dc c:/program files (x86)/atollic/truestudio for stm32 9.0.1/armtools/bin/../lib/gcc/arm-atollic-eabi/6.3.1/armv7e-m/fpu\libgcc.a(_udivmoddi4.o)
                0x080002b0                __udivmoddi4
 .text          0x0800058c        0x4 c:/program files (x86)/atollic/truestudio for stm32 9.0.1/armtools/bin/../lib/gcc/arm-atollic-eabi/6.3.1/armv7e-m/fpu\libgcc.a(_dvmd_tls.o)
                0x0800058c                __aeabi_idiv0
                0x0800058c                __aeabi_ldiv0
 *(.text*)
 .text.HAL_InitTick
                0x08000590       0x30 Drivers\STM32L4xx_HAL_Driver\Src\stm32l4xx_hal.o
                0x08000590                HAL_InitTick
 .text.HAL_Init
                0x080005c0       0x2c Drivers\STM32L4xx_HAL_Driver\Src\stm32l4xx_hal.o
                0x080005c0                HAL_Init
 .text.HAL_IncTick
                0x080005ec       0x10 Drivers\STM32L4xx_HAL_Driver\Src\stm32l4xx_hal.o
                0x080005ec                HAL_IncTick
 .text.HAL_GetTick
                0x080005fc        0xc Drivers\STM32L4xx_HAL_Driver\Src\stm32l4xx_hal.o
                0x080005fc                HAL_GetTick
 .text.HAL_Delay
                0x08000608       0x1c Drivers\STM32L4xx_HAL_Driver\Src\stm32l4xx_hal.o
                0x08000608                HAL_Delay
 .text.LL_ADC_SetChannelSamplingTime
                0x08000624       0x24 Drivers\STM32L4xx_HAL_Driver\Src\stm32l4xx_hal_adc.o
 .text.LL_ADC_IsEnabled
                0x08000648        0x8 Drivers\STM32L4xx_HAL_Driver\Src\stm32l4xx_hal_adc.o
 .text.LL_ADC_REG_IsConversionOngoing
                0x08000650        0x8 Drivers\STM32L4xx_HAL_Driver\Src\stm32l4xx_hal_adc.o
 .text.HAL_ADC_Init
                0x08000658      0x1c0 Drivers\STM32L4xx_HAL_Driver\Src\stm32l4xx_hal_adc.o
                0x08000658                HAL_ADC_Init
 .text.HAL_ADC_ConfigChannel
                0x08000818      0x3c4 Drivers\STM32L4xx_HAL_Driver\Src\stm32l4xx_hal_adc.o
                0x08000818                HAL_ADC_ConfigChannel
 .text.ADC_Enable
                0x08000bdc       0x70 Drivers\STM32L4xx_HAL_Driver\Src\stm32l4xx_hal_adc.o
                0x08000bdc                ADC_Enable
 .text.HAL_ADC_Start
                0x08000c4c       0xe4 Drivers\STM32L4xx_HAL_Driver\Src\stm32l4xx_hal_adc.o
                0x08000c4c                HAL_ADC_Start
 .text.LL_ADC_IsEnabled
                0x08000d30        0x8 Drivers\STM32L4xx_HAL_Driver\Src\stm32l4xx_hal_adc_ex.o
 .text.LL_ADC_REG_IsConversionOngoing
                0x08000d38        0x8 Drivers\STM32L4xx_HAL_Driver\Src\stm32l4xx_hal_adc_ex.o
 .text.HAL_ADCEx_MultiModeConfigChannel
                0x08000d40       0xf0 Drivers\STM32L4xx_HAL_Driver\Src\stm32l4xx_hal_adc_ex.o
                0x08000d40                HAL_ADCEx_MultiModeConfigChannel
 .text.HAL_NVIC_SetPriorityGrouping
                0x08000e30       0x24 Drivers\STM32L4xx_HAL_Driver\Src\stm32l4xx_hal_cortex.o
                0x08000e30                HAL_NVIC_SetPriorityGrouping
 .text.HAL_NVIC_SetPriority
                0x08000e54       0x68 Drivers\STM32L4xx_HAL_Driver\Src\stm32l4xx_hal_cortex.o
                0x08000e54                HAL_NVIC_SetPriority
 .text.HAL_NVIC_EnableIRQ
                0x08000ebc       0x18 Drivers\STM32L4xx_HAL_Driver\Src\stm32l4xx_hal_cortex.o
                0x08000ebc                HAL_NVIC_EnableIRQ
 .text.HAL_SYSTICK_Config
                0x08000ed4       0x2c Drivers\STM32L4xx_HAL_Driver\Src\stm32l4xx_hal_cortex.o
                0x08000ed4                HAL_SYSTICK_Config
 .text.HAL_DMA_Init
                0x08000f00       0xc4 Drivers\STM32L4xx_HAL_Driver\Src\stm32l4xx_hal_dma.o
                0x08000f00                HAL_DMA_Init
 .text.HAL_DMA_IRQHandler
                0x08000fc4       0x94 Drivers\STM32L4xx_HAL_Driver\Src\stm32l4xx_hal_dma.o
                0x08000fc4                HAL_DMA_IRQHandler
 .text.FLASH_Program_Fast
                0x08001058       0x24 Drivers\STM32L4xx_HAL_Driver\Src\stm32l4xx_hal_flash.o
 .text.HAL_FLASH_Unlock
                0x0800107c       0x24 Drivers\STM32L4xx_HAL_Driver\Src\stm32l4xx_hal_flash.o
                0x0800107c                HAL_FLASH_Unlock
 .text.HAL_FLASH_Lock
                0x080010a0       0x14 Drivers\STM32L4xx_HAL_Driver\Src\stm32l4xx_hal_flash.o
                0x080010a0                HAL_FLASH_Lock
 .text.FLASH_WaitForLastOperation
                0x080010b4       0x78 Drivers\STM32L4xx_HAL_Driver\Src\stm32l4xx_hal_flash.o
                0x080010b4                FLASH_WaitForLastOperation
 .text.HAL_FLASH_Program
                0x0800112c       0xa0 Drivers\STM32L4xx_HAL_Driver\Src\stm32l4xx_hal_flash.o
                0x0800112c                HAL_FLASH_Program
 .text.FLASH_MassErase
                0x080011cc       0x2c Drivers\STM32L4xx_HAL_Driver\Src\stm32l4xx_hal_flash_ex.o
 .text.FLASH_PageErase
                0x080011f8       0x3c Drivers\STM32L4xx_HAL_Driver\Src\stm32l4xx_hal_flash_ex.o
                0x080011f8                FLASH_PageErase
 .text.FLASH_FlushCaches
                0x08001234       0x58 Drivers\STM32L4xx_HAL_Driver\Src\stm32l4xx_hal_flash_ex.o
                0x08001234                FLASH_FlushCaches
 .text.HAL_FLASHEx_Erase
                0x0800128c       0xe8 Drivers\STM32L4xx_HAL_Driver\Src\stm32l4xx_hal_flash_ex.o
                0x0800128c                HAL_FLASHEx_Erase
 .text.HAL_GPIO_Init
                0x08001374      0x1b8 Drivers\STM32L4xx_HAL_Driver\Src\stm32l4xx_hal_gpio.o
                0x08001374                HAL_GPIO_Init
 .text.HAL_GPIO_DeInit
                0x0800152c      0x134 Drivers\STM32L4xx_HAL_Driver\Src\stm32l4xx_hal_gpio.o
                0x0800152c                HAL_GPIO_DeInit
 .text.HAL_GPIO_WritePin
                0x08001660        0xa Drivers\STM32L4xx_HAL_Driver\Src\stm32l4xx_hal_gpio.o
                0x08001660                HAL_GPIO_WritePin
 .text.I2C_Flush_TXDR
                0x0800166a       0x1c Drivers\STM32L4xx_HAL_Driver\Src\stm32l4xx_hal_i2c.o
 .text.I2C_TransferConfig
                0x08001686       0x34 Drivers\STM32L4xx_HAL_Driver\Src\stm32l4xx_hal_i2c.o
 .text.I2C_WaitOnFlagUntilTimeout
                0x080016ba       0x56 Drivers\STM32L4xx_HAL_Driver\Src\stm32l4xx_hal_i2c.o
 .text.I2C_IsAcknowledgeFailed
                0x08001710       0x7a Drivers\STM32L4xx_HAL_Driver\Src\stm32l4xx_hal_i2c.o
 .text.I2C_WaitOnTXISFlagUntilTimeout
                0x0800178a       0x4e Drivers\STM32L4xx_HAL_Driver\Src\stm32l4xx_hal_i2c.o
 .text.I2C_RequestMemoryWrite
                0x080017d8       0x64 Drivers\STM32L4xx_HAL_Driver\Src\stm32l4xx_hal_i2c.o
 .text.I2C_RequestMemoryRead
                0x0800183c       0x64 Drivers\STM32L4xx_HAL_Driver\Src\stm32l4xx_hal_i2c.o
 .text.I2C_WaitOnSTOPFlagUntilTimeout
                0x080018a0       0x4a Drivers\STM32L4xx_HAL_Driver\Src\stm32l4xx_hal_i2c.o
 .text.HAL_I2C_Init
                0x080018ea       0xa2 Drivers\STM32L4xx_HAL_Driver\Src\stm32l4xx_hal_i2c.o
                0x080018ea                HAL_I2C_Init
 .text.HAL_I2C_Mem_Write
                0x0800198c      0x16e Drivers\STM32L4xx_HAL_Driver\Src\stm32l4xx_hal_i2c.o
                0x0800198c                HAL_I2C_Mem_Write
 *fill*         0x08001afa        0x2 
 .text.HAL_I2C_Mem_Read
                0x08001afc      0x17c Drivers\STM32L4xx_HAL_Driver\Src\stm32l4xx_hal_i2c.o
                0x08001afc                HAL_I2C_Mem_Read
 .text.HAL_I2CEx_ConfigAnalogFilter
                0x08001c78       0x4c Drivers\STM32L4xx_HAL_Driver\Src\stm32l4xx_hal_i2c_ex.o
                0x08001c78                HAL_I2CEx_ConfigAnalogFilter
 .text.HAL_I2CEx_ConfigDigitalFilter
                0x08001cc4       0x4a Drivers\STM32L4xx_HAL_Driver\Src\stm32l4xx_hal_i2c_ex.o
                0x08001cc4                HAL_I2CEx_ConfigDigitalFilter
 *fill*         0x08001d0e        0x2 
 .text.HAL_PWR_EnableBkUpAccess
                0x08001d10       0x10 Drivers\STM32L4xx_HAL_Driver\Src\stm32l4xx_hal_pwr.o
                0x08001d10                HAL_PWR_EnableBkUpAccess
 .text.HAL_PWR_EnterSTANDBYMode
                0x08001d20       0x24 Drivers\STM32L4xx_HAL_Driver\Src\stm32l4xx_hal_pwr.o
                0x08001d20                HAL_PWR_EnterSTANDBYMode
 .text.HAL_PWREx_GetVoltageRange
                0x08001d44       0x10 Drivers\STM32L4xx_HAL_Driver\Src\stm32l4xx_hal_pwr_ex.o
                0x08001d44                HAL_PWREx_GetVoltageRange
 .text.HAL_PWREx_ControlVoltageScaling
                0x08001d54       0x6c Drivers\STM32L4xx_HAL_Driver\Src\stm32l4xx_hal_pwr_ex.o
                0x08001d54                HAL_PWREx_ControlVoltageScaling
 .text.RCC_SetFlashLatencyFromMSIRange
                0x08001dc0       0x84 Drivers\STM32L4xx_HAL_Driver\Src\stm32l4xx_hal_rcc.o
 .text.HAL_RCC_GetSysClockFreq
                0x08001e44       0xa8 Drivers\STM32L4xx_HAL_Driver\Src\stm32l4xx_hal_rcc.o
                0x08001e44                HAL_RCC_GetSysClockFreq
 .text.HAL_RCC_OscConfig
                0x08001eec      0x44c Drivers\STM32L4xx_HAL_Driver\Src\stm32l4xx_hal_rcc.o
                0x08001eec                HAL_RCC_OscConfig
 .text.HAL_RCC_ClockConfig
                0x08002338      0x124 Drivers\STM32L4xx_HAL_Driver\Src\stm32l4xx_hal_rcc.o
                0x08002338                HAL_RCC_ClockConfig
 .text.HAL_RCC_GetPCLK1Freq
                0x0800245c       0x24 Drivers\STM32L4xx_HAL_Driver\Src\stm32l4xx_hal_rcc.o
                0x0800245c                HAL_RCC_GetPCLK1Freq
 .text.HAL_RCC_GetPCLK2Freq
                0x08002480       0x24 Drivers\STM32L4xx_HAL_Driver\Src\stm32l4xx_hal_rcc.o
                0x08002480                HAL_RCC_GetPCLK2Freq
 .text.RCCEx_PLLSAI1_Config
                0x080024a4      0x11c Drivers\STM32L4xx_HAL_Driver\Src\stm32l4xx_hal_rcc_ex.o
 .text.RCCEx_PLLSAI2_Config
                0x080025c0       0xfc Drivers\STM32L4xx_HAL_Driver\Src\stm32l4xx_hal_rcc_ex.o
 .text.HAL_RCCEx_PeriphCLKConfig
                0x080026bc      0x3d0 Drivers\STM32L4xx_HAL_Driver\Src\stm32l4xx_hal_rcc_ex.o
                0x080026bc                HAL_RCCEx_PeriphCLKConfig
 .text.HAL_RTC_AlarmIRQHandler
                0x08002a8c       0x54 Drivers\STM32L4xx_HAL_Driver\Src\stm32l4xx_hal_rtc.o
                0x08002a8c                HAL_RTC_AlarmIRQHandler
 .text.HAL_RTC_WaitForSynchro
                0x08002ae0       0x30 Drivers\STM32L4xx_HAL_Driver\Src\stm32l4xx_hal_rtc.o
                0x08002ae0                HAL_RTC_WaitForSynchro
 .text.RTC_EnterInitMode
                0x08002b10       0x34 Drivers\STM32L4xx_HAL_Driver\Src\stm32l4xx_hal_rtc.o
                0x08002b10                RTC_EnterInitMode
 .text.HAL_RTC_Init
                0x08002b44       0xaa Drivers\STM32L4xx_HAL_Driver\Src\stm32l4xx_hal_rtc.o
                0x08002b44                HAL_RTC_Init
 .text.RTC_ByteToBcd2
                0x08002bee       0x16 Drivers\STM32L4xx_HAL_Driver\Src\stm32l4xx_hal_rtc.o
                0x08002bee                RTC_ByteToBcd2
 .text.HAL_RTC_SetDate
                0x08002c04       0xd2 Drivers\STM32L4xx_HAL_Driver\Src\stm32l4xx_hal_rtc.o
                0x08002c04                HAL_RTC_SetDate
 .text.HAL_RTC_SetTime
                0x08002cd6       0xf8 Drivers\STM32L4xx_HAL_Driver\Src\stm32l4xx_hal_rtc.o
                0x08002cd6                HAL_RTC_SetTime
 *fill*         0x08002dce        0x2 
 .text.HAL_RTC_SetAlarm_IT
                0x08002dd0      0x174 Drivers\STM32L4xx_HAL_Driver\Src\stm32l4xx_hal_rtc.o
                0x08002dd0                HAL_RTC_SetAlarm_IT
 .text.RTC_Bcd2ToByte
                0x08002f44       0x12 Drivers\STM32L4xx_HAL_Driver\Src\stm32l4xx_hal_rtc.o
                0x08002f44                RTC_Bcd2ToByte
 .text.HAL_RTC_GetTime
                0x08002f56       0x4c Drivers\STM32L4xx_HAL_Driver\Src\stm32l4xx_hal_rtc.o
                0x08002f56                HAL_RTC_GetTime
 .text.HAL_RTC_GetDate
                0x08002fa2       0x40 Drivers\STM32L4xx_HAL_Driver\Src\stm32l4xx_hal_rtc.o
                0x08002fa2                HAL_RTC_GetDate
 .text.HAL_RTCEx_SetCalibrationOutPut
                0x08002fe2       0x44 Drivers\STM32L4xx_HAL_Driver\Src\stm32l4xx_hal_rtc_ex.o
                0x08002fe2                HAL_RTCEx_SetCalibrationOutPut
 .text.HAL_RTCEx_AlarmBEventCallback
                0x08003026        0x2 Drivers\STM32L4xx_HAL_Driver\Src\stm32l4xx_hal_rtc_ex.o
                0x08003026                HAL_RTCEx_AlarmBEventCallback
 .text.HAL_SD_ReadBlocks
                0x08003028      0x210 Drivers\STM32L4xx_HAL_Driver\Src\stm32l4xx_hal_sd.o
                0x08003028                HAL_SD_ReadBlocks
 .text.HAL_SD_WriteBlocks
                0x08003238      0x1a4 Drivers\STM32L4xx_HAL_Driver\Src\stm32l4xx_hal_sd.o
                0x08003238                HAL_SD_WriteBlocks
 .text.HAL_SD_GetCardCSD
                0x080033dc      0x16c Drivers\STM32L4xx_HAL_Driver\Src\stm32l4xx_hal_sd.o
                0x080033dc                HAL_SD_GetCardCSD
 .text.HAL_SD_InitCard
                0x08003548      0x1fe Drivers\STM32L4xx_HAL_Driver\Src\stm32l4xx_hal_sd.o
                0x08003548                HAL_SD_InitCard
 .text.HAL_SD_Init
                0x08003746       0x36 Drivers\STM32L4xx_HAL_Driver\Src\stm32l4xx_hal_sd.o
                0x08003746                HAL_SD_Init
 .text.HAL_SD_GetCardInfo
                0x0800377c       0x24 Drivers\STM32L4xx_HAL_Driver\Src\stm32l4xx_hal_sd.o
                0x0800377c                HAL_SD_GetCardInfo
 .text.HAL_SD_GetCardState
                0x080037a0       0x28 Drivers\STM32L4xx_HAL_Driver\Src\stm32l4xx_hal_sd.o
                0x080037a0                HAL_SD_GetCardState
 .text.HAL_UART_DeInit
                0x080037c8       0x38 Drivers\STM32L4xx_HAL_Driver\Src\stm32l4xx_hal_uart.o
                0x080037c8                HAL_UART_DeInit
 .text.UART_SetConfig
                0x08003800      0x330 Drivers\STM32L4xx_HAL_Driver\Src\stm32l4xx_hal_uart.o
                0x08003800                UART_SetConfig
 .text.UART_AdvFeatureConfig
                0x08003b30       0xa8 Drivers\STM32L4xx_HAL_Driver\Src\stm32l4xx_hal_uart.o
                0x08003b30                UART_AdvFeatureConfig
 .text.UART_WaitOnFlagUntilTimeout
                0x08003bd8       0x62 Drivers\STM32L4xx_HAL_Driver\Src\stm32l4xx_hal_uart.o
                0x08003bd8                UART_WaitOnFlagUntilTimeout
 .text.HAL_UART_Transmit
                0x08003c3a       0xae Drivers\STM32L4xx_HAL_Driver\Src\stm32l4xx_hal_uart.o
                0x08003c3a                HAL_UART_Transmit
 .text.HAL_UART_Receive
                0x08003ce8       0xde Drivers\STM32L4xx_HAL_Driver\Src\stm32l4xx_hal_uart.o
                0x08003ce8                HAL_UART_Receive
 .text.UART_CheckIdleState
                0x08003dc6       0x64 Drivers\STM32L4xx_HAL_Driver\Src\stm32l4xx_hal_uart.o
                0x08003dc6                UART_CheckIdleState
 .text.HAL_UART_Init
                0x08003e2a       0x64 Drivers\STM32L4xx_HAL_Driver\Src\stm32l4xx_hal_uart.o
                0x08003e2a                HAL_UART_Init
 *fill*         0x08003e8e        0x2 
 .text.SDMMC_GetCmdResp2
                0x08003e90       0x4c Drivers\STM32L4xx_HAL_Driver\Src\stm32l4xx_ll_sdmmc.o
 .text.SDMMC_GetCmdResp3
                0x08003edc       0x40 Drivers\STM32L4xx_HAL_Driver\Src\stm32l4xx_ll_sdmmc.o
 .text.SDMMC_GetCmdResp1
                0x08003f1c      0x118 Drivers\STM32L4xx_HAL_Driver\Src\stm32l4xx_ll_sdmmc.o
 .text.SDMMC_Init
                0x08004034       0x38 Drivers\STM32L4xx_HAL_Driver\Src\stm32l4xx_ll_sdmmc.o
                0x08004034                SDMMC_Init
 .text.SDMMC_ReadFIFO
                0x0800406c        0x6 Drivers\STM32L4xx_HAL_Driver\Src\stm32l4xx_ll_sdmmc.o
                0x0800406c                SDMMC_ReadFIFO
 .text.SDMMC_WriteFIFO
                0x08004072        0xa Drivers\STM32L4xx_HAL_Driver\Src\stm32l4xx_ll_sdmmc.o
                0x08004072                SDMMC_WriteFIFO
 .text.SDMMC_PowerState_ON
                0x0800407c        0x8 Drivers\STM32L4xx_HAL_Driver\Src\stm32l4xx_ll_sdmmc.o
                0x0800407c                SDMMC_PowerState_ON
 .text.SDMMC_GetPowerState
                0x08004084        0x8 Drivers\STM32L4xx_HAL_Driver\Src\stm32l4xx_ll_sdmmc.o
                0x08004084                SDMMC_GetPowerState
 .text.SDMMC_SendCommand
                0x0800408c       0x24 Drivers\STM32L4xx_HAL_Driver\Src\stm32l4xx_ll_sdmmc.o
                0x0800408c                SDMMC_SendCommand
 .text.SDMMC_GetResponse
                0x080040b0        0x6 Drivers\STM32L4xx_HAL_Driver\Src\stm32l4xx_ll_sdmmc.o
                0x080040b0                SDMMC_GetResponse
 .text.SDMMC_ConfigData
                0x080040b6       0x24 Drivers\STM32L4xx_HAL_Driver\Src\stm32l4xx_ll_sdmmc.o
                0x080040b6                SDMMC_ConfigData
 .text.SDMMC_CmdBlockLength
                0x080040da       0x30 Drivers\STM32L4xx_HAL_Driver\Src\stm32l4xx_ll_sdmmc.o
                0x080040da                SDMMC_CmdBlockLength
 .text.SDMMC_CmdReadSingleBlock
                0x0800410a       0x30 Drivers\STM32L4xx_HAL_Driver\Src\stm32l4xx_ll_sdmmc.o
                0x0800410a                SDMMC_CmdReadSingleBlock
 .text.SDMMC_CmdReadMultiBlock
                0x0800413a       0x30 Drivers\STM32L4xx_HAL_Driver\Src\stm32l4xx_ll_sdmmc.o
                0x0800413a                SDMMC_CmdReadMultiBlock
 .text.SDMMC_CmdWriteSingleBlock
                0x0800416a       0x30 Drivers\STM32L4xx_HAL_Driver\Src\stm32l4xx_ll_sdmmc.o
                0x0800416a                SDMMC_CmdWriteSingleBlock
 .text.SDMMC_CmdWriteMultiBlock
                0x0800419a       0x30 Drivers\STM32L4xx_HAL_Driver\Src\stm32l4xx_ll_sdmmc.o
                0x0800419a                SDMMC_CmdWriteMultiBlock
 *fill*         0x080041ca        0x2 
 .text.SDMMC_CmdStopTransfer
                0x080041cc       0x34 Drivers\STM32L4xx_HAL_Driver\Src\stm32l4xx_ll_sdmmc.o
                0x080041cc                SDMMC_CmdStopTransfer
 .text.SDMMC_CmdSelDesel
                0x08004200       0x30 Drivers\STM32L4xx_HAL_Driver\Src\stm32l4xx_ll_sdmmc.o
                0x08004200                SDMMC_CmdSelDesel
 .text.SDMMC_CmdGoIdleState
                0x08004230       0x50 Drivers\STM32L4xx_HAL_Driver\Src\stm32l4xx_ll_sdmmc.o
                0x08004230                SDMMC_CmdGoIdleState
 .text.SDMMC_CmdOperCond
                0x08004280       0x78 Drivers\STM32L4xx_HAL_Driver\Src\stm32l4xx_ll_sdmmc.o
                0x08004280                SDMMC_CmdOperCond
 .text.SDMMC_CmdAppCommand
                0x080042f8       0x30 Drivers\STM32L4xx_HAL_Driver\Src\stm32l4xx_ll_sdmmc.o
                0x080042f8                SDMMC_CmdAppCommand
 .text.SDMMC_CmdAppOperCommand
                0x08004328       0x32 Drivers\STM32L4xx_HAL_Driver\Src\stm32l4xx_ll_sdmmc.o
                0x08004328                SDMMC_CmdAppOperCommand
 .text.SDMMC_CmdSendCID
                0x0800435a       0x2a Drivers\STM32L4xx_HAL_Driver\Src\stm32l4xx_ll_sdmmc.o
                0x0800435a                SDMMC_CmdSendCID
 .text.SDMMC_CmdSendCSD
                0x08004384       0x2a Drivers\STM32L4xx_HAL_Driver\Src\stm32l4xx_ll_sdmmc.o
                0x08004384                SDMMC_CmdSendCSD
 *fill*         0x080043ae        0x2 
 .text.SDMMC_CmdSetRelAdd
                0x080043b0       0x9c Drivers\STM32L4xx_HAL_Driver\Src\stm32l4xx_ll_sdmmc.o
                0x080043b0                SDMMC_CmdSetRelAdd
 .text.SDMMC_CmdSendStatus
                0x0800444c       0x30 Drivers\STM32L4xx_HAL_Driver\Src\stm32l4xx_ll_sdmmc.o
                0x0800444c                SDMMC_CmdSendStatus
 .text.FATFS_LinkDriverEx
                0x0800447c       0x44 Middlewares\Third_Party\FatFs\src\ff_gen_drv.o
                0x0800447c                FATFS_LinkDriverEx
 .text.FATFS_LinkDriver
                0x080044c0        0x6 Middlewares\Third_Party\FatFs\src\ff_gen_drv.o
                0x080044c0                FATFS_LinkDriver
 *fill*         0x080044c6        0x2 
 .text.MX_ADC1_Init
                0x080044c8       0xb8 Src\adc.o
                0x080044c8                MX_ADC1_Init
 .text.HAL_ADC_MspInit
                0x08004580       0x9c Src\adc.o
                0x08004580                HAL_ADC_MspInit
 .text.BSP_SD_Init
                0x0800461c       0x24 Src\bsp_driver_sd.o
                0x0800461c                BSP_SD_Init
 .text.BSP_SD_ReadBlocks
                0x08004640       0x20 Src\bsp_driver_sd.o
                0x08004640                BSP_SD_ReadBlocks
 .text.BSP_SD_WriteBlocks
                0x08004660       0x20 Src\bsp_driver_sd.o
                0x08004660                BSP_SD_WriteBlocks
 .text.BSP_SD_GetCardState
                0x08004680       0x14 Src\bsp_driver_sd.o
                0x08004680                BSP_SD_GetCardState
 .text.BSP_SD_GetCardInfo
                0x08004694        0xc Src\bsp_driver_sd.o
                0x08004694                BSP_SD_GetCardInfo
 .text.MX_DMA_Init
                0x080046a0       0x30 Src\dma.o
                0x080046a0                MX_DMA_Init
 .text.MX_FATFS_Init
                0x080046d0       0x1c Src\fatfs.o
                0x080046d0                MX_FATFS_Init
 .text.GetPage  0x080046ec       0x34 Src\flash.o
 .text.InitFlash
                0x08004720       0xa0 Src\flash.o
                0x08004720                InitFlash
 .text.EraseFlash
                0x080047c0       0x2c Src\flash.o
                0x080047c0                EraseFlash
 .text.WriteFlash
                0x080047ec       0x3c Src\flash.o
                0x080047ec                WriteFlash
 .text.MX_GPIO_Init
                0x08004828       0xb4 Src\gpio.o
                0x08004828                MX_GPIO_Init
 .text.MX_I2C1_Init
                0x080048dc       0x58 Src\i2c.o
                0x080048dc                MX_I2C1_Init
 .text.HAL_I2C_MspInit
                0x08004934       0x6c Src\i2c.o
                0x08004934                HAL_I2C_MspInit
 .text.TEMP_HUM_init
                0x080049a0       0x30 Src\main.o
                0x080049a0                TEMP_HUM_init
 .text.PRES_init
                0x080049d0       0x74 Src\main.o
                0x080049d0                PRES_init
 .text.get_TEMP
                0x08004a44      0x230 Src\main.o
                0x08004a44                get_TEMP
 .text.get_HUM  0x08004c74      0x18c Src\main.o
                0x08004c74                get_HUM
 .text.get_PRES
                0x08004e00      0x124 Src\main.o
                0x08004e00                get_PRES
 .text.get_MAGN
                0x08004f24      0x148 Src\main.o
                0x08004f24                get_MAGN
 .text.get_ADC  0x0800506c       0x30 Src\main.o
                0x0800506c                get_ADC
 .text.GPS_GETPOS
                0x0800509c      0x258 Src\main.o
                0x0800509c                GPS_GETPOS
 .text.LORA_AT_SET
                0x080052f4       0x64 Src\main.o
                0x080052f4                LORA_AT_SET
 .text.LORA_AT_JOIN_SET
                0x08005358       0x50 Src\main.o
                0x08005358                LORA_AT_JOIN_SET
 .text.LORA_AT_SEND
                0x080053a8      0x1c4 Src\main.o
                0x080053a8                LORA_AT_SEND
 .text.SystemClock_Config
                0x0800556c       0xc8 Src\main.o
                0x0800556c                SystemClock_Config
 *fill*         0x08005634        0x4 
 .text.startup.main
                0x08005638      0x250 Src\main.o
                0x08005638                main
 .text.HAL_RTC_AlarmAEventCallback
                0x08005888        0xc Src\main.o
                0x08005888                HAL_RTC_AlarmAEventCallback
 .text.Error_Handler
                0x08005894        0x2 Src\main.o
                0x08005894                Error_Handler
 *fill*         0x08005896        0x2 
 .text.MX_RTC_Init
                0x08005898       0xd4 Src\rtc.o
                0x08005898                MX_RTC_Init
 .text.HAL_RTC_MspInit
                0x0800596c       0x68 Src\rtc.o
                0x0800596c                HAL_RTC_MspInit
 .text.SD_CheckStatus.isra.0
                0x080059d4       0x20 Src\sd_diskio.o
 .text.SD_initialize
                0x080059f4       0x1c Src\sd_diskio.o
                0x080059f4                SD_initialize
 .text.SD_status
                0x08005a10        0x4 Src\sd_diskio.o
                0x08005a10                SD_status
 .text.SD_read  0x08005a14       0x20 Src\sd_diskio.o
                0x08005a14                SD_read
 .text.SD_ioctl
                0x08005a34       0x50 Src\sd_diskio.o
                0x08005a34                SD_ioctl
 .text.SD_write
                0x08005a84       0x20 Src\sd_diskio.o
                0x08005a84                SD_write
 .text.MX_SDMMC1_SD_Init
                0x08005aa4       0x20 Src\sdmmc.o
                0x08005aa4                MX_SDMMC1_SD_Init
 .text.HAL_SD_MspInit
                0x08005ac4       0x98 Src\sdmmc.o
                0x08005ac4                HAL_SD_MspInit
 .text.HAL_MspInit
                0x08005b5c       0x30 Src\stm32l4xx_hal_msp.o
                0x08005b5c                HAL_MspInit
 .text.NMI_Handler
                0x08005b8c        0x2 Src\stm32l4xx_it.o
                0x08005b8c                NMI_Handler
 .text.HardFault_Handler
                0x08005b8e        0x2 Src\stm32l4xx_it.o
                0x08005b8e                HardFault_Handler
 .text.MemManage_Handler
                0x08005b90        0x2 Src\stm32l4xx_it.o
                0x08005b90                MemManage_Handler
 .text.BusFault_Handler
                0x08005b92        0x2 Src\stm32l4xx_it.o
                0x08005b92                BusFault_Handler
 .text.UsageFault_Handler
                0x08005b94        0x2 Src\stm32l4xx_it.o
                0x08005b94                UsageFault_Handler
 .text.SVC_Handler
                0x08005b96        0x2 Src\stm32l4xx_it.o
                0x08005b96                SVC_Handler
 .text.DebugMon_Handler
                0x08005b98        0x2 Src\stm32l4xx_it.o
                0x08005b98                DebugMon_Handler
 .text.PendSV_Handler
                0x08005b9a        0x2 Src\stm32l4xx_it.o
                0x08005b9a                PendSV_Handler
 .text.SysTick_Handler
                0x08005b9c        0x4 Src\stm32l4xx_it.o
                0x08005b9c                SysTick_Handler
 .text.DMA1_Channel1_IRQHandler
                0x08005ba0        0xc Src\stm32l4xx_it.o
                0x08005ba0                DMA1_Channel1_IRQHandler
 .text.RTC_Alarm_IRQHandler
                0x08005bac        0xc Src\stm32l4xx_it.o
                0x08005bac                RTC_Alarm_IRQHandler
 .text._sbrk    0x08005bb8       0x34 Src\syscalls.o
                0x08005bb8                _sbrk
 .text.SystemInit
                0x08005bec       0x48 Src\system_stm32l4xx.o
                0x08005bec                SystemInit
 .text.MX_LPUART1_UART_Init
                0x08005c34       0x38 Src\usart.o
                0x08005c34                MX_LPUART1_UART_Init
 .text.MX_USART1_UART_Init
                0x08005c6c       0x3c Src\usart.o
                0x08005c6c                MX_USART1_UART_Init
 .text.MX_USART2_UART_Init
                0x08005ca8       0x3c Src\usart.o
                0x08005ca8                MX_USART2_UART_Init
 .text.HAL_UART_MspInit
                0x08005ce4       0xe4 Src\usart.o
                0x08005ce4                HAL_UART_MspInit
 .text.HAL_UART_MspDeInit
                0x08005dc8       0x60 Src\usart.o
                0x08005dc8                HAL_UART_MspDeInit
 .text.Reset_Handler
                0x08005e28       0x50 startup\startup_stm32l476xx.o
                0x08005e28                Reset_Handler
 .text.Default_Handler
                0x08005e78        0x2 startup\startup_stm32l476xx.o
                0x08005e78                EXTI2_IRQHandler
                0x08005e78                TIM8_TRG_COM_IRQHandler
                0x08005e78                TIM8_CC_IRQHandler
                0x08005e78                TIM1_CC_IRQHandler
                0x08005e78                TSC_IRQHandler
                0x08005e78                TAMP_STAMP_IRQHandler
                0x08005e78                EXTI3_IRQHandler
                0x08005e78                LPTIM2_IRQHandler
                0x08005e78                DFSDM1_FLT1_IRQHandler
                0x08005e78                I2C3_ER_IRQHandler
                0x08005e78                DFSDM1_FLT2_IRQHandler
                0x08005e78                EXTI0_IRQHandler
                0x08005e78                I2C2_EV_IRQHandler
                0x08005e78                CAN1_RX0_IRQHandler
                0x08005e78                FPU_IRQHandler
                0x08005e78                TIM1_UP_TIM16_IRQHandler
                0x08005e78                ADC1_2_IRQHandler
                0x08005e78                SPI1_IRQHandler
                0x08005e78                TIM6_DAC_IRQHandler
                0x08005e78                TIM8_UP_IRQHandler
                0x08005e78                DMA2_Channel2_IRQHandler
                0x08005e78                DMA1_Channel4_IRQHandler
                0x08005e78                SAI2_IRQHandler
                0x08005e78                DFSDM1_FLT3_IRQHandler
                0x08005e78                USART3_IRQHandler
                0x08005e78                DMA1_Channel7_IRQHandler
                0x08005e78                CAN1_RX1_IRQHandler
                0x08005e78                LCD_IRQHandler
                0x08005e78                UART5_IRQHandler
                0x08005e78                ADC3_IRQHandler
                0x08005e78                TIM4_IRQHandler
                0x08005e78                DMA2_Channel1_IRQHandler
                0x08005e78                QUADSPI_IRQHandler
                0x08005e78                I2C1_EV_IRQHandler
                0x08005e78                DMA1_Channel6_IRQHandler
                0x08005e78                UART4_IRQHandler
                0x08005e78                DMA2_Channel4_IRQHandler
                0x08005e78                TIM3_IRQHandler
                0x08005e78                RCC_IRQHandler
                0x08005e78                Default_Handler
                0x08005e78                DMA2_Channel7_IRQHandler
                0x08005e78                EXTI15_10_IRQHandler
                0x08005e78                TIM7_IRQHandler
                0x08005e78                SDMMC1_IRQHandler
                0x08005e78                TIM5_IRQHandler
                0x08005e78                I2C3_EV_IRQHandler
                0x08005e78                EXTI9_5_IRQHandler
                0x08005e78                RTC_WKUP_IRQHandler
                0x08005e78                PVD_PVM_IRQHandler
                0x08005e78                SPI2_IRQHandler
                0x08005e78                CAN1_TX_IRQHandler
                0x08005e78                DMA2_Channel5_IRQHandler
                0x08005e78                DMA1_Channel5_IRQHandler
                0x08005e78                EXTI4_IRQHandler
                0x08005e78                RNG_IRQHandler
                0x08005e78                TIM1_TRG_COM_TIM17_IRQHandler
                0x08005e78                DMA1_Channel3_IRQHandler
                0x08005e78                COMP_IRQHandler
                0x08005e78                WWDG_IRQHandler
                0x08005e78                LPUART1_IRQHandler
                0x08005e78                DMA2_Channel6_IRQHandler
                0x08005e78                TIM2_IRQHandler
                0x08005e78                EXTI1_IRQHandler
                0x08005e78                USART2_IRQHandler
                0x08005e78                DFSDM1_FLT0_IRQHandler
                0x08005e78                I2C2_ER_IRQHandler
                0x08005e78                DMA1_Channel2_IRQHandler
                0x08005e78                TIM8_BRK_IRQHandler
                0x08005e78                CAN1_SCE_IRQHandler
                0x08005e78                FLASH_IRQHandler
                0x08005e78                USART1_IRQHandler
                0x08005e78                OTG_FS_IRQHandler
                0x08005e78                SPI3_IRQHandler
                0x08005e78                I2C1_ER_IRQHandler
                0x08005e78                FMC_IRQHandler
                0x08005e78                SWPMI1_IRQHandler
                0x08005e78                LPTIM1_IRQHandler
                0x08005e78                SAI1_IRQHandler
                0x08005e78                DMA2_Channel3_IRQHandler
                0x08005e78                TIM1_BRK_TIM15_IRQHandler
 .text.atoi     0x08005e7a        0x8 c:/program files (x86)/atollic/truestudio for stm32 9.0.1/armtools/bin/../lib/gcc/arm-atollic-eabi/6.3.1/../../../../arm-atollic-eabi/lib/armv7e-m/fpu\libc_nano.a(lib_a-atoi.o)
                0x08005e7a                atoi
 *fill*         0x08005e82        0x2 
 .text.__errno  0x08005e84        0xc c:/program files (x86)/atollic/truestudio for stm32 9.0.1/armtools/bin/../lib/gcc/arm-atollic-eabi/6.3.1/../../../../arm-atollic-eabi/lib/armv7e-m/fpu\libc_nano.a(lib_a-errno.o)
                0x08005e84                __errno
 .text.__libc_init_array
                0x08005e90       0x48 c:/program files (x86)/atollic/truestudio for stm32 9.0.1/armtools/bin/../lib/gcc/arm-atollic-eabi/6.3.1/../../../../arm-atollic-eabi/lib/armv7e-m/fpu\libc_nano.a(lib_a-init.o)
                0x08005e90                __libc_init_array
 .text.__itoa   0x08005ed8       0x30 c:/program files (x86)/atollic/truestudio for stm32 9.0.1/armtools/bin/../lib/gcc/arm-atollic-eabi/6.3.1/../../../../arm-atollic-eabi/lib/armv7e-m/fpu\libc_nano.a(lib_a-itoa.o)
                0x08005ed8                __itoa
 .text.itoa     0x08005f08        0x4 c:/program files (x86)/atollic/truestudio for stm32 9.0.1/armtools/bin/../lib/gcc/arm-atollic-eabi/6.3.1/../../../../arm-atollic-eabi/lib/armv7e-m/fpu\libc_nano.a(lib_a-itoa.o)
                0x08005f08                itoa
 .text.memset   0x08005f0c       0x10 c:/program files (x86)/atollic/truestudio for stm32 9.0.1/armtools/bin/../lib/gcc/arm-atollic-eabi/6.3.1/../../../../arm-atollic-eabi/lib/armv7e-m/fpu\libc_nano.a(lib_a-memset.o)
                0x08005f0c                memset
 .text.sprintf  0x08005f1c       0x48 c:/program files (x86)/atollic/truestudio for stm32 9.0.1/armtools/bin/../lib/gcc/arm-atollic-eabi/6.3.1/../../../../arm-atollic-eabi/lib/armv7e-m/fpu\libc_nano.a(lib_a-sprintf.o)
                0x08005f1c                siprintf
                0x08005f1c                sprintf
 .text.strcat   0x08005f64       0x1e c:/program files (x86)/atollic/truestudio for stm32 9.0.1/armtools/bin/../lib/gcc/arm-atollic-eabi/6.3.1/../../../../arm-atollic-eabi/lib/armv7e-m/fpu\libc_nano.a(lib_a-strcat.o)
                0x08005f64                strcat
 .text.strchr   0x08005f82       0x1c c:/program files (x86)/atollic/truestudio for stm32 9.0.1/armtools/bin/../lib/gcc/arm-atollic-eabi/6.3.1/../../../../arm-atollic-eabi/lib/armv7e-m/fpu\libc_nano.a(lib_a-strchr.o)
                0x08005f82                strchr
 .text.strstr   0x08005f9e       0x36 c:/program files (x86)/atollic/truestudio for stm32 9.0.1/armtools/bin/../lib/gcc/arm-atollic-eabi/6.3.1/../../../../arm-atollic-eabi/lib/armv7e-m/fpu\libc_nano.a(lib_a-strstr.o)
                0x08005f9e                strstr
 .text._strtol_l.isra.0
                0x08005fd4      0x100 c:/program files (x86)/atollic/truestudio for stm32 9.0.1/armtools/bin/../lib/gcc/arm-atollic-eabi/6.3.1/../../../../arm-atollic-eabi/lib/armv7e-m/fpu\libc_nano.a(lib_a-strtol.o)
 .text.strtol   0x080060d4       0x2c c:/program files (x86)/atollic/truestudio for stm32 9.0.1/armtools/bin/../lib/gcc/arm-atollic-eabi/6.3.1/../../../../arm-atollic-eabi/lib/armv7e-m/fpu\libc_nano.a(lib_a-strtol.o)
                0x080060d4                strtol
 .text.__utoa   0x08006100       0x80 c:/program files (x86)/atollic/truestudio for stm32 9.0.1/armtools/bin/../lib/gcc/arm-atollic-eabi/6.3.1/../../../../arm-atollic-eabi/lib/armv7e-m/fpu\libc_nano.a(lib_a-utoa.o)
                0x08006100                __utoa
 .text.__locale_ctype_ptr_l
                0x08006180        0x6 c:/program files (x86)/atollic/truestudio for stm32 9.0.1/armtools/bin/../lib/gcc/arm-atollic-eabi/6.3.1/../../../../arm-atollic-eabi/lib/armv7e-m/fpu\libc_nano.a(lib_a-locale.o)
                0x08006180                __locale_ctype_ptr_l
 .text.__ascii_mbtowc
                0x08006186       0x24 c:/program files (x86)/atollic/truestudio for stm32 9.0.1/armtools/bin/../lib/gcc/arm-atollic-eabi/6.3.1/../../../../arm-atollic-eabi/lib/armv7e-m/fpu\libc_nano.a(lib_a-mbtowc_r.o)
                0x08006186                __ascii_mbtowc
 .text.__ssputs_r
                0x080061aa       0xb6 c:/program files (x86)/atollic/truestudio for stm32 9.0.1/armtools/bin/../lib/gcc/arm-atollic-eabi/6.3.1/../../../../arm-atollic-eabi/lib/armv7e-m/fpu\libc_nano.a(lib_a-nano-svfprintf.o)
                0x080061aa                __ssputs_r
 .text._svfprintf_r
                0x08006260      0x1e8 c:/program files (x86)/atollic/truestudio for stm32 9.0.1/armtools/bin/../lib/gcc/arm-atollic-eabi/6.3.1/../../../../arm-atollic-eabi/lib/armv7e-m/fpu\libc_nano.a(lib_a-nano-svfprintf.o)
                0x08006260                _svfiprintf_r
                0x08006260                _svfprintf_r
 .text._printf_common
                0x08006448       0xec c:/program files (x86)/atollic/truestudio for stm32 9.0.1/armtools/bin/../lib/gcc/arm-atollic-eabi/6.3.1/../../../../arm-atollic-eabi/lib/armv7e-m/fpu\libc_nano.a(lib_a-nano-vfprintf_i.o)
                0x08006448                _printf_common
 .text._printf_i
                0x08006534      0x240 c:/program files (x86)/atollic/truestudio for stm32 9.0.1/armtools/bin/../lib/gcc/arm-atollic-eabi/6.3.1/../../../../arm-atollic-eabi/lib/armv7e-m/fpu\libc_nano.a(lib_a-nano-vfprintf_i.o)
                0x08006534                _printf_i
 .text.__ascii_wctomb
                0x08006774       0x1a c:/program files (x86)/atollic/truestudio for stm32 9.0.1/armtools/bin/../lib/gcc/arm-atollic-eabi/6.3.1/../../../../arm-atollic-eabi/lib/armv7e-m/fpu\libc_nano.a(lib_a-wctomb_r.o)
                0x08006774                __ascii_wctomb
 .text.memcpy   0x0800678e       0x16 c:/program files (x86)/atollic/truestudio for stm32 9.0.1/armtools/bin/../lib/gcc/arm-atollic-eabi/6.3.1/../../../../arm-atollic-eabi/lib/armv7e-m/fpu\libc_nano.a(lib_a-memcpy-stub.o)
                0x0800678e                memcpy
 .text.memmove  0x080067a4       0x34 c:/program files (x86)/atollic/truestudio for stm32 9.0.1/armtools/bin/../lib/gcc/arm-atollic-eabi/6.3.1/../../../../arm-atollic-eabi/lib/armv7e-m/fpu\libc_nano.a(lib_a-memmove.o)
                0x080067a4                memmove
 .text._free_r  0x080067d8       0x9c c:/program files (x86)/atollic/truestudio for stm32 9.0.1/armtools/bin/../lib/gcc/arm-atollic-eabi/6.3.1/../../../../arm-atollic-eabi/lib/armv7e-m/fpu\libc_nano.a(lib_a-nano-freer.o)
                0x080067d8                _free_r
 .text._malloc_r
                0x08006874       0xbc c:/program files (x86)/atollic/truestudio for stm32 9.0.1/armtools/bin/../lib/gcc/arm-atollic-eabi/6.3.1/../../../../arm-atollic-eabi/lib/armv7e-m/fpu\libc_nano.a(lib_a-nano-mallocr.o)
                0x08006874                _malloc_r
 .text._realloc_r
                0x08006930       0x4c c:/program files (x86)/atollic/truestudio for stm32 9.0.1/armtools/bin/../lib/gcc/arm-atollic-eabi/6.3.1/../../../../arm-atollic-eabi/lib/armv7e-m/fpu\libc_nano.a(lib_a-nano-reallocr.o)
                0x08006930                _realloc_r
 .text._sbrk_r  0x0800697c       0x20 c:/program files (x86)/atollic/truestudio for stm32 9.0.1/armtools/bin/../lib/gcc/arm-atollic-eabi/6.3.1/../../../../arm-atollic-eabi/lib/armv7e-m/fpu\libc_nano.a(lib_a-sbrkr.o)
                0x0800697c                _sbrk_r
 .text.__malloc_lock
                0x0800699c        0x2 c:/program files (x86)/atollic/truestudio for stm32 9.0.1/armtools/bin/../lib/gcc/arm-atollic-eabi/6.3.1/../../../../arm-atollic-eabi/lib/armv7e-m/fpu\libc_nano.a(lib_a-mlock.o)
                0x0800699c                __malloc_lock
 .text.__malloc_unlock
                0x0800699e        0x2 c:/program files (x86)/atollic/truestudio for stm32 9.0.1/armtools/bin/../lib/gcc/arm-atollic-eabi/6.3.1/../../../../arm-atollic-eabi/lib/armv7e-m/fpu\libc_nano.a(lib_a-mlock.o)
                0x0800699e                __malloc_unlock
 .text._malloc_usable_size_r
                0x080069a0       0x12 c:/program files (x86)/atollic/truestudio for stm32 9.0.1/armtools/bin/../lib/gcc/arm-atollic-eabi/6.3.1/../../../../arm-atollic-eabi/lib/armv7e-m/fpu\libc_nano.a(lib_a-nano-msizer.o)
                0x080069a0                _malloc_usable_size_r
 *(.glue_7)
 .glue_7        0x080069b2        0x0 linker stubs
 *(.glue_7t)
 .glue_7t       0x080069b2        0x0 linker stubs
 *(.eh_frame)
 *fill*         0x080069b2        0x2 
 .eh_frame      0x080069b4        0x0 c:/program files (x86)/atollic/truestudio for stm32 9.0.1/armtools/bin/../lib/gcc/arm-atollic-eabi/6.3.1/armv7e-m/fpu/crtbegin.o
 *(.init)
 .init          0x080069b4        0x4 c:/program files (x86)/atollic/truestudio for stm32 9.0.1/armtools/bin/../lib/gcc/arm-atollic-eabi/6.3.1/armv7e-m/fpu/crti.o
                0x080069b4                _init
 .init          0x080069b8        0x8 c:/program files (x86)/atollic/truestudio for stm32 9.0.1/armtools/bin/../lib/gcc/arm-atollic-eabi/6.3.1/armv7e-m/fpu/crtn.o
 *(.fini)
 .fini          0x080069c0        0x4 c:/program files (x86)/atollic/truestudio for stm32 9.0.1/armtools/bin/../lib/gcc/arm-atollic-eabi/6.3.1/armv7e-m/fpu/crti.o
                0x080069c0                _fini
 .fini          0x080069c4        0x8 c:/program files (x86)/atollic/truestudio for stm32 9.0.1/armtools/bin/../lib/gcc/arm-atollic-eabi/6.3.1/armv7e-m/fpu/crtn.o
                0x080069cc                . = ALIGN (0x4)
                0x080069cc                _etext = .

.vfp11_veneer   0x080069cc        0x0
 .vfp11_veneer  0x080069cc        0x0 linker stubs

.v4_bx          0x080069cc        0x0
 .v4_bx         0x080069cc        0x0 linker stubs

.iplt           0x080069cc        0x0
 .iplt          0x080069cc        0x0 c:/program files (x86)/atollic/truestudio for stm32 9.0.1/armtools/bin/../lib/gcc/arm-atollic-eabi/6.3.1/armv7e-m/fpu/crtbegin.o

.rodata         0x080069cc      0x2b8
                0x080069cc                . = ALIGN (0x4)
 *(.rodata)
 .rodata        0x080069cc       0x14 Src\main.o
 *(.rodata*)
 .rodata.CSWTCH.51
                0x080069e0        0x4 Drivers\STM32L4xx_HAL_Driver\Src\stm32l4xx_hal_uart.o
 .rodata.CSWTCH.52
                0x080069e4        0xd Drivers\STM32L4xx_HAL_Driver\Src\stm32l4xx_hal_uart.o
 .rodata.GPS_GETPOS.str1.1
                0x080069f1        0x7 Src\main.o
                                  0xa (size before relaxing)
 .rodata.LORA_AT_JOIN_SET.str1.1
                0x080069f8        0xd Src\main.o
 .rodata.LORA_AT_SEND.str1.1
                0x08006a05       0x20 Src\main.o
                                 0x25 (size before relaxing)
 .rodata.LORA_AT_SET.str1.1
                0x08006a25        0x5 Src\main.o
 .rodata.main.str1.1
                0x08006a2a       0x9a Src\main.o
 .rodata.SD_Driver
                0x08006ac4       0x14 Src\sd_diskio.o
                0x08006ac4                SD_Driver
 .rodata.AHBPrescTable
                0x08006ad8       0x10 Src\system_stm32l4xx.o
                0x08006ad8                AHBPrescTable
 .rodata.APBPrescTable
                0x08006ae8        0x8 Src\system_stm32l4xx.o
                0x08006ae8                APBPrescTable
 .rodata.MSIRangeTable
                0x08006af0       0x30 Src\system_stm32l4xx.o
                0x08006af0                MSIRangeTable
 .rodata.__utoa.str1.1
                0x08006b20       0x25 c:/program files (x86)/atollic/truestudio for stm32 9.0.1/armtools/bin/../lib/gcc/arm-atollic-eabi/6.3.1/../../../../arm-atollic-eabi/lib/armv7e-m/fpu\libc_nano.a(lib_a-utoa.o)
 .rodata._setlocale_r.str1.1
                0x08006b45        0x8 c:/program files (x86)/atollic/truestudio for stm32 9.0.1/armtools/bin/../lib/gcc/arm-atollic-eabi/6.3.1/../../../../arm-atollic-eabi/lib/armv7e-m/fpu\libc_nano.a(lib_a-locale.o)
                                  0x9 (size before relaxing)
 .rodata.str1.1
                0x08006b4d        0x2 c:/program files (x86)/atollic/truestudio for stm32 9.0.1/armtools/bin/../lib/gcc/arm-atollic-eabi/6.3.1/../../../../arm-atollic-eabi/lib/armv7e-m/fpu\libc_nano.a(lib_a-locale.o)
 .rodata._svfprintf_r.str1.1
                0x08006b4f       0x11 c:/program files (x86)/atollic/truestudio for stm32 9.0.1/armtools/bin/../lib/gcc/arm-atollic-eabi/6.3.1/../../../../arm-atollic-eabi/lib/armv7e-m/fpu\libc_nano.a(lib_a-nano-svfprintf.o)
 .rodata._printf_i.str1.1
                0x08006b60       0x22 c:/program files (x86)/atollic/truestudio for stm32 9.0.1/armtools/bin/../lib/gcc/arm-atollic-eabi/6.3.1/../../../../arm-atollic-eabi/lib/armv7e-m/fpu\libc_nano.a(lib_a-nano-vfprintf_i.o)
 .rodata._ctype_
                0x08006b82      0x101 c:/program files (x86)/atollic/truestudio for stm32 9.0.1/armtools/bin/../lib/gcc/arm-atollic-eabi/6.3.1/../../../../arm-atollic-eabi/lib/armv7e-m/fpu\libc_nano.a(lib_a-ctype_.o)
                0x08006b82                _ctype_
                0x08006c84                . = ALIGN (0x4)
 *fill*         0x08006c83        0x1 

.ARM.extab
 *(.ARM.extab* .gnu.linkonce.armextab.*)

.ARM            0x08006c84        0x8
                0x08006c84                __exidx_start = .
 *(.ARM.exidx*)
 .ARM.exidx     0x08006c84        0x8 c:/program files (x86)/atollic/truestudio for stm32 9.0.1/armtools/bin/../lib/gcc/arm-atollic-eabi/6.3.1/armv7e-m/fpu\libgcc.a(_udivmoddi4.o)
                0x08006c8c                __exidx_end = .

.rel.dyn        0x08006c8c        0x0
 .rel.iplt      0x08006c8c        0x0 c:/program files (x86)/atollic/truestudio for stm32 9.0.1/armtools/bin/../lib/gcc/arm-atollic-eabi/6.3.1/armv7e-m/fpu/crtbegin.o

.preinit_array  0x08006c8c        0x0
                0x08006c8c                PROVIDE (__preinit_array_start, .)
 *(.preinit_array*)
                0x08006c8c                PROVIDE (__preinit_array_end, .)

.init_array     0x08006c8c        0x4
                0x08006c8c                PROVIDE (__init_array_start, .)
 *(SORT(.init_array.*))
 *(.init_array*)
 .init_array    0x08006c8c        0x4 c:/program files (x86)/atollic/truestudio for stm32 9.0.1/armtools/bin/../lib/gcc/arm-atollic-eabi/6.3.1/armv7e-m/fpu/crtbegin.o
                0x08006c90                PROVIDE (__init_array_end, .)

.fini_array     0x08006c90        0x4
                [!provide]                PROVIDE (__fini_array_start, .)
 *(SORT(.fini_array.*))
 *(.fini_array*)
 .fini_array    0x08006c90        0x4 c:/program files (x86)/atollic/truestudio for stm32 9.0.1/armtools/bin/../lib/gcc/arm-atollic-eabi/6.3.1/armv7e-m/fpu/crtbegin.o
                [!provide]                PROVIDE (__fini_array_end, .)
                0x08006c94                _sidata = LOADADDR (.data)

.data           0x20000000      0x224 load address 0x08006c94
                0x20000000                . = ALIGN (0x4)
                0x20000000                _sdata = .
 *(.data)
 *(.data*)
 .data.pFlash   0x20000000       0x20 Drivers\STM32L4xx_HAL_Driver\Src\stm32l4xx_hal_flash.o
                0x20000000                pFlash
 .data.CTRL_REG1_PRES
                0x20000020        0x1 Src\main.o
                0x20000020                CTRL_REG1_PRES
 .data.CTRL_REG1_TEMP
                0x20000021        0x1 Src\main.o
                0x20000021                CTRL_REG1_TEMP
 .data.CTRL_REG2_PRES
                0x20000022        0x1 Src\main.o
                0x20000022                CTRL_REG2_PRES
 .data.INTERRUPT_CFG
                0x20000023        0x1 Src\main.o
                0x20000023                INTERRUPT_CFG
 .data.addr_CTRL_REG1_PRES
                0x20000024        0x1 Src\main.o
                0x20000024                addr_CTRL_REG1_PRES
 .data.addr_CTRL_REG1_TEMP
                0x20000025        0x1 Src\main.o
                0x20000025                addr_CTRL_REG1_TEMP
 .data.addr_CTRL_REG2_PRES
                0x20000026        0x1 Src\main.o
                0x20000026                addr_CTRL_REG2_PRES
 .data.addr_H0_T0_OUT_H
                0x20000027        0x1 Src\main.o
                0x20000027                addr_H0_T0_OUT_H
 .data.addr_H0_T0_OUT_L
                0x20000028        0x1 Src\main.o
                0x20000028                addr_H0_T0_OUT_L
 .data.addr_H0_rH_x2
                0x20000029        0x1 Src\main.o
                0x20000029                addr_H0_rH_x2
 .data.addr_H1_T0_OUT_H
                0x2000002a        0x1 Src\main.o
                0x2000002a                addr_H1_T0_OUT_H
 .data.addr_H1_T0_OUT_L
                0x2000002b        0x1 Src\main.o
                0x2000002b                addr_H1_T0_OUT_L
 .data.addr_H1_rH_x2
                0x2000002c        0x1 Src\main.o
                0x2000002c                addr_H1_rH_x2
 .data.addr_HUM_H
                0x2000002d        0x1 Src\main.o
                0x2000002d                addr_HUM_H
 .data.addr_HUM_L
                0x2000002e        0x1 Src\main.o
                0x2000002e                addr_HUM_L
 .data.addr_INTERRUPT_CFG
                0x2000002f        0x1 Src\main.o
                0x2000002f                addr_INTERRUPT_CFG
 .data.addr_OUTX_H_REG_M
                0x20000030        0x1 Src\main.o
                0x20000030                addr_OUTX_H_REG_M
 .data.addr_OUTX_L_REG_M
                0x20000031        0x1 Src\main.o
                0x20000031                addr_OUTX_L_REG_M
 .data.addr_OUTY_H_REG_M
                0x20000032        0x1 Src\main.o
                0x20000032                addr_OUTY_H_REG_M
 .data.addr_OUTY_L_REG_M
                0x20000033        0x1 Src\main.o
                0x20000033                addr_OUTY_L_REG_M
 .data.addr_OUTZ_H_REG_M
                0x20000034        0x1 Src\main.o
                0x20000034                addr_OUTZ_H_REG_M
 .data.addr_OUTZ_L_REG_M
                0x20000035        0x1 Src\main.o
                0x20000035                addr_OUTZ_L_REG_M
 .data.addr_PRES_OUT_H
                0x20000036        0x1 Src\main.o
                0x20000036                addr_PRES_OUT_H
 .data.addr_PRES_OUT_L
                0x20000037        0x1 Src\main.o
                0x20000037                addr_PRES_OUT_L
 .data.addr_PRES_OUT_XL
                0x20000038        0x1 Src\main.o
                0x20000038                addr_PRES_OUT_XL
 .data.addr_REF_P_H
                0x20000039        0x1 Src\main.o
                0x20000039                addr_REF_P_H
 .data.addr_REF_P_L
                0x2000003a        0x1 Src\main.o
                0x2000003a                addr_REF_P_L
 .data.addr_REF_P_XL
                0x2000003b        0x1 Src\main.o
                0x2000003b                addr_REF_P_XL
 .data.addr_T0_H
                0x2000003c        0x1 Src\main.o
                0x2000003c                addr_T0_H
 .data.addr_T0_L
                0x2000003d        0x1 Src\main.o
                0x2000003d                addr_T0_L
 .data.addr_T0_T1_msb
                0x2000003e        0x1 Src\main.o
                0x2000003e                addr_T0_T1_msb
 .data.addr_T0_degC_x8
                0x2000003f        0x1 Src\main.o
                0x2000003f                addr_T0_degC_x8
 .data.addr_T1_H
                0x20000040        0x1 Src\main.o
                0x20000040                addr_T1_H
 .data.addr_T1_L
                0x20000041        0x1 Src\main.o
                0x20000041                addr_T1_L
 .data.addr_T1_degC_x8
                0x20000042        0x1 Src\main.o
                0x20000042                addr_T1_degC_x8
 .data.addr_T_OUT_H
                0x20000043        0x1 Src\main.o
                0x20000043                addr_T_OUT_H
 .data.addr_T_OUT_L
                0x20000044        0x1 Src\main.o
                0x20000044                addr_T_OUT_L
 *fill*         0x20000045        0x3 
 .data.ptr2     0x20000048        0x4 Src\main.o
                0x20000048                ptr2
 .data.Stat     0x2000004c        0x1 Src\sd_diskio.o
 *fill*         0x2000004d        0x3 
 .data.SystemCoreClock
                0x20000050        0x4 Src\system_stm32l4xx.o
                0x20000050                SystemCoreClock
 .data._impure_ptr
                0x20000054        0x4 c:/program files (x86)/atollic/truestudio for stm32 9.0.1/armtools/bin/../lib/gcc/arm-atollic-eabi/6.3.1/../../../../arm-atollic-eabi/lib/armv7e-m/fpu\libc_nano.a(lib_a-impure.o)
                0x20000054                _impure_ptr
 .data.impure_data
                0x20000058       0x60 c:/program files (x86)/atollic/truestudio for stm32 9.0.1/armtools/bin/../lib/gcc/arm-atollic-eabi/6.3.1/../../../../arm-atollic-eabi/lib/armv7e-m/fpu\libc_nano.a(lib_a-impure.o)
 .data.__global_locale
                0x200000b8      0x16c c:/program files (x86)/atollic/truestudio for stm32 9.0.1/armtools/bin/../lib/gcc/arm-atollic-eabi/6.3.1/../../../../arm-atollic-eabi/lib/armv7e-m/fpu\libc_nano.a(lib_a-locale.o)
                0x200000b8                __global_locale
                0x20000224                . = ALIGN (0x4)
                0x20000224                _edata = .

.igot.plt       0x20000224        0x0 load address 0x08006eb8
 .igot.plt      0x20000224        0x0 c:/program files (x86)/atollic/truestudio for stm32 9.0.1/armtools/bin/../lib/gcc/arm-atollic-eabi/6.3.1/armv7e-m/fpu/crtbegin.o
                0x20000224                . = ALIGN (0x4)

.bss            0x20000228     0x4560 load address 0x08006eb8
                0x20000228                _sbss = .
                0x20000228                __bss_start__ = _sbss
 *(.bss)
 .bss           0x20000228       0x1c c:/program files (x86)/atollic/truestudio for stm32 9.0.1/armtools/bin/../lib/gcc/arm-atollic-eabi/6.3.1/armv7e-m/fpu/crtbegin.o
 *(.bss*)
 .bss.disk      0x20000244        0xc Middlewares\Third_Party\FatFs\src\ff_gen_drv.o
                0x20000244                disk
 .bss.BankNumber
                0x20000250        0x4 Src\flash.o
                0x20000250                BankNumber
 .bss.EraseInitStruct
                0x20000254       0x10 Src\flash.o
 .bss.FirstPage
                0x20000264        0x4 Src\flash.o
                0x20000264                FirstPage
 .bss.NbOfPages
                0x20000268        0x4 Src\flash.o
                0x20000268                NbOfPages
 .bss.PAGEError
                0x2000026c        0x4 Src\flash.o
                0x2000026c                PAGEError
 .bss.aShowTime
                0x20000270       0x32 Src\main.o
                0x20000270                aShowTime
 *fill*         0x200002a2        0x2 
 .bss.cpt_flash
                0x200002a4        0x4 Src\main.o
                0x200002a4                cpt_flash
 .bss.erreur    0x200002a8        0x8 Src\main.o
                0x200002a8                erreur
 .bss.erreur_write
                0x200002b0        0x4 Src\main.o
                0x200002b0                erreur_write
 .bss.toggle    0x200002b4        0x1 Src\main.o
                0x200002b4                toggle
 *fill*         0x200002b5        0x3 
 .bss.heap_end.7010
                0x200002b8        0x4 Src\syscalls.o
 .bss.__malloc_free_list
                0x200002bc        0x4 c:/program files (x86)/atollic/truestudio for stm32 9.0.1/armtools/bin/../lib/gcc/arm-atollic-eabi/6.3.1/../../../../arm-atollic-eabi/lib/armv7e-m/fpu\libc_nano.a(lib_a-nano-mallocr.o)
                0x200002bc                __malloc_free_list
 .bss.__malloc_sbrk_start
                0x200002c0        0x4 c:/program files (x86)/atollic/truestudio for stm32 9.0.1/armtools/bin/../lib/gcc/arm-atollic-eabi/6.3.1/../../../../arm-atollic-eabi/lib/armv7e-m/fpu\libc_nano.a(lib_a-nano-mallocr.o)
                0x200002c0                __malloc_sbrk_start
 *(COMMON)
 COMMON         0x200002c4        0x4 Drivers\STM32L4xx_HAL_Driver\Src\stm32l4xx_hal.o
                0x200002c4                uwTick
 COMMON         0x200002c8       0xac Src\adc.o
                0x200002c8                hadc1
                0x2000032c                hdma_adc1
 COMMON         0x20000374     0x206c Src\fatfs.o
                0x20000374                retSD
                0x20000375                SDPath
                0x2000037c                SDFile
                0x200013ac                SDFatFS
 COMMON         0x200023e0       0x4c Src\i2c.o
                0x200023e0                hi2c1
 COMMON         0x2000242c     0x2148 Src\main.o
                0x2000242c                temp16u
                0x2000242e                magn16
                0x20002430                T1_msb
                0x20002431                H1_T0_OUT_L
                0x20002432                T0_L
                0x20002434                H1_rH
                0x20002436                T_OUT_L
                0x20002438                magnZ16
                0x2000243a                T1_H
                0x2000243b                H1_T0_OUT_H
                0x2000243c                H_OUT
                0x2000243e                H0_T0_OUT_L
                0x20002440                T1_degC_DIV8
                0x20002444                myFILE
                0x20003474                myFATFS
                0x200044a8                H0_rH
                0x200044aa                REF_P_XL
                0x200044ab                OUTX_L_REG_M
                0x200044ac                bat16
                0x200044ae                magn_char
                0x200044b2                hum_char
                0x200044b8                pres32
                0x200044bc                REF_P_H
                0x200044be                magnX16
                0x200044c0                T1_L
                0x200044c2                T0_degC
                0x200044c4                alt_char
                0x200044d8                T1_degC_x8
                0x200044d9                T0_degC_x8
                0x200044da                PRES_OUT_L
                0x200044db                OUTX_H_REG_M
                0x200044dc                temp_d_char
                0x200044de                T0_H
                0x200044df                REF_P_L
                0x200044e0                T1_degC
                0x200044e2                lat_char
                0x200044f6                T0_OUT
                0x200044f8                gas16
                0x200044fa                T0_T1_msb
                0x200044fc                temp16
                0x200044fe                T0_msb
                0x20004500                PRES_x4096
                0x20004504                H0
                0x20004506                magnY16
                0x20004508                T_OUT_H
                0x20004509                OUTZ_H_REG_M
                0x2000450a                T1_OUT
                0x2000450c                H1_rH_x2
                0x2000450d                HUM_H
                0x2000450e                pres_char
                0x20004513                gas_char
                0x20004528                temp16d
                0x2000452a                lon_char
                0x2000453e                H0_T0_OUT_H
                0x20004540                T0_degC_DIV8
                0x20004542                aADCxConvertedValues
                0x20004546                H0_rH_x2
                0x20004547                PRES_OUT_H
                0x20004548                T_OUT
                0x2000454a                hum16
                0x2000454c                temp_u_char
                0x2000454f                OUTY_L_REG_M
                0x20004550                bat_char
                0x20004564                REF_P_x4096
                0x20004568                OUTY_H_REG_M
                0x20004569                HUM_L
                0x2000456a                PRES_OUT_XL
                0x2000456c                H1
                0x2000456e                OUTZ_L_REG_M
                0x20004570                testByte
 COMMON         0x20004574       0x24 Src\rtc.o
                0x20004574                hrtc
 COMMON         0x20004598       0x84 Src\sdmmc.o
                0x20004598                hsd1
 COMMON         0x2000461c      0x168 Src\usart.o
                0x2000461c                hlpuart1
                0x20004694                huart1
                0x2000470c                huart2
 COMMON         0x20004784        0x4 c:/program files (x86)/atollic/truestudio for stm32 9.0.1/armtools/bin/../lib/gcc/arm-atollic-eabi/6.3.1/../../../../arm-atollic-eabi/lib/armv7e-m/fpu\libc_nano.a(lib_a-reent.o)
                0x20004784                errno
                0x20004788                . = ALIGN (0x4)
                0x20004788                _ebss = .
                0x20004788                __bss_end__ = _ebss

._user_heap_stack
                0x20004788     0x6000 load address 0x08006eb8
                0x20004788                . = ALIGN (0x4)
                0x20004788                PROVIDE (end, .)
                [!provide]                PROVIDE (_end, .)
                0x20006788                . = (. + _Min_Heap_Size)
 *fill*         0x20004788     0x2000 
                0x2000a788                . = (. + _Min_Stack_Size)
 *fill*         0x20006788     0x4000 
                0x2000a788                . = ALIGN (0x4)

/DISCARD/
 libc.a(*)
 libm.a(*)
 libgcc.a(*)

.ARM.attributes
                0x00000000       0x30
 *(.ARM.attributes)
 .ARM.attributes
                0x00000000       0x22 c:/program files (x86)/atollic/truestudio for stm32 9.0.1/armtools/bin/../lib/gcc/arm-atollic-eabi/6.3.1/armv7e-m/fpu/crti.o
 .ARM.attributes
                0x00000022       0x34 c:/program files (x86)/atollic/truestudio for stm32 9.0.1/armtools/bin/../lib/gcc/arm-atollic-eabi/6.3.1/armv7e-m/fpu/crtbegin.o
 .ARM.attributes
                0x00000056       0x39 Drivers\STM32L4xx_HAL_Driver\Src\stm32l4xx_hal.o
 .ARM.attributes
                0x0000008f       0x39 Drivers\STM32L4xx_HAL_Driver\Src\stm32l4xx_hal_adc.o
 .ARM.attributes
                0x000000c8       0x39 Drivers\STM32L4xx_HAL_Driver\Src\stm32l4xx_hal_adc_ex.o
 .ARM.attributes
                0x00000101       0x39 Drivers\STM32L4xx_HAL_Driver\Src\stm32l4xx_hal_cortex.o
 .ARM.attributes
                0x0000013a       0x39 Drivers\STM32L4xx_HAL_Driver\Src\stm32l4xx_hal_dma.o
 .ARM.attributes
                0x00000173       0x39 Drivers\STM32L4xx_HAL_Driver\Src\stm32l4xx_hal_flash.o
 .ARM.attributes
                0x000001ac       0x39 Drivers\STM32L4xx_HAL_Driver\Src\stm32l4xx_hal_flash_ex.o
 .ARM.attributes
                0x000001e5       0x39 Drivers\STM32L4xx_HAL_Driver\Src\stm32l4xx_hal_gpio.o
 .ARM.attributes
                0x0000021e       0x39 Drivers\STM32L4xx_HAL_Driver\Src\stm32l4xx_hal_i2c.o
 .ARM.attributes
                0x00000257       0x39 Drivers\STM32L4xx_HAL_Driver\Src\stm32l4xx_hal_i2c_ex.o
 .ARM.attributes
                0x00000290       0x39 Drivers\STM32L4xx_HAL_Driver\Src\stm32l4xx_hal_pwr.o
 .ARM.attributes
                0x000002c9       0x39 Drivers\STM32L4xx_HAL_Driver\Src\stm32l4xx_hal_pwr_ex.o
 .ARM.attributes
                0x00000302       0x39 Drivers\STM32L4xx_HAL_Driver\Src\stm32l4xx_hal_rcc.o
 .ARM.attributes
                0x0000033b       0x39 Drivers\STM32L4xx_HAL_Driver\Src\stm32l4xx_hal_rcc_ex.o
 .ARM.attributes
                0x00000374       0x39 Drivers\STM32L4xx_HAL_Driver\Src\stm32l4xx_hal_rtc.o
 .ARM.attributes
                0x000003ad       0x39 Drivers\STM32L4xx_HAL_Driver\Src\stm32l4xx_hal_rtc_ex.o
 .ARM.attributes
                0x000003e6       0x39 Drivers\STM32L4xx_HAL_Driver\Src\stm32l4xx_hal_sd.o
 .ARM.attributes
                0x0000041f       0x39 Drivers\STM32L4xx_HAL_Driver\Src\stm32l4xx_hal_uart.o
 .ARM.attributes
                0x00000458       0x39 Drivers\STM32L4xx_HAL_Driver\Src\stm32l4xx_ll_sdmmc.o
 .ARM.attributes
                0x00000491       0x39 Middlewares\Third_Party\FatFs\src\ff_gen_drv.o
 .ARM.attributes
                0x000004ca       0x39 Src\adc.o
 .ARM.attributes
                0x00000503       0x39 Src\bsp_driver_sd.o
 .ARM.attributes
                0x0000053c       0x39 Src\dma.o
 .ARM.attributes
                0x00000575       0x39 Src\fatfs.o
 .ARM.attributes
                0x000005ae       0x39 Src\flash.o
 .ARM.attributes
                0x000005e7       0x39 Src\gpio.o
 .ARM.attributes
                0x00000620       0x39 Src\i2c.o
 .ARM.attributes
                0x00000659       0x39 Src\main.o
 .ARM.attributes
                0x00000692       0x39 Src\rtc.o
 .ARM.attributes
                0x000006cb       0x39 Src\sd_diskio.o
 .ARM.attributes
                0x00000704       0x39 Src\sdmmc.o
 .ARM.attributes
                0x0000073d       0x39 Src\stm32l4xx_hal_msp.o
 .ARM.attributes
                0x00000776       0x39 Src\stm32l4xx_it.o
 .ARM.attributes
                0x000007af       0x39 Src\syscalls.o
 .ARM.attributes
                0x000007e8       0x39 Src\system_stm32l4xx.o
 .ARM.attributes
                0x00000821       0x39 Src\usart.o
 .ARM.attributes
                0x0000085a       0x21 startup\startup_stm32l476xx.o
 .ARM.attributes
                0x0000087b       0x34 c:/program files (x86)/atollic/truestudio for stm32 9.0.1/armtools/bin/../lib/gcc/arm-atollic-eabi/6.3.1/../../../../arm-atollic-eabi/lib/armv7e-m/fpu\libc_nano.a(lib_a-atoi.o)
 .ARM.attributes
                0x000008af       0x34 c:/program files (x86)/atollic/truestudio for stm32 9.0.1/armtools/bin/../lib/gcc/arm-atollic-eabi/6.3.1/../../../../arm-atollic-eabi/lib/armv7e-m/fpu\libc_nano.a(lib_a-errno.o)
 .ARM.attributes
                0x000008e3       0x34 c:/program files (x86)/atollic/truestudio for stm32 9.0.1/armtools/bin/../lib/gcc/arm-atollic-eabi/6.3.1/../../../../arm-atollic-eabi/lib/armv7e-m/fpu\libc_nano.a(lib_a-impure.o)
 .ARM.attributes
                0x00000917       0x34 c:/program files (x86)/atollic/truestudio for stm32 9.0.1/armtools/bin/../lib/gcc/arm-atollic-eabi/6.3.1/../../../../arm-atollic-eabi/lib/armv7e-m/fpu\libc_nano.a(lib_a-init.o)
 .ARM.attributes
                0x0000094b       0x34 c:/program files (x86)/atollic/truestudio for stm32 9.0.1/armtools/bin/../lib/gcc/arm-atollic-eabi/6.3.1/../../../../arm-atollic-eabi/lib/armv7e-m/fpu\libc_nano.a(lib_a-itoa.o)
 .ARM.attributes
                0x0000097f       0x34 c:/program files (x86)/atollic/truestudio for stm32 9.0.1/armtools/bin/../lib/gcc/arm-atollic-eabi/6.3.1/../../../../arm-atollic-eabi/lib/armv7e-m/fpu\libc_nano.a(lib_a-memset.o)
 .ARM.attributes
                0x000009b3       0x34 c:/program files (x86)/atollic/truestudio for stm32 9.0.1/armtools/bin/../lib/gcc/arm-atollic-eabi/6.3.1/../../../../arm-atollic-eabi/lib/armv7e-m/fpu\libc_nano.a(lib_a-sprintf.o)
 .ARM.attributes
                0x000009e7       0x34 c:/program files (x86)/atollic/truestudio for stm32 9.0.1/armtools/bin/../lib/gcc/arm-atollic-eabi/6.3.1/../../../../arm-atollic-eabi/lib/armv7e-m/fpu\libc_nano.a(lib_a-strcat.o)
 .ARM.attributes
                0x00000a1b       0x34 c:/program files (x86)/atollic/truestudio for stm32 9.0.1/armtools/bin/../lib/gcc/arm-atollic-eabi/6.3.1/../../../../arm-atollic-eabi/lib/armv7e-m/fpu\libc_nano.a(lib_a-strchr.o)
 .ARM.attributes
                0x00000a4f       0x1b c:/program files (x86)/atollic/truestudio for stm32 9.0.1/armtools/bin/../lib/gcc/arm-atollic-eabi/6.3.1/../../../../arm-atollic-eabi/lib/armv7e-m/fpu\libc_nano.a(lib_a-strlen.o)
 .ARM.attributes
                0x00000a6a       0x34 c:/program files (x86)/atollic/truestudio for stm32 9.0.1/armtools/bin/../lib/gcc/arm-atollic-eabi/6.3.1/../../../../arm-atollic-eabi/lib/armv7e-m/fpu\libc_nano.a(lib_a-strstr.o)
 .ARM.attributes
                0x00000a9e       0x34 c:/program files (x86)/atollic/truestudio for stm32 9.0.1/armtools/bin/../lib/gcc/arm-atollic-eabi/6.3.1/../../../../arm-atollic-eabi/lib/armv7e-m/fpu\libc_nano.a(lib_a-strtol.o)
 .ARM.attributes
                0x00000ad2       0x34 c:/program files (x86)/atollic/truestudio for stm32 9.0.1/armtools/bin/../lib/gcc/arm-atollic-eabi/6.3.1/../../../../arm-atollic-eabi/lib/armv7e-m/fpu\libc_nano.a(lib_a-utoa.o)
 .ARM.attributes
                0x00000b06       0x34 c:/program files (x86)/atollic/truestudio for stm32 9.0.1/armtools/bin/../lib/gcc/arm-atollic-eabi/6.3.1/../../../../arm-atollic-eabi/lib/armv7e-m/fpu\libc_nano.a(lib_a-locale.o)
 .ARM.attributes
                0x00000b3a       0x34 c:/program files (x86)/atollic/truestudio for stm32 9.0.1/armtools/bin/../lib/gcc/arm-atollic-eabi/6.3.1/../../../../arm-atollic-eabi/lib/armv7e-m/fpu\libc_nano.a(lib_a-mbtowc_r.o)
 .ARM.attributes
                0x00000b6e       0x34 c:/program files (x86)/atollic/truestudio for stm32 9.0.1/armtools/bin/../lib/gcc/arm-atollic-eabi/6.3.1/../../../../arm-atollic-eabi/lib/armv7e-m/fpu\libc_nano.a(lib_a-nano-svfprintf.o)
 .ARM.attributes
                0x00000ba2       0x34 c:/program files (x86)/atollic/truestudio for stm32 9.0.1/armtools/bin/../lib/gcc/arm-atollic-eabi/6.3.1/../../../../arm-atollic-eabi/lib/armv7e-m/fpu\libc_nano.a(lib_a-nano-vfprintf_i.o)
 .ARM.attributes
                0x00000bd6       0x34 c:/program files (x86)/atollic/truestudio for stm32 9.0.1/armtools/bin/../lib/gcc/arm-atollic-eabi/6.3.1/../../../../arm-atollic-eabi/lib/armv7e-m/fpu\libc_nano.a(lib_a-wctomb_r.o)
 .ARM.attributes
                0x00000c0a       0x34 c:/program files (x86)/atollic/truestudio for stm32 9.0.1/armtools/bin/../lib/gcc/arm-atollic-eabi/6.3.1/../../../../arm-atollic-eabi/lib/armv7e-m/fpu\libc_nano.a(lib_a-ctype_.o)
 .ARM.attributes
                0x00000c3e       0x20 c:/program files (x86)/atollic/truestudio for stm32 9.0.1/armtools/bin/../lib/gcc/arm-atollic-eabi/6.3.1/../../../../arm-atollic-eabi/lib/armv7e-m/fpu\libc_nano.a(lib_a-memchr.o)
 .ARM.attributes
                0x00000c5e       0x34 c:/program files (x86)/atollic/truestudio for stm32 9.0.1/armtools/bin/../lib/gcc/arm-atollic-eabi/6.3.1/../../../../arm-atollic-eabi/lib/armv7e-m/fpu\libc_nano.a(lib_a-memcpy-stub.o)
 .ARM.attributes
                0x00000c92       0x34 c:/program files (x86)/atollic/truestudio for stm32 9.0.1/armtools/bin/../lib/gcc/arm-atollic-eabi/6.3.1/../../../../arm-atollic-eabi/lib/armv7e-m/fpu\libc_nano.a(lib_a-memmove.o)
 .ARM.attributes
                0x00000cc6       0x34 c:/program files (x86)/atollic/truestudio for stm32 9.0.1/armtools/bin/../lib/gcc/arm-atollic-eabi/6.3.1/../../../../arm-atollic-eabi/lib/armv7e-m/fpu\libc_nano.a(lib_a-nano-freer.o)
 .ARM.attributes
                0x00000cfa       0x34 c:/program files (x86)/atollic/truestudio for stm32 9.0.1/armtools/bin/../lib/gcc/arm-atollic-eabi/6.3.1/../../../../arm-atollic-eabi/lib/armv7e-m/fpu\libc_nano.a(lib_a-nano-mallocr.o)
 .ARM.attributes
                0x00000d2e       0x34 c:/program files (x86)/atollic/truestudio for stm32 9.0.1/armtools/bin/../lib/gcc/arm-atollic-eabi/6.3.1/../../../../arm-atollic-eabi/lib/armv7e-m/fpu\libc_nano.a(lib_a-nano-reallocr.o)
 .ARM.attributes
                0x00000d62       0x34 c:/program files (x86)/atollic/truestudio for stm32 9.0.1/armtools/bin/../lib/gcc/arm-atollic-eabi/6.3.1/../../../../arm-atollic-eabi/lib/armv7e-m/fpu\libc_nano.a(lib_a-sbrkr.o)
 .ARM.attributes
                0x00000d96       0x34 c:/program files (x86)/atollic/truestudio for stm32 9.0.1/armtools/bin/../lib/gcc/arm-atollic-eabi/6.3.1/../../../../arm-atollic-eabi/lib/armv7e-m/fpu\libc_nano.a(lib_a-mlock.o)
 .ARM.attributes
                0x00000dca       0x34 c:/program files (x86)/atollic/truestudio for stm32 9.0.1/armtools/bin/../lib/gcc/arm-atollic-eabi/6.3.1/../../../../arm-atollic-eabi/lib/armv7e-m/fpu\libc_nano.a(lib_a-nano-msizer.o)
 .ARM.attributes
                0x00000dfe       0x34 c:/program files (x86)/atollic/truestudio for stm32 9.0.1/armtools/bin/../lib/gcc/arm-atollic-eabi/6.3.1/../../../../arm-atollic-eabi/lib/armv7e-m/fpu\libc_nano.a(lib_a-reent.o)
 .ARM.attributes
                0x00000e32       0x22 c:/program files (x86)/atollic/truestudio for stm32 9.0.1/armtools/bin/../lib/gcc/arm-atollic-eabi/6.3.1/armv7e-m/fpu\libgcc.a(_aeabi_uldivmod.o)
 .ARM.attributes
                0x00000e54       0x34 c:/program files (x86)/atollic/truestudio for stm32 9.0.1/armtools/bin/../lib/gcc/arm-atollic-eabi/6.3.1/armv7e-m/fpu\libgcc.a(_udivmoddi4.o)
 .ARM.attributes
                0x00000e88       0x22 c:/program files (x86)/atollic/truestudio for stm32 9.0.1/armtools/bin/../lib/gcc/arm-atollic-eabi/6.3.1/armv7e-m/fpu\libgcc.a(_dvmd_tls.o)
 .ARM.attributes
                0x00000eaa       0x22 c:/program files (x86)/atollic/truestudio for stm32 9.0.1/armtools/bin/../lib/gcc/arm-atollic-eabi/6.3.1/armv7e-m/fpu/crtn.o
OUTPUT(Final_Code_V1.elf elf32-littlearm)

.debug_info     0x00000000    0x2815f
 .debug_info    0x00000000      0xc2a Drivers\STM32L4xx_HAL_Driver\Src\stm32l4xx_hal.o
 .debug_info    0x00000c2a     0x2603 Drivers\STM32L4xx_HAL_Driver\Src\stm32l4xx_hal_adc.o
 .debug_info    0x0000322d     0x1fee Drivers\STM32L4xx_HAL_Driver\Src\stm32l4xx_hal_adc_ex.o
 .debug_info    0x0000521b      0xf6d Drivers\STM32L4xx_HAL_Driver\Src\stm32l4xx_hal_cortex.o
 .debug_info    0x00006188      0x84a Drivers\STM32L4xx_HAL_Driver\Src\stm32l4xx_hal_dma.o
 .debug_info    0x000069d2      0x83a Drivers\STM32L4xx_HAL_Driver\Src\stm32l4xx_hal_flash.o
 .debug_info    0x0000720c      0xb5c Drivers\STM32L4xx_HAL_Driver\Src\stm32l4xx_hal_flash_ex.o
 .debug_info    0x00007d68      0x862 Drivers\STM32L4xx_HAL_Driver\Src\stm32l4xx_hal_gpio.o
 .debug_info    0x000085ca     0x37c1 Drivers\STM32L4xx_HAL_Driver\Src\stm32l4xx_hal_i2c.o
 .debug_info    0x0000bd8b      0xa36 Drivers\STM32L4xx_HAL_Driver\Src\stm32l4xx_hal_i2c_ex.o
 .debug_info    0x0000c7c1      0x9fd Drivers\STM32L4xx_HAL_Driver\Src\stm32l4xx_hal_pwr.o
 .debug_info    0x0000d1be      0xad2 Drivers\STM32L4xx_HAL_Driver\Src\stm32l4xx_hal_pwr_ex.o
 .debug_info    0x0000dc90      0xdfe Drivers\STM32L4xx_HAL_Driver\Src\stm32l4xx_hal_rcc.o
 .debug_info    0x0000ea8e     0x1077 Drivers\STM32L4xx_HAL_Driver\Src\stm32l4xx_hal_rcc_ex.o
 .debug_info    0x0000fb05      0xfe8 Drivers\STM32L4xx_HAL_Driver\Src\stm32l4xx_hal_rtc.o
 .debug_info    0x00010aed     0x1268 Drivers\STM32L4xx_HAL_Driver\Src\stm32l4xx_hal_rtc_ex.o
 .debug_info    0x00011d55     0x231c Drivers\STM32L4xx_HAL_Driver\Src\stm32l4xx_hal_sd.o
 .debug_info    0x00014071     0x1c1d Drivers\STM32L4xx_HAL_Driver\Src\stm32l4xx_hal_uart.o
 .debug_info    0x00015c8e     0x16f7 Drivers\STM32L4xx_HAL_Driver\Src\stm32l4xx_ll_sdmmc.o
 .debug_info    0x00017385      0xd35 Middlewares\Third_Party\FatFs\src\ff_gen_drv.o
 .debug_info    0x000180ba      0xd8f Src\adc.o
 .debug_info    0x00018e49      0xbdc Src\bsp_driver_sd.o
 .debug_info    0x00019a25      0x5f1 Src\dma.o
 .debug_info    0x0001a016      0xd96 Src\fatfs.o
 .debug_info    0x0001adac     0x1046 Src\flash.o
 .debug_info    0x0001bdf2      0x5ce Src\gpio.o
 .debug_info    0x0001c3c0      0xb38 Src\i2c.o
 .debug_info    0x0001cef8     0x5b2a Src\main.o
 .debug_info    0x00022a22      0xea1 Src\rtc.o
 .debug_info    0x000238c3      0xf1f Src\sd_diskio.o
 .debug_info    0x000247e2      0xb5e Src\sdmmc.o
 .debug_info    0x00025340      0x398 Src\stm32l4xx_hal_msp.o
 .debug_info    0x000256d8      0x815 Src\stm32l4xx_it.o
 .debug_info    0x00025eed      0xfe1 Src\syscalls.o
 .debug_info    0x00026ece      0x5cf Src\system_stm32l4xx.o
 .debug_info    0x0002749d      0xc50 Src\usart.o
 .debug_info    0x000280ed       0x72 startup\startup_stm32l476xx.o

.debug_abbrev   0x00000000     0x557d
 .debug_abbrev  0x00000000      0x29d Drivers\STM32L4xx_HAL_Driver\Src\stm32l4xx_hal.o
 .debug_abbrev  0x0000029d      0x33d Drivers\STM32L4xx_HAL_Driver\Src\stm32l4xx_hal_adc.o
 .debug_abbrev  0x000005da      0x33c Drivers\STM32L4xx_HAL_Driver\Src\stm32l4xx_hal_adc_ex.o
 .debug_abbrev  0x00000916      0x2e6 Drivers\STM32L4xx_HAL_Driver\Src\stm32l4xx_hal_cortex.o
 .debug_abbrev  0x00000bfc      0x224 Drivers\STM32L4xx_HAL_Driver\Src\stm32l4xx_hal_dma.o
 .debug_abbrev  0x00000e20      0x322 Drivers\STM32L4xx_HAL_Driver\Src\stm32l4xx_hal_flash.o
 .debug_abbrev  0x00001142      0x270 Drivers\STM32L4xx_HAL_Driver\Src\stm32l4xx_hal_flash_ex.o
 .debug_abbrev  0x000013b2      0x1d7 Drivers\STM32L4xx_HAL_Driver\Src\stm32l4xx_hal_gpio.o
 .debug_abbrev  0x00001589      0x351 Drivers\STM32L4xx_HAL_Driver\Src\stm32l4xx_hal_i2c.o
 .debug_abbrev  0x000018da      0x1b2 Drivers\STM32L4xx_HAL_Driver\Src\stm32l4xx_hal_i2c_ex.o
 .debug_abbrev  0x00001a8c      0x1b4 Drivers\STM32L4xx_HAL_Driver\Src\stm32l4xx_hal_pwr.o
 .debug_abbrev  0x00001c40      0x227 Drivers\STM32L4xx_HAL_Driver\Src\stm32l4xx_hal_pwr_ex.o
 .debug_abbrev  0x00001e67      0x267 Drivers\STM32L4xx_HAL_Driver\Src\stm32l4xx_hal_rcc.o
 .debug_abbrev  0x000020ce      0x264 Drivers\STM32L4xx_HAL_Driver\Src\stm32l4xx_hal_rcc_ex.o
 .debug_abbrev  0x00002332      0x244 Drivers\STM32L4xx_HAL_Driver\Src\stm32l4xx_hal_rtc.o
 .debug_abbrev  0x00002576      0x24f Drivers\STM32L4xx_HAL_Driver\Src\stm32l4xx_hal_rtc_ex.o
 .debug_abbrev  0x000027c5      0x366 Drivers\STM32L4xx_HAL_Driver\Src\stm32l4xx_hal_sd.o
 .debug_abbrev  0x00002b2b      0x30e Drivers\STM32L4xx_HAL_Driver\Src\stm32l4xx_hal_uart.o
 .debug_abbrev  0x00002e39      0x28e Drivers\STM32L4xx_HAL_Driver\Src\stm32l4xx_ll_sdmmc.o
 .debug_abbrev  0x000030c7      0x2a5 Middlewares\Third_Party\FatFs\src\ff_gen_drv.o
 .debug_abbrev  0x0000336c      0x1fd Src\adc.o
 .debug_abbrev  0x00003569      0x2a0 Src\bsp_driver_sd.o
 .debug_abbrev  0x00003809      0x139 Src\dma.o
 .debug_abbrev  0x00003942      0x204 Src\fatfs.o
 .debug_abbrev  0x00003b46      0x2d8 Src\flash.o
 .debug_abbrev  0x00003e1e      0x173 Src\gpio.o
 .debug_abbrev  0x00003f91      0x201 Src\i2c.o
 .debug_abbrev  0x00004192      0x4e3 Src\main.o
 .debug_abbrev  0x00004675      0x1d1 Src\rtc.o
 .debug_abbrev  0x00004846      0x2dd Src\sd_diskio.o
 .debug_abbrev  0x00004b23      0x1e4 Src\sdmmc.o
 .debug_abbrev  0x00004d07       0xea Src\stm32l4xx_hal_msp.o
 .debug_abbrev  0x00004df1      0x195 Src\stm32l4xx_it.o
 .debug_abbrev  0x00004f86      0x2d9 Src\syscalls.o
 .debug_abbrev  0x0000525f      0x12f Src\system_stm32l4xx.o
 .debug_abbrev  0x0000538e      0x1dd Src\usart.o
 .debug_abbrev  0x0000556b       0x12 startup\startup_stm32l476xx.o

.debug_loc      0x00000000    0x10865
 .debug_loc     0x00000000      0x149 Drivers\STM32L4xx_HAL_Driver\Src\stm32l4xx_hal.o
 .debug_loc     0x00000149     0x1654 Drivers\STM32L4xx_HAL_Driver\Src\stm32l4xx_hal_adc.o
 .debug_loc     0x0000179d     0x1482 Drivers\STM32L4xx_HAL_Driver\Src\stm32l4xx_hal_adc_ex.o
 .debug_loc     0x00002c1f      0x4fb Drivers\STM32L4xx_HAL_Driver\Src\stm32l4xx_hal_cortex.o
 .debug_loc     0x0000311a      0x5b7 Drivers\STM32L4xx_HAL_Driver\Src\stm32l4xx_hal_dma.o
 .debug_loc     0x000036d1      0x3b3 Drivers\STM32L4xx_HAL_Driver\Src\stm32l4xx_hal_flash.o
 .debug_loc     0x00003a84      0x6d9 Drivers\STM32L4xx_HAL_Driver\Src\stm32l4xx_hal_flash_ex.o
 .debug_loc     0x0000415d      0x29d Drivers\STM32L4xx_HAL_Driver\Src\stm32l4xx_hal_gpio.o
 .debug_loc     0x000043fa     0x38e7 Drivers\STM32L4xx_HAL_Driver\Src\stm32l4xx_hal_i2c.o
 .debug_loc     0x00007ce1      0x1a0 Drivers\STM32L4xx_HAL_Driver\Src\stm32l4xx_hal_i2c_ex.o
 .debug_loc     0x00007e81      0x132 Drivers\STM32L4xx_HAL_Driver\Src\stm32l4xx_hal_pwr.o
 .debug_loc     0x00007fb3      0x63b Drivers\STM32L4xx_HAL_Driver\Src\stm32l4xx_hal_pwr_ex.o
 .debug_loc     0x000085ee      0x5ae Drivers\STM32L4xx_HAL_Driver\Src\stm32l4xx_hal_rcc.o
 .debug_loc     0x00008b9c      0xd98 Drivers\STM32L4xx_HAL_Driver\Src\stm32l4xx_hal_rcc_ex.o
 .debug_loc     0x00009934      0x737 Drivers\STM32L4xx_HAL_Driver\Src\stm32l4xx_hal_rtc.o
 .debug_loc     0x0000a06b      0xa26 Drivers\STM32L4xx_HAL_Driver\Src\stm32l4xx_hal_rtc_ex.o
 .debug_loc     0x0000aa91     0x18c1 Drivers\STM32L4xx_HAL_Driver\Src\stm32l4xx_hal_sd.o
 .debug_loc     0x0000c352     0x19b3 Drivers\STM32L4xx_HAL_Driver\Src\stm32l4xx_hal_uart.o
 .debug_loc     0x0000dd05      0xb44 Drivers\STM32L4xx_HAL_Driver\Src\stm32l4xx_ll_sdmmc.o
 .debug_loc     0x0000e849      0x216 Middlewares\Third_Party\FatFs\src\ff_gen_drv.o
 .debug_loc     0x0000ea5f       0x63 Src\adc.o
 .debug_loc     0x0000eac2      0x42a Src\bsp_driver_sd.o
 .debug_loc     0x0000eeec      0x2c2 Src\flash.o
 .debug_loc     0x0000f1ae       0x58 Src\i2c.o
 .debug_loc     0x0000f206      0xbfa Src\main.o
 .debug_loc     0x0000fe00       0x58 Src\rtc.o
 .debug_loc     0x0000fe58      0x3a5 Src\sd_diskio.o
 .debug_loc     0x000101fd       0x58 Src\sdmmc.o
 .debug_loc     0x00010255      0x3ef Src\syscalls.o
 .debug_loc     0x00010644      0x1be Src\system_stm32l4xx.o
 .debug_loc     0x00010802       0x63 Src\usart.o

.debug_aranges  0x00000000     0x1570
 .debug_aranges
                0x00000000      0x108 Drivers\STM32L4xx_HAL_Driver\Src\stm32l4xx_hal.o
 .debug_aranges
                0x00000108       0xf0 Drivers\STM32L4xx_HAL_Driver\Src\stm32l4xx_hal_adc.o
 .debug_aranges
                0x000001f8       0xf0 Drivers\STM32L4xx_HAL_Driver\Src\stm32l4xx_hal_adc_ex.o
 .debug_aranges
                0x000002e8       0xa8 Drivers\STM32L4xx_HAL_Driver\Src\stm32l4xx_hal_cortex.o
 .debug_aranges
                0x00000390       0x78 Drivers\STM32L4xx_HAL_Driver\Src\stm32l4xx_hal_dma.o
 .debug_aranges
                0x00000408       0x78 Drivers\STM32L4xx_HAL_Driver\Src\stm32l4xx_hal_flash.o
 .debug_aranges
                0x00000480       0x50 Drivers\STM32L4xx_HAL_Driver\Src\stm32l4xx_hal_flash_ex.o
 .debug_aranges
                0x000004d0       0x58 Drivers\STM32L4xx_HAL_Driver\Src\stm32l4xx_hal_gpio.o
 .debug_aranges
                0x00000528      0x238 Drivers\STM32L4xx_HAL_Driver\Src\stm32l4xx_hal_i2c.o
 .debug_aranges
                0x00000760       0x48 Drivers\STM32L4xx_HAL_Driver\Src\stm32l4xx_hal_i2c_ex.o
 .debug_aranges
                0x000007a8       0x98 Drivers\STM32L4xx_HAL_Driver\Src\stm32l4xx_hal_pwr.o
 .debug_aranges
                0x00000840      0x130 Drivers\STM32L4xx_HAL_Driver\Src\stm32l4xx_hal_pwr_ex.o
 .debug_aranges
                0x00000970       0x88 Drivers\STM32L4xx_HAL_Driver\Src\stm32l4xx_hal_rcc.o
 .debug_aranges
                0x000009f8       0xc0 Drivers\STM32L4xx_HAL_Driver\Src\stm32l4xx_hal_rcc_ex.o
 .debug_aranges
                0x00000ab8       0xa8 Drivers\STM32L4xx_HAL_Driver\Src\stm32l4xx_hal_rtc.o
 .debug_aranges
                0x00000b60      0x118 Drivers\STM32L4xx_HAL_Driver\Src\stm32l4xx_hal_rtc_ex.o
 .debug_aranges
                0x00000c78       0xf0 Drivers\STM32L4xx_HAL_Driver\Src\stm32l4xx_hal_sd.o
 .debug_aranges
                0x00000d68      0x1a0 Drivers\STM32L4xx_HAL_Driver\Src\stm32l4xx_hal_uart.o
 .debug_aranges
                0x00000f08      0x150 Drivers\STM32L4xx_HAL_Driver\Src\stm32l4xx_ll_sdmmc.o
 .debug_aranges
                0x00001058       0x40 Middlewares\Third_Party\FatFs\src\ff_gen_drv.o
 .debug_aranges
                0x00001098       0x30 Src\adc.o
 .debug_aranges
                0x000010c8       0x90 Src\bsp_driver_sd.o
 .debug_aranges
                0x00001158       0x20 Src\dma.o
 .debug_aranges
                0x00001178       0x28 Src\fatfs.o
 .debug_aranges
                0x000011a0       0x48 Src\flash.o
 .debug_aranges
                0x000011e8       0x20 Src\gpio.o
 .debug_aranges
                0x00001208       0x30 Src\i2c.o
 .debug_aranges
                0x00001238       0xd8 Src\main.o
 .debug_aranges
                0x00001310       0x30 Src\rtc.o
 .debug_aranges
                0x00001340       0x48 Src\sd_diskio.o
 .debug_aranges
                0x00001388       0x30 Src\sdmmc.o
 .debug_aranges
                0x000013b8       0x20 Src\stm32l4xx_hal_msp.o
 .debug_aranges
                0x000013d8       0x58 Src\stm32l4xx_it.o
 .debug_aranges
                0x00001430       0xb0 Src\syscalls.o
 .debug_aranges
                0x000014e0       0x28 Src\system_stm32l4xx.o
 .debug_aranges
                0x00001508       0x40 Src\usart.o
 .debug_aranges
                0x00001548       0x28 startup\startup_stm32l476xx.o

.debug_ranges   0x00000000     0x1d28
 .debug_ranges  0x00000000       0xf8 Drivers\STM32L4xx_HAL_Driver\Src\stm32l4xx_hal.o
 .debug_ranges  0x000000f8      0x330 Drivers\STM32L4xx_HAL_Driver\Src\stm32l4xx_hal_adc.o
 .debug_ranges  0x00000428      0x250 Drivers\STM32L4xx_HAL_Driver\Src\stm32l4xx_hal_adc_ex.o
 .debug_ranges  0x00000678      0x138 Drivers\STM32L4xx_HAL_Driver\Src\stm32l4xx_hal_cortex.o
 .debug_ranges  0x000007b0       0xa0 Drivers\STM32L4xx_HAL_Driver\Src\stm32l4xx_hal_dma.o
 .debug_ranges  0x00000850       0x80 Drivers\STM32L4xx_HAL_Driver\Src\stm32l4xx_hal_flash.o
 .debug_ranges  0x000008d0      0x118 Drivers\STM32L4xx_HAL_Driver\Src\stm32l4xx_hal_flash_ex.o
 .debug_ranges  0x000009e8       0x68 Drivers\STM32L4xx_HAL_Driver\Src\stm32l4xx_hal_gpio.o
 .debug_ranges  0x00000a50      0x270 Drivers\STM32L4xx_HAL_Driver\Src\stm32l4xx_hal_i2c.o
 .debug_ranges  0x00000cc0       0x68 Drivers\STM32L4xx_HAL_Driver\Src\stm32l4xx_hal_i2c_ex.o
 .debug_ranges  0x00000d28       0x88 Drivers\STM32L4xx_HAL_Driver\Src\stm32l4xx_hal_pwr.o
 .debug_ranges  0x00000db0      0x120 Drivers\STM32L4xx_HAL_Driver\Src\stm32l4xx_hal_pwr_ex.o
 .debug_ranges  0x00000ed0       0x90 Drivers\STM32L4xx_HAL_Driver\Src\stm32l4xx_hal_rcc.o
 .debug_ranges  0x00000f60       0xf0 Drivers\STM32L4xx_HAL_Driver\Src\stm32l4xx_hal_rcc_ex.o
 .debug_ranges  0x00001050       0x98 Drivers\STM32L4xx_HAL_Driver\Src\stm32l4xx_hal_rtc.o
 .debug_ranges  0x000010e8      0x108 Drivers\STM32L4xx_HAL_Driver\Src\stm32l4xx_hal_rtc_ex.o
 .debug_ranges  0x000011f0      0x198 Drivers\STM32L4xx_HAL_Driver\Src\stm32l4xx_hal_sd.o
 .debug_ranges  0x00001388      0x190 Drivers\STM32L4xx_HAL_Driver\Src\stm32l4xx_hal_uart.o
 .debug_ranges  0x00001518      0x1b8 Drivers\STM32L4xx_HAL_Driver\Src\stm32l4xx_ll_sdmmc.o
 .debug_ranges  0x000016d0       0x30 Middlewares\Third_Party\FatFs\src\ff_gen_drv.o
 .debug_ranges  0x00001700       0x38 Src\adc.o
 .debug_ranges  0x00001738       0x80 Src\bsp_driver_sd.o
 .debug_ranges  0x000017b8       0x38 Src\dma.o
 .debug_ranges  0x000017f0       0x18 Src\fatfs.o
 .debug_ranges  0x00001808       0x50 Src\flash.o
 .debug_ranges  0x00001858       0x30 Src\gpio.o
 .debug_ranges  0x00001888       0x38 Src\i2c.o
 .debug_ranges  0x000018c0      0x210 Src\main.o
 .debug_ranges  0x00001ad0       0x20 Src\rtc.o
 .debug_ranges  0x00001af0       0x50 Src\sd_diskio.o
 .debug_ranges  0x00001b40       0x58 Src\sdmmc.o
 .debug_ranges  0x00001b98       0x28 Src\stm32l4xx_hal_msp.o
 .debug_ranges  0x00001bc0       0x48 Src\stm32l4xx_it.o
 .debug_ranges  0x00001c08       0xa0 Src\syscalls.o
 .debug_ranges  0x00001ca8       0x18 Src\system_stm32l4xx.o
 .debug_ranges  0x00001cc0       0x48 Src\usart.o
 .debug_ranges  0x00001d08       0x20 startup\startup_stm32l476xx.o

.debug_line     0x00000000     0xce93
 .debug_line    0x00000000      0x455 Drivers\STM32L4xx_HAL_Driver\Src\stm32l4xx_hal.o
 .debug_line    0x00000455      0xe54 Drivers\STM32L4xx_HAL_Driver\Src\stm32l4xx_hal_adc.o
 .debug_line    0x000012a9      0xc5d Drivers\STM32L4xx_HAL_Driver\Src\stm32l4xx_hal_adc_ex.o
 .debug_line    0x00001f06      0x451 Drivers\STM32L4xx_HAL_Driver\Src\stm32l4xx_hal_cortex.o
 .debug_line    0x00002357      0x4e4 Drivers\STM32L4xx_HAL_Driver\Src\stm32l4xx_hal_dma.o
 .debug_line    0x0000283b      0x448 Drivers\STM32L4xx_HAL_Driver\Src\stm32l4xx_hal_flash.o
 .debug_line    0x00002c83      0x4bd Drivers\STM32L4xx_HAL_Driver\Src\stm32l4xx_hal_flash_ex.o
 .debug_line    0x00003140      0x3e9 Drivers\STM32L4xx_HAL_Driver\Src\stm32l4xx_hal_gpio.o