Archive member included to satisfy reference by file (symbol)

c:/program files (x86)/atollic/truestudio for stm32 9.0.1/armtools/bin/../lib/gcc/arm-atollic-eabi/6.3.1/../../../../arm-atollic-eabi/lib/armv7e-m/fpu\libc_nano.a(lib_a-atoi.o)
                              Src\main.o (atoi)
c:/program files (x86)/atollic/truestudio for stm32 9.0.1/armtools/bin/../lib/gcc/arm-atollic-eabi/6.3.1/../../../../arm-atollic-eabi/lib/armv7e-m/fpu\libc_nano.a(lib_a-errno.o)
                              Src\syscalls.o (__errno)
c:/program files (x86)/atollic/truestudio for stm32 9.0.1/armtools/bin/../lib/gcc/arm-atollic-eabi/6.3.1/../../../../arm-atollic-eabi/lib/armv7e-m/fpu\libc_nano.a(lib_a-impure.o)
                              c:/program files (x86)/atollic/truestudio for stm32 9.0.1/armtools/bin/../lib/gcc/arm-atollic-eabi/6.3.1/../../../../arm-atollic-eabi/lib/armv7e-m/fpu\libc_nano.a(lib_a-errno.o) (_impure_ptr)
c:/program files (x86)/atollic/truestudio for stm32 9.0.1/armtools/bin/../lib/gcc/arm-atollic-eabi/6.3.1/../../../../arm-atollic-eabi/lib/armv7e-m/fpu\libc_nano.a(lib_a-init.o)
                              startup\startup_stm32l476xx.o (__libc_init_array)
c:/program files (x86)/atollic/truestudio for stm32 9.0.1/armtools/bin/../lib/gcc/arm-atollic-eabi/6.3.1/../../../../arm-atollic-eabi/lib/armv7e-m/fpu\libc_nano.a(lib_a-itoa.o)
                              Src\main.o (itoa)
c:/program files (x86)/atollic/truestudio for stm32 9.0.1/armtools/bin/../lib/gcc/arm-atollic-eabi/6.3.1/../../../../arm-atollic-eabi/lib/armv7e-m/fpu\libc_nano.a(lib_a-memset.o)
                              Src\adc.o (memset)
c:/program files (x86)/atollic/truestudio for stm32 9.0.1/armtools/bin/../lib/gcc/arm-atollic-eabi/6.3.1/../../../../arm-atollic-eabi/lib/armv7e-m/fpu\libc_nano.a(lib_a-sprintf.o)
                              Src\main.o (sprintf)
c:/program files (x86)/atollic/truestudio for stm32 9.0.1/armtools/bin/../lib/gcc/arm-atollic-eabi/6.3.1/../../../../arm-atollic-eabi/lib/armv7e-m/fpu\libc_nano.a(lib_a-strcat.o)
                              Src\main.o (strcat)
c:/program files (x86)/atollic/truestudio for stm32 9.0.1/armtools/bin/../lib/gcc/arm-atollic-eabi/6.3.1/../../../../arm-atollic-eabi/lib/armv7e-m/fpu\libc_nano.a(lib_a-strchr.o)
                              Src\main.o (strchr)
c:/program files (x86)/atollic/truestudio for stm32 9.0.1/armtools/bin/../lib/gcc/arm-atollic-eabi/6.3.1/../../../../arm-atollic-eabi/lib/armv7e-m/fpu\libc_nano.a(lib_a-strlen.o)
                              Src\main.o (strlen)
c:/program files (x86)/atollic/truestudio for stm32 9.0.1/armtools/bin/../lib/gcc/arm-atollic-eabi/6.3.1/../../../../arm-atollic-eabi/lib/armv7e-m/fpu\libc_nano.a(lib_a-strstr.o)
                              Src\main.o (strstr)
c:/program files (x86)/atollic/truestudio for stm32 9.0.1/armtools/bin/../lib/gcc/arm-atollic-eabi/6.3.1/../../../../arm-atollic-eabi/lib/armv7e-m/fpu\libc_nano.a(lib_a-strtol.o)
                              c:/program files (x86)/atollic/truestudio for stm32 9.0.1/armtools/bin/../lib/gcc/arm-atollic-eabi/6.3.1/../../../../arm-atollic-eabi/lib/armv7e-m/fpu\libc_nano.a(lib_a-atoi.o) (_strtol_r)
c:/program files (x86)/atollic/truestudio for stm32 9.0.1/armtools/bin/../lib/gcc/arm-atollic-eabi/6.3.1/../../../../arm-atollic-eabi/lib/armv7e-m/fpu\libc_nano.a(lib_a-utoa.o)
                              c:/program files (x86)/atollic/truestudio for stm32 9.0.1/armtools/bin/../lib/gcc/arm-atollic-eabi/6.3.1/../../../../arm-atollic-eabi/lib/armv7e-m/fpu\libc_nano.a(lib_a-itoa.o) (__utoa)
c:/program files (x86)/atollic/truestudio for stm32 9.0.1/armtools/bin/../lib/gcc/arm-atollic-eabi/6.3.1/../../../../arm-atollic-eabi/lib/armv7e-m/fpu\libc_nano.a(lib_a-locale.o)
                              c:/program files (x86)/atollic/truestudio for stm32 9.0.1/armtools/bin/../lib/gcc/arm-atollic-eabi/6.3.1/../../../../arm-atollic-eabi/lib/armv7e-m/fpu\libc_nano.a(lib_a-strtol.o) (__locale_ctype_ptr_l)
c:/program files (x86)/atollic/truestudio for stm32 9.0.1/armtools/bin/../lib/gcc/arm-atollic-eabi/6.3.1/../../../../arm-atollic-eabi/lib/armv7e-m/fpu\libc_nano.a(lib_a-mbtowc_r.o)
                              c:/program files (x86)/atollic/truestudio for stm32 9.0.1/armtools/bin/../lib/gcc/arm-atollic-eabi/6.3.1/../../../../arm-atollic-eabi/lib/armv7e-m/fpu\libc_nano.a(lib_a-locale.o) (__ascii_mbtowc)
c:/program files (x86)/atollic/truestudio for stm32 9.0.1/armtools/bin/../lib/gcc/arm-atollic-eabi/6.3.1/../../../../arm-atollic-eabi/lib/armv7e-m/fpu\libc_nano.a(lib_a-nano-svfprintf.o)
                              c:/program files (x86)/atollic/truestudio for stm32 9.0.1/armtools/bin/../lib/gcc/arm-atollic-eabi/6.3.1/../../../../arm-atollic-eabi/lib/armv7e-m/fpu\libc_nano.a(lib_a-sprintf.o) (_svfprintf_r)
c:/program files (x86)/atollic/truestudio for stm32 9.0.1/armtools/bin/../lib/gcc/arm-atollic-eabi/6.3.1/../../../../arm-atollic-eabi/lib/armv7e-m/fpu\libc_nano.a(lib_a-nano-vfprintf_i.o)
[...]
Memory Configuration

Name             Origin             Length             Attributes
RAM              0x20000000         0x00018000         xrw
RAM2             0x10000000         0x00008000         xrw
FLASH            0x08000000         0x00100000         xr
*default*        0x00000000         0xffffffff

Linker script and memory map

LOAD c:/program files (x86)/atollic/truestudio for stm32 9.0.1/armtools/bin/../lib/gcc/arm-atollic-eabi/6.3.1/armv7e-m/fpu/crti.o
LOAD c:/program files (x86)/atollic/truestudio for stm32 9.0.1/armtools/bin/../lib/gcc/arm-atollic-eabi/6.3.1/armv7e-m/fpu/crtbegin.o
LOAD Drivers\STM32L4xx_HAL_Driver\Src\stm32l4xx_hal.o
LOAD Drivers\STM32L4xx_HAL_Driver\Src\stm32l4xx_hal_adc.o
LOAD Drivers\STM32L4xx_HAL_Driver\Src\stm32l4xx_hal_adc_ex.o
LOAD Drivers\STM32L4xx_HAL_Driver\Src\stm32l4xx_hal_cortex.o
LOAD Drivers\STM32L4xx_HAL_Driver\Src\stm32l4xx_hal_dma.o
LOAD Drivers\STM32L4xx_HAL_Driver\Src\stm32l4xx_hal_dma_ex.o
LOAD Drivers\STM32L4xx_HAL_Driver\Src\stm32l4xx_hal_flash.o
LOAD Drivers\STM32L4xx_HAL_Driver\Src\stm32l4xx_hal_flash_ex.o
LOAD Drivers\STM32L4xx_HAL_Driver\Src\stm32l4xx_hal_flash_ramfunc.o
LOAD Drivers\STM32L4xx_HAL_Driver\Src\stm32l4xx_hal_gpio.o
LOAD Drivers\STM32L4xx_HAL_Driver\Src\stm32l4xx_hal_i2c.o
LOAD Drivers\STM32L4xx_HAL_Driver\Src\stm32l4xx_hal_i2c_ex.o
LOAD Drivers\STM32L4xx_HAL_Driver\Src\stm32l4xx_hal_pwr.o
LOAD Drivers\STM32L4xx_HAL_Driver\Src\stm32l4xx_hal_pwr_ex.o
LOAD Drivers\STM32L4xx_HAL_Driver\Src\stm32l4xx_hal_rcc.o
LOAD Drivers\STM32L4xx_HAL_Driver\Src\stm32l4xx_hal_rcc_ex.o
LOAD Drivers\STM32L4xx_HAL_Driver\Src\stm32l4xx_hal_rtc.o
LOAD Drivers\STM32L4xx_HAL_Driver\Src\stm32l4xx_hal_rtc_ex.o
LOAD Drivers\STM32L4xx_HAL_Driver\Src\stm32l4xx_hal_sd.o
LOAD Drivers\STM32L4xx_HAL_Driver\Src\stm32l4xx_hal_sd_ex.o
LOAD Drivers\STM32L4xx_HAL_Driver\Src\stm32l4xx_hal_tim.o
LOAD Drivers\STM32L4xx_HAL_Driver\Src\stm32l4xx_hal_tim_ex.o
LOAD Drivers\STM32L4xx_HAL_Driver\Src\stm32l4xx_hal_uart.o
LOAD Drivers\STM32L4xx_HAL_Driver\Src\stm32l4xx_hal_uart_ex.o
LOAD Drivers\STM32L4xx_HAL_Driver\Src\stm32l4xx_ll_sdmmc.o
LOAD Middlewares\Third_Party\FatFs\src\diskio.o
LOAD Middlewares\Third_Party\FatFs\src\ff.o
LOAD Middlewares\Third_Party\FatFs\src\ff_gen_drv.o
LOAD Middlewares\Third_Party\FatFs\src\option\syscall.o
LOAD Src\adc.o
LOAD Src\bsp_driver_sd.o
LOAD Src\dma.o
LOAD Src\fatfs.o
LOAD Src\flash.o
LOAD Src\gpio.o
LOAD Src\i2c.o
LOAD Src\main.o
LOAD Src\rtc.o
LOAD Src\sd_diskio.o
LOAD Src\sdmmc.o
LOAD Src\stm32l4xx_hal_msp.o
LOAD Src\stm32l4xx_it.o
LOAD Src\syscalls.o
LOAD Src\system_stm32l4xx.o
LOAD Src\usart.o
LOAD startup\startup_stm32l476xx.o
                0x00000080                malloc_getpagesize_P = 0x80
START GROUP
LOAD c:/program files (x86)/atollic/truestudio for stm32 9.0.1/armtools/bin/../lib/gcc/arm-atollic-eabi/6.3.1/../../../../arm-atollic-eabi/lib/armv7e-m/fpu\libc_nano.a
LOAD c:/program files (x86)/atollic/truestudio for stm32 9.0.1/armtools/bin/../lib/gcc/arm-atollic-eabi/6.3.1/../../../../arm-atollic-eabi/lib/armv7e-m/fpu\libm.a
END GROUP
START GROUP
LOAD c:/program files (x86)/atollic/truestudio for stm32 9.0.1/armtools/bin/../lib/gcc/arm-atollic-eabi/6.3.1/armv7e-m/fpu\libgcc.a
LOAD c:/program files (x86)/atollic/truestudio for stm32 9.0.1/armtools/bin/../lib/gcc/arm-atollic-eabi/6.3.1/../../../../arm-atollic-eabi/lib/armv7e-m/fpu\libc_nano.a
END GROUP
START GROUP
LOAD c:/program files (x86)/atollic/truestudio for stm32 9.0.1/armtools/bin/../lib/gcc/arm-atollic-eabi/6.3.1/armv7e-m/fpu\libgcc.a
LOAD c:/program files (x86)/atollic/truestudio for stm32 9.0.1/armtools/bin/../lib/gcc/arm-atollic-eabi/6.3.1/../../../../arm-atollic-eabi/lib/armv7e-m/fpu\libc_nano.a
LOAD c:/program files (x86)/atollic/truestudio for stm32 9.0.1/armtools/bin/../lib/gcc/arm-atollic-eabi/6.3.1/../../../../arm-atollic-eabi/lib/armv7e-m/fpu\libnosys.a
END GROUP
START GROUP
LOAD c:/program files (x86)/atollic/truestudio for stm32 9.0.1/armtools/bin/../lib/gcc/arm-atollic-eabi/6.3.1/armv7e-m/fpu\libgcc.a
LOAD c:/program files (x86)/atollic/truestudio for stm32 9.0.1/armtools/bin/../lib/gcc/arm-atollic-eabi/6.3.1/../../../../arm-atollic-eabi/lib/armv7e-m/fpu\libc_nano.a
LOAD c:/program files (x86)/atollic/truestudio for stm32 9.0.1/armtools/bin/../lib/gcc/arm-atollic-eabi/6.3.1/../../../../arm-atollic-eabi/lib/armv7e-m/fpu\libnosys.a
END GROUP
LOAD c:/program files (x86)/atollic/truestudio for stm32 9.0.1/armtools/bin/../lib/gcc/arm-atollic-eabi/6.3.1/armv7e-m/fpu/crtend.o
LOAD c:/program files (x86)/atollic/truestudio for stm32 9.0.1/armtools/bin/../lib/gcc/arm-atollic-eabi/6.3.1/armv7e-m/fpu/crtn.o
                0x20018000                _estack = 0x20018000
                0x00002000                _Min_Heap_Size = 0x2000
                0x00004000                _Min_Stack_Size = 0x4000

.isr_vector     0x08000000      0x188
                0x08000000                . = ALIGN (0x4)
 *(.isr_vector)
 .isr_vector    0x08000000      0x188 startup\startup_stm32l476xx.o
                0x08000000                g_pfnVectors
                0x08000188                . = ALIGN (0x4)

.text           0x08000190     0x7074
                0x08000190                . = ALIGN (0x4)
 *(.text)
 .text          0x08000190       0x40 c:/program files (x86)/atollic/truestudio for stm32 9.0.1/armtools/bin/../lib/gcc/arm-atollic-eabi/6.3.1/armv7e-m/fpu/crtbegin.o
 .text          0x080001d0       0x10 c:/program files (x86)/atollic/truestudio for stm32 9.0.1/armtools/bin/../lib/gcc/arm-atollic-eabi/6.3.1/../../../../arm-atollic-eabi/lib/armv7e-m/fpu\libc_nano.a(lib_a-strlen.o)
                0x080001d0                strlen
 .text          0x080001e0       0xa0 c:/program files (x86)/atollic/truestudio for stm32 9.0.1/armtools/bin/../lib/gcc/arm-atollic-eabi/6.3.1/../../../../arm-atollic-eabi/lib/armv7e-m/fpu\libc_nano.a(lib_a-memchr.o)
                0x080001e0                memchr
 .text          0x08000280       0x30 c:/program files (x86)/atollic/truestudio for stm32 9.0.1/armtools/bin/../lib/gcc/arm-atollic-eabi/6.3.1/armv7e-m/fpu\libgcc.a(_aeabi_uldivmod.o)
                0x08000280                __aeabi_uldivmod
 .text          0x080002b0      0x2dc c:/program files (x86)/atollic/truestudio for stm32 9.0.1/armtools/bin/../lib/gcc/arm-atollic-eabi/6.3.1/armv7e-m/fpu\libgcc.a(_udivmoddi4.o)
                0x080002b0                __udivmoddi4
 .text          0x0800058c        0x4 c:/program files (x86)/atollic/truestudio for stm32 9.0.1/armtools/bin/../lib/gcc/arm-atollic-eabi/6.3.1/armv7e-m/fpu\libgcc.a(_dvmd_tls.o)
                0x0800058c                __aeabi_idiv0
                0x0800058c                __aeabi_ldiv0
 *(.text*)
 .text.HAL_InitTick
                0x08000590       0x30 Drivers\STM32L4xx_HAL_Driver\Src\stm32l4xx_hal.o
                0x08000590                HAL_InitTick
 .text.HAL_Init
                0x080005c0       0x2c Drivers\STM32L4xx_HAL_Driver\Src\stm32l4xx_hal.o
                0x080005c0                HAL_Init
 .text.HAL_IncTick
                0x080005ec       0x10 Drivers\STM32L4xx_HAL_Driver\Src\stm32l4xx_hal.o
                0x080005ec                HAL_IncTick
 .text.HAL_GetTick
                0x080005fc        0xc Drivers\STM32L4xx_HAL_Driver\Src\stm32l4xx_hal.o
                0x080005fc                HAL_GetTick
 .text.HAL_Delay
                0x08000608       0x1c Drivers\STM32L4xx_HAL_Driver\Src\stm32l4xx_hal.o
                0x08000608                HAL_Delay
 .text.LL_ADC_SetChannelSamplingTime
                0x08000624       0x24 Drivers\STM32L4xx_HAL_Driver\Src\stm32l4xx_hal_adc.o
 .text.LL_ADC_IsEnabled
                0x08000648        0x8 Drivers\STM32L4xx_HAL_Driver\Src\stm32l4xx_hal_adc.o
 .text.LL_ADC_REG_IsConversionOngoing
                0x08000650        0x8 Drivers\STM32L4xx_HAL_Driver\Src\stm32l4xx_hal_adc.o
 .text.HAL_ADC_Init
                0x08000658      0x1c0 Drivers\STM32L4xx_HAL_Driver\Src\stm32l4xx_hal_adc.o
                0x08000658                HAL_ADC_Init
 .text.HAL_ADC_ConvCpltCallback
                0x08000818        0x2 Drivers\STM32L4xx_HAL_Driver\Src\stm32l4xx_hal_adc.o
                0x08000818                HAL_ADC_ConvCpltCallback
 .text.HAL_ADC_ConvHalfCpltCallback
                0x0800081a        0x2 Drivers\STM32L4xx_HAL_Driver\Src\stm32l4xx_hal_adc.o
                0x0800081a                HAL_ADC_ConvHalfCpltCallback
 .text.ADC_DMAHalfConvCplt
                0x0800081c        0xa Drivers\STM32L4xx_HAL_Driver\Src\stm32l4xx_hal_adc.o
                0x0800081c                ADC_DMAHalfConvCplt
 .text.HAL_ADC_ErrorCallback
                0x08000826        0x2 Drivers\STM32L4xx_HAL_Driver\Src\stm32l4xx_hal_adc.o
                0x08000826                HAL_ADC_ErrorCallback
 .text.ADC_DMAConvCplt
                0x08000828       0x68 Drivers\STM32L4xx_HAL_Driver\Src\stm32l4xx_hal_adc.o
                0x08000828                ADC_DMAConvCplt
 .text.ADC_DMAError
                0x08000890       0x1a Drivers\STM32L4xx_HAL_Driver\Src\stm32l4xx_hal_adc.o
                0x08000890                ADC_DMAError
 *fill*         0x080008aa        0x2 
 .text.HAL_ADC_ConfigChannel
                0x080008ac      0x3c4 Drivers\STM32L4xx_HAL_Driver\Src\stm32l4xx_hal_adc.o
                0x080008ac                HAL_ADC_ConfigChannel
 .text.ADC_Enable
                0x08000c70       0x70 Drivers\STM32L4xx_HAL_Driver\Src\stm32l4xx_hal_adc.o
                0x08000c70                ADC_Enable
 .text.HAL_ADC_Start_DMA
                0x08000ce0       0xfc Drivers\STM32L4xx_HAL_Driver\Src\stm32l4xx_hal_adc.o
                0x08000ce0                HAL_ADC_Start_DMA
 .text.LL_ADC_IsEnabled
                0x08000ddc        0x8 Drivers\STM32L4xx_HAL_Driver\Src\stm32l4xx_hal_adc_ex.o
 .text.LL_ADC_REG_IsConversionOngoing
                0x08000de4        0x8 Drivers\STM32L4xx_HAL_Driver\Src\stm32l4xx_hal_adc_ex.o
 .text.HAL_ADCEx_MultiModeConfigChannel
                0x08000dec       0xf0 Drivers\STM32L4xx_HAL_Driver\Src\stm32l4xx_hal_adc_ex.o
                0x08000dec                HAL_ADCEx_MultiModeConfigChannel
 .text.HAL_NVIC_SetPriorityGrouping
                0x08000edc       0x24 Drivers\STM32L4xx_HAL_Driver\Src\stm32l4xx_hal_cortex.o
                0x08000edc                HAL_NVIC_SetPriorityGrouping
 .text.HAL_NVIC_SetPriority
                0x08000f00       0x68 Drivers\STM32L4xx_HAL_Driver\Src\stm32l4xx_hal_cortex.o
                0x08000f00                HAL_NVIC_SetPriority
 .text.HAL_NVIC_EnableIRQ
                0x08000f68       0x18 Drivers\STM32L4xx_HAL_Driver\Src\stm32l4xx_hal_cortex.o
                0x08000f68                HAL_NVIC_EnableIRQ
 .text.HAL_SYSTICK_Config
                0x08000f80       0x2c Drivers\STM32L4xx_HAL_Driver\Src\stm32l4xx_hal_cortex.o
                0x08000f80                HAL_SYSTICK_Config
 .text.HAL_DMA_Init
                0x08000fac       0xc4 Drivers\STM32L4xx_HAL_Driver\Src\stm32l4xx_hal_dma.o
                0x08000fac                HAL_DMA_Init
 .text.HAL_DMA_Start_IT
                0x08001070       0x80 Drivers\STM32L4xx_HAL_Driver\Src\stm32l4xx_hal_dma.o
                0x08001070                HAL_DMA_Start_IT
 .text.HAL_DMA_IRQHandler
                0x080010f0       0x94 Drivers\STM32L4xx_HAL_Driver\Src\stm32l4xx_hal_dma.o
                0x080010f0                HAL_DMA_IRQHandler
 .text.HAL_GPIO_Init
                0x08001184      0x1b8 Drivers\STM32L4xx_HAL_Driver\Src\stm32l4xx_hal_gpio.o
                0x08001184                HAL_GPIO_Init
 .text.HAL_GPIO_DeInit
                0x0800133c      0x134 Drivers\STM32L4xx_HAL_Driver\Src\stm32l4xx_hal_gpio.o
                0x0800133c                HAL_GPIO_DeInit
 .text.HAL_GPIO_WritePin
                0x08001470        0xa Drivers\STM32L4xx_HAL_Driver\Src\stm32l4xx_hal_gpio.o
                0x08001470                HAL_GPIO_WritePin
 .text.HAL_GPIO_TogglePin
                0x0800147a        0x8 Drivers\STM32L4xx_HAL_Driver\Src\stm32l4xx_hal_gpio.o
                0x0800147a                HAL_GPIO_TogglePin
 .text.I2C_Flush_TXDR
                0x08001482       0x1c Drivers\STM32L4xx_HAL_Driver\Src\stm32l4xx_hal_i2c.o
 .text.I2C_TransferConfig
                0x0800149e       0x34 Drivers\STM32L4xx_HAL_Driver\Src\stm32l4xx_hal_i2c.o
 .text.I2C_WaitOnFlagUntilTimeout
                0x080014d2       0x56 Drivers\STM32L4xx_HAL_Driver\Src\stm32l4xx_hal_i2c.o
 .text.I2C_IsAcknowledgeFailed
                0x08001528       0x7a Drivers\STM32L4xx_HAL_Driver\Src\stm32l4xx_hal_i2c.o
 .text.I2C_WaitOnTXISFlagUntilTimeout
                0x080015a2       0x4e Drivers\STM32L4xx_HAL_Driver\Src\stm32l4xx_hal_i2c.o
 .text.I2C_RequestMemoryWrite
                0x080015f0       0x64 Drivers\STM32L4xx_HAL_Driver\Src\stm32l4xx_hal_i2c.o
 .text.I2C_RequestMemoryRead
                0x08001654       0x64 Drivers\STM32L4xx_HAL_Driver\Src\stm32l4xx_hal_i2c.o
 .text.I2C_WaitOnSTOPFlagUntilTimeout
                0x080016b8       0x4a Drivers\STM32L4xx_HAL_Driver\Src\stm32l4xx_hal_i2c.o
 .text.HAL_I2C_Init
                0x08001702       0xa2 Drivers\STM32L4xx_HAL_Driver\Src\stm32l4xx_hal_i2c.o
                0x08001702                HAL_I2C_Init
 .text.HAL_I2C_Mem_Write
                0x080017a4      0x16e Drivers\STM32L4xx_HAL_Driver\Src\stm32l4xx_hal_i2c.o
                0x080017a4                HAL_I2C_Mem_Write
 *fill*         0x08001912        0x2 
 .text.HAL_I2C_Mem_Read
                0x08001914      0x17c Drivers\STM32L4xx_HAL_Driver\Src\stm32l4xx_hal_i2c.o
                0x08001914                HAL_I2C_Mem_Read
 .text.HAL_I2CEx_ConfigAnalogFilter
                0x08001a90       0x4c Drivers\STM32L4xx_HAL_Driver\Src\stm32l4xx_hal_i2c_ex.o
                0x08001a90                HAL_I2CEx_ConfigAnalogFilter
 .text.HAL_I2CEx_ConfigDigitalFilter
                0x08001adc       0x4a Drivers\STM32L4xx_HAL_Driver\Src\stm32l4xx_hal_i2c_ex.o
                0x08001adc                HAL_I2CEx_ConfigDigitalFilter
 *fill*         0x08001b26        0x2 
 .text.HAL_PWR_EnableBkUpAccess
                0x08001b28       0x10 Drivers\STM32L4xx_HAL_Driver\Src\stm32l4xx_hal_pwr.o
                0x08001b28                HAL_PWR_EnableBkUpAccess
 .text.HAL_PWR_EnterSTANDBYMode
                0x08001b38       0x24 Drivers\STM32L4xx_HAL_Driver\Src\stm32l4xx_hal_pwr.o
                0x08001b38                HAL_PWR_EnterSTANDBYMode
 .text.HAL_PWREx_GetVoltageRange
                0x08001b5c       0x10 Drivers\STM32L4xx_HAL_Driver\Src\stm32l4xx_hal_pwr_ex.o
                0x08001b5c                HAL_PWREx_GetVoltageRange
 .text.HAL_PWREx_ControlVoltageScaling
                0x08001b6c       0x6c Drivers\STM32L4xx_HAL_Driver\Src\stm32l4xx_hal_pwr_ex.o
                0x08001b6c                HAL_PWREx_ControlVoltageScaling
 .text.RCC_SetFlashLatencyFromMSIRange
                0x08001bd8       0x84 Drivers\STM32L4xx_HAL_Driver\Src\stm32l4xx_hal_rcc.o
 .text.HAL_RCC_GetSysClockFreq
                0x08001c5c       0xa8 Drivers\STM32L4xx_HAL_Driver\Src\stm32l4xx_hal_rcc.o
                0x08001c5c                HAL_RCC_GetSysClockFreq
 .text.HAL_RCC_OscConfig
                0x08001d04      0x44c Drivers\STM32L4xx_HAL_Driver\Src\stm32l4xx_hal_rcc.o
                0x08001d04                HAL_RCC_OscConfig
 .text.HAL_RCC_ClockConfig
                0x08002150      0x124 Drivers\STM32L4xx_HAL_Driver\Src\stm32l4xx_hal_rcc.o
                0x08002150                HAL_RCC_ClockConfig
 .text.HAL_RCC_GetPCLK1Freq
                0x08002274       0x24 Drivers\STM32L4xx_HAL_Driver\Src\stm32l4xx_hal_rcc.o
                0x08002274                HAL_RCC_GetPCLK1Freq
 .text.HAL_RCC_GetPCLK2Freq
                0x08002298       0x24 Drivers\STM32L4xx_HAL_Driver\Src\stm32l4xx_hal_rcc.o
                0x08002298                HAL_RCC_GetPCLK2Freq
 .text.RCCEx_PLLSAI1_Config
                0x080022bc      0x11c Drivers\STM32L4xx_HAL_Driver\Src\stm32l4xx_hal_rcc_ex.o
 .text.RCCEx_PLLSAI2_Config
                0x080023d8       0xfc Drivers\STM32L4xx_HAL_Driver\Src\stm32l4xx_hal_rcc_ex.o
 .text.HAL_RCCEx_PeriphCLKConfig
                0x080024d4      0x3d0 Drivers\STM32L4xx_HAL_Driver\Src\stm32l4xx_hal_rcc_ex.o
                0x080024d4                HAL_RCCEx_PeriphCLKConfig
 .text.HAL_RTC_AlarmIRQHandler
                0x080028a4       0x54 Drivers\STM32L4xx_HAL_Driver\Src\stm32l4xx_hal_rtc.o
                0x080028a4                HAL_RTC_AlarmIRQHandler
 .text.HAL_RTC_WaitForSynchro
                0x080028f8       0x30 Drivers\STM32L4xx_HAL_Driver\Src\stm32l4xx_hal_rtc.o
                0x080028f8                HAL_RTC_WaitForSynchro
 .text.RTC_EnterInitMode
                0x08002928       0x34 Drivers\STM32L4xx_HAL_Driver\Src\stm32l4xx_hal_rtc.o
                0x08002928                RTC_EnterInitMode
 .text.HAL_RTC_Init
                0x0800295c       0xaa Drivers\STM32L4xx_HAL_Driver\Src\stm32l4xx_hal_rtc.o
                0x0800295c                HAL_RTC_Init
 .text.RTC_ByteToBcd2
                0x08002a06       0x16 Drivers\STM32L4xx_HAL_Driver\Src\stm32l4xx_hal_rtc.o
                0x08002a06                RTC_ByteToBcd2
 .text.HAL_RTC_SetDate
                0x08002a1c       0xd2 Drivers\STM32L4xx_HAL_Driver\Src\stm32l4xx_hal_rtc.o
                0x08002a1c                HAL_RTC_SetDate
 .text.HAL_RTC_SetTime
                0x08002aee       0xf8 Drivers\STM32L4xx_HAL_Driver\Src\stm32l4xx_hal_rtc.o
                0x08002aee                HAL_RTC_SetTime
 *fill*         0x08002be6        0x2 
 .text.HAL_RTC_SetAlarm_IT
                0x08002be8      0x174 Drivers\STM32L4xx_HAL_Driver\Src\stm32l4xx_hal_rtc.o
                0x08002be8                HAL_RTC_SetAlarm_IT
 .text.RTC_Bcd2ToByte
                0x08002d5c       0x12 Drivers\STM32L4xx_HAL_Driver\Src\stm32l4xx_hal_rtc.o
                0x08002d5c                RTC_Bcd2ToByte
 .text.HAL_RTC_GetTime
                0x08002d6e       0x4c Drivers\STM32L4xx_HAL_Driver\Src\stm32l4xx_hal_rtc.o
                0x08002d6e                HAL_RTC_GetTime
 .text.HAL_RTC_GetDate
                0x08002dba       0x40 Drivers\STM32L4xx_HAL_Driver\Src\stm32l4xx_hal_rtc.o
                0x08002dba                HAL_RTC_GetDate
 .text.HAL_RTCEx_SetCalibrationOutPut
                0x08002dfa       0x44 Drivers\STM32L4xx_HAL_Driver\Src\stm32l4xx_hal_rtc_ex.o
                0x08002dfa                HAL_RTCEx_SetCalibrationOutPut
 .text.HAL_RTCEx_AlarmBEventCallback
                0x08002e3e        0x2 Drivers\STM32L4xx_HAL_Driver\Src\stm32l4xx_hal_rtc_ex.o
                0x08002e3e                HAL_RTCEx_AlarmBEventCallback
 .text.HAL_SD_ReadBlocks
                0x08002e40      0x210 Drivers\STM32L4xx_HAL_Driver\Src\stm32l4xx_hal_sd.o
                0x08002e40                HAL_SD_ReadBlocks
 .text.HAL_SD_WriteBlocks
                0x08003050      0x1a4 Drivers\STM32L4xx_HAL_Driver\Src\stm32l4xx_hal_sd.o
                0x08003050                HAL_SD_WriteBlocks
 .text.HAL_SD_GetCardCSD
                0x080031f4      0x16c Drivers\STM32L4xx_HAL_Driver\Src\stm32l4xx_hal_sd.o
                0x080031f4                HAL_SD_GetCardCSD
 .text.HAL_SD_InitCard
                0x08003360      0x1fe Drivers\STM32L4xx_HAL_Driver\Src\stm32l4xx_hal_sd.o
                0x08003360                HAL_SD_InitCard
 .text.HAL_SD_Init
                0x0800355e       0x36 Drivers\STM32L4xx_HAL_Driver\Src\stm32l4xx_hal_sd.o
                0x0800355e                HAL_SD_Init
 .text.HAL_SD_GetCardInfo
                0x08003594       0x24 Drivers\STM32L4xx_HAL_Driver\Src\stm32l4xx_hal_sd.o
                0x08003594                HAL_SD_GetCardInfo
 .text.HAL_SD_GetCardState
                0x080035b8       0x28 Drivers\STM32L4xx_HAL_Driver\Src\stm32l4xx_hal_sd.o
                0x080035b8                HAL_SD_GetCardState
 .text.HAL_UART_DeInit
                0x080035e0       0x38 Drivers\STM32L4xx_HAL_Driver\Src\stm32l4xx_hal_uart.o
                0x080035e0                HAL_UART_DeInit
 .text.UART_SetConfig
                0x08003618      0x330 Drivers\STM32L4xx_HAL_Driver\Src\stm32l4xx_hal_uart.o
                0x08003618                UART_SetConfig
 .text.UART_AdvFeatureConfig
                0x08003948       0xa8 Drivers\STM32L4xx_HAL_Driver\Src\stm32l4xx_hal_uart.o
                0x08003948                UART_AdvFeatureConfig
 .text.UART_WaitOnFlagUntilTimeout
                0x080039f0       0x62 Drivers\STM32L4xx_HAL_Driver\Src\stm32l4xx_hal_uart.o
                0x080039f0                UART_WaitOnFlagUntilTimeout
 .text.UART_CheckIdleState
                0x08003a52       0x64 Drivers\STM32L4xx_HAL_Driver\Src\stm32l4xx_hal_uart.o
                0x08003a52                UART_CheckIdleState
 .text.HAL_UART_Init
                0x08003ab6       0x64 Drivers\STM32L4xx_HAL_Driver\Src\stm32l4xx_hal_uart.o
                0x08003ab6                HAL_UART_Init
 *fill*         0x08003b1a        0x2 
 .text.SDMMC_GetCmdResp2
                0x08003b1c       0x4c Drivers\STM32L4xx_HAL_Driver\Src\stm32l4xx_ll_sdmmc.o
 .text.SDMMC_GetCmdResp3
                0x08003b68       0x40 Drivers\STM32L4xx_HAL_Driver\Src\stm32l4xx_ll_sdmmc.o
 .text.SDMMC_GetCmdResp1
                0x08003ba8      0x118 Drivers\STM32L4xx_HAL_Driver\Src\stm32l4xx_ll_sdmmc.o
 .text.SDMMC_Init
                0x08003cc0       0x38 Drivers\STM32L4xx_HAL_Driver\Src\stm32l4xx_ll_sdmmc.o
                0x08003cc0                SDMMC_Init
 .text.SDMMC_ReadFIFO
                0x08003cf8        0x6 Drivers\STM32L4xx_HAL_Driver\Src\stm32l4xx_ll_sdmmc.o
                0x08003cf8                SDMMC_ReadFIFO
 .text.SDMMC_WriteFIFO
                0x08003cfe        0xa Drivers\STM32L4xx_HAL_Driver\Src\stm32l4xx_ll_sdmmc.o
                0x08003cfe                SDMMC_WriteFIFO
 .text.SDMMC_PowerState_ON
                0x08003d08        0x8 Drivers\STM32L4xx_HAL_Driver\Src\stm32l4xx_ll_sdmmc.o
                0x08003d08                SDMMC_PowerState_ON
 .text.SDMMC_GetPowerState
                0x08003d10        0x8 Drivers\STM32L4xx_HAL_Driver\Src\stm32l4xx_ll_sdmmc.o
                0x08003d10                SDMMC_GetPowerState
 .text.SDMMC_SendCommand
                0x08003d18       0x24 Drivers\STM32L4xx_HAL_Driver\Src\stm32l4xx_ll_sdmmc.o
                0x08003d18                SDMMC_SendCommand
 .text.SDMMC_GetResponse
                0x08003d3c        0x6 Drivers\STM32L4xx_HAL_Driver\Src\stm32l4xx_ll_sdmmc.o
                0x08003d3c                SDMMC_GetResponse
 .text.SDMMC_ConfigData
                0x08003d42       0x24 Drivers\STM32L4xx_HAL_Driver\Src\stm32l4xx_ll_sdmmc.o
                0x08003d42                SDMMC_ConfigData
 .text.SDMMC_CmdBlockLength
                0x08003d66       0x30 Drivers\STM32L4xx_HAL_Driver\Src\stm32l4xx_ll_sdmmc.o
                0x08003d66                SDMMC_CmdBlockLength
 .text.SDMMC_CmdReadSingleBlock
                0x08003d96       0x30 Drivers\STM32L4xx_HAL_Driver\Src\stm32l4xx_ll_sdmmc.o
                0x08003d96                SDMMC_CmdReadSingleBlock
 .text.SDMMC_CmdReadMultiBlock
                0x08003dc6       0x30 Drivers\STM32L4xx_HAL_Driver\Src\stm32l4xx_ll_sdmmc.o
                0x08003dc6                SDMMC_CmdReadMultiBlock
 .text.SDMMC_CmdWriteSingleBlock
                0x08003df6       0x30 Drivers\STM32L4xx_HAL_Driver\Src\stm32l4xx_ll_sdmmc.o
                0x08003df6                SDMMC_CmdWriteSingleBlock
 .text.SDMMC_CmdWriteMultiBlock
                0x08003e26       0x30 Drivers\STM32L4xx_HAL_Driver\Src\stm32l4xx_ll_sdmmc.o
                0x08003e26                SDMMC_CmdWriteMultiBlock
 *fill*         0x08003e56        0x2 
 .text.SDMMC_CmdStopTransfer
                0x08003e58       0x34 Drivers\STM32L4xx_HAL_Driver\Src\stm32l4xx_ll_sdmmc.o
                0x08003e58                SDMMC_CmdStopTransfer
 .text.SDMMC_CmdSelDesel
                0x08003e8c       0x30 Drivers\STM32L4xx_HAL_Driver\Src\stm32l4xx_ll_sdmmc.o
                0x08003e8c                SDMMC_CmdSelDesel
 .text.SDMMC_CmdGoIdleState
                0x08003ebc       0x50 Drivers\STM32L4xx_HAL_Driver\Src\stm32l4xx_ll_sdmmc.o
                0x08003ebc                SDMMC_CmdGoIdleState
 .text.SDMMC_CmdOperCond
                0x08003f0c       0x78 Drivers\STM32L4xx_HAL_Driver\Src\stm32l4xx_ll_sdmmc.o
                0x08003f0c                SDMMC_CmdOperCond
 .text.SDMMC_CmdAppCommand
                0x08003f84       0x30 Drivers\STM32L4xx_HAL_Driver\Src\stm32l4xx_ll_sdmmc.o
                0x08003f84                SDMMC_CmdAppCommand
 .text.SDMMC_CmdAppOperCommand
                0x08003fb4       0x32 Drivers\STM32L4xx_HAL_Driver\Src\stm32l4xx_ll_sdmmc.o
                0x08003fb4                SDMMC_CmdAppOperCommand
 .text.SDMMC_CmdSendCID
                0x08003fe6       0x2a Drivers\STM32L4xx_HAL_Driver\Src\stm32l4xx_ll_sdmmc.o
                0x08003fe6                SDMMC_CmdSendCID
 .text.SDMMC_CmdSendCSD
                0x08004010       0x2a Drivers\STM32L4xx_HAL_Driver\Src\stm32l4xx_ll_sdmmc.o
                0x08004010                SDMMC_CmdSendCSD
 *fill*         0x0800403a        0x2 
 .text.SDMMC_CmdSetRelAdd
                0x0800403c       0x9c Drivers\STM32L4xx_HAL_Driver\Src\stm32l4xx_ll_sdmmc.o
                0x0800403c                SDMMC_CmdSetRelAdd
 .text.SDMMC_CmdSendStatus
                0x080040d8       0x30 Drivers\STM32L4xx_HAL_Driver\Src\stm32l4xx_ll_sdmmc.o
                0x080040d8                SDMMC_CmdSendStatus
 .text.disk_status
                0x08004108       0x14 Middlewares\Third_Party\FatFs\src\diskio.o
                0x08004108                disk_status
 .text.disk_initialize
                0x0800411c       0x20 Middlewares\Third_Party\FatFs\src\diskio.o
                0x0800411c                disk_initialize
 .text.disk_read
                0x0800413c       0x1c Middlewares\Third_Party\FatFs\src\diskio.o
                0x0800413c                disk_read
 .text.disk_write
                0x08004158       0x1c Middlewares\Third_Party\FatFs\src\diskio.o
                0x08004158                disk_write
 .text.disk_ioctl
                0x08004174       0x1c Middlewares\Third_Party\FatFs\src\diskio.o
                0x08004174                disk_ioctl
 .text.ld_dword
                0x08004190       0x10 Middlewares\Third_Party\FatFs\src\ff.o
 .text.st_dword
                0x080041a0       0x10 Middlewares\Third_Party\FatFs\src\ff.o
 .text.mem_set  0x080041b0        0xc Middlewares\Third_Party\FatFs\src\ff.o
 .text.chk_lock
                0x080041bc       0x5c Middlewares\Third_Party\FatFs\src\ff.o
 .text.inc_lock
                0x08004218       0x78 Middlewares\Third_Party\FatFs\src\ff.o
 .text.dec_lock
                0x08004290       0x30 Middlewares\Third_Party\FatFs\src\ff.o
 .text.clust2sect
                0x080042c0       0x16 Middlewares\Third_Party\FatFs\src\ff.o
 .text.clmt_clust
                0x080042d6       0x28 Middlewares\Third_Party\FatFs\src\ff.o
 .text.get_ldnumber
                0x080042fe       0x30 Middlewares\Third_Party\FatFs\src\ff.o
 .text.validate
                0x0800432e       0x36 Middlewares\Third_Party\FatFs\src\ff.o
 .text.mem_cpy.part.0
                0x08004364       0x12 Middlewares\Third_Party\FatFs\src\ff.o
 .text.ld_clust.isra.1
                0x08004376       0x1c Middlewares\Third_Party\FatFs\src\ff.o
 .text.st_clust.isra.2
                0x08004392       0x18 Middlewares\Third_Party\FatFs\src\ff.o
 .text.sync_window.part.4
                0x080043aa       0x46 Middlewares\Third_Party\FatFs\src\ff.o
 .text.sync_window
                0x080043f0        0xc Middlewares\Third_Party\FatFs\src\ff.o
 .text.sync_fs  0x080043fc       0x94 Middlewares\Third_Party\FatFs\src\ff.o
 .text.move_window
                0x08004490       0x36 Middlewares\Third_Party\FatFs\src\ff.o
 *fill*         0x080044c6        0x2 
 .text.check_fs
                0x080044c8       0x80 Middlewares\Third_Party\FatFs\src\ff.o
 .text.find_volume
                0x08004548      0x2f8 Middlewares\Third_Party\FatFs\src\ff.o
 .text.put_fat  0x08004840      0x128 Middlewares\Third_Party\FatFs\src\ff.o
 .text.get_fat.isra.8
                0x08004968       0xe0 Middlewares\Third_Party\FatFs\src\ff.o
 .text.create_chain
                0x08004a48       0xb0 Middlewares\Third_Party\FatFs\src\ff.o
 .text.remove_chain
                0x08004af8       0x6c Middlewares\Third_Party\FatFs\src\ff.o
 .text.dir_sdi.constprop.11
                0x08004b64       0x6a Middlewares\Third_Party\FatFs\src\ff.o
 .text.dir_next
                0x08004bce      0x100 Middlewares\Third_Party\FatFs\src\ff.o
 *fill*         0x08004cce        0x2 
 .text.follow_path
                0x08004cd0      0x18c Middlewares\Third_Party\FatFs\src\ff.o
 .text.dir_register
                0x08004e5c       0x62 Middlewares\Third_Party\FatFs\src\ff.o
 *fill*         0x08004ebe        0x2 
 .text.f_mount  0x08004ec0       0x68 Middlewares\Third_Party\FatFs\src\ff.o
                0x08004ec0                f_mount
 .text.f_open   0x08004f28      0x22c Middlewares\Third_Party\FatFs\src\ff.o
                0x08004f28                f_open
 .text.f_write  0x08005154      0x1ac Middlewares\Third_Party\FatFs\src\ff.o
                0x08005154                f_write
 .text.f_sync   0x08005300       0x90 Middlewares\Third_Party\FatFs\src\ff.o
                0x08005300                f_sync
 .text.f_close  0x08005390       0x22 Middlewares\Third_Party\FatFs\src\ff.o
                0x08005390                f_close
 *fill*         0x080053b2        0x2 
 .text.FATFS_LinkDriverEx
                0x080053b4       0x44 Middlewares\Third_Party\FatFs\src\ff_gen_drv.o
                0x080053b4                FATFS_LinkDriverEx
 .text.FATFS_LinkDriver
                0x080053f8        0x6 Middlewares\Third_Party\FatFs\src\ff_gen_drv.o
                0x080053f8                FATFS_LinkDriver
 *fill*         0x080053fe        0x2 
 .text.MX_ADC1_Init
                0x08005400       0xb8 Src\adc.o
                0x08005400                MX_ADC1_Init
 .text.HAL_ADC_MspInit
                0x080054b8       0x9c Src\adc.o
                0x080054b8                HAL_ADC_MspInit
 .text.BSP_SD_Init
                0x08005554       0x24 Src\bsp_driver_sd.o
                0x08005554                BSP_SD_Init
 .text.BSP_SD_ReadBlocks
                0x08005578       0x20 Src\bsp_driver_sd.o
                0x08005578                BSP_SD_ReadBlocks
 .text.BSP_SD_WriteBlocks
                0x08005598       0x20 Src\bsp_driver_sd.o
                0x08005598                BSP_SD_WriteBlocks
 .text.BSP_SD_GetCardState
                0x080055b8       0x14 Src\bsp_driver_sd.o
                0x080055b8                BSP_SD_GetCardState
 .text.BSP_SD_GetCardInfo
                0x080055cc        0xc Src\bsp_driver_sd.o
                0x080055cc                BSP_SD_GetCardInfo
 .text.MX_DMA_Init
                0x080055d8       0x30 Src\dma.o
                0x080055d8                MX_DMA_Init
 .text.MX_FATFS_Init
                0x08005608       0x1c Src\fatfs.o
                0x08005608                MX_FATFS_Init
 .text.get_fattime
                0x08005624        0x4 Src\fatfs.o
                0x08005624                get_fattime
 .text.MX_GPIO_Init
                0x08005628       0xb4 Src\gpio.o
                0x08005628                MX_GPIO_Init
 .text.MX_I2C1_Init
                0x080056dc       0x58 Src\i2c.o
                0x080056dc                MX_I2C1_Init
 .text.HAL_I2C_MspInit
                0x08005734       0x6c Src\i2c.o
                0x08005734                HAL_I2C_MspInit
 .text.TEMP_HUM_init
                0x080057a0       0x50 Src\main.o
                0x080057a0                TEMP_HUM_init
 .text.PRES_init
                0x080057f0       0x74 Src\main.o
                0x080057f0                PRES_init
 .text.MAGN_init
                0x08005864       0x30 Src\main.o
                0x08005864                MAGN_init
 .text.DMA_init
                0x08005894       0x14 Src\main.o
                0x08005894                DMA_init
 .text.get_TEMP
                0x080058a8      0x230 Src\main.o
                0x080058a8                get_TEMP
 .text.get_HUM  0x08005ad8      0x198 Src\main.o
                0x08005ad8                get_HUM
 .text.get_PRES
                0x08005c70      0x124 Src\main.o
                0x08005c70                get_PRES
 .text.SD_SENSORS
                0x08005d94      0x360 Src\main.o
                0x08005d94                SD_SENSORS
 .text.SystemClock_Config
                0x080060f4       0xc8 Src\main.o
                0x080060f4                SystemClock_Config
 .text.startup.main
                0x080061bc       0xe8 Src\main.o
                0x080061bc                main
 .text.HAL_RTC_AlarmAEventCallback
                0x080062a4        0xc Src\main.o
                0x080062a4                HAL_RTC_AlarmAEventCallback
 .text.Error_Handler
                0x080062b0        0x2 Src\main.o
                0x080062b0                Error_Handler
 *fill*         0x080062b2        0x2 
 .text.MX_RTC_Init
                0x080062b4       0xd4 Src\rtc.o
                0x080062b4                MX_RTC_Init
 .text.HAL_RTC_MspInit
                0x08006388       0x68 Src\rtc.o
                0x08006388                HAL_RTC_MspInit
 .text.SD_CheckStatus.isra.0
                0x080063f0       0x20 Src\sd_diskio.o
 .text.SD_initialize
                0x08006410       0x1c Src\sd_diskio.o
                0x08006410                SD_initialize
 .text.SD_status
                0x0800642c        0x4 Src\sd_diskio.o
                0x0800642c                SD_status
 .text.SD_read  0x08006430       0x20 Src\sd_diskio.o
                0x08006430                SD_read
 .text.SD_ioctl
                0x08006450       0x50 Src\sd_diskio.o
                0x08006450                SD_ioctl
 .text.SD_write
                0x080064a0       0x20 Src\sd_diskio.o
                0x080064a0                SD_write
 .text.MX_SDMMC1_SD_Init
                0x080064c0       0x20 Src\sdmmc.o
                0x080064c0                MX_SDMMC1_SD_Init
 .text.HAL_SD_MspInit
                0x080064e0       0x98 Src\sdmmc.o
                0x080064e0                HAL_SD_MspInit
 .text.HAL_MspInit
                0x08006578       0x30 Src\stm32l4xx_hal_msp.o
                0x08006578                HAL_MspInit
 .text.NMI_Handler
                0x080065a8        0x2 Src\stm32l4xx_it.o
                0x080065a8                NMI_Handler
 .text.HardFault_Handler
                0x080065aa        0x2 Src\stm32l4xx_it.o
                0x080065aa                HardFault_Handler
 .text.MemManage_Handler
                0x080065ac        0x2 Src\stm32l4xx_it.o
                0x080065ac                MemManage_Handler
 .text.BusFault_Handler
                0x080065ae        0x2 Src\stm32l4xx_it.o
                0x080065ae                BusFault_Handler
 .text.UsageFault_Handler
                0x080065b0        0x2 Src\stm32l4xx_it.o
                0x080065b0                UsageFault_Handler
 .text.SVC_Handler
                0x080065b2        0x2 Src\stm32l4xx_it.o
                0x080065b2                SVC_Handler
 .text.DebugMon_Handler
                0x080065b4        0x2 Src\stm32l4xx_it.o
                0x080065b4                DebugMon_Handler
 .text.PendSV_Handler
                0x080065b6        0x2 Src\stm32l4xx_it.o
                0x080065b6                PendSV_Handler
 .text.SysTick_Handler
                0x080065b8        0x4 Src\stm32l4xx_it.o
                0x080065b8                SysTick_Handler
 .text.DMA1_Channel1_IRQHandler
                0x080065bc        0xc Src\stm32l4xx_it.o
                0x080065bc                DMA1_Channel1_IRQHandler
 .text.RTC_Alarm_IRQHandler
                0x080065c8        0xc Src\stm32l4xx_it.o
                0x080065c8                RTC_Alarm_IRQHandler
 .text._sbrk    0x080065d4       0x34 Src\syscalls.o
                0x080065d4                _sbrk
 .text.SystemInit
                0x08006608       0x48 Src\system_stm32l4xx.o
                0x08006608                SystemInit
 .text.MX_LPUART1_UART_Init
                0x08006650       0x38 Src\usart.o
                0x08006650                MX_LPUART1_UART_Init
 .text.MX_USART1_UART_Init
                0x08006688       0x3c Src\usart.o
                0x08006688                MX_USART1_UART_Init
 .text.MX_USART2_UART_Init
                0x080066c4       0x3c Src\usart.o
                0x080066c4                MX_USART2_UART_Init
 .text.HAL_UART_MspInit
                0x08006700       0xe4 Src\usart.o
                0x08006700                HAL_UART_MspInit
 .text.HAL_UART_MspDeInit
                0x080067e4       0x60 Src\usart.o
                0x080067e4                HAL_UART_MspDeInit
 .text.Reset_Handler
                0x08006844       0x50 startup\startup_stm32l476xx.o
                0x08006844                Reset_Handler
 .text.Default_Handler
                0x08006894        0x2 startup\startup_stm32l476xx.o
                0x08006894                EXTI2_IRQHandler
                0x08006894                TIM8_TRG_COM_IRQHandler
                0x08006894                TIM8_CC_IRQHandler
                0x08006894                TIM1_CC_IRQHandler
                0x08006894                TSC_IRQHandler
                0x08006894                TAMP_STAMP_IRQHandler
                0x08006894                EXTI3_IRQHandler
                0x08006894                LPTIM2_IRQHandler
                0x08006894                DFSDM1_FLT1_IRQHandler
                0x08006894                I2C3_ER_IRQHandler
                0x08006894                DFSDM1_FLT2_IRQHandler
                0x08006894                EXTI0_IRQHandler
                0x08006894                I2C2_EV_IRQHandler
                0x08006894                CAN1_RX0_IRQHandler
                0x08006894                FPU_IRQHandler
                0x08006894                TIM1_UP_TIM16_IRQHandler
                0x08006894                ADC1_2_IRQHandler
                0x08006894                SPI1_IRQHandler
                0x08006894                TIM6_DAC_IRQHandler
                0x08006894                TIM8_UP_IRQHandler
                0x08006894                DMA2_Channel2_IRQHandler
                0x08006894                DMA1_Channel4_IRQHandler
                0x08006894                SAI2_IRQHandler
                0x08006894                DFSDM1_FLT3_IRQHandler
                0x08006894                USART3_IRQHandler
                0x08006894                DMA1_Channel7_IRQHandler
                0x08006894                CAN1_RX1_IRQHandler
                0x08006894                LCD_IRQHandler
                0x08006894                UART5_IRQHandler
                0x08006894                ADC3_IRQHandler
                0x08006894                TIM4_IRQHandler
                0x08006894                DMA2_Channel1_IRQHandler
                0x08006894                QUADSPI_IRQHandler
                0x08006894                I2C1_EV_IRQHandler
                0x08006894                DMA1_Channel6_IRQHandler
                0x08006894                UART4_IRQHandler
                0x08006894                DMA2_Channel4_IRQHandler
                0x08006894                TIM3_IRQHandler
                0x08006894                RCC_IRQHandler
                0x08006894                Default_Handler
                0x08006894                DMA2_Channel7_IRQHandler
                0x08006894                EXTI15_10_IRQHandler
                0x08006894                TIM7_IRQHandler
                0x08006894                SDMMC1_IRQHandler
                0x08006894                TIM5_IRQHandler
                0x08006894                I2C3_EV_IRQHandler
                0x08006894                EXTI9_5_IRQHandler
                0x08006894                RTC_WKUP_IRQHandler
                0x08006894                PVD_PVM_IRQHandler
                0x08006894                SPI2_IRQHandler
                0x08006894                CAN1_TX_IRQHandler
                0x08006894                DMA2_Channel5_IRQHandler
                0x08006894                DMA1_Channel5_IRQHandler
                0x08006894                EXTI4_IRQHandler
                0x08006894                RNG_IRQHandler
                0x08006894                TIM1_TRG_COM_TIM17_IRQHandler
                0x08006894                DMA1_Channel3_IRQHandler
                0x08006894                COMP_IRQHandler
                0x08006894                WWDG_IRQHandler
                0x08006894                LPUART1_IRQHandler
                0x08006894                DMA2_Channel6_IRQHandler
                0x08006894                TIM2_IRQHandler
                0x08006894                EXTI1_IRQHandler
                0x08006894                USART2_IRQHandler
                0x08006894                DFSDM1_FLT0_IRQHandler
                0x08006894                I2C2_ER_IRQHandler
                0x08006894                DMA1_Channel2_IRQHandler
                0x08006894                TIM8_BRK_IRQHandler
                0x08006894                CAN1_SCE_IRQHandler
                0x08006894                FLASH_IRQHandler
                0x08006894                USART1_IRQHandler
                0x08006894                OTG_FS_IRQHandler
                0x08006894                SPI3_IRQHandler
                0x08006894                I2C1_ER_IRQHandler
                0x08006894                FMC_IRQHandler
                0x08006894                SWPMI1_IRQHandler
                0x08006894                LPTIM1_IRQHandler
                0x08006894                SAI1_IRQHandler
                0x08006894                DMA2_Channel3_IRQHandler
                0x08006894                TIM1_BRK_TIM15_IRQHandler
 *fill*         0x08006896        0x2 
 .text.__errno  0x08006898        0xc c:/program files (x86)/atollic/truestudio for stm32 9.0.1/armtools/bin/../lib/gcc/arm-atollic-eabi/6.3.1/../../../../arm-atollic-eabi/lib/armv7e-m/fpu\libc_nano.a(lib_a-errno.o)
                0x08006898                __errno
 .text.__libc_init_array
                0x080068a4       0x48 c:/program files (x86)/atollic/truestudio for stm32 9.0.1/armtools/bin/../lib/gcc/arm-atollic-eabi/6.3.1/../../../../arm-atollic-eabi/lib/armv7e-m/fpu\libc_nano.a(lib_a-init.o)
                0x080068a4                __libc_init_array
 .text.__itoa   0x080068ec       0x30 c:/program files (x86)/atollic/truestudio for stm32 9.0.1/armtools/bin/../lib/gcc/arm-atollic-eabi/6.3.1/../../../../arm-atollic-eabi/lib/armv7e-m/fpu\libc_nano.a(lib_a-itoa.o)
                0x080068ec                __itoa
 .text.itoa     0x0800691c        0x4 c:/program files (x86)/atollic/truestudio for stm32 9.0.1/armtools/bin/../lib/gcc/arm-atollic-eabi/6.3.1/../../../../arm-atollic-eabi/lib/armv7e-m/fpu\libc_nano.a(lib_a-itoa.o)
                0x0800691c                itoa
 .text.memset   0x08006920       0x10 c:/program files (x86)/atollic/truestudio for stm32 9.0.1/armtools/bin/../lib/gcc/arm-atollic-eabi/6.3.1/../../../../arm-atollic-eabi/lib/armv7e-m/fpu\libc_nano.a(lib_a-memset.o)
                0x08006920                memset
 .text.sprintf  0x08006930       0x48 c:/program files (x86)/atollic/truestudio for stm32 9.0.1/armtools/bin/../lib/gcc/arm-atollic-eabi/6.3.1/../../../../arm-atollic-eabi/lib/armv7e-m/fpu\libc_nano.a(lib_a-sprintf.o)
                0x08006930                siprintf
                0x08006930                sprintf
 .text.__utoa   0x08006978       0x80 c:/program files (x86)/atollic/truestudio for stm32 9.0.1/armtools/bin/../lib/gcc/arm-atollic-eabi/6.3.1/../../../../arm-atollic-eabi/lib/armv7e-m/fpu\libc_nano.a(lib_a-utoa.o)
                0x08006978                __utoa
 .text.__ssputs_r
                0x080069f8       0xb6 c:/program files (x86)/atollic/truestudio for stm32 9.0.1/armtools/bin/../lib/gcc/arm-atollic-eabi/6.3.1/../../../../arm-atollic-eabi/lib/armv7e-m/fpu\libc_nano.a(lib_a-nano-svfprintf.o)
                0x080069f8                __ssputs_r
 *fill*         0x08006aae        0x2 
 .text._svfprintf_r
                0x08006ab0      0x1e8 c:/program files (x86)/atollic/truestudio for stm32 9.0.1/armtools/bin/../lib/gcc/arm-atollic-eabi/6.3.1/../../../../arm-atollic-eabi/lib/armv7e-m/fpu\libc_nano.a(lib_a-nano-svfprintf.o)
                0x08006ab0                _svfiprintf_r
                0x08006ab0                _svfprintf_r
 .text._printf_common
                0x08006c98       0xec c:/program files (x86)/atollic/truestudio for stm32 9.0.1/armtools/bin/../lib/gcc/arm-atollic-eabi/6.3.1/../../../../arm-atollic-eabi/lib/armv7e-m/fpu\libc_nano.a(lib_a-nano-vfprintf_i.o)
                0x08006c98                _printf_common
 .text._printf_i
                0x08006d84      0x240 c:/program files (x86)/atollic/truestudio for stm32 9.0.1/armtools/bin/../lib/gcc/arm-atollic-eabi/6.3.1/../../../../arm-atollic-eabi/lib/armv7e-m/fpu\libc_nano.a(lib_a-nano-vfprintf_i.o)
                0x08006d84                _printf_i
 .text.memcpy   0x08006fc4       0x16 c:/program files (x86)/atollic/truestudio for stm32 9.0.1/armtools/bin/../lib/gcc/arm-atollic-eabi/6.3.1/../../../../arm-atollic-eabi/lib/armv7e-m/fpu\libc_nano.a(lib_a-memcpy-stub.o)
                0x08006fc4                memcpy
 .text.memmove  0x08006fda       0x34 c:/program files (x86)/atollic/truestudio for stm32 9.0.1/armtools/bin/../lib/gcc/arm-atollic-eabi/6.3.1/../../../../arm-atollic-eabi/lib/armv7e-m/fpu\libc_nano.a(lib_a-memmove.o)
                0x08006fda                memmove
 *fill*         0x0800700e        0x2 
 .text._free_r  0x08007010       0x9c c:/program files (x86)/atollic/truestudio for stm32 9.0.1/armtools/bin/../lib/gcc/arm-atollic-eabi/6.3.1/../../../../arm-atollic-eabi/lib/armv7e-m/fpu\libc_nano.a(lib_a-nano-freer.o)
                0x08007010                _free_r
 .text._malloc_r
                0x080070ac       0xbc c:/program files (x86)/atollic/truestudio for stm32 9.0.1/armtools/bin/../lib/gcc/arm-atollic-eabi/6.3.1/../../../../arm-atollic-eabi/lib/armv7e-m/fpu\libc_nano.a(lib_a-nano-mallocr.o)
                0x080070ac                _malloc_r
 .text._realloc_r
                0x08007168       0x4c c:/program files (x86)/atollic/truestudio for stm32 9.0.1/armtools/bin/../lib/gcc/arm-atollic-eabi/6.3.1/../../../../arm-atollic-eabi/lib/armv7e-m/fpu\libc_nano.a(lib_a-nano-reallocr.o)
                0x08007168                _realloc_r
 .text._sbrk_r  0x080071b4       0x20 c:/program files (x86)/atollic/truestudio for stm32 9.0.1/armtools/bin/../lib/gcc/arm-atollic-eabi/6.3.1/../../../../arm-atollic-eabi/lib/armv7e-m/fpu\libc_nano.a(lib_a-sbrkr.o)
                0x080071b4                _sbrk_r
 .text.__malloc_lock
                0x080071d4        0x2 c:/program files (x86)/atollic/truestudio for stm32 9.0.1/armtools/bin/../lib/gcc/arm-atollic-eabi/6.3.1/../../../../arm-atollic-eabi/lib/armv7e-m/fpu\libc_nano.a(lib_a-mlock.o)
                0x080071d4                __malloc_lock
 .text.__malloc_unlock
                0x080071d6        0x2 c:/program files (x86)/atollic/truestudio for stm32 9.0.1/armtools/bin/../lib/gcc/arm-atollic-eabi/6.3.1/../../../../arm-atollic-eabi/lib/armv7e-m/fpu\libc_nano.a(lib_a-mlock.o)
                0x080071d6                __malloc_unlock
 .text._malloc_usable_size_r
                0x080071d8       0x12 c:/program files (x86)/atollic/truestudio for stm32 9.0.1/armtools/bin/../lib/gcc/arm-atollic-eabi/6.3.1/../../../../arm-atollic-eabi/lib/armv7e-m/fpu\libc_nano.a(lib_a-nano-msizer.o)
                0x080071d8                _malloc_usable_size_r
 *(.glue_7)
 .glue_7        0x080071ea        0x0 linker stubs
 *(.glue_7t)
 .glue_7t       0x080071ea        0x0 linker stubs
 *(.eh_frame)
 *fill*         0x080071ea        0x2 
 .eh_frame      0x080071ec        0x0 c:/program files (x86)/atollic/truestudio for stm32 9.0.1/armtools/bin/../lib/gcc/arm-atollic-eabi/6.3.1/armv7e-m/fpu/crtbegin.o
 *(.init)
 .init          0x080071ec        0x4 c:/program files (x86)/atollic/truestudio for stm32 9.0.1/armtools/bin/../lib/gcc/arm-atollic-eabi/6.3.1/armv7e-m/fpu/crti.o
                0x080071ec                _init
 .init          0x080071f0        0x8 c:/program files (x86)/atollic/truestudio for stm32 9.0.1/armtools/bin/../lib/gcc/arm-atollic-eabi/6.3.1/armv7e-m/fpu/crtn.o
 *(.fini)
 .fini          0x080071f8        0x4 c:/program files (x86)/atollic/truestudio for stm32 9.0.1/armtools/bin/../lib/gcc/arm-atollic-eabi/6.3.1/armv7e-m/fpu/crti.o
                0x080071f8                _fini
 .fini          0x080071fc        0x8 c:/program files (x86)/atollic/truestudio for stm32 9.0.1/armtools/bin/../lib/gcc/arm-atollic-eabi/6.3.1/armv7e-m/fpu/crtn.o
                0x08007204                . = ALIGN (0x4)
                0x08007204                _etext = .

.vfp11_veneer   0x08007204        0x0
 .vfp11_veneer  0x08007204        0x0 linker stubs

.v4_bx          0x08007204        0x0
 .v4_bx         0x08007204        0x0 linker stubs

.iplt           0x08007204        0x0
 .iplt          0x08007204        0x0 c:/program files (x86)/atollic/truestudio for stm32 9.0.1/armtools/bin/../lib/gcc/arm-atollic-eabi/6.3.1/armv7e-m/fpu/crtbegin.o

.rodata         0x08007204      0x1d8
                0x08007204                . = ALIGN (0x4)
 *(.rodata)
 .rodata        0x08007204       0x14 Src\main.o
 *(.rodata*)
 .rodata.CSWTCH.51
                0x08007218        0x4 Drivers\STM32L4xx_HAL_Driver\Src\stm32l4xx_hal_uart.o
 .rodata.CSWTCH.52
                0x0800721c        0xd Drivers\STM32L4xx_HAL_Driver\Src\stm32l4xx_hal_uart.o
 .rodata.ExCvt  0x08007229       0x80 Middlewares\Third_Party\FatFs\src\ff.o
 .rodata.follow_path.str1.1
                0x080072a9        0xf Middlewares\Third_Party\FatFs\src\ff.o
 .rodata.SD_SENSORS.str1.1
                0x080072b8       0x61 Src\main.o
 .rodata.main.str1.1
                0x08007319        0xf Src\main.o
 .rodata.SD_Driver
                0x08007328       0x14 Src\sd_diskio.o
                0x08007328                SD_Driver
 .rodata.AHBPrescTable
                0x0800733c       0x10 Src\system_stm32l4xx.o
                0x0800733c                AHBPrescTable
 .rodata.APBPrescTable
                0x0800734c        0x8 Src\system_stm32l4xx.o
                0x0800734c                APBPrescTable
 .rodata.MSIRangeTable
                0x08007354       0x30 Src\system_stm32l4xx.o
                0x08007354                MSIRangeTable
 .rodata.__utoa.str1.1
                0x08007384       0x25 c:/program files (x86)/atollic/truestudio for stm32 9.0.1/armtools/bin/../lib/gcc/arm-atollic-eabi/6.3.1/../../../../arm-atollic-eabi/lib/armv7e-m/fpu\libc_nano.a(lib_a-utoa.o)
 .rodata._svfprintf_r.str1.1
                0x080073a9       0x11 c:/program files (x86)/atollic/truestudio for stm32 9.0.1/armtools/bin/../lib/gcc/arm-atollic-eabi/6.3.1/../../../../arm-atollic-eabi/lib/armv7e-m/fpu\libc_nano.a(lib_a-nano-svfprintf.o)
 .rodata._printf_i.str1.1
                0x080073ba       0x22 c:/program files (x86)/atollic/truestudio for stm32 9.0.1/armtools/bin/../lib/gcc/arm-atollic-eabi/6.3.1/../../../../arm-atollic-eabi/lib/armv7e-m/fpu\libc_nano.a(lib_a-nano-vfprintf_i.o)
                0x080073dc                . = ALIGN (0x4)

.ARM.extab
 *(.ARM.extab* .gnu.linkonce.armextab.*)

.ARM            0x080073dc        0x8
                0x080073dc                __exidx_start = .
 *(.ARM.exidx*)
 .ARM.exidx     0x080073dc        0x8 c:/program files (x86)/atollic/truestudio for stm32 9.0.1/armtools/bin/../lib/gcc/arm-atollic-eabi/6.3.1/armv7e-m/fpu\libgcc.a(_udivmoddi4.o)
                0x080073e4                __exidx_end = .

.rel.dyn        0x080073e4        0x0
 .rel.iplt      0x080073e4        0x0 c:/program files (x86)/atollic/truestudio for stm32 9.0.1/armtools/bin/../lib/gcc/arm-atollic-eabi/6.3.1/armv7e-m/fpu/crtbegin.o

.preinit_array  0x080073e4        0x0
                0x080073e4                PROVIDE (__preinit_array_start, .)
 *(.preinit_array*)
                0x080073e4                PROVIDE (__preinit_array_end, .)

.init_array     0x080073e4        0x4
                0x080073e4                PROVIDE (__init_array_start, .)
 *(SORT(.init_array.*))
 *(.init_array*)
 .init_array    0x080073e4        0x4 c:/program files (x86)/atollic/truestudio for stm32 9.0.1/armtools/bin/../lib/gcc/arm-atollic-eabi/6.3.1/armv7e-m/fpu/crtbegin.o
                0x080073e8                PROVIDE (__init_array_end, .)

.fini_array     0x080073e8        0x4
                [!provide]                PROVIDE (__fini_array_start, .)
 *(SORT(.fini_array.*))
 *(.fini_array*)
 .fini_array    0x080073e8        0x4 c:/program files (x86)/atollic/truestudio for stm32 9.0.1/armtools/bin/../lib/gcc/arm-atollic-eabi/6.3.1/armv7e-m/fpu/crtbegin.o
                [!provide]                PROVIDE (__fini_array_end, .)
                0x080073ec                _sidata = LOADADDR (.data)

.data           0x20000000       0x90 load address 0x080073ec
                0x20000000                . = ALIGN (0x4)
                0x20000000                _sdata = .
 *(.data)
 *(.data*)
 .data.CFG_REG_A_M
                0x20000000        0x1 Src\main.o
                0x20000000                CFG_REG_A_M
 .data.CTRL_REG1_PRES
                0x20000001        0x1 Src\main.o
                0x20000001                CTRL_REG1_PRES
 .data.CTRL_REG1_TEMP
                0x20000002        0x1 Src\main.o
                0x20000002                CTRL_REG1_TEMP
 .data.CTRL_REG2_PRES
                0x20000003        0x1 Src\main.o
                0x20000003                CTRL_REG2_PRES
 .data.CTRL_REG2_TEMP
                0x20000004        0x1 Src\main.o
                0x20000004                CTRL_REG2_TEMP
 .data.INTERRUPT_CFG
                0x20000005        0x1 Src\main.o
                0x20000005                INTERRUPT_CFG
 .data.addr_CFG_REG_A_M
                0x20000006        0x1 Src\main.o
                0x20000006                addr_CFG_REG_A_M
 .data.addr_CTRL_REG1_PRES
                0x20000007        0x1 Src\main.o
                0x20000007                addr_CTRL_REG1_PRES
 .data.addr_CTRL_REG1_TEMP
                0x20000008        0x1 Src\main.o
                0x20000008                addr_CTRL_REG1_TEMP
 .data.addr_CTRL_REG2_PRES
                0x20000009        0x1 Src\main.o
                0x20000009                addr_CTRL_REG2_PRES
 .data.addr_CTRL_REG2_TEMP
                0x2000000a        0x1 Src\main.o
                0x2000000a                addr_CTRL_REG2_TEMP
 .data.addr_H0_T0_OUT_H
                0x2000000b        0x1 Src\main.o
                0x2000000b                addr_H0_T0_OUT_H
 .data.addr_H0_T0_OUT_L
                0x2000000c        0x1 Src\main.o
                0x2000000c                addr_H0_T0_OUT_L
 .data.addr_H0_rH_x2
                0x2000000d        0x1 Src\main.o
                0x2000000d                addr_H0_rH_x2
 .data.addr_H1_T0_OUT_H
                0x2000000e        0x1 Src\main.o
                0x2000000e                addr_H1_T0_OUT_H
 .data.addr_H1_T0_OUT_L
                0x2000000f        0x1 Src\main.o
                0x2000000f                addr_H1_T0_OUT_L
 .data.addr_H1_rH_x2
                0x20000010        0x1 Src\main.o
                0x20000010                addr_H1_rH_x2
 .data.addr_HUM_H
                0x20000011        0x1 Src\main.o
                0x20000011                addr_HUM_H
 .data.addr_HUM_L
                0x20000012        0x1 Src\main.o
                0x20000012                addr_HUM_L
 .data.addr_INTERRUPT_CFG
                0x20000013        0x1 Src\main.o
                0x20000013                addr_INTERRUPT_CFG
 .data.addr_PRES_OUT_H
                0x20000014        0x1 Src\main.o
                0x20000014                addr_PRES_OUT_H
 .data.addr_PRES_OUT_L
                0x20000015        0x1 Src\main.o
                0x20000015                addr_PRES_OUT_L
 .data.addr_PRES_OUT_XL
                0x20000016        0x1 Src\main.o
                0x20000016                addr_PRES_OUT_XL
 .data.addr_REF_P_H
                0x20000017        0x1 Src\main.o
                0x20000017                addr_REF_P_H
 .data.addr_REF_P_L
                0x20000018        0x1 Src\main.o
                0x20000018                addr_REF_P_L
 .data.addr_REF_P_XL
                0x20000019        0x1 Src\main.o
                0x20000019                addr_REF_P_XL
 .data.addr_T0_H
                0x2000001a        0x1 Src\main.o
                0x2000001a                addr_T0_H
 .data.addr_T0_L
                0x2000001b        0x1 Src\main.o
                0x2000001b                addr_T0_L
 .data.addr_T0_T1_msb
                0x2000001c        0x1 Src\main.o
                0x2000001c                addr_T0_T1_msb
 .data.addr_T0_degC_x8
                0x2000001d        0x1 Src\main.o
                0x2000001d                addr_T0_degC_x8
 .data.addr_T1_H
                0x2000001e        0x1 Src\main.o
                0x2000001e                addr_T1_H
 .data.addr_T1_L
                0x2000001f        0x1 Src\main.o
                0x2000001f                addr_T1_L
 .data.addr_T1_degC_x8
                0x20000020        0x1 Src\main.o
                0x20000020                addr_T1_degC_x8
 .data.addr_T_OUT_H
                0x20000021        0x1 Src\main.o
                0x20000021                addr_T_OUT_H
 .data.addr_T_OUT_L
                0x20000022        0x1 Src\main.o
                0x20000022                addr_T_OUT_L
 .data.toggle   0x20000023        0x1 Src\main.o
                0x20000023                toggle
 .data.Stat     0x20000024        0x1 Src\sd_diskio.o
 *fill*         0x20000025        0x3 
 .data.SystemCoreClock
                0x20000028        0x4 Src\system_stm32l4xx.o
                0x20000028                SystemCoreClock
 .data._impure_ptr
                0x2000002c        0x4 c:/program files (x86)/atollic/truestudio for stm32 9.0.1/armtools/bin/../lib/gcc/arm-atollic-eabi/6.3.1/../../../../arm-atollic-eabi/lib/armv7e-m/fpu\libc_nano.a(lib_a-impure.o)
                0x2000002c                _impure_ptr
 .data.impure_data
                0x20000030       0x60 c:/program files (x86)/atollic/truestudio for stm32 9.0.1/armtools/bin/../lib/gcc/arm-atollic-eabi/6.3.1/../../../../arm-atollic-eabi/lib/armv7e-m/fpu\libc_nano.a(lib_a-impure.o)
                0x20000090                . = ALIGN (0x4)
                0x20000090                _edata = .

.igot.plt       0x20000090        0x0 load address 0x0800747c
 .igot.plt      0x20000090        0x0 c:/program files (x86)/atollic/truestudio for stm32 9.0.1/armtools/bin/../lib/gcc/arm-atollic-eabi/6.3.1/armv7e-m/fpu/crtbegin.o
                0x20000090                . = ALIGN (0x4)

.bss            0x20000090     0x4570 load address 0x0800747c
                0x20000090                _sbss = .
                0x20000090                __bss_start__ = _sbss
 *(.bss)
 .bss           0x20000090       0x1c c:/program files (x86)/atollic/truestudio for stm32 9.0.1/armtools/bin/../lib/gcc/arm-atollic-eabi/6.3.1/armv7e-m/fpu/crtbegin.o
 *(.bss*)
 .bss.FatFs     0x200000ac        0x4 Middlewares\Third_Party\FatFs\src\ff.o
 .bss.Files     0x200000b0       0x20 Middlewares\Third_Party\FatFs\src\ff.o
 .bss.Fsid      0x200000d0        0x2 Middlewares\Third_Party\FatFs\src\ff.o
 *fill*         0x200000d2        0x2 
 .bss.disk      0x200000d4        0xc Middlewares\Third_Party\FatFs\src\ff_gen_drv.o
                0x200000d4                disk
 .bss.aShowTime
                0x200000e0       0x32 Src\main.o
                0x200000e0                aShowTime
 *fill*         0x20000112        0x2 
 .bss.erreur_data
                0x20000114        0x4 Src\main.o
                0x20000114                erreur_data
 .bss.heap_end.7010
                0x20000118        0x4 Src\syscalls.o
 .bss.__malloc_free_list
                0x2000011c        0x4 c:/program files (x86)/atollic/truestudio for stm32 9.0.1/armtools/bin/../lib/gcc/arm-atollic-eabi/6.3.1/../../../../arm-atollic-eabi/lib/armv7e-m/fpu\libc_nano.a(lib_a-nano-mallocr.o)
                0x2000011c                __malloc_free_list
 .bss.__malloc_sbrk_start
                0x20000120        0x4 c:/program files (x86)/atollic/truestudio for stm32 9.0.1/armtools/bin/../lib/gcc/arm-atollic-eabi/6.3.1/../../../../arm-atollic-eabi/lib/armv7e-m/fpu\libc_nano.a(lib_a-nano-mallocr.o)
                0x20000120                __malloc_sbrk_start
 *(COMMON)
 COMMON         0x20000124        0x4 Drivers\STM32L4xx_HAL_Driver\Src\stm32l4xx_hal.o
                0x20000124                uwTick
 COMMON         0x20000128       0xac Src\adc.o
                0x20000128                hadc1
                0x2000018c                hdma_adc1
 COMMON         0x200001d4     0x206c Src\fatfs.o
                0x200001d4                retSD
                0x200001d5                SDPath
                0x200001dc                SDFile
                0x2000120c                SDFatFS
 COMMON         0x20002240       0x4c Src\i2c.o
                0x20002240                hi2c1
 COMMON         0x2000228c     0x2160 Src\main.o
                0x2000228c                temp16u
                0x2000228e                magn16
                0x20002290                T1_msb
                0x20002291                H1_T0_OUT_L
                0x20002292                T0_L
                0x20002294                H1_rH
                0x20002296                T_OUT_L
                0x20002298                magnZ16
                0x2000229a                T1_H
                0x2000229b                H1_T0_OUT_H
                0x2000229c                H_OUT
                0x2000229e                H0_T0_OUT_L
                0x200022a0                T1_degC_DIV8
                0x200022a4                myFILE
                0x200032d4                myFATFS
                0x20004308                H0_rH
                0x2000430a                REF_P_XL
                0x2000430b                OUTX_L_REG_M
                0x2000430c                bat16
                0x2000430e                magn_char
                0x20004312                hum_char
                0x20004318                pres32
                0x2000431c                REF_P_H
                0x2000431e                magnX16
                0x20004320                T1_L
                0x20004322                T0_degC
                0x20004324                alt_char
                0x20004338                T1_degC_x8
                0x20004339                T0_degC_x8
                0x2000433a                PRES_OUT_L
                0x2000433b                OUTX_H_REG_M
                0x2000433c                temp_d_char
                0x2000433e                T0_H
                0x2000433f                REF_P_L
                0x20004340                T1_degC
                0x20004342                lat_char
                0x20004356                hum16_x2
                0x20004358                T0_OUT
                0x2000435a                gas16
                0x2000435c                T0_T1_msb
                0x2000435e                temp16
                0x20004360                err_char
                0x20004374                T0_msb
                0x20004378                PRES_x4096
                0x2000437c                H0
                0x2000437e                magnY16
                0x20004380                T_OUT_H
                0x20004381                OUTZ_H_REG_M
                0x20004382                T1_OUT
                0x20004384                H1_rH_x2
                0x20004385                HUM_H
                0x20004386                pres_char
                0x2000438b                gas_char
                0x200043a0                temp16d
                0x200043a2                lon_char
                0x200043b6                H0_T0_OUT_H
                0x200043b8                T0_degC_DIV8
                0x200043ba                aADCxConvertedValues
                0x200043be                H0_rH_x2
                0x200043bf                PRES_OUT_H
                0x200043c0                T_OUT
                0x200043c2                hum16
                0x200043c4                temp_u_char
                0x200043c7                OUTY_L_REG_M
                0x200043c8                bat_char
                0x200043dc                REF_P_x4096
                0x200043e0                OUTY_H_REG_M
                0x200043e1                HUM_L
                0x200043e2                PRES_OUT_XL
                0x200043e4                H1
                0x200043e6                OUTZ_L_REG_M
                0x200043e8                testByte
 COMMON         0x200043ec       0x24 Src\rtc.o
                0x200043ec                hrtc
 COMMON         0x20004410       0x84 Src\sdmmc.o
                0x20004410                hsd1
 COMMON         0x20004494      0x168 Src\usart.o
                0x20004494                hlpuart1
                0x2000450c                huart1
                0x20004584                huart2
 COMMON         0x200045fc        0x4 c:/program files (x86)/atollic/truestudio for stm32 9.0.1/armtools/bin/../lib/gcc/arm-atollic-eabi/6.3.1/../../../../arm-atollic-eabi/lib/armv7e-m/fpu\libc_nano.a(lib_a-reent.o)
                0x200045fc                errno
                0x20004600                . = ALIGN (0x4)
                0x20004600                _ebss = .
                0x20004600                __bss_end__ = _ebss

._user_heap_stack
                0x20004600     0x6000 load address 0x0800747c
                0x20004600                . = ALIGN (0x4)
                0x20004600                PROVIDE (end, .)
                [!provide]                PROVIDE (_end, .)
                0x20006600                . = (. + _Min_Heap_Size)
 *fill*         0x20004600     0x2000 
                0x2000a600                . = (. + _Min_Stack_Size)
 *fill*         0x20006600     0x4000 
                0x2000a600                . = ALIGN (0x4)

/DISCARD/
 libc.a(*)
 libm.a(*)
 libgcc.a(*)

.ARM.attributes
                0x00000000       0x30
 *(.ARM.attributes)
 .ARM.attributes
                0x00000000       0x22 c:/program files (x86)/atollic/truestudio for stm32 9.0.1/armtools/bin/../lib/gcc/arm-atollic-eabi/6.3.1/armv7e-m/fpu/crti.o
 .ARM.attributes
                0x00000022       0x34 c:/program files (x86)/atollic/truestudio for stm32 9.0.1/armtools/bin/../lib/gcc/arm-atollic-eabi/6.3.1/armv7e-m/fpu/crtbegin.o
 .ARM.attributes
                0x00000056       0x39 Drivers\STM32L4xx_HAL_Driver\Src\stm32l4xx_hal.o
 .ARM.attributes
                0x0000008f       0x39 Drivers\STM32L4xx_HAL_Driver\Src\stm32l4xx_hal_adc.o
 .ARM.attributes
                0x000000c8       0x39 Drivers\STM32L4xx_HAL_Driver\Src\stm32l4xx_hal_adc_ex.o
 .ARM.attributes
                0x00000101       0x39 Drivers\STM32L4xx_HAL_Driver\Src\stm32l4xx_hal_cortex.o
 .ARM.attributes
                0x0000013a       0x39 Drivers\STM32L4xx_HAL_Driver\Src\stm32l4xx_hal_dma.o
 .ARM.attributes
                0x00000173       0x39 Drivers\STM32L4xx_HAL_Driver\Src\stm32l4xx_hal_gpio.o
 .ARM.attributes
                0x000001ac       0x39 Drivers\STM32L4xx_HAL_Driver\Src\stm32l4xx_hal_i2c.o
 .ARM.attributes
                0x000001e5       0x39 Drivers\STM32L4xx_HAL_Driver\Src\stm32l4xx_hal_i2c_ex.o
 .ARM.attributes
                0x0000021e       0x39 Drivers\STM32L4xx_HAL_Driver\Src\stm32l4xx_hal_pwr.o
 .ARM.attributes
                0x00000257       0x39 Drivers\STM32L4xx_HAL_Driver\Src\stm32l4xx_hal_pwr_ex.o
 .ARM.attributes
                0x00000290       0x39 Drivers\STM32L4xx_HAL_Driver\Src\stm32l4xx_hal_rcc.o
 .ARM.attributes
                0x000002c9       0x39 Drivers\STM32L4xx_HAL_Driver\Src\stm32l4xx_hal_rcc_ex.o
 .ARM.attributes
                0x00000302       0x39 Drivers\STM32L4xx_HAL_Driver\Src\stm32l4xx_hal_rtc.o
 .ARM.attributes
                0x0000033b       0x39 Drivers\STM32L4xx_HAL_Driver\Src\stm32l4xx_hal_rtc_ex.o
 .ARM.attributes
                0x00000374       0x39 Drivers\STM32L4xx_HAL_Driver\Src\stm32l4xx_hal_sd.o
 .ARM.attributes
                0x000003ad       0x39 Drivers\STM32L4xx_HAL_Driver\Src\stm32l4xx_hal_uart.o
 .ARM.attributes
                0x000003e6       0x39 Drivers\STM32L4xx_HAL_Driver\Src\stm32l4xx_ll_sdmmc.o
 .ARM.attributes
                0x0000041f       0x39 Middlewares\Third_Party\FatFs\src\diskio.o
 .ARM.attributes
                0x00000458       0x39 Middlewares\Third_Party\FatFs\src\ff.o
 .ARM.attributes
                0x00000491       0x39 Middlewares\Third_Party\FatFs\src\ff_gen_drv.o
 .ARM.attributes
                0x000004ca       0x39 Src\adc.o
 .ARM.attributes
                0x00000503       0x39 Src\bsp_driver_sd.o
 .ARM.attributes
                0x0000053c       0x39 Src\dma.o
 .ARM.attributes
                0x00000575       0x39 Src\fatfs.o
 .ARM.attributes
                0x000005ae       0x39 Src\gpio.o
 .ARM.attributes
                0x000005e7       0x39 Src\i2c.o
 .ARM.attributes
                0x00000620       0x39 Src\main.o
 .ARM.attributes
                0x00000659       0x39 Src\rtc.o
 .ARM.attributes
                0x00000692       0x39 Src\sd_diskio.o
 .ARM.attributes
                0x000006cb       0x39 Src\sdmmc.o
 .ARM.attributes
                0x00000704       0x39 Src\stm32l4xx_hal_msp.o
 .ARM.attributes
                0x0000073d       0x39 Src\stm32l4xx_it.o
 .ARM.attributes
                0x00000776       0x39 Src\syscalls.o
 .ARM.attributes
                0x000007af       0x39 Src\system_stm32l4xx.o
 .ARM.attributes
                0x000007e8       0x39 Src\usart.o
 .ARM.attributes
                0x00000821       0x21 startup\startup_stm32l476xx.o
 .ARM.attributes
                0x00000842       0x34 c:/program files (x86)/atollic/truestudio for stm32 9.0.1/armtools/bin/../lib/gcc/arm-atollic-eabi/6.3.1/../../../../arm-atollic-eabi/lib/armv7e-m/fpu\libc_nano.a(lib_a-errno.o)
 .ARM.attributes
                0x00000876       0x34 c:/program files (x86)/atollic/truestudio for stm32 9.0.1/armtools/bin/../lib/gcc/arm-atollic-eabi/6.3.1/../../../../arm-atollic-eabi/lib/armv7e-m/fpu\libc_nano.a(lib_a-impure.o)
 .ARM.attributes
                0x000008aa       0x34 c:/program files (x86)/atollic/truestudio for stm32 9.0.1/armtools/bin/../lib/gcc/arm-atollic-eabi/6.3.1/../../../../arm-atollic-eabi/lib/armv7e-m/fpu\libc_nano.a(lib_a-init.o)
 .ARM.attributes
                0x000008de       0x34 c:/program files (x86)/atollic/truestudio for stm32 9.0.1/armtools/bin/../lib/gcc/arm-atollic-eabi/6.3.1/../../../../arm-atollic-eabi/lib/armv7e-m/fpu\libc_nano.a(lib_a-itoa.o)
 .ARM.attributes
                0x00000912       0x34 c:/program files (x86)/atollic/truestudio for stm32 9.0.1/armtools/bin/../lib/gcc/arm-atollic-eabi/6.3.1/../../../../arm-atollic-eabi/lib/armv7e-m/fpu\libc_nano.a(lib_a-memset.o)
 .ARM.attributes
                0x00000946       0x34 c:/program files (x86)/atollic/truestudio for stm32 9.0.1/armtools/bin/../lib/gcc/arm-atollic-eabi/6.3.1/../../../../arm-atollic-eabi/lib/armv7e-m/fpu\libc_nano.a(lib_a-sprintf.o)
 .ARM.attributes
                0x0000097a       0x1b c:/program files (x86)/atollic/truestudio for stm32 9.0.1/armtools/bin/../lib/gcc/arm-atollic-eabi/6.3.1/../../../../arm-atollic-eabi/lib/armv7e-m/fpu\libc_nano.a(lib_a-strlen.o)
 .ARM.attributes
                0x00000995       0x34 c:/program files (x86)/atollic/truestudio for stm32 9.0.1/armtools/bin/../lib/gcc/arm-atollic-eabi/6.3.1/../../../../arm-atollic-eabi/lib/armv7e-m/fpu\libc_nano.a(lib_a-utoa.o)
 .ARM.attributes
                0x000009c9       0x34 c:/program files (x86)/atollic/truestudio for stm32 9.0.1/armtools/bin/../lib/gcc/arm-atollic-eabi/6.3.1/../../../../arm-atollic-eabi/lib/armv7e-m/fpu\libc_nano.a(lib_a-nano-svfprintf.o)
 .ARM.attributes
                0x000009fd       0x34 c:/program files (x86)/atollic/truestudio for stm32 9.0.1/armtools/bin/../lib/gcc/arm-atollic-eabi/6.3.1/../../../../arm-atollic-eabi/lib/armv7e-m/fpu\libc_nano.a(lib_a-nano-vfprintf_i.o)
 .ARM.attributes
                0x00000a31       0x20 c:/program files (x86)/atollic/truestudio for stm32 9.0.1/armtools/bin/../lib/gcc/arm-atollic-eabi/6.3.1/../../../../arm-atollic-eabi/lib/armv7e-m/fpu\libc_nano.a(lib_a-memchr.o)
 .ARM.attributes
                0x00000a51       0x34 c:/program files (x86)/atollic/truestudio for stm32 9.0.1/armtools/bin/../lib/gcc/arm-atollic-eabi/6.3.1/../../../../arm-atollic-eabi/lib/armv7e-m/fpu\libc_nano.a(lib_a-memcpy-stub.o)
 .ARM.attributes
                0x00000a85       0x34 c:/program files (x86)/atollic/truestudio for stm32 9.0.1/armtools/bin/../lib/gcc/arm-atollic-eabi/6.3.1/../../../../arm-atollic-eabi/lib/armv7e-m/fpu\libc_nano.a(lib_a-memmove.o)
 .ARM.attributes
                0x00000ab9       0x34 c:/program files (x86)/atollic/truestudio for stm32 9.0.1/armtools/bin/../lib/gcc/arm-atollic-eabi/6.3.1/../../../../arm-atollic-eabi/lib/armv7e-m/fpu\libc_nano.a(lib_a-nano-freer.o)
 .ARM.attributes
                0x00000aed       0x34 c:/program files (x86)/atollic/truestudio for stm32 9.0.1/armtools/bin/../lib/gcc/arm-atollic-eabi/6.3.1/../../../../arm-atollic-eabi/lib/armv7e-m/fpu\libc_nano.a(lib_a-nano-mallocr.o)
 .ARM.attributes
                0x00000b21       0x34 c:/program files (x86)/atollic/truestudio for stm32 9.0.1/armtools/bin/../lib/gcc/arm-atollic-eabi/6.3.1/../../../../arm-atollic-eabi/lib/armv7e-m/fpu\libc_nano.a(lib_a-nano-reallocr.o)
 .ARM.attributes
                0x00000b55       0x34 c:/program files (x86)/atollic/truestudio for stm32 9.0.1/armtools/bin/../lib/gcc/arm-atollic-eabi/6.3.1/../../../../arm-atollic-eabi/lib/armv7e-m/fpu\libc_nano.a(lib_a-sbrkr.o)
 .ARM.attributes
                0x00000b89       0x34 c:/program files (x86)/atollic/truestudio for stm32 9.0.1/armtools/bin/../lib/gcc/arm-atollic-eabi/6.3.1/../../../../arm-atollic-eabi/lib/armv7e-m/fpu\libc_nano.a(lib_a-mlock.o)
 .ARM.attributes
                0x00000bbd       0x34 c:/program files (x86)/atollic/truestudio for stm32 9.0.1/armtools/bin/../lib/gcc/arm-atollic-eabi/6.3.1/../../../../arm-atollic-eabi/lib/armv7e-m/fpu\libc_nano.a(lib_a-nano-msizer.o)
 .ARM.attributes
                0x00000bf1       0x34 c:/program files (x86)/atollic/truestudio for stm32 9.0.1/armtools/bin/../lib/gcc/arm-atollic-eabi/6.3.1/../../../../arm-atollic-eabi/lib/armv7e-m/fpu\libc_nano.a(lib_a-reent.o)
 .ARM.attributes
                0x00000c25       0x22 c:/program files (x86)/atollic/truestudio for stm32 9.0.1/armtools/bin/../lib/gcc/arm-atollic-eabi/6.3.1/armv7e-m/fpu\libgcc.a(_aeabi_uldivmod.o)
 .ARM.attributes
                0x00000c47       0x34 c:/program files (x86)/atollic/truestudio for stm32 9.0.1/armtools/bin/../lib/gcc/arm-atollic-eabi/6.3.1/armv7e-m/fpu\libgcc.a(_udivmoddi4.o)
 .ARM.attributes
                0x00000c7b       0x22 c:/program files (x86)/atollic/truestudio for stm32 9.0.1/armtools/bin/../lib/gcc/arm-atollic-eabi/6.3.1/armv7e-m/fpu\libgcc.a(_dvmd_tls.o)
 .ARM.attributes
                0x00000c9d       0x22 c:/program files (x86)/atollic/truestudio for stm32 9.0.1/armtools/bin/../lib/gcc/arm-atollic-eabi/6.3.1/armv7e-m/fpu/crtn.o
OUTPUT(Final_Code_V1.elf elf32-littlearm)

.debug_info     0x00000000    0x2b868
 .debug_info    0x00000000      0xc2a Drivers\STM32L4xx_HAL_Driver\Src\stm32l4xx_hal.o
 .debug_info    0x00000c2a     0x2603 Drivers\STM32L4xx_HAL_Driver\Src\stm32l4xx_hal_adc.o
 .debug_info    0x0000322d     0x1fee Drivers\STM32L4xx_HAL_Driver\Src\stm32l4xx_hal_adc_ex.o
 .debug_info    0x0000521b      0xf6d Drivers\STM32L4xx_HAL_Driver\Src\stm32l4xx_hal_cortex.o
 .debug_info    0x00006188      0x84a Drivers\STM32L4xx_HAL_Driver\Src\stm32l4xx_hal_dma.o
 .debug_info    0x000069d2      0x862 Drivers\STM32L4xx_HAL_Driver\Src\stm32l4xx_hal_gpio.o
 .debug_info    0x00007234     0x37c1 Drivers\STM32L4xx_HAL_Driver\Src\stm32l4xx_hal_i2c.o
 .debug_info    0x0000a9f5      0xa36 Drivers\STM32L4xx_HAL_Driver\Src\stm32l4xx_hal_i2c_ex.o
 .debug_info    0x0000b42b      0x9fd Drivers\STM32L4xx_HAL_Driver\Src\stm32l4xx_hal_pwr.o
 .debug_info    0x0000be28      0xad2 Drivers\STM32L4xx_HAL_Driver\Src\stm32l4xx_hal_pwr_ex.o
 .debug_info    0x0000c8fa      0xdfe Drivers\STM32L4xx_HAL_Driver\Src\stm32l4xx_hal_rcc.o
 .debug_info    0x0000d6f8     0x1077 Drivers\STM32L4xx_HAL_Driver\Src\stm32l4xx_hal_rcc_ex.o
 .debug_info    0x0000e76f      0xfe8 Drivers\STM32L4xx_HAL_Driver\Src\stm32l4xx_hal_rtc.o
 .debug_info    0x0000f757     0x1268 Drivers\STM32L4xx_HAL_Driver\Src\stm32l4xx_hal_rtc_ex.o
 .debug_info    0x000109bf     0x231c Drivers\STM32L4xx_HAL_Driver\Src\stm32l4xx_hal_sd.o
 .debug_info    0x00012cdb     0x1c1d Drivers\STM32L4xx_HAL_Driver\Src\stm32l4xx_hal_uart.o
 .debug_info    0x000148f8     0x16f7 Drivers\STM32L4xx_HAL_Driver\Src\stm32l4xx_ll_sdmmc.o
 .debug_info    0x00015fef      0xcff Middlewares\Third_Party\FatFs\src\diskio.o
 .debug_info    0x00016cee     0x5070 Middlewares\Third_Party\FatFs\src\ff.o
 .debug_info    0x0001bd5e      0xd35 Middlewares\Third_Party\FatFs\src\ff_gen_drv.o
 .debug_info    0x0001ca93      0xd8f Src\adc.o
 .debug_info    0x0001d822      0xbdc Src\bsp_driver_sd.o
 .debug_info    0x0001e3fe      0x5f1 Src\dma.o
 .debug_info    0x0001e9ef      0xd96 Src\fatfs.o
 .debug_info    0x0001f785      0x5ce Src\gpio.o
 .debug_info    0x0001fd53      0xb38 Src\i2c.o
 .debug_info    0x0002088b     0x58a0 Src\main.o
 .debug_info    0x0002612b      0xea1 Src\rtc.o
 .debug_info    0x00026fcc      0xf1f Src\sd_diskio.o
 .debug_info    0x00027eeb      0xb5e Src\sdmmc.o
 .debug_info    0x00028a49      0x398 Src\stm32l4xx_hal_msp.o
 .debug_info    0x00028de1      0x815 Src\stm32l4xx_it.o
 .debug_info    0x000295f6      0xfe1 Src\syscalls.o
 .debug_info    0x0002a5d7      0x5cf Src\system_stm32l4xx.o
 .debug_info    0x0002aba6      0xc50 Src\usart.o
 .debug_info    0x0002b7f6       0x72 startup\startup_stm32l476xx.o

.debug_abbrev   0x00000000     0x530c
 .debug_abbrev  0x00000000      0x29d Drivers\STM32L4xx_HAL_Driver\Src\stm32l4xx_hal.o
 .debug_abbrev  0x0000029d      0x33d Drivers\STM32L4xx_HAL_Driver\Src\stm32l4xx_hal_adc.o
 .debug_abbrev  0x000005da      0x33c Drivers\STM32L4xx_HAL_Driver\Src\stm32l4xx_hal_adc_ex.o
 .debug_abbrev  0x00000916      0x2e6 Drivers\STM32L4xx_HAL_Driver\Src\stm32l4xx_hal_cortex.o
 .debug_abbrev  0x00000bfc      0x224 Drivers\STM32L4xx_HAL_Driver\Src\stm32l4xx_hal_dma.o
 .debug_abbrev  0x00000e20      0x1d7 Drivers\STM32L4xx_HAL_Driver\Src\stm32l4xx_hal_gpio.o
 .debug_abbrev  0x00000ff7      0x351 Drivers\STM32L4xx_HAL_Driver\Src\stm32l4xx_hal_i2c.o
 .debug_abbrev  0x00001348      0x1b2 Drivers\STM32L4xx_HAL_Driver\Src\stm32l4xx_hal_i2c_ex.o
 .debug_abbrev  0x000014fa      0x1b4 Drivers\STM32L4xx_HAL_Driver\Src\stm32l4xx_hal_pwr.o
 .debug_abbrev  0x000016ae      0x227 Drivers\STM32L4xx_HAL_Driver\Src\stm32l4xx_hal_pwr_ex.o
 .debug_abbrev  0x000018d5      0x267 Drivers\STM32L4xx_HAL_Driver\Src\stm32l4xx_hal_rcc.o
 .debug_abbrev  0x00001b3c      0x264 Drivers\STM32L4xx_HAL_Driver\Src\stm32l4xx_hal_rcc_ex.o
 .debug_abbrev  0x00001da0      0x244 Drivers\STM32L4xx_HAL_Driver\Src\stm32l4xx_hal_rtc.o
 .debug_abbrev  0x00001fe4      0x24f Drivers\STM32L4xx_HAL_Driver\Src\stm32l4xx_hal_rtc_ex.o
 .debug_abbrev  0x00002233      0x366 Drivers\STM32L4xx_HAL_Driver\Src\stm32l4xx_hal_sd.o
 .debug_abbrev  0x00002599      0x30e Drivers\STM32L4xx_HAL_Driver\Src\stm32l4xx_hal_uart.o
 .debug_abbrev  0x000028a7      0x28e Drivers\STM32L4xx_HAL_Driver\Src\stm32l4xx_ll_sdmmc.o
 .debug_abbrev  0x00002b35      0x23d Middlewares\Third_Party\FatFs\src\diskio.o
 .debug_abbrev  0x00002d72      0x3ed Middlewares\Third_Party\FatFs\src\ff.o
 .debug_abbrev  0x0000315f      0x2a5 Middlewares\Third_Party\FatFs\src\ff_gen_drv.o
 .debug_abbrev  0x00003404      0x1fd Src\adc.o
 .debug_abbrev  0x00003601      0x2a0 Src\bsp_driver_sd.o
 .debug_abbrev  0x000038a1      0x139 Src\dma.o
 .debug_abbrev  0x000039da      0x204 Src\fatfs.o
 .debug_abbrev  0x00003bde      0x173 Src\gpio.o
 .debug_abbrev  0x00003d51      0x201 Src\i2c.o
 .debug_abbrev  0x00003f52      0x4b2 Src\main.o
 .debug_abbrev  0x00004404      0x1d1 Src\rtc.o
 .debug_abbrev  0x000045d5      0x2dd Src\sd_diskio.o
 .debug_abbrev  0x000048b2      0x1e4 Src\sdmmc.o
 .debug_abbrev  0x00004a96       0xea Src\stm32l4xx_hal_msp.o
 .debug_abbrev  0x00004b80      0x195 Src\stm32l4xx_it.o
 .debug_abbrev  0x00004d15      0x2d9 Src\syscalls.o
 .debug_abbrev  0x00004fee      0x12f Src\system_stm32l4xx.o
 .debug_abbrev  0x0000511d      0x1dd Src\usart.o
 .debug_abbrev  0x000052fa       0x12 startup\startup_stm32l476xx.o

.debug_loc      0x00000000    0x14bd1
 .debug_loc     0x00000000      0x149 Drivers\STM32L4xx_HAL_Driver\Src\stm32l4xx_hal.o
 .debug_loc     0x00000149     0x1654 Drivers\STM32L4xx_HAL_Driver\Src\stm32l4xx_hal_adc.o
 .debug_loc     0x0000179d     0x1482 Drivers\STM32L4xx_HAL_Driver\Src\stm32l4xx_hal_adc_ex.o
 .debug_loc     0x00002c1f      0x4fb Drivers\STM32L4xx_HAL_Driver\Src\stm32l4xx_hal_cortex.o
 .debug_loc     0x0000311a      0x5b7 Drivers\STM32L4xx_HAL_Driver\Src\stm32l4xx_hal_dma.o
 .debug_loc     0x000036d1      0x29d Drivers\STM32L4xx_HAL_Driver\Src\stm32l4xx_hal_gpio.o
 .debug_loc     0x0000396e     0x38e7 Drivers\STM32L4xx_HAL_Driver\Src\stm32l4xx_hal_i2c.o
 .debug_loc     0x00007255      0x1a0 Drivers\STM32L4xx_HAL_Driver\Src\stm32l4xx_hal_i2c_ex.o
 .debug_loc     0x000073f5      0x132 Drivers\STM32L4xx_HAL_Driver\Src\stm32l4xx_hal_pwr.o
 .debug_loc     0x00007527      0x63b Drivers\STM32L4xx_HAL_Driver\Src\stm32l4xx_hal_pwr_ex.o
 .debug_loc     0x00007b62      0x5ae Drivers\STM32L4xx_HAL_Driver\Src\stm32l4xx_hal_rcc.o
 .debug_loc     0x00008110      0xd98 Drivers\STM32L4xx_HAL_Driver\Src\stm32l4xx_hal_rcc_ex.o
 .debug_loc     0x00008ea8      0x737 Drivers\STM32L4xx_HAL_Driver\Src\stm32l4xx_hal_rtc.o
 .debug_loc     0x000095df      0xa26 Drivers\STM32L4xx_HAL_Driver\Src\stm32l4xx_hal_rtc_ex.o
 .debug_loc     0x0000a005     0x18c1 Drivers\STM32L4xx_HAL_Driver\Src\stm32l4xx_hal_sd.o
 .debug_loc     0x0000b8c6     0x19b3 Drivers\STM32L4xx_HAL_Driver\Src\stm32l4xx_hal_uart.o
 .debug_loc     0x0000d279      0xb44 Drivers\STM32L4xx_HAL_Driver\Src\stm32l4xx_ll_sdmmc.o
 .debug_loc     0x0000ddbd      0x1c6 Middlewares\Third_Party\FatFs\src\diskio.o
 .debug_loc     0x0000df83     0x50fd Middlewares\Third_Party\FatFs\src\ff.o
 .debug_loc     0x00013080      0x216 Middlewares\Third_Party\FatFs\src\ff_gen_drv.o
 .debug_loc     0x00013296       0x63 Src\adc.o
 .debug_loc     0x000132f9      0x42a Src\bsp_driver_sd.o
 .debug_loc     0x00013723       0x58 Src\i2c.o
 .debug_loc     0x0001377b      0x9f1 Src\main.o
 .debug_loc     0x0001416c       0x58 Src\rtc.o
 .debug_loc     0x000141c4      0x3a5 Src\sd_diskio.o
 .debug_loc     0x00014569       0x58 Src\sdmmc.o
 .debug_loc     0x000145c1      0x3ef Src\syscalls.o
 .debug_loc     0x000149b0      0x1be Src\system_stm32l4xx.o
 .debug_loc     0x00014b6e       0x63 Src\usart.o

.debug_aranges  0x00000000     0x1648
 .debug_aranges
                0x00000000      0x108 Drivers\STM32L4xx_HAL_Driver\Src\stm32l4xx_hal.o
 .debug_aranges
                0x00000108       0xf0 Drivers\STM32L4xx_HAL_Driver\Src\stm32l4xx_hal_adc.o
 .debug_aranges
                0x000001f8       0xf0 Drivers\STM32L4xx_HAL_Driver\Src\stm32l4xx_hal_adc_ex.o
 .debug_aranges
                0x000002e8       0xa8 Drivers\STM32L4xx_HAL_Driver\Src\stm32l4xx_hal_cortex.o
 .debug_aranges
                0x00000390       0x78 Drivers\STM32L4xx_HAL_Driver\Src\stm32l4xx_hal_dma.o
 .debug_aranges
                0x00000408       0x58 Drivers\STM32L4xx_HAL_Driver\Src\stm32l4xx_hal_gpio.o
 .debug_aranges
                0x00000460      0x238 Drivers\STM32L4xx_HAL_Driver\Src\stm32l4xx_hal_i2c.o
 .debug_aranges
                0x00000698       0x48 Drivers\STM32L4xx_HAL_Driver\Src\stm32l4xx_hal_i2c_ex.o
 .debug_aranges
                0x000006e0       0x98 Drivers\STM32L4xx_HAL_Driver\Src\stm32l4xx_hal_pwr.o
 .debug_aranges
                0x00000778      0x130 Drivers\STM32L4xx_HAL_Driver\Src\stm32l4xx_hal_pwr_ex.o
 .debug_aranges
                0x000008a8       0x88 Drivers\STM32L4xx_HAL_Driver\Src\stm32l4xx_hal_rcc.o
 .debug_aranges
                0x00000930       0xc0 Drivers\STM32L4xx_HAL_Driver\Src\stm32l4xx_hal_rcc_ex.o
 .debug_aranges
                0x000009f0       0xa8 Drivers\STM32L4xx_HAL_Driver\Src\stm32l4xx_hal_rtc.o
 .debug_aranges
                0x00000a98      0x118 Drivers\STM32L4xx_HAL_Driver\Src\stm32l4xx_hal_rtc_ex.o
 .debug_aranges
                0x00000bb0       0xf0 Drivers\STM32L4xx_HAL_Driver\Src\stm32l4xx_hal_sd.o
 .debug_aranges
                0x00000ca0      0x1a0 Drivers\STM32L4xx_HAL_Driver\Src\stm32l4xx_hal_uart.o
 .debug_aranges
                0x00000e40      0x150 Drivers\STM32L4xx_HAL_Driver\Src\stm32l4xx_ll_sdmmc.o
 .debug_aranges
                0x00000f90       0x48 Middlewares\Third_Party\FatFs\src\diskio.o
 .debug_aranges
                0x00000fd8      0x1b8 Middlewares\Third_Party\FatFs\src\ff.o
 .debug_aranges
                0x00001190       0x40 Middlewares\Third_Party\FatFs\src\ff_gen_drv.o
 .debug_aranges
                0x000011d0       0x30 Src\adc.o
 .debug_aranges
                0x00001200       0x90 Src\bsp_driver_sd.o
 .debug_aranges
                0x00001290       0x20 Src\dma.o
 .debug_aranges
                0x000012b0       0x28 Src\fatfs.o
 .debug_aranges
                0x000012d8       0x20 Src\gpio.o
 .debug_aranges
                0x000012f8       0x30 Src\i2c.o
 .debug_aranges
                0x00001328       0xc0 Src\main.o
 .debug_aranges
                0x000013e8       0x30 Src\rtc.o
 .debug_aranges
                0x00001418       0x48 Src\sd_diskio.o
 .debug_aranges
                0x00001460       0x30 Src\sdmmc.o
 .debug_aranges
                0x00001490       0x20 Src\stm32l4xx_hal_msp.o
 .debug_aranges
                0x000014b0       0x58 Src\stm32l4xx_it.o
 .debug_aranges
                0x00001508       0xb0 Src\syscalls.o
 .debug_aranges
                0x000015b8       0x28 Src\system_stm32l4xx.o
 .debug_aranges
                0x000015e0       0x40 Src\usart.o
 .debug_aranges
                0x00001620       0x28 startup\startup_stm32l476xx.o

.debug_ranges   0x00000000     0x1f20
 .debug_ranges  0x00000000       0xf8 Drivers\STM32L4xx_HAL_Driver\Src\stm32l4xx_hal.o
 .debug_ranges  0x000000f8      0x330 Drivers\STM32L4xx_HAL_Driver\Src\stm32l4xx_hal_adc.o
 .debug_ranges  0x00000428      0x250 Drivers\STM32L4xx_HAL_Driver\Src\stm32l4xx_hal_adc_ex.o
 .debug_ranges  0x00000678      0x138 Drivers\STM32L4xx_HAL_Driver\Src\stm32l4xx_hal_cortex.o
 .debug_ranges  0x000007b0       0xa0 Drivers\STM32L4xx_HAL_Driver\Src\stm32l4xx_hal_dma.o
 .debug_ranges  0x00000850       0x68 Drivers\STM32L4xx_HAL_Driver\Src\stm32l4xx_hal_gpio.o
 .debug_ranges  0x000008b8      0x270 Drivers\STM32L4xx_HAL_Driver\Src\stm32l4xx_hal_i2c.o
 .debug_ranges  0x00000b28       0x68 Drivers\STM32L4xx_HAL_Driver\Src\stm32l4xx_hal_i2c_ex.o
 .debug_ranges  0x00000b90       0x88 Drivers\STM32L4xx_HAL_Driver\Src\stm32l4xx_hal_pwr.o
 .debug_ranges  0x00000c18      0x120 Drivers\STM32L4xx_HAL_Driver\Src\stm32l4xx_hal_pwr_ex.o
 .debug_ranges  0x00000d38       0x90 Drivers\STM32L4xx_HAL_Driver\Src\stm32l4xx_hal_rcc.o
 .debug_ranges  0x00000dc8       0xf0 Drivers\STM32L4xx_HAL_Driver\Src\stm32l4xx_hal_rcc_ex.o
 .debug_ranges  0x00000eb8       0x98 Drivers\STM32L4xx_HAL_Driver\Src\stm32l4xx_hal_rtc.o
 .debug_ranges  0x00000f50      0x108 Drivers\STM32L4xx_HAL_Driver\Src\stm32l4xx_hal_rtc_ex.o
 .debug_ranges  0x00001058      0x198 Drivers\STM32L4xx_HAL_Driver\Src\stm32l4xx_hal_sd.o
 .debug_ranges  0x000011f0      0x190 Drivers\STM32L4xx_HAL_Driver\Src\stm32l4xx_hal_uart.o
 .debug_ranges  0x00001380      0x1b8 Drivers\STM32L4xx_HAL_Driver\Src\stm32l4xx_ll_sdmmc.o
 .debug_ranges  0x00001538       0x38 Middlewares\Third_Party\FatFs\src\diskio.o
 .debug_ranges  0x00001570      0x420 Middlewares\Third_Party\FatFs\src\ff.o
 .debug_ranges  0x00001990       0x30 Middlewares\Third_Party\FatFs\src\ff_gen_drv.o
 .debug_ranges  0x000019c0       0x38 Src\adc.o
 .debug_ranges  0x000019f8       0x80 Src\bsp_driver_sd.o
 .debug_ranges  0x00001a78       0x38 Src\dma.o
 .debug_ranges  0x00001ab0       0x18 Src\fatfs.o
 .debug_ranges  0x00001ac8       0x30 Src\gpio.o
 .debug_ranges  0x00001af8       0x38 Src\i2c.o
 .debug_ranges  0x00001b30      0x198 Src\main.o
 .debug_ranges  0x00001cc8       0x20 Src\rtc.o
 .debug_ranges  0x00001ce8       0x50 Src\sd_diskio.o
 .debug_ranges  0x00001d38       0x58 Src\sdmmc.o
 .debug_ranges  0x00001d90       0x28 Src\stm32l4xx_hal_msp.o
 .debug_ranges  0x00001db8       0x48 Src\stm32l4xx_it.o
 .debug_ranges  0x00001e00       0xa0 Src\syscalls.o
 .debug_ranges  0x00001ea0       0x18 Src\system_stm32l4xx.o
 .debug_ranges  0x00001eb8       0x48 Src\usart.o
 .debug_ranges  0x00001f00       0x20 startup\startup_stm32l476xx.o

.debug_line     0x00000000     0xd802
 .debug_line    0x00000000      0x455 Drivers\STM32L4xx_HAL_Driver\Src\stm32l4xx_hal.o
 .debug_line    0x00000455      0xe54 Drivers\STM32L4xx_HAL_Driver\Src\stm32l4xx_hal_adc.o
 .debug_line    0x000012a9      0xc5d Drivers\STM32L4xx_HAL_Driver\Src\stm32l4xx_hal_adc_ex.o
 .debug_line    0x00001f06      0x451 Drivers\STM32L4xx_HAL_Driver\Src\stm32l4xx_hal_cortex.o
 .debug_line    0x00002357      0x4e4 Drivers\STM32L4xx_HAL_Driver\Src\stm32l4xx_hal_dma.o
 .debug_line    0x0000283b      0x3e9 Drivers\STM32L4xx_HAL_Driver\Src\stm32l4xx_hal_gpio.o
 .debug_line    0x00002c24     0x1932 Drivers\STM32L4xx_HAL_Driver\Src\stm32l4xx_hal_i2c.o
 .debug_line    0x00004556      0x36d Drivers\STM32L4xx_HAL_Driver\Src\stm32l4xx_hal_i2c_ex.o
 .debug_line    0x000048c3      0x39a Drivers\STM32L4xx_HAL_Driver\Src\stm32l4xx_hal_pwr.o
 .debug_line    0x00004c5d      0x5d5 Drivers\STM32L4xx_HAL_Driver\Src\stm32l4xx_hal_pwr_ex.o
 .debug_line    0x00005232      0x5bd Drivers\STM32L4xx_HAL_Driver\Src\stm32l4xx_hal_rcc.o
 .debug_line    0x000057ef      0x6fc Drivers\STM32L4xx_HAL_Driver\Src\stm32l4xx_hal_rcc_ex.o
 .debug_line    0x00005eeb      0x641 Drivers\STM32L4xx_HAL_Driver\Src\stm32l4xx_hal_rtc.o
 .debug_line    0x0000652c      0x930 Drivers\STM32L4xx_HAL_Driver\Src\stm32l4xx_hal_rtc_ex.o
 .debug_line    0x00006e5c      0xa26 Drivers\STM32L4xx_HAL_Driver\Src\stm32l4xx_hal_sd.o
 .debug_line    0x00007882      0xdc4 Drivers\STM32L4xx_HAL_Driver\Src\stm32l4xx_hal_uart.o
 .debug_line    0x00008646      0x6e0 Drivers\STM32L4xx_HAL_Driver\Src\stm32l4xx_ll_sdmmc.o
 .debug_line    0x00008d26      0x36d Middlewares\Third_Party\FatFs\src\diskio.o
 .debug_line    0x00009093     0x1330 Middlewares\Third_Party\FatFs\src\ff.o
 .debug_line    0x0000a3c3      0x375 Middlewares\Third_Party\FatFs\src\ff_gen_drv.o
 .debug_line    0x0000a738      0x2fd Src\adc.o
 .debug_line    0x0000aa35      0x343 Src\bsp_driver_sd.o
 .debug_line    0x0000ad78      0x1f8 Src\dma.o
 .debug_line    0x0000af70      0x34c Src\fatfs.o
 .debug_line    0x0000b2bc      0x20c Src\gpio.o
 .debug_line    0x0000b4c8      0x2af Src\i2c.o
 .debug_line    0x0000b777      0x91b Src\main.o
 .debug_line    0x0000c092      0x2dc Src\rtc.o
 .debug_line    0x0000c36e      0x3e2 Src\sd_diskio.o
 .debug_line    0x0000c750      0x2b7 Src\sdmmc.o
 .debug_line    0x0000ca07      0x1e7 Src\stm32l4xx_hal_msp.o
 .debug_line    0x0000cbee      0x295 Src\stm32l4xx_it.o
 .debug_line    0x0000ce83      0x3bb Src\syscalls.o
 .debug_line    0x0000d23e      0x248 Src\system_stm32l4xx.o
 .debug_line    0x0000d486      0x2fd Src\usart.o
 .debug_line    0x0000d783       0x7f startup\startup_stm32l476xx.o

.debug_str      0x00000000     0x7e0a
 .debug_str     0x00000000      0xc82 Drivers\STM32L4xx_HAL_Driver\Src\stm32l4xx_hal.o
                                0xd0e (size before relaxing)
 .debug_str     0x00000c82      0xdb0 Drivers\STM32L4xx_HAL_Driver\Src\stm32l4xx_hal_adc.o
                               0x1198 (size before relaxing)
 .debug_str     0x00001a32      0x5cf Drivers\STM32L4xx_HAL_Driver\Src\stm32l4xx_hal_adc_ex.o
                               0x113e (size before relaxing)
 .debug_str     0x00002001      0x3c3 Drivers\STM32L4xx_HAL_Driver\Src\stm32l4xx_hal_cortex.o
                                0xc72 (size before relaxing)
 .debug_str     0x000023c4      0x248 Drivers\STM32L4xx_HAL_Driver\Src\stm32l4xx_hal_dma.o
                                0x6ca (size before relaxing)
 .debug_str     0x0000260c      0x1d3 Drivers\STM32L4xx_HAL_Driver\Src\stm32l4xx_hal_gpio.o
                                0x5c7 (size before relaxing)
 .debug_str     0x000027df      0xb1b Drivers\STM32L4xx_HAL_Driver\Src\stm32l4xx_hal_i2c.o
                                0xff8 (size before relaxing)
 .debug_str     0x000032fa       0xf3 Drivers\STM32L4xx_HAL_Driver\Src\stm32l4xx_hal_i2c_ex.o
                                0x96f (size before relaxing)
 .debug_str     0x000033ed      0x2e8 Drivers\STM32L4xx_HAL_Driver\Src\stm32l4xx_hal_pwr.o
                                0x735 (size before relaxing)
 .debug_str     0x000036d5      0x417 Drivers\STM32L4xx_HAL_Driver\Src\stm32l4xx_hal_pwr_ex.o
                                0x85e (size before relaxing)
 .debug_str     0x00003aec      0x346 Drivers\STM32L4xx_HAL_Driver\Src\stm32l4xx_hal_rcc.o
                                0x8a4 (size before relaxing)
 .debug_str     0x00003e32      0x562 Drivers\STM32L4xx_HAL_Driver\Src\stm32l4xx_hal_rcc_ex.o
                                0xb34 (size before relaxing)
 .debug_str     0x00004394      0x4fc Drivers\STM32L4xx_HAL_Driver\Src\stm32l4xx_hal_rtc.o
                                0x855 (size before relaxing)
 .debug_str     0x00004890      0x5a3 Drivers\STM32L4xx_HAL_Driver\Src\stm32l4xx_hal_rtc_ex.o
                                0xbf7 (size before relaxing)
 .debug_str     0x00004e33      0xc50 Drivers\STM32L4xx_HAL_Driver\Src\stm32l4xx_hal_sd.o
                               0x1195 (size before relaxing)