stm32l4xx_hal_rcc_ex.c:212:19:HAL_RCCEx_PeriphCLKConfig	32	static
stm32l4xx_hal_rcc_ex.c:842:6:HAL_RCCEx_GetPeriphCLKConfig	16	static
stm32l4xx_hal_rcc_ex.c:1168:10:HAL_RCCEx_GetPeriphCLKFreq	40	static
stm32l4xx_hal_rcc_ex.c:2045:19:HAL_RCCEx_EnablePLLSAI1	24	static
stm32l4xx_hal_rcc_ex.c:2113:19:HAL_RCCEx_DisablePLLSAI1	16	static
stm32l4xx_hal_rcc_ex.c:2163:19:HAL_RCCEx_EnablePLLSAI2	24	static
stm32l4xx_hal_rcc_ex.c:2241:19:HAL_RCCEx_DisablePLLSAI2	16	static
stm32l4xx_hal_rcc_ex.c:2290:6:HAL_RCCEx_WakeUpStopCLKConfig	16	static
stm32l4xx_hal_rcc_ex.c:2308:6:HAL_RCCEx_StandbyMSIRangeConfig	16	static
stm32l4xx_hal_rcc_ex.c:2322:6:HAL_RCCEx_EnableLSECSS	4	static
stm32l4xx_hal_rcc_ex.c:2332:6:HAL_RCCEx_DisableLSECSS	4	static
stm32l4xx_hal_rcc_ex.c:2345:6:HAL_RCCEx_EnableLSECSS_IT	4	static
stm32l4xx_hal_rcc_ex.c:2362:6:HAL_RCCEx_LSECSS_IRQHandler	8	static
stm32l4xx_hal_rcc_ex.c:2379:13:HAL_RCCEx_LSECSS_Callback	4	static
stm32l4xx_hal_rcc_ex.c:2394:6:HAL_RCCEx_EnableLSCO	48	static
stm32l4xx_hal_rcc_ex.c:2441:6:HAL_RCCEx_DisableLSCO	16	static
stm32l4xx_hal_rcc_ex.c:2479:6:HAL_RCCEx_EnableMSIPLLMode	4	static
stm32l4xx_hal_rcc_ex.c:2489:6:HAL_RCCEx_DisableMSIPLLMode	4	static
stm32l4xx_hal_rcc_ex.c:2877:26:RCCEx_PLLSAI1_Config	24	static
stm32l4xx_hal_rcc_ex.c:3082:26:RCCEx_PLLSAI2_Config	24	static
stm32l4xx_hal_rcc_ex.c:3279:17:RCCEx_GetSAIxPeriphCLKFreq	40	static
