syscalls.c:51:6:initialise_monitor_handles	0	static
syscalls.c:55:5:_getpid	0	static
syscalls.c:61:5:_gettimeofday	0	static
syscalls.c:67:5:_kill	0	static
syscalls.c:73:6:_exit	0	static
syscalls.c:78:5:_write	8	static
syscalls.c:89:8:_sbrk	0	static
syscalls.c:105:5:_close	0	static
syscalls.c:112:5:_fstat	0	static
syscalls.c:118:5:_isatty	0	static
syscalls.c:124:5:_lseek	0	static
syscalls.c:130:5:_read	0	static
syscalls.c:136:5:_readlink	0	static
syscalls.c:142:5:_open	0	static
syscalls.c:148:5:_wait	0	static
syscalls.c:154:5:_unlink	0	static
syscalls.c:160:5:_times	0	static
syscalls.c:166:5:_stat	0	static
syscalls.c:172:5:_symlink	0	static
syscalls.c:178:5:_link	0	static
syscalls.c:184:5:_fork	0	static
syscalls.c:190:5:_execve	0	static
