I2C_stack.h:124:10:est_negatif	16	static
I2C_stack.h:134:6:TEMPandHUM_init	24	static
I2C_stack.h:141:6:PRES_init	24	static
I2C_stack.h:152:6:get_TEMP	24	static
I2C_stack.h:191:6:get_HUM	24	static
I2C_stack.h:215:6:get_PRES	24	static
lora_fonction.h:45:11:CONV_CHAR	16	static
lora_fonction.h:54:13:UART_EndTxTransfer	16	static
lora_fonction.h:75:13:UART_EndRxTransfer	16	static
lora_fonction.h:104:9:LORA_AT_SET	280	static
lora_fonction.h:125:6:LORA_AT_GET	280	static
lora_fonction.h:149:6:LORA_AT_ATZ	48	dynamic
lora_fonction.h:168:6:LORA_AT_JSDA	48	dynamic
lora_fonction.h:193:9:LORA_AT_JOIN_SET	56	static
lora_fonction.h:201:6:LORA_AT_SEND	336	static
main.c:63:14:MX_I2C1_Init	8	static
main.c:116:5:main	32	static
main.c:264:6:SystemClock_Config	232	static
main.c:342:6:_Error_Handler	16	static
