lora_fonction.h:75:13:UART_EndRxTransfer.constprop	0	static
lora_fonction.h:54:13:UART_EndTxTransfer.constprop	0	static
I2C_stack.h:124:10:est_negatif	0	static
I2C_stack.h:134:6:TEMPandHUM_init	24	static
I2C_stack.h:141:6:PRES_init	32	static
I2C_stack.h:152:6:get_TEMP	56	static
I2C_stack.h:191:6:get_HUM	56	static
I2C_stack.h:215:6:get_PRES	56	static
lora_fonction.h:45:11:CONV_CHAR	8	static
lora_fonction.h:105:6:LORA_AT_AK_SET	48	dynamic
lora_fonction.h:146:6:LORA_AT_APPEUI_SET	48	dynamic
lora_fonction.h:167:6:LORA_AT_ASK_SET	48	dynamic
lora_fonction.h:189:6:LORA_AT_NSK_SET	48	dynamic
lora_fonction.h:210:6:LORA_AT_CLASS_SET	48	dynamic
lora_fonction.h:231:6:LORA_AT_DC_SET	48	dynamic
lora_fonction.h:253:6:LORA_AT_DR_SET	48	dynamic
lora_fonction.h:289:6:LORA_AT_AK_GET	72	static
lora_fonction.h:324:6:LORA_AT_APPEUI_GET	56	static
lora_fonction.h:339:6:LORA_AT_ASK_GET	80	static
lora_fonction.h:355:6:LORA_AT_NSK_GET	80	static
lora_fonction.h:369:6:LORA_AT_CLASS_GET	32	static
lora_fonction.h:382:6:LORA_AT_DR_GET	24	static
lora_fonction.h:395:6:LORA_AT_DC_GET	24	static
lora_fonction.h:408:6:LORA_AT_EUI_GET	56	static
lora_fonction.h:445:6:LORA_AT_ATZ	24	static
lora_fonction.h:464:6:LORA_AT_JSDA	32	static
lora_fonction.h:489:6:LORA_AT_JOIN_SET	48	dynamic
lora_fonction.h:516:6:LORA_AT_SEND	56	dynamic
main.c:241:6:SystemClock_Config	232	static
main.c:116:5:main	16	static
main.c:319:6:_Error_Handler	0	static
