stm32l4xx_ll_adc.h:4659:22:LL_ADC_SetChannelSamplingTime	12	static
stm32l4xx_ll_adc.h:5988:26:LL_ADC_IsEnabled	0	static
stm32l4xx_ll_adc.h:6110:26:LL_ADC_REG_IsConversionOngoing	0	static
stm32l4xx_ll_adc.h:6293:26:LL_ADC_INJ_IsConversionOngoing	0	static
stm32l4xx_hal_adc_ex.c:145:19:HAL_ADCEx_Calibration_Start	24	static
stm32l4xx_hal_adc_ex.c:224:10:HAL_ADCEx_Calibration_GetValue	0	static
stm32l4xx_hal_adc_ex.c:244:19:HAL_ADCEx_Calibration_SetValue	24	static
stm32l4xx_hal_adc_ex.c:300:19:HAL_ADCEx_InjectedStart	16	static
stm32l4xx_hal_adc_ex.c:449:19:HAL_ADCEx_InjectedStop	8	static
stm32l4xx_hal_adc_ex.c:504:19:HAL_ADCEx_InjectedPollForConversion	24	static
stm32l4xx_hal_adc_ex.c:641:19:HAL_ADCEx_InjectedStart_IT	16	static
stm32l4xx_hal_adc_ex.c:814:19:HAL_ADCEx_InjectedStop_IT	8	static
stm32l4xx_hal_adc_ex.c:881:19:HAL_ADCEx_MultiModeStart_DMA	128	static
stm32l4xx_hal_adc_ex.c:996:19:HAL_ADCEx_MultiModeStop_DMA	120	static
stm32l4xx_hal_adc_ex.c:1109:10:HAL_ADCEx_MultiModeGetValue	0	static
stm32l4xx_hal_adc_ex.c:1156:10:HAL_ADCEx_InjectedGetValue	0	static
stm32l4xx_hal_adc_ex.c:1191:13:HAL_ADCEx_InjectedConvCpltCallback	0	static
stm32l4xx_hal_adc_ex.c:1210:13:HAL_ADCEx_InjectedQueueOverflowCallback	0	static
stm32l4xx_hal_adc_ex.c:1225:13:HAL_ADCEx_LevelOutOfWindow2Callback	0	static
stm32l4xx_hal_adc_ex.c:1240:13:HAL_ADCEx_LevelOutOfWindow3Callback	0	static
stm32l4xx_hal_adc_ex.c:1256:13:HAL_ADCEx_EndOfSamplingCallback	0	static
stm32l4xx_hal_adc_ex.c:1273:19:HAL_ADCEx_RegularStop	8	static
stm32l4xx_hal_adc_ex.c:1331:19:HAL_ADCEx_RegularStop_IT	8	static
stm32l4xx_hal_adc_ex.c:1391:19:HAL_ADCEx_RegularStop_DMA	16	static
stm32l4xx_hal_adc_ex.c:1478:19:HAL_ADCEx_RegularMultiModeStop_DMA	120	static
stm32l4xx_hal_adc_ex.c:1652:19:HAL_ADCEx_InjectedConfigChannel	32	static
stm32l4xx_hal_adc_ex.c:2084:19:HAL_ADCEx_MultiModeConfigChannel	120	static
stm32l4xx_hal_adc_ex.c:2197:19:HAL_ADCEx_EnableInjectedQueue	8	static
stm32l4xx_hal_adc_ex.c:2238:19:HAL_ADCEx_DisableInjectedQueue	8	static
stm32l4xx_hal_adc_ex.c:2275:19:HAL_ADCEx_DisableVoltageRegulator	8	static
stm32l4xx_hal_adc_ex.c:2312:19:HAL_ADCEx_EnterADCDeepPowerDownMode	8	static
