stm32l4xx_hal_rtc_ex.c:214:19:HAL_RTCEx_SetTimeStamp	0	static
stm32l4xx_hal_rtc_ex.c:273:19:HAL_RTCEx_SetTimeStamp_IT	0	static
stm32l4xx_hal_rtc_ex.c:325:19:HAL_RTCEx_DeactivateTimeStamp	0	static
stm32l4xx_hal_rtc_ex.c:363:19:HAL_RTCEx_SetInternalTimeStamp	0	static
stm32l4xx_hal_rtc_ex.c:393:19:HAL_RTCEx_DeactivateInternalTimeStamp	0	static
stm32l4xx_hal_rtc_ex.c:428:19:HAL_RTCEx_GetTimeStamp	24	static
stm32l4xx_hal_rtc_ex.c:641:13:HAL_RTCEx_TimeStampEventCallback	0	static
stm32l4xx_hal_rtc_ex.c:657:19:HAL_RTCEx_PollForTimeStampEvent	16	static
stm32l4xx_hal_rtc_ex.c:715:19:HAL_RTCEx_SetWakeUpTimer	24	static
stm32l4xx_hal_rtc_ex.c:815:19:HAL_RTCEx_SetWakeUpTimer_IT	24	static
stm32l4xx_hal_rtc_ex.c:939:19:HAL_RTCEx_DeactivateWakeUpTimer	16	static
stm32l4xx_hal_rtc_ex.c:991:10:HAL_RTCEx_GetWakeUpTimer	0	static
stm32l4xx_hal_rtc_ex.c:1039:13:HAL_RTCEx_WakeUpTimerEventCallback	0	static
stm32l4xx_hal_rtc_ex.c:1002:6:HAL_RTCEx_WakeUpTimerIRQHandler	8	static
stm32l4xx_hal_rtc_ex.c:1056:19:HAL_RTCEx_PollForWakeUpTimerEvent	16	static
stm32l4xx_hal_rtc_ex.c:1133:19:HAL_RTCEx_SetSmoothCalib	24	static
stm32l4xx_hal_rtc_ex.c:1248:19:HAL_RTCEx_SetSynchroShift	24	static
stm32l4xx_hal_rtc_ex.c:1345:19:HAL_RTCEx_SetCalibrationOutPut	0	static
stm32l4xx_hal_rtc_ex.c:1383:19:HAL_RTCEx_DeactivateCalibrationOutPut	0	static
stm32l4xx_hal_rtc_ex.c:1412:19:HAL_RTCEx_SetRefClock	16	static
stm32l4xx_hal_rtc_ex.c:1465:19:HAL_RTCEx_DeactivateRefClock	16	static
stm32l4xx_hal_rtc_ex.c:1520:19:HAL_RTCEx_EnableBypassShadow	0	static
stm32l4xx_hal_rtc_ex.c:1552:19:HAL_RTCEx_DisableBypassShadow	0	static
stm32l4xx_hal_rtc_ex.c:1601:13:HAL_RTCEx_AlarmBEventCallback	0	static
stm32l4xx_hal_rtc_ex.c:1617:19:HAL_RTCEx_PollForAlarmBEvent	16	static
stm32l4xx_hal_rtc_ex.c:1749:19:HAL_RTCEx_SetTamper	12	static
stm32l4xx_hal_rtc_ex.c:1918:19:HAL_RTCEx_SetTamper_IT	12	static
stm32l4xx_hal_rtc_ex.c:2051:19:HAL_RTCEx_DeactivateTamper	0	static
stm32l4xx_hal_rtc_ex.c:2100:19:HAL_RTCEx_PollForTamper1Event	16	static
stm32l4xx_hal_rtc_ex.c:2133:19:HAL_RTCEx_PollForTamper2Event	16	static
stm32l4xx_hal_rtc_ex.c:2166:19:HAL_RTCEx_PollForTamper3Event	16	static
stm32l4xx_hal_rtc_ex.c:2201:13:HAL_RTCEx_Tamper1EventCallback	0	static
stm32l4xx_hal_rtc_ex.c:2217:13:HAL_RTCEx_Tamper2EventCallback	0	static
stm32l4xx_hal_rtc_ex.c:2233:13:HAL_RTCEx_Tamper3EventCallback	0	static
stm32l4xx_hal_rtc_ex.c:554:6:HAL_RTCEx_TamperTimeStampIRQHandler	8	static
stm32l4xx_hal_rtc_ex.c:2278:6:HAL_RTCEx_BKUPWrite	8	static
stm32l4xx_hal_rtc_ex.c:2311:10:HAL_RTCEx_BKUPRead	0	static
