stm32l4xx_hal_rtc.c:752:13:HAL_RTC_MspInit	0	static
stm32l4xx_hal_rtc.c:767:13:HAL_RTC_MspDeInit	0	static
stm32l4xx_hal_rtc.c:1526:19:HAL_RTC_DeactivateAlarm	16	static
stm32l4xx_hal_rtc.c:1761:13:HAL_RTC_AlarmAEventCallback	0	static
stm32l4xx_hal_rtc.c:1680:6:HAL_RTC_AlarmIRQHandler	8	static
stm32l4xx_hal_rtc.c:1777:19:HAL_RTC_PollForAlarmAEvent	16	static
stm32l4xx_hal_rtc.c:1836:19:HAL_RTC_WaitForSynchro	16	static
stm32l4xx_hal_rtc.c:1888:21:HAL_RTC_GetState	0	static
stm32l4xx_hal_rtc.c:1912:19:RTC_EnterInitMode	16	static
stm32l4xx_hal_rtc.c:248:19:HAL_RTC_Init	16	static
stm32l4xx_hal_rtc.c:394:19:HAL_RTC_DeInit	24	static
stm32l4xx_hal_rtc.c:1960:9:RTC_ByteToBcd2	0	static
stm32l4xx_hal_rtc.c:988:19:HAL_RTC_SetDate	24	static
stm32l4xx_hal_rtc.c:805:19:HAL_RTC_SetTime	24	static
stm32l4xx_hal_rtc.c:1155:19:HAL_RTC_SetAlarm	32	static
stm32l4xx_hal_rtc.c:1340:19:HAL_RTC_SetAlarm_IT	32	static
stm32l4xx_hal_rtc.c:1979:9:RTC_Bcd2ToByte	0	static
stm32l4xx_hal_rtc.c:944:19:HAL_RTC_GetTime	16	static
stm32l4xx_hal_rtc.c:1101:19:HAL_RTC_GetDate	16	static
stm32l4xx_hal_rtc.c:1620:19:HAL_RTC_GetAlarm	8	static
