main.c:335:6:SystemClock_Config	248	static
main.c:397:5:_write	8	static
main.c:414:6:HAL_TIM_PeriodElapsedCallback	0	static
main.c:419:6:ADC_Init	0	static
main.c:426:6:READ_BATTERY_VOLTAGE	8	static
main.c:432:10:est_negatif	0	static
main.c:439:10:concatenate	0	static
main.c:444:10:div8	0	static
main.c:449:10:div2	0	static
main.c:453:6:Who_am_i	24	static
main.c:458:6:Register	32	static
main.c:284:5:main	8	static
main.c:471:6:temperature_IKSO1A2	56	static
main.c:508:6:humidity_IKSO1A2	56	static
main.c:531:6:pressure_IKSO1A2	56	static
main.c:402:6:HAL_ADC_ConvCpltCallback	8	static
main.c:550:6:INIT_MAGNETO_LSM6DSL	24	static
main.c:554:6:MAGNETO_LSM6DSL	48	static
main.c:576:6:INIT_ACCELERO_LSM6DSL	24	static
main.c:580:6:ACCELERO_LSM6DSL	48	static
main.c:604:6:Error_Handler	0	static
