bsp_driver_sd.c:72:9:BSP_SD_Init	16	static
bsp_driver_sd.c:93:9:BSP_SD_ITConfig	0	static
bsp_driver_sd.c:113:13:BSP_SD_DetectCallback	0	static
bsp_driver_sd.c:103:6:BSP_SD_DetectIT	8	static
bsp_driver_sd.c:132:9:BSP_SD_ReadBlocks	16	static
bsp_driver_sd.c:155:9:BSP_SD_WriteBlocks	16	static
bsp_driver_sd.c:177:9:BSP_SD_ReadBlocks_DMA	8	static
bsp_driver_sd.c:200:9:BSP_SD_WriteBlocks_DMA	8	static
bsp_driver_sd.c:222:9:BSP_SD_Erase	8	static
bsp_driver_sd.c:246:9:BSP_SD_GetCardState	8	static
bsp_driver_sd.c:256:6:BSP_SD_GetCardInfo	0	static
bsp_driver_sd.c:300:13:BSP_SD_AbortCallback	0	static
bsp_driver_sd.c:270:6:HAL_SD_AbortCallback	8	static
bsp_driver_sd.c:309:13:BSP_SD_WriteCpltCallback	0	static
bsp_driver_sd.c:280:6:HAL_SD_TxCpltCallback	8	static
bsp_driver_sd.c:318:13:BSP_SD_ReadCpltCallback	0	static
bsp_driver_sd.c:290:6:HAL_SD_RxCpltCallback	8	static
bsp_driver_sd.c:330:9:BSP_SD_IsDetected	8	static
