SENSORS_V6.h:184:10:est_negatif	0	static
SENSORS_V6.h:194:6:TEMP_HUM_init	24	static
SENSORS_V6.h:201:6:PRES_init	32	static
SENSORS_V6.h:212:6:MAGN_init	24	static
SENSORS_V6.h:219:6:DMA_init	0	static
SENSORS_V6.h:230:6:get_TEMP	56	static
SENSORS_V6.h:272:6:get_HUM	56	static
SENSORS_V6.h:296:6:get_PRES	56	static
SENSORS_V6.h:316:6:get_MAGN	48	static
SENSORS_V6.h:341:6:get_ADC	8	static
SENSORS_V6.h:357:6:SD_SENSORS	40	static
gps.h:51:11:CONV_CHAR32	8	static
gps.h:100:5:lora_test	32	static
gps.h:118:11:GPS_GETPOS	1528	static
main.c:177:6:SystemClock_Config	248	static
main.c:106:5:main	24	static
main.c:247:6:Error_Handler	0	static
