SENSORS_V6.h:178:10:est_negatif	0	static
SENSORS_V6.h:188:6:TEMP_HUM_init	24	static
SENSORS_V6.h:195:6:PRES_init	32	static
SENSORS_V6.h:206:6:MAGN_init	24	static
SENSORS_V6.h:213:6:GAS_Init	0	static
SENSORS_V6.h:223:6:get_TEMP	56	static
SENSORS_V6.h:265:6:get_HUM	56	static
SENSORS_V6.h:289:6:get_PRES	56	static
SENSORS_V6.h:309:6:get_MAGN	48	static
SENSORS_V6.h:334:6:get_GAS	8	static
SENSORS_V6.h:343:6:SD_SENSORS	32	static
gps.h:51:11:CONV_CHAR32	8	static
gps.h:100:5:lora_test	32	static
gps.h:118:11:GPS_GETPOS	1528	static
main.c:174:6:SystemClock_Config	248	static
main.c:105:5:main	24	static
main.c:244:6:Error_Handler	0	static
