SENSORS_V6.h:190:10:est_negatif	0	static
SENSORS_V6.h:200:6:TEMP_HUM_init	32	static
SENSORS_V6.h:208:6:PRES_init	32	static
SENSORS_V6.h:219:6:MAGN_init	24	static
SENSORS_V6.h:226:6:DMA_init	0	static
SENSORS_V6.h:237:6:get_TEMP	56	static
SENSORS_V6.h:279:6:get_HUM	56	static
SENSORS_V6.h:310:6:get_PRES	56	static
SENSORS_V6.h:330:6:get_MAGN	48	static
SENSORS_V6.h:355:6:get_ADC	8	static
SENSORS_V6.h:371:6:SD_SENSORS	40	static
gps.h:26:11:CONV_CHAR32	8	static
gps.h:77:11:GPS_GETPOS	1288	static
lora_fonction.h:30:11:CONV_CHAR	8	static
lora_fonction.h:40:9:LORA_AT_SET	272	static
lora_fonction.h:62:6:LORA_AT_GET	272	static
lora_fonction.h:86:6:LORA_AT_ATZ	32	static
lora_fonction.h:105:6:LORA_AT_JSDA	40	static
lora_fonction.h:122:9:LORA_AT_JOIN_SET	40	static
lora_fonction.h:133:6:LORA_AT_SEND	416	static
main.c:374:6:SystemClock_Config	248	static
main.c:145:5:main	200	static
main.c:445:6:HAL_RTC_AlarmAEventCallback	0	static
main.c:460:6:Error_Handler	0	static
