SENSORS_V6.h:188:10:is_negative	0	static
SENSORS_V6.h:199:6:TEMP_HUM_init	24	static
SENSORS_V6.h:207:6:PRES_init	32	static
SENSORS_V6.h:219:6:MAGN_init	24	static
SENSORS_V6.h:227:6:DMA_init	0	static
SENSORS_V6.h:239:6:get_TEMP	56	static
SENSORS_V6.h:284:6:get_HUM	56	static
SENSORS_V6.h:308:6:get_PRES	56	static
SENSORS_V6.h:328:6:get_MAGN	48	static
SENSORS_V6.h:355:6:get_ADC	8	static
SENSORS_V6.h:372:6:SD_SENSORS	40	static
gps.h:26:11:CONV_CHAR32	8	static
gps.h:77:11:GPS_GETPOS	1288	static
lora_fonction.h:30:11:CONV_CHAR	8	static
lora_fonction.h:40:9:LORA_AT_SET	272	static
lora_fonction.h:62:6:LORA_AT_GET	272	static
lora_fonction.h:78:6:LORA_AT_ATZ	32	static
lora_fonction.h:97:6:LORA_AT_JSDA	40	static
lora_fonction.h:114:9:LORA_AT_JOIN_SET	40	static
lora_fonction.h:125:6:LORA_AT_SEND	344	static
main.c:257:6:SystemClock_Config	248	static
main.c:118:5:main	40	static
main.c:328:6:Error_Handler	0	static
