lora_fonction.h:47:13:UART_EndRxTransfer.constprop	0	static
lora_fonction.h:26:13:UART_EndTxTransfer.constprop	0	static
I2C_stack.h:124:10:est_negatif	0	static
I2C_stack.h:134:6:TEMPandHUM_init	24	static
I2C_stack.h:141:6:PRES_init	32	static
I2C_stack.h:152:6:get_TEMP	56	static
I2C_stack.h:191:6:get_HUM	56	static
I2C_stack.h:215:6:get_PRES	56	static
I2C_stack.h:235:11:TEMP_CHAR	8	static
lora_fonction.h:77:6:LORA_AT_AK_SET	48	dynamic
lora_fonction.h:100:6:LORA_AT_APPEUI_SET	48	dynamic
lora_fonction.h:121:6:LORA_AT_ASK_SET	48	dynamic
lora_fonction.h:143:6:LORA_AT_NSK_SET	48	dynamic
lora_fonction.h:164:6:LORA_AT_CLASS_SET	48	dynamic
lora_fonction.h:185:6:LORA_AT_DC_SET	48	dynamic
lora_fonction.h:207:6:LORA_AT_DR_SET	48	dynamic
lora_fonction.h:283:6:LORA_AT_AK_GET	72	static
lora_fonction.h:298:6:LORA_AT_APPEUI_GET	56	static
lora_fonction.h:313:6:LORA_AT_ASK_GET	80	static
lora_fonction.h:329:6:LORA_AT_NSK_GET	80	static
lora_fonction.h:345:6:LORA_AT_CLASS_GET	32	static
lora_fonction.h:360:6:LORA_AT_DR_GET	24	static
lora_fonction.h:375:6:LORA_AT_DC_GET	24	static
lora_fonction.h:390:6:LORA_AT_EUI_GET	56	static
lora_fonction.h:429:6:LORA_AT_ATZ	24	static
lora_fonction.h:450:6:LORA_AT_JSDA	32	static
lora_fonction.h:477:6:LORA_AT_JOIN_SET	48	dynamic
lora_fonction.h:499:6:LORA_AT_SEND	56	dynamic
main.c:237:6:SystemClock_Config	232	static
main.c:116:5:main	16	static
main.c:315:6:_Error_Handler	0	static
