stm32l4xx_ll_adc.h:4659:22:LL_ADC_SetChannelSamplingTime	12	static
stm32l4xx_ll_adc.h:5020:22:LL_ADC_SetAnalogWDMonitChannels	12	static
stm32l4xx_ll_adc.h:5988:26:LL_ADC_IsEnabled	0	static
stm32l4xx_ll_adc.h:6110:26:LL_ADC_REG_IsConversionOngoing	0	static
stm32l4xx_hal_adc.c:925:13:HAL_ADC_MspInit	0	static
stm32l4xx_hal_adc.c:418:19:HAL_ADC_Init	24	static
stm32l4xx_hal_adc.c:942:13:HAL_ADC_MspDeInit	0	static
stm32l4xx_hal_adc.c:1420:19:HAL_ADC_PollForConversion	24	static
stm32l4xx_hal_adc.c:1599:19:HAL_ADC_PollForEvent	24	static
stm32l4xx_hal_adc.c:2230:10:HAL_ADC_GetValue	0	static
stm32l4xx_hal_adc.c:2617:13:HAL_ADC_ConvCpltCallback	0	static
stm32l4xx_hal_adc.c:2632:13:HAL_ADC_ConvHalfCpltCallback	0	static
stm32l4xx_hal_adc.c:3577:6:ADC_DMAHalfConvCplt	8	static
stm32l4xx_hal_adc.c:2647:13:HAL_ADC_LevelOutOfWindowCallback	0	static
stm32l4xx_hal_adc.c:2669:13:HAL_ADC_ErrorCallback	0	static
stm32l4xx_hal_adc.c:2247:6:HAL_ADC_IRQHandler	24	static
stm32l4xx_hal_adc.c:3499:6:ADC_DMAConvCplt	8	static
stm32l4xx_hal_adc.c:3595:6:ADC_DMAError	8	static
stm32l4xx_hal_adc.c:2715:19:HAL_ADC_ConfigChannel	32	static
stm32l4xx_hal_adc.c:2951:19:HAL_ADC_AnalogWDGConfig	24	static
stm32l4xx_hal_adc.c:3200:10:HAL_ADC_GetState	0	static
stm32l4xx_hal_adc.c:3214:10:HAL_ADC_GetError	0	static
stm32l4xx_hal_adc.c:3244:19:ADC_ConversionStop	16	static
stm32l4xx_hal_adc.c:3374:19:ADC_Enable	16	static
stm32l4xx_hal_adc.c:1231:19:HAL_ADC_Start	16	static
stm32l4xx_hal_adc.c:1744:19:HAL_ADC_Start_IT	16	static
stm32l4xx_hal_adc.c:2004:19:HAL_ADC_Start_DMA	24	static
stm32l4xx_hal_adc.c:3441:19:ADC_Disable	16	static
stm32l4xx_hal_adc.c:723:19:HAL_ADC_DeInit	16	static
stm32l4xx_hal_adc.c:1366:19:HAL_ADC_Stop	8	static
stm32l4xx_hal_adc.c:1951:19:HAL_ADC_Stop_IT	8	static
stm32l4xx_hal_adc.c:2145:19:HAL_ADC_Stop_DMA	16	static
