Archive member included to satisfy reference by file (symbol)

c:/program files (x86)/atollic/truestudio for stm32 9.0.1/armtools/bin/../lib/gcc/arm-atollic-eabi/6.3.1/../../../../arm-atollic-eabi/lib/armv7e-m/fpu\libc_nano.a(lib_a-init.o)
                              startup\startup_stm32l476xx.o (__libc_init_array)
c:/program files (x86)/atollic/truestudio for stm32 9.0.1/armtools/bin/../lib/gcc/arm-atollic-eabi/6.3.1/../../../../arm-atollic-eabi/lib/armv7e-m/fpu\libc_nano.a(lib_a-memset.o)
                              Src\main.o (memset)
c:/program files (x86)/atollic/truestudio for stm32 9.0.1/armtools/bin/../lib/gcc/arm-atollic-eabi/6.3.1/armv7e-m/fpu\libgcc.a(_aeabi_uldivmod.o)
                              Drivers\STM32L4xx_HAL_Driver\Src\stm32l4xx_hal_uart.o (__aeabi_uldivmod)
c:/program files (x86)/atollic/truestudio for stm32 9.0.1/armtools/bin/../lib/gcc/arm-atollic-eabi/6.3.1/armv7e-m/fpu\libgcc.a(_udivmoddi4.o)
                              c:/program files (x86)/atollic/truestudio for stm32 9.0.1/armtools/bin/../lib/gcc/arm-atollic-eabi/6.3.1/armv7e-m/fpu\libgcc.a(_aeabi_uldivmod.o) (__udivmoddi4)
c:/program files (x86)/atollic/truestudio for stm32 9.0.1/armtools/bin/../lib/gcc/arm-atollic-eabi/6.3.1/armv7e-m/fpu\libgcc.a(_dvmd_tls.o)
                              c:/program files (x86)/atollic/truestudio for stm32 9.0.1/armtools/bin/../lib/gcc/arm-atollic-eabi/6.3.1/armv7e-m/fpu\libgcc.a(_aeabi_uldivmod.o) (__aeabi_ldiv0)

Allocating common symbols
Common symbol       size              file

magn16              0x2               Src\main.o
T1_msb              0x1               Src\main.o
H1_T0_OUT_L         0x1               Src\main.o
T0_L                0x1               Src\main.o
H1_rH               0x2               Src\main.o
T_OUT_L             0x1               Src\main.o
magnZ16             0x2               Src\main.o
Z_LI_L              0x1               Src\main.o
T1_H                0x1               Src\main.o
Y_LI_H              0x1               Src\main.o
H1_T0_OUT_H         0x1               Src\main.o
H_OUT               0x2               Src\main.o
H0_T0_OUT_L         0x1               Src\main.o
accelZ16            0x2               Src\main.o
T1_degC_DIV8        0x2               Src\main.o
hi2c1               0x4c              Src\main.o
H0_rH               0x2               Src\main.o
accelY16            0x2               Src\main.o
REF_P_XL            0x1               Src\main.o
OUTX_L_REG_M        0x1               Src\main.o
Z_LI_H              0x1               Src\main.o
pres32              0x4               Src\main.o
REF_P_H             0x1               Src\main.o
magnX16             0x2               Src\main.o
uwTick              0x4               Drivers\STM32L4xx_HAL_Driver\Src\stm32l4xx_hal.o
T1_L                0x1               Src\main.o
T0_degC             0x2               Src\main.o
T1_degC_x8          0x1               Src\main.o
T0_degC_x8          0x1               Src\main.o
PRES_OUT_L          0x1               Src\main.o
OUTX_H_REG_M        0x1               Src\main.o
T0_H                0x1               Src\main.o
REF_P_L             0x1               Src\main.o
T1_degC             0x2               Src\main.o
Y_LI_L              0x1               Src\main.o
X_LI_H              0x1               Src\main.o
T0_OUT              0x2               Src\main.o
T0_T1_msb           0x1               Src\main.o
temp16              0x2               Src\main.o
T0_msb              0x1               Src\main.o
PRES_x4096          0x4               Src\main.o
H0                  0x2               Src\main.o
magnY16             0x2               Src\main.o
T_OUT_H             0x1               Src\main.o
OUTZ_H_REG_M        0x1               Src\main.o
T1_OUT              0x2               Src\main.o
H1_rH_x2            0x1               Src\main.o
HUM_H               0x1               Src\main.o
X_LI_L              0x1               Src\main.o
H0_T0_OUT_H         0x1               Src\main.o
T0_degC_DIV8        0x2               Src\main.o
H0_rH_x2            0x1               Src\main.o
PRES_OUT_H          0x1               Src\main.o
T_OUT               0x2               Src\main.o
hum16               0x2               Src\main.o
huart2              0x78              Src\main.o
OUTY_L_REG_M        0x1               Src\main.o
REF_P_x4096         0x4               Src\main.o
accelX16            0x2               Src\main.o
OUTY_H_REG_M        0x1               Src\main.o
HUM_L               0x1               Src\main.o
PRES_OUT_XL         0x1               Src\main.o
H1                  0x2               Src\main.o
OUTZ_L_REG_M        0x1               Src\main.o

Discarded input sections

 .text          0x00000000        0x0 c:/program files (x86)/atollic/truestudio for stm32 9.0.1/armtools/bin/../lib/gcc/arm-atollic-eabi/6.3.1/armv7e-m/fpu/crti.o
[...]
Memory Configuration

Name             Origin             Length             Attributes
RAM              0x20000000         0x00018000         xrw
RAM2             0x10000000         0x00008000         xrw
FLASH            0x08000000         0x00100000         xr
*default*        0x00000000         0xffffffff

Linker script and memory map

LOAD c:/program files (x86)/atollic/truestudio for stm32 9.0.1/armtools/bin/../lib/gcc/arm-atollic-eabi/6.3.1/armv7e-m/fpu/crti.o
LOAD c:/program files (x86)/atollic/truestudio for stm32 9.0.1/armtools/bin/../lib/gcc/arm-atollic-eabi/6.3.1/armv7e-m/fpu/crtbegin.o
LOAD Drivers\STM32L4xx_HAL_Driver\Src\stm32l4xx_hal.o
LOAD Drivers\STM32L4xx_HAL_Driver\Src\stm32l4xx_hal_cortex.o
LOAD Drivers\STM32L4xx_HAL_Driver\Src\stm32l4xx_hal_dma.o
LOAD Drivers\STM32L4xx_HAL_Driver\Src\stm32l4xx_hal_dma_ex.o
LOAD Drivers\STM32L4xx_HAL_Driver\Src\stm32l4xx_hal_flash.o
LOAD Drivers\STM32L4xx_HAL_Driver\Src\stm32l4xx_hal_flash_ex.o
LOAD Drivers\STM32L4xx_HAL_Driver\Src\stm32l4xx_hal_flash_ramfunc.o
LOAD Drivers\STM32L4xx_HAL_Driver\Src\stm32l4xx_hal_gpio.o
LOAD Drivers\STM32L4xx_HAL_Driver\Src\stm32l4xx_hal_i2c.o
LOAD Drivers\STM32L4xx_HAL_Driver\Src\stm32l4xx_hal_i2c_ex.o
LOAD Drivers\STM32L4xx_HAL_Driver\Src\stm32l4xx_hal_pwr.o
LOAD Drivers\STM32L4xx_HAL_Driver\Src\stm32l4xx_hal_pwr_ex.o
LOAD Drivers\STM32L4xx_HAL_Driver\Src\stm32l4xx_hal_rcc.o
LOAD Drivers\STM32L4xx_HAL_Driver\Src\stm32l4xx_hal_rcc_ex.o
LOAD Drivers\STM32L4xx_HAL_Driver\Src\stm32l4xx_hal_tim.o
LOAD Drivers\STM32L4xx_HAL_Driver\Src\stm32l4xx_hal_tim_ex.o
LOAD Drivers\STM32L4xx_HAL_Driver\Src\stm32l4xx_hal_uart.o
LOAD Drivers\STM32L4xx_HAL_Driver\Src\stm32l4xx_hal_uart_ex.o
LOAD Src\main.o
LOAD Src\stm32l4xx_hal_msp.o
LOAD Src\stm32l4xx_it.o
LOAD Src\system_stm32l4xx.o
LOAD startup\startup_stm32l476xx.o
                0x00000080                malloc_getpagesize_P = 0x80
START GROUP
LOAD c:/program files (x86)/atollic/truestudio for stm32 9.0.1/armtools/bin/../lib/gcc/arm-atollic-eabi/6.3.1/../../../../arm-atollic-eabi/lib/armv7e-m/fpu\libc_nano.a
LOAD c:/program files (x86)/atollic/truestudio for stm32 9.0.1/armtools/bin/../lib/gcc/arm-atollic-eabi/6.3.1/../../../../arm-atollic-eabi/lib/armv7e-m/fpu\libm.a
END GROUP
START GROUP
LOAD c:/program files (x86)/atollic/truestudio for stm32 9.0.1/armtools/bin/../lib/gcc/arm-atollic-eabi/6.3.1/armv7e-m/fpu\libgcc.a
LOAD c:/program files (x86)/atollic/truestudio for stm32 9.0.1/armtools/bin/../lib/gcc/arm-atollic-eabi/6.3.1/../../../../arm-atollic-eabi/lib/armv7e-m/fpu\libc_nano.a
END GROUP
START GROUP
LOAD c:/program files (x86)/atollic/truestudio for stm32 9.0.1/armtools/bin/../lib/gcc/arm-atollic-eabi/6.3.1/armv7e-m/fpu\libgcc.a
LOAD c:/program files (x86)/atollic/truestudio for stm32 9.0.1/armtools/bin/../lib/gcc/arm-atollic-eabi/6.3.1/../../../../arm-atollic-eabi/lib/armv7e-m/fpu\libc_nano.a
LOAD c:/program files (x86)/atollic/truestudio for stm32 9.0.1/armtools/bin/../lib/gcc/arm-atollic-eabi/6.3.1/../../../../arm-atollic-eabi/lib/armv7e-m/fpu\libnosys.a
END GROUP
START GROUP
LOAD c:/program files (x86)/atollic/truestudio for stm32 9.0.1/armtools/bin/../lib/gcc/arm-atollic-eabi/6.3.1/armv7e-m/fpu\libgcc.a
LOAD c:/program files (x86)/atollic/truestudio for stm32 9.0.1/armtools/bin/../lib/gcc/arm-atollic-eabi/6.3.1/../../../../arm-atollic-eabi/lib/armv7e-m/fpu\libc_nano.a
LOAD c:/program files (x86)/atollic/truestudio for stm32 9.0.1/armtools/bin/../lib/gcc/arm-atollic-eabi/6.3.1/../../../../arm-atollic-eabi/lib/armv7e-m/fpu\libnosys.a
END GROUP
LOAD c:/program files (x86)/atollic/truestudio for stm32 9.0.1/armtools/bin/../lib/gcc/arm-atollic-eabi/6.3.1/armv7e-m/fpu/crtend.o
LOAD c:/program files (x86)/atollic/truestudio for stm32 9.0.1/armtools/bin/../lib/gcc/arm-atollic-eabi/6.3.1/armv7e-m/fpu/crtn.o
                0x20018000                _estack = 0x20018000
                0x00000200                _Min_Heap_Size = 0x200
                0x00000400                _Min_Stack_Size = 0x400

.isr_vector     0x08000000      0x188
                0x08000000                . = ALIGN (0x4)
 *(.isr_vector)
 .isr_vector    0x08000000      0x188 startup\startup_stm32l476xx.o
                0x08000000                g_pfnVectors
                0x08000188                . = ALIGN (0x4)

.text           0x08000188     0x2b58
                0x08000188                . = ALIGN (0x4)
 *(.text)
 .text          0x08000188       0x40 c:/program files (x86)/atollic/truestudio for stm32 9.0.1/armtools/bin/../lib/gcc/arm-atollic-eabi/6.3.1/armv7e-m/fpu/crtbegin.o
 .text          0x080001c8       0x30 c:/program files (x86)/atollic/truestudio for stm32 9.0.1/armtools/bin/../lib/gcc/arm-atollic-eabi/6.3.1/armv7e-m/fpu\libgcc.a(_aeabi_uldivmod.o)
                0x080001c8                __aeabi_uldivmod
 .text          0x080001f8      0x2dc c:/program files (x86)/atollic/truestudio for stm32 9.0.1/armtools/bin/../lib/gcc/arm-atollic-eabi/6.3.1/armv7e-m/fpu\libgcc.a(_udivmoddi4.o)
                0x080001f8                __udivmoddi4
 .text          0x080004d4        0x4 c:/program files (x86)/atollic/truestudio for stm32 9.0.1/armtools/bin/../lib/gcc/arm-atollic-eabi/6.3.1/armv7e-m/fpu\libgcc.a(_dvmd_tls.o)
                0x080004d4                __aeabi_idiv0
                0x080004d4                __aeabi_ldiv0
 *(.text*)
 .text.HAL_InitTick
                0x080004d8       0x30 Drivers\STM32L4xx_HAL_Driver\Src\stm32l4xx_hal.o
                0x080004d8                HAL_InitTick
 .text.HAL_Init
                0x08000508       0x2c Drivers\STM32L4xx_HAL_Driver\Src\stm32l4xx_hal.o
                0x08000508                HAL_Init
 .text.HAL_IncTick
                0x08000534       0x10 Drivers\STM32L4xx_HAL_Driver\Src\stm32l4xx_hal.o
                0x08000534                HAL_IncTick
 .text.HAL_GetTick
                0x08000544        0xc Drivers\STM32L4xx_HAL_Driver\Src\stm32l4xx_hal.o
                0x08000544                HAL_GetTick
 .text.HAL_NVIC_SetPriorityGrouping
                0x08000550       0x24 Drivers\STM32L4xx_HAL_Driver\Src\stm32l4xx_hal_cortex.o
                0x08000550                HAL_NVIC_SetPriorityGrouping
 .text.HAL_NVIC_SetPriority
                0x08000574       0x68 Drivers\STM32L4xx_HAL_Driver\Src\stm32l4xx_hal_cortex.o
                0x08000574                HAL_NVIC_SetPriority
 .text.HAL_SYSTICK_Config
                0x080005dc       0x2c Drivers\STM32L4xx_HAL_Driver\Src\stm32l4xx_hal_cortex.o
                0x080005dc                HAL_SYSTICK_Config
 .text.HAL_GPIO_Init
                0x08000608      0x1b8 Drivers\STM32L4xx_HAL_Driver\Src\stm32l4xx_hal_gpio.o
                0x08000608                HAL_GPIO_Init
 .text.HAL_GPIO_WritePin
                0x080007c0        0xa Drivers\STM32L4xx_HAL_Driver\Src\stm32l4xx_hal_gpio.o
                0x080007c0                HAL_GPIO_WritePin
 .text.I2C_Flush_TXDR
                0x080007ca       0x1c Drivers\STM32L4xx_HAL_Driver\Src\stm32l4xx_hal_i2c.o
 .text.I2C_TransferConfig
                0x080007e6       0x34 Drivers\STM32L4xx_HAL_Driver\Src\stm32l4xx_hal_i2c.o
 .text.I2C_WaitOnFlagUntilTimeout
                0x0800081a       0x56 Drivers\STM32L4xx_HAL_Driver\Src\stm32l4xx_hal_i2c.o
 .text.I2C_IsAcknowledgeFailed
                0x08000870       0x7a Drivers\STM32L4xx_HAL_Driver\Src\stm32l4xx_hal_i2c.o
 .text.I2C_WaitOnTXISFlagUntilTimeout
                0x080008ea       0x4e Drivers\STM32L4xx_HAL_Driver\Src\stm32l4xx_hal_i2c.o
 .text.I2C_RequestMemoryWrite
                0x08000938       0x64 Drivers\STM32L4xx_HAL_Driver\Src\stm32l4xx_hal_i2c.o
 .text.I2C_RequestMemoryRead
                0x0800099c       0x64 Drivers\STM32L4xx_HAL_Driver\Src\stm32l4xx_hal_i2c.o
 .text.I2C_WaitOnSTOPFlagUntilTimeout
                0x08000a00       0x4a Drivers\STM32L4xx_HAL_Driver\Src\stm32l4xx_hal_i2c.o
 .text.HAL_I2C_Init
                0x08000a4a       0xa2 Drivers\STM32L4xx_HAL_Driver\Src\stm32l4xx_hal_i2c.o
                0x08000a4a                HAL_I2C_Init
 .text.HAL_I2C_Mem_Write
                0x08000aec      0x16e Drivers\STM32L4xx_HAL_Driver\Src\stm32l4xx_hal_i2c.o
                0x08000aec                HAL_I2C_Mem_Write
 *fill*         0x08000c5a        0x2 
 .text.HAL_I2C_Mem_Read
                0x08000c5c      0x17c Drivers\STM32L4xx_HAL_Driver\Src\stm32l4xx_hal_i2c.o
                0x08000c5c                HAL_I2C_Mem_Read
 .text.HAL_I2CEx_ConfigAnalogFilter
                0x08000dd8       0x4c Drivers\STM32L4xx_HAL_Driver\Src\stm32l4xx_hal_i2c_ex.o
                0x08000dd8                HAL_I2CEx_ConfigAnalogFilter
 .text.HAL_I2CEx_ConfigDigitalFilter
                0x08000e24       0x4a Drivers\STM32L4xx_HAL_Driver\Src\stm32l4xx_hal_i2c_ex.o
                0x08000e24                HAL_I2CEx_ConfigDigitalFilter
 *fill*         0x08000e6e        0x2 
 .text.HAL_PWREx_GetVoltageRange
                0x08000e70       0x10 Drivers\STM32L4xx_HAL_Driver\Src\stm32l4xx_hal_pwr_ex.o
                0x08000e70                HAL_PWREx_GetVoltageRange
 .text.HAL_PWREx_ControlVoltageScaling
                0x08000e80       0x6c Drivers\STM32L4xx_HAL_Driver\Src\stm32l4xx_hal_pwr_ex.o
                0x08000e80                HAL_PWREx_ControlVoltageScaling
 .text.RCC_SetFlashLatencyFromMSIRange
                0x08000eec       0x84 Drivers\STM32L4xx_HAL_Driver\Src\stm32l4xx_hal_rcc.o
 .text.HAL_RCC_GetSysClockFreq
                0x08000f70       0xa8 Drivers\STM32L4xx_HAL_Driver\Src\stm32l4xx_hal_rcc.o
                0x08000f70                HAL_RCC_GetSysClockFreq
 .text.HAL_RCC_OscConfig
                0x08001018      0x44c Drivers\STM32L4xx_HAL_Driver\Src\stm32l4xx_hal_rcc.o
                0x08001018                HAL_RCC_OscConfig
 .text.HAL_RCC_ClockConfig
                0x08001464      0x124 Drivers\STM32L4xx_HAL_Driver\Src\stm32l4xx_hal_rcc.o
                0x08001464                HAL_RCC_ClockConfig
 .text.HAL_RCC_GetPCLK1Freq
                0x08001588       0x24 Drivers\STM32L4xx_HAL_Driver\Src\stm32l4xx_hal_rcc.o
                0x08001588                HAL_RCC_GetPCLK1Freq
 .text.HAL_RCC_GetPCLK2Freq
                0x080015ac       0x24 Drivers\STM32L4xx_HAL_Driver\Src\stm32l4xx_hal_rcc.o
                0x080015ac                HAL_RCC_GetPCLK2Freq
 .text.RCCEx_PLLSAI1_Config
                0x080015d0      0x11c Drivers\STM32L4xx_HAL_Driver\Src\stm32l4xx_hal_rcc_ex.o
 .text.RCCEx_PLLSAI2_Config
                0x080016ec       0xfc Drivers\STM32L4xx_HAL_Driver\Src\stm32l4xx_hal_rcc_ex.o
 .text.HAL_RCCEx_PeriphCLKConfig
                0x080017e8      0x3d0 Drivers\STM32L4xx_HAL_Driver\Src\stm32l4xx_hal_rcc_ex.o
                0x080017e8                HAL_RCCEx_PeriphCLKConfig
 .text.UART_SetConfig
                0x08001bb8      0x330 Drivers\STM32L4xx_HAL_Driver\Src\stm32l4xx_hal_uart.o
                0x08001bb8                UART_SetConfig
 .text.UART_AdvFeatureConfig
                0x08001ee8       0xa8 Drivers\STM32L4xx_HAL_Driver\Src\stm32l4xx_hal_uart.o
                0x08001ee8                UART_AdvFeatureConfig
 .text.UART_WaitOnFlagUntilTimeout
                0x08001f90       0x62 Drivers\STM32L4xx_HAL_Driver\Src\stm32l4xx_hal_uart.o
                0x08001f90                UART_WaitOnFlagUntilTimeout
 .text.UART_CheckIdleState
                0x08001ff2       0x64 Drivers\STM32L4xx_HAL_Driver\Src\stm32l4xx_hal_uart.o
                0x08001ff2                UART_CheckIdleState
 .text.HAL_UART_Init
                0x08002056       0x64 Drivers\STM32L4xx_HAL_Driver\Src\stm32l4xx_hal_uart.o
                0x08002056                HAL_UART_Init
 *fill*         0x080020ba        0x2 
 .text.TEMP_HUM_init
                0x080020bc       0x30 Src\main.o
                0x080020bc                TEMP_HUM_init
 .text.PRES_init
                0x080020ec       0x6c Src\main.o
                0x080020ec                PRES_init
 .text.MAGN_init
                0x08002158       0x30 Src\main.o
                0x08002158                MAGN_init
 .text.ACCEL_init
                0x08002188       0x30 Src\main.o
                0x08002188                ACCEL_init
 .text.get_TEMP
                0x080021b8      0x234 Src\main.o
                0x080021b8                get_TEMP
 .text.get_HUM  0x080023ec      0x18c Src\main.o
                0x080023ec                get_HUM
 .text.get_PRES
                0x08002578      0x124 Src\main.o
                0x08002578                get_PRES
 .text.get_MAGN
                0x0800269c      0x148 Src\main.o
                0x0800269c                get_MAGN
 .text.get_ACCEL
                0x080027e4      0x130 Src\main.o
                0x080027e4                get_ACCEL
 .text.SystemClock_Config
                0x08002914       0x7a Src\main.o
                0x08002914                SystemClock_Config
 *fill*         0x0800298e        0x2 
 .text.startup.main
                0x08002990      0x130 Src\main.o
                0x08002990                main
 .text.HAL_MspInit
                0x08002ac0       0x30 Src\stm32l4xx_hal_msp.o
                0x08002ac0                HAL_MspInit
 .text.HAL_I2C_MspInit
                0x08002af0       0x6c Src\stm32l4xx_hal_msp.o
                0x08002af0                HAL_I2C_MspInit
 .text.HAL_UART_MspInit
                0x08002b5c       0x64 Src\stm32l4xx_hal_msp.o
                0x08002b5c                HAL_UART_MspInit
 .text.NMI_Handler
                0x08002bc0        0x2 Src\stm32l4xx_it.o
                0x08002bc0                NMI_Handler
 .text.HardFault_Handler
                0x08002bc2        0x2 Src\stm32l4xx_it.o
                0x08002bc2                HardFault_Handler
 .text.MemManage_Handler
                0x08002bc4        0x2 Src\stm32l4xx_it.o
                0x08002bc4                MemManage_Handler
 .text.BusFault_Handler
                0x08002bc6        0x2 Src\stm32l4xx_it.o
                0x08002bc6                BusFault_Handler
 .text.UsageFault_Handler
                0x08002bc8        0x2 Src\stm32l4xx_it.o
                0x08002bc8                UsageFault_Handler
 .text.SVC_Handler
                0x08002bca        0x2 Src\stm32l4xx_it.o
                0x08002bca                SVC_Handler
 .text.DebugMon_Handler
                0x08002bcc        0x2 Src\stm32l4xx_it.o
                0x08002bcc                DebugMon_Handler
 .text.PendSV_Handler
                0x08002bce        0x2 Src\stm32l4xx_it.o
                0x08002bce                PendSV_Handler
 .text.SysTick_Handler
                0x08002bd0        0x4 Src\stm32l4xx_it.o
                0x08002bd0                SysTick_Handler
 .text.SystemInit
                0x08002bd4       0x48 Src\system_stm32l4xx.o
                0x08002bd4                SystemInit
 .text.Reset_Handler
                0x08002c1c       0x50 startup\startup_stm32l476xx.o
                0x08002c1c                Reset_Handler
 .text.Default_Handler
                0x08002c6c        0x2 startup\startup_stm32l476xx.o
                0x08002c6c                RTC_Alarm_IRQHandler
                0x08002c6c                EXTI2_IRQHandler
                0x08002c6c                TIM8_TRG_COM_IRQHandler
                0x08002c6c                TIM8_CC_IRQHandler
                0x08002c6c                TIM1_CC_IRQHandler
                0x08002c6c                TSC_IRQHandler
                0x08002c6c                TAMP_STAMP_IRQHandler
                0x08002c6c                EXTI3_IRQHandler
                0x08002c6c                LPTIM2_IRQHandler
                0x08002c6c                DFSDM1_FLT1_IRQHandler
                0x08002c6c                I2C3_ER_IRQHandler
                0x08002c6c                DFSDM1_FLT2_IRQHandler
                0x08002c6c                EXTI0_IRQHandler
                0x08002c6c                I2C2_EV_IRQHandler
                0x08002c6c                CAN1_RX0_IRQHandler
                0x08002c6c                FPU_IRQHandler
                0x08002c6c                TIM1_UP_TIM16_IRQHandler
                0x08002c6c                ADC1_2_IRQHandler
                0x08002c6c                SPI1_IRQHandler
                0x08002c6c                TIM6_DAC_IRQHandler
                0x08002c6c                TIM8_UP_IRQHandler
                0x08002c6c                DMA2_Channel2_IRQHandler
                0x08002c6c                DMA1_Channel4_IRQHandler
                0x08002c6c                SAI2_IRQHandler
                0x08002c6c                DFSDM1_FLT3_IRQHandler
                0x08002c6c                USART3_IRQHandler
                0x08002c6c                DMA1_Channel7_IRQHandler
                0x08002c6c                CAN1_RX1_IRQHandler
                0x08002c6c                LCD_IRQHandler
                0x08002c6c                UART5_IRQHandler
                0x08002c6c                ADC3_IRQHandler
                0x08002c6c                TIM4_IRQHandler
                0x08002c6c                DMA2_Channel1_IRQHandler
                0x08002c6c                QUADSPI_IRQHandler
                0x08002c6c                I2C1_EV_IRQHandler
                0x08002c6c                DMA1_Channel6_IRQHandler
                0x08002c6c                UART4_IRQHandler
                0x08002c6c                DMA2_Channel4_IRQHandler
                0x08002c6c                TIM3_IRQHandler
                0x08002c6c                RCC_IRQHandler
                0x08002c6c                DMA1_Channel1_IRQHandler
                0x08002c6c                Default_Handler
                0x08002c6c                DMA2_Channel7_IRQHandler
                0x08002c6c                EXTI15_10_IRQHandler
                0x08002c6c                TIM7_IRQHandler
                0x08002c6c                SDMMC1_IRQHandler
                0x08002c6c                TIM5_IRQHandler
                0x08002c6c                I2C3_EV_IRQHandler
                0x08002c6c                EXTI9_5_IRQHandler
                0x08002c6c                RTC_WKUP_IRQHandler
                0x08002c6c                PVD_PVM_IRQHandler
                0x08002c6c                SPI2_IRQHandler
                0x08002c6c                CAN1_TX_IRQHandler
                0x08002c6c                DMA2_Channel5_IRQHandler
                0x08002c6c                DMA1_Channel5_IRQHandler
                0x08002c6c                EXTI4_IRQHandler
                0x08002c6c                RNG_IRQHandler
                0x08002c6c                TIM1_TRG_COM_TIM17_IRQHandler
                0x08002c6c                DMA1_Channel3_IRQHandler
                0x08002c6c                COMP_IRQHandler
                0x08002c6c                WWDG_IRQHandler
                0x08002c6c                LPUART1_IRQHandler
                0x08002c6c                DMA2_Channel6_IRQHandler
                0x08002c6c                TIM2_IRQHandler
                0x08002c6c                EXTI1_IRQHandler
                0x08002c6c                USART2_IRQHandler
                0x08002c6c                DFSDM1_FLT0_IRQHandler
                0x08002c6c                I2C2_ER_IRQHandler
                0x08002c6c                DMA1_Channel2_IRQHandler
                0x08002c6c                TIM8_BRK_IRQHandler
                0x08002c6c                CAN1_SCE_IRQHandler
                0x08002c6c                FLASH_IRQHandler
                0x08002c6c                USART1_IRQHandler
                0x08002c6c                OTG_FS_IRQHandler
                0x08002c6c                SPI3_IRQHandler
                0x08002c6c                I2C1_ER_IRQHandler
                0x08002c6c                FMC_IRQHandler
                0x08002c6c                SWPMI1_IRQHandler
                0x08002c6c                LPTIM1_IRQHandler
                0x08002c6c                SAI1_IRQHandler
                0x08002c6c                DMA2_Channel3_IRQHandler
                0x08002c6c                TIM1_BRK_TIM15_IRQHandler
 *fill*         0x08002c6e        0x2 
 .text.__libc_init_array
                0x08002c70       0x48 c:/program files (x86)/atollic/truestudio for stm32 9.0.1/armtools/bin/../lib/gcc/arm-atollic-eabi/6.3.1/../../../../arm-atollic-eabi/lib/armv7e-m/fpu\libc_nano.a(lib_a-init.o)
                0x08002c70                __libc_init_array
 .text.memset   0x08002cb8       0x10 c:/program files (x86)/atollic/truestudio for stm32 9.0.1/armtools/bin/../lib/gcc/arm-atollic-eabi/6.3.1/../../../../arm-atollic-eabi/lib/armv7e-m/fpu\libc_nano.a(lib_a-memset.o)
                0x08002cb8                memset
 *(.glue_7)
 .glue_7        0x08002cc8        0x0 linker stubs
 *(.glue_7t)
 .glue_7t       0x08002cc8        0x0 linker stubs
 *(.eh_frame)
 .eh_frame      0x08002cc8        0x0 c:/program files (x86)/atollic/truestudio for stm32 9.0.1/armtools/bin/../lib/gcc/arm-atollic-eabi/6.3.1/armv7e-m/fpu/crtbegin.o
 *(.init)
 .init          0x08002cc8        0x4 c:/program files (x86)/atollic/truestudio for stm32 9.0.1/armtools/bin/../lib/gcc/arm-atollic-eabi/6.3.1/armv7e-m/fpu/crti.o
                0x08002cc8                _init
 .init          0x08002ccc        0x8 c:/program files (x86)/atollic/truestudio for stm32 9.0.1/armtools/bin/../lib/gcc/arm-atollic-eabi/6.3.1/armv7e-m/fpu/crtn.o
 *(.fini)
 .fini          0x08002cd4        0x4 c:/program files (x86)/atollic/truestudio for stm32 9.0.1/armtools/bin/../lib/gcc/arm-atollic-eabi/6.3.1/armv7e-m/fpu/crti.o
                0x08002cd4                _fini
 .fini          0x08002cd8        0x8 c:/program files (x86)/atollic/truestudio for stm32 9.0.1/armtools/bin/../lib/gcc/arm-atollic-eabi/6.3.1/armv7e-m/fpu/crtn.o
                0x08002ce0                . = ALIGN (0x4)
                0x08002ce0                _etext = .

.vfp11_veneer   0x08002ce0        0x0
 .vfp11_veneer  0x08002ce0        0x0 linker stubs

.v4_bx          0x08002ce0        0x0
 .v4_bx         0x08002ce0        0x0 linker stubs

.iplt           0x08002ce0        0x0
 .iplt          0x08002ce0        0x0 c:/program files (x86)/atollic/truestudio for stm32 9.0.1/armtools/bin/../lib/gcc/arm-atollic-eabi/6.3.1/armv7e-m/fpu/crtbegin.o

.rodata         0x08002ce0       0x5c
                0x08002ce0                . = ALIGN (0x4)
 *(.rodata)
 *(.rodata*)
 .rodata.CSWTCH.51
                0x08002ce0        0x4 Drivers\STM32L4xx_HAL_Driver\Src\stm32l4xx_hal_uart.o
 .rodata.CSWTCH.52
                0x08002ce4        0xd Drivers\STM32L4xx_HAL_Driver\Src\stm32l4xx_hal_uart.o
 .rodata.AHBPrescTable
                0x08002cf1       0x10 Src\system_stm32l4xx.o
                0x08002cf1                AHBPrescTable
 .rodata.APBPrescTable
                0x08002d01        0x8 Src\system_stm32l4xx.o
                0x08002d01                APBPrescTable
 *fill*         0x08002d09        0x3 
 .rodata.MSIRangeTable
                0x08002d0c       0x30 Src\system_stm32l4xx.o
                0x08002d0c                MSIRangeTable
                0x08002d3c                . = ALIGN (0x4)

.ARM.extab
 *(.ARM.extab* .gnu.linkonce.armextab.*)

.ARM            0x08002d3c        0x8
                0x08002d3c                __exidx_start = .
 *(.ARM.exidx*)
 .ARM.exidx     0x08002d3c        0x8 c:/program files (x86)/atollic/truestudio for stm32 9.0.1/armtools/bin/../lib/gcc/arm-atollic-eabi/6.3.1/armv7e-m/fpu\libgcc.a(_udivmoddi4.o)
                0x08002d44                __exidx_end = .

.rel.dyn        0x08002d44        0x0
 .rel.iplt      0x08002d44        0x0 c:/program files (x86)/atollic/truestudio for stm32 9.0.1/armtools/bin/../lib/gcc/arm-atollic-eabi/6.3.1/armv7e-m/fpu/crtbegin.o

.preinit_array  0x08002d44        0x0
                0x08002d44                PROVIDE (__preinit_array_start, .)
 *(.preinit_array*)
                0x08002d44                PROVIDE (__preinit_array_end, .)

.init_array     0x08002d44        0x4
                0x08002d44                PROVIDE (__init_array_start, .)
 *(SORT(.init_array.*))
 *(.init_array*)
 .init_array    0x08002d44        0x4 c:/program files (x86)/atollic/truestudio for stm32 9.0.1/armtools/bin/../lib/gcc/arm-atollic-eabi/6.3.1/armv7e-m/fpu/crtbegin.o
                0x08002d48                PROVIDE (__init_array_end, .)

.fini_array     0x08002d48        0x4
                [!provide]                PROVIDE (__fini_array_start, .)
 *(SORT(.fini_array.*))
 *(.fini_array*)
 .fini_array    0x08002d48        0x4 c:/program files (x86)/atollic/truestudio for stm32 9.0.1/armtools/bin/../lib/gcc/arm-atollic-eabi/6.3.1/armv7e-m/fpu/crtbegin.o
                [!provide]                PROVIDE (__fini_array_end, .)
                0x08002d4c                _sidata = LOADADDR (.data)

.data           0x20000000       0x38 load address 0x08002d4c
                0x20000000                . = ALIGN (0x4)
                0x20000000                _sdata = .
 *(.data)
 *(.data*)
 .data.CFG_REG_A_M
                0x20000000        0x1 Src\main.o
                0x20000000                CFG_REG_A_M
 .data.CTRL_REG1_ACCEL
                0x20000001        0x1 Src\main.o
                0x20000001                CTRL_REG1_ACCEL
 .data.CTRL_REG1_PRES
                0x20000002        0x1 Src\main.o
                0x20000002                CTRL_REG1_PRES
 .data.CTRL_REG1_TEMP
                0x20000003        0x1 Src\main.o
                0x20000003                CTRL_REG1_TEMP
 .data.CTRL_REG2_PRES
                0x20000004        0x1 Src\main.o
                0x20000004                CTRL_REG2_PRES
 .data.INTERRUPT_CFG
                0x20000005        0x1 Src\main.o
                0x20000005                INTERRUPT_CFG
 .data.addr_CFG_REG_A_M
                0x20000006        0x1 Src\main.o
                0x20000006                addr_CFG_REG_A_M
 .data.addr_CTRL_REG1_ACCEL
                0x20000007        0x1 Src\main.o
                0x20000007                addr_CTRL_REG1_ACCEL
 .data.addr_CTRL_REG1_PRES
                0x20000008        0x1 Src\main.o
                0x20000008                addr_CTRL_REG1_PRES
 .data.addr_CTRL_REG1_TEMP
                0x20000009        0x1 Src\main.o
                0x20000009                addr_CTRL_REG1_TEMP
 .data.addr_CTRL_REG2_PRES
                0x2000000a        0x1 Src\main.o
                0x2000000a                addr_CTRL_REG2_PRES
 .data.addr_H0_T0_OUT_H
                0x2000000b        0x1 Src\main.o
                0x2000000b                addr_H0_T0_OUT_H
 .data.addr_H0_T0_OUT_L
                0x2000000c        0x1 Src\main.o
                0x2000000c                addr_H0_T0_OUT_L
 .data.addr_H0_rH_x2
                0x2000000d        0x1 Src\main.o
                0x2000000d                addr_H0_rH_x2
 .data.addr_H1_T0_OUT_H
                0x2000000e        0x1 Src\main.o
                0x2000000e                addr_H1_T0_OUT_H
 .data.addr_H1_T0_OUT_L
                0x2000000f        0x1 Src\main.o
                0x2000000f                addr_H1_T0_OUT_L
 .data.addr_H1_rH_x2
                0x20000010        0x1 Src\main.o
                0x20000010                addr_H1_rH_x2
 .data.addr_HUM_H
                0x20000011        0x1 Src\main.o
                0x20000011                addr_HUM_H
 .data.addr_HUM_L
                0x20000012        0x1 Src\main.o
                0x20000012                addr_HUM_L
 .data.addr_INTERRUPT_CFG
                0x20000013        0x1 Src\main.o
                0x20000013                addr_INTERRUPT_CFG
 .data.addr_OUTX_H_REG_M
                0x20000014        0x1 Src\main.o
                0x20000014                addr_OUTX_H_REG_M
 .data.addr_OUTX_L_REG_M
                0x20000015        0x1 Src\main.o
                0x20000015                addr_OUTX_L_REG_M
 .data.addr_OUTY_H_REG_M
                0x20000016        0x1 Src\main.o
                0x20000016                addr_OUTY_H_REG_M
 .data.addr_OUTY_L_REG_M
                0x20000017        0x1 Src\main.o
                0x20000017                addr_OUTY_L_REG_M
 .data.addr_OUTZ_H_REG_M
                0x20000018        0x1 Src\main.o
                0x20000018                addr_OUTZ_H_REG_M
 .data.addr_OUTZ_L_REG_M
                0x20000019        0x1 Src\main.o
                0x20000019                addr_OUTZ_L_REG_M
 .data.addr_PRES_OUT_H
                0x2000001a        0x1 Src\main.o
                0x2000001a                addr_PRES_OUT_H
 .data.addr_PRES_OUT_L
                0x2000001b        0x1 Src\main.o
                0x2000001b                addr_PRES_OUT_L
 .data.addr_PRES_OUT_XL
                0x2000001c        0x1 Src\main.o
                0x2000001c                addr_PRES_OUT_XL
 .data.addr_REF_P_H
                0x2000001d        0x1 Src\main.o
                0x2000001d                addr_REF_P_H
 .data.addr_REF_P_L
                0x2000001e        0x1 Src\main.o
                0x2000001e                addr_REF_P_L
 .data.addr_REF_P_XL
                0x2000001f        0x1 Src\main.o
                0x2000001f                addr_REF_P_XL
 .data.addr_T0_H
                0x20000020        0x1 Src\main.o
                0x20000020                addr_T0_H
 .data.addr_T0_L
                0x20000021        0x1 Src\main.o
                0x20000021                addr_T0_L
 .data.addr_T0_T1_msb
                0x20000022        0x1 Src\main.o
                0x20000022                addr_T0_T1_msb
 .data.addr_T0_degC_x8
                0x20000023        0x1 Src\main.o
                0x20000023                addr_T0_degC_x8
 .data.addr_T1_H
                0x20000024        0x1 Src\main.o
                0x20000024                addr_T1_H
 .data.addr_T1_L
                0x20000025        0x1 Src\main.o
                0x20000025                addr_T1_L
 .data.addr_T1_degC_x8
                0x20000026        0x1 Src\main.o
                0x20000026                addr_T1_degC_x8
 .data.addr_T_OUT_H
                0x20000027        0x1 Src\main.o
                0x20000027                addr_T_OUT_H
 .data.addr_T_OUT_L
                0x20000028        0x1 Src\main.o
                0x20000028                addr_T_OUT_L
 .data.addr_X_LI_H
                0x20000029        0x1 Src\main.o
                0x20000029                addr_X_LI_H
 .data.addr_X_LI_L
                0x2000002a        0x1 Src\main.o
                0x2000002a                addr_X_LI_L
 .data.addr_Y_LI_H
                0x2000002b        0x1 Src\main.o
                0x2000002b                addr_Y_LI_H
 .data.addr_Y_LI_L
                0x2000002c        0x1 Src\main.o
                0x2000002c                addr_Y_LI_L
 .data.addr_Z_LI_H
                0x2000002d        0x2 Src\main.o
                0x2000002d                addr_Z_LI_H
 .data.addr_Z_LI_L
                0x2000002f        0x2 Src\main.o
                0x2000002f                addr_Z_LI_L
 *fill*         0x20000031        0x3 
 .data.SystemCoreClock
                0x20000034        0x4 Src\system_stm32l4xx.o
                0x20000034                SystemCoreClock
                0x20000038                . = ALIGN (0x4)
                0x20000038                _edata = .

.igot.plt       0x20000038        0x0 load address 0x08002d84
 .igot.plt      0x20000038        0x0 c:/program files (x86)/atollic/truestudio for stm32 9.0.1/armtools/bin/../lib/gcc/arm-atollic-eabi/6.3.1/armv7e-m/fpu/crtbegin.o
                0x20000038                . = ALIGN (0x4)

.bss            0x20000038      0x150 load address 0x08002d84
                0x20000038                _sbss = .
                0x20000038                __bss_start__ = _sbss
 *(.bss)
 .bss           0x20000038       0x1c c:/program files (x86)/atollic/truestudio for stm32 9.0.1/armtools/bin/../lib/gcc/arm-atollic-eabi/6.3.1/armv7e-m/fpu/crtbegin.o
 *(.bss*)
 *(COMMON)
 COMMON         0x20000054        0x4 Drivers\STM32L4xx_HAL_Driver\Src\stm32l4xx_hal.o
                0x20000054                uwTick
 COMMON         0x20000058      0x12d Src\main.o
                0x20000058                magn16
                0x2000005a                T1_msb
                0x2000005b                H1_T0_OUT_L
                0x2000005c                T0_L
                0x2000005e                H1_rH
                0x20000060                T_OUT_L
                0x20000062                magnZ16
                0x20000064                Z_LI_L
                0x20000065                T1_H
                0x20000066                Y_LI_H
                0x20000067                H1_T0_OUT_H
                0x20000068                H_OUT
                0x2000006a                H0_T0_OUT_L
                0x2000006c                accelZ16
                0x2000006e                T1_degC_DIV8
                0x20000070                hi2c1
                0x200000bc                H0_rH
                0x200000be                accelY16
                0x200000c0                REF_P_XL
                0x200000c1                OUTX_L_REG_M
                0x200000c2                Z_LI_H
                0x200000c4                pres32
                0x200000c8                REF_P_H
                0x200000ca                magnX16
                0x200000cc                T1_L
                0x200000ce                T0_degC
                0x200000d0                T1_degC_x8
                0x200000d1                T0_degC_x8
                0x200000d2                PRES_OUT_L
                0x200000d3                OUTX_H_REG_M
                0x200000d4                T0_H
                0x200000d5                REF_P_L
                0x200000d6                T1_degC
                0x200000d8                Y_LI_L
                0x200000d9                X_LI_H
                0x200000da                T0_OUT
                0x200000dc                T0_T1_msb
                0x200000de                temp16
                0x200000e0                T0_msb
                0x200000e4                PRES_x4096
                0x200000e8                H0
                0x200000ea                magnY16
                0x200000ec                T_OUT_H
                0x200000ed                OUTZ_H_REG_M
                0x200000ee                T1_OUT
                0x200000f0                H1_rH_x2
                0x200000f1                HUM_H
                0x200000f2                X_LI_L
                0x200000f3                H0_T0_OUT_H
                0x200000f4                T0_degC_DIV8
                0x200000f6                H0_rH_x2
                0x200000f7                PRES_OUT_H
                0x200000f8                T_OUT
                0x200000fa                hum16
                0x200000fc                huart2
                0x20000174                OUTY_L_REG_M
                0x20000178                REF_P_x4096
                0x2000017c                accelX16
                0x2000017e                OUTY_H_REG_M
                0x2000017f                HUM_L
                0x20000180                PRES_OUT_XL
                0x20000182                H1
                0x20000184                OUTZ_L_REG_M
                0x20000188                . = ALIGN (0x4)
 *fill*         0x20000185        0x3 
                0x20000188                _ebss = .
                0x20000188                __bss_end__ = _ebss

._user_heap_stack
                0x20000188      0x600 load address 0x08002d84
                0x20000188                . = ALIGN (0x4)
                [!provide]                PROVIDE (end, .)
                [!provide]                PROVIDE (_end, .)
                0x20000388                . = (. + _Min_Heap_Size)
 *fill*         0x20000188      0x200 
                0x20000788                . = (. + _Min_Stack_Size)
 *fill*         0x20000388      0x400 
                0x20000788                . = ALIGN (0x4)

/DISCARD/
 libc.a(*)
 libm.a(*)
 libgcc.a(*)

.ARM.attributes
                0x00000000       0x30
 *(.ARM.attributes)
 .ARM.attributes
                0x00000000       0x22 c:/program files (x86)/atollic/truestudio for stm32 9.0.1/armtools/bin/../lib/gcc/arm-atollic-eabi/6.3.1/armv7e-m/fpu/crti.o
 .ARM.attributes
                0x00000022       0x34 c:/program files (x86)/atollic/truestudio for stm32 9.0.1/armtools/bin/../lib/gcc/arm-atollic-eabi/6.3.1/armv7e-m/fpu/crtbegin.o
 .ARM.attributes
                0x00000056       0x39 Drivers\STM32L4xx_HAL_Driver\Src\stm32l4xx_hal.o
 .ARM.attributes
                0x0000008f       0x39 Drivers\STM32L4xx_HAL_Driver\Src\stm32l4xx_hal_cortex.o
 .ARM.attributes
                0x000000c8       0x39 Drivers\STM32L4xx_HAL_Driver\Src\stm32l4xx_hal_gpio.o
 .ARM.attributes
                0x00000101       0x39 Drivers\STM32L4xx_HAL_Driver\Src\stm32l4xx_hal_i2c.o
 .ARM.attributes
                0x0000013a       0x39 Drivers\STM32L4xx_HAL_Driver\Src\stm32l4xx_hal_i2c_ex.o
 .ARM.attributes
                0x00000173       0x39 Drivers\STM32L4xx_HAL_Driver\Src\stm32l4xx_hal_pwr_ex.o
 .ARM.attributes
                0x000001ac       0x39 Drivers\STM32L4xx_HAL_Driver\Src\stm32l4xx_hal_rcc.o
 .ARM.attributes
                0x000001e5       0x39 Drivers\STM32L4xx_HAL_Driver\Src\stm32l4xx_hal_rcc_ex.o
 .ARM.attributes
                0x0000021e       0x39 Drivers\STM32L4xx_HAL_Driver\Src\stm32l4xx_hal_uart.o
 .ARM.attributes
                0x00000257       0x39 Src\main.o
 .ARM.attributes
                0x00000290       0x39 Src\stm32l4xx_hal_msp.o
 .ARM.attributes
                0x000002c9       0x39 Src\stm32l4xx_it.o
 .ARM.attributes
                0x00000302       0x39 Src\system_stm32l4xx.o
 .ARM.attributes
                0x0000033b       0x21 startup\startup_stm32l476xx.o
 .ARM.attributes
                0x0000035c       0x34 c:/program files (x86)/atollic/truestudio for stm32 9.0.1/armtools/bin/../lib/gcc/arm-atollic-eabi/6.3.1/../../../../arm-atollic-eabi/lib/armv7e-m/fpu\libc_nano.a(lib_a-init.o)
 .ARM.attributes
                0x00000390       0x34 c:/program files (x86)/atollic/truestudio for stm32 9.0.1/armtools/bin/../lib/gcc/arm-atollic-eabi/6.3.1/../../../../arm-atollic-eabi/lib/armv7e-m/fpu\libc_nano.a(lib_a-memset.o)
 .ARM.attributes
                0x000003c4       0x22 c:/program files (x86)/atollic/truestudio for stm32 9.0.1/armtools/bin/../lib/gcc/arm-atollic-eabi/6.3.1/armv7e-m/fpu\libgcc.a(_aeabi_uldivmod.o)
 .ARM.attributes
                0x000003e6       0x34 c:/program files (x86)/atollic/truestudio for stm32 9.0.1/armtools/bin/../lib/gcc/arm-atollic-eabi/6.3.1/armv7e-m/fpu\libgcc.a(_udivmoddi4.o)
 .ARM.attributes
                0x0000041a       0x22 c:/program files (x86)/atollic/truestudio for stm32 9.0.1/armtools/bin/../lib/gcc/arm-atollic-eabi/6.3.1/armv7e-m/fpu\libgcc.a(_dvmd_tls.o)
 .ARM.attributes
                0x0000043c       0x22 c:/program files (x86)/atollic/truestudio for stm32 9.0.1/armtools/bin/../lib/gcc/arm-atollic-eabi/6.3.1/armv7e-m/fpu/crtn.o
OUTPUT(SENSORS_V5.elf elf32-littlearm)

.debug_info     0x00000000     0xe924
 .debug_info    0x00000000      0xc2a Drivers\STM32L4xx_HAL_Driver\Src\stm32l4xx_hal.o
 .debug_info    0x00000c2a      0xf6d Drivers\STM32L4xx_HAL_Driver\Src\stm32l4xx_hal_cortex.o
 .debug_info    0x00001b97      0x862 Drivers\STM32L4xx_HAL_Driver\Src\stm32l4xx_hal_gpio.o
 .debug_info    0x000023f9     0x37c1 Drivers\STM32L4xx_HAL_Driver\Src\stm32l4xx_hal_i2c.o
 .debug_info    0x00005bba      0xa36 Drivers\STM32L4xx_HAL_Driver\Src\stm32l4xx_hal_i2c_ex.o
 .debug_info    0x000065f0      0xad2 Drivers\STM32L4xx_HAL_Driver\Src\stm32l4xx_hal_pwr_ex.o
 .debug_info    0x000070c2      0xdfe Drivers\STM32L4xx_HAL_Driver\Src\stm32l4xx_hal_rcc.o
 .debug_info    0x00007ec0     0x1077 Drivers\STM32L4xx_HAL_Driver\Src\stm32l4xx_hal_rcc_ex.o
 .debug_info    0x00008f37     0x1c1d Drivers\STM32L4xx_HAL_Driver\Src\stm32l4xx_hal_uart.o
 .debug_info    0x0000ab54     0x26ca Src\main.o
 .debug_info    0x0000d21e      0xed2 Src\stm32l4xx_hal_msp.o
 .debug_info    0x0000e0f0      0x1ee Src\stm32l4xx_it.o
 .debug_info    0x0000e2de      0x5cf Src\system_stm32l4xx.o
 .debug_info    0x0000e8ad       0x77 startup\startup_stm32l476xx.o

.debug_abbrev   0x00000000     0x1d76
 .debug_abbrev  0x00000000      0x29d Drivers\STM32L4xx_HAL_Driver\Src\stm32l4xx_hal.o
 .debug_abbrev  0x0000029d      0x2e6 Drivers\STM32L4xx_HAL_Driver\Src\stm32l4xx_hal_cortex.o
 .debug_abbrev  0x00000583      0x1d7 Drivers\STM32L4xx_HAL_Driver\Src\stm32l4xx_hal_gpio.o
 .debug_abbrev  0x0000075a      0x351 Drivers\STM32L4xx_HAL_Driver\Src\stm32l4xx_hal_i2c.o
 .debug_abbrev  0x00000aab      0x1b2 Drivers\STM32L4xx_HAL_Driver\Src\stm32l4xx_hal_i2c_ex.o
 .debug_abbrev  0x00000c5d      0x227 Drivers\STM32L4xx_HAL_Driver\Src\stm32l4xx_hal_pwr_ex.o
 .debug_abbrev  0x00000e84      0x267 Drivers\STM32L4xx_HAL_Driver\Src\stm32l4xx_hal_rcc.o
 .debug_abbrev  0x000010eb      0x264 Drivers\STM32L4xx_HAL_Driver\Src\stm32l4xx_hal_rcc_ex.o
 .debug_abbrev  0x0000134f      0x30e Drivers\STM32L4xx_HAL_Driver\Src\stm32l4xx_hal_uart.o
 .debug_abbrev  0x0000165d      0x30b Src\main.o
 .debug_abbrev  0x00001968      0x1d3 Src\stm32l4xx_hal_msp.o
 .debug_abbrev  0x00001b3b       0xfa Src\stm32l4xx_it.o
 .debug_abbrev  0x00001c35      0x12f Src\system_stm32l4xx.o
 .debug_abbrev  0x00001d64       0x12 startup\startup_stm32l476xx.o

.debug_loc      0x00000000     0x79d5
 .debug_loc     0x00000000      0x149 Drivers\STM32L4xx_HAL_Driver\Src\stm32l4xx_hal.o
 .debug_loc     0x00000149      0x4fb Drivers\STM32L4xx_HAL_Driver\Src\stm32l4xx_hal_cortex.o
 .debug_loc     0x00000644      0x29d Drivers\STM32L4xx_HAL_Driver\Src\stm32l4xx_hal_gpio.o
 .debug_loc     0x000008e1     0x38e7 Drivers\STM32L4xx_HAL_Driver\Src\stm32l4xx_hal_i2c.o
 .debug_loc     0x000041c8      0x1a0 Drivers\STM32L4xx_HAL_Driver\Src\stm32l4xx_hal_i2c_ex.o
 .debug_loc     0x00004368      0x63b Drivers\STM32L4xx_HAL_Driver\Src\stm32l4xx_hal_pwr_ex.o
 .debug_loc     0x000049a3      0x5ae Drivers\STM32L4xx_HAL_Driver\Src\stm32l4xx_hal_rcc.o
 .debug_loc     0x00004f51      0xd98 Drivers\STM32L4xx_HAL_Driver\Src\stm32l4xx_hal_rcc_ex.o
 .debug_loc     0x00005ce9     0x19b3 Drivers\STM32L4xx_HAL_Driver\Src\stm32l4xx_hal_uart.o
 .debug_loc     0x0000769c       0xcb Src\main.o
 .debug_loc     0x00007767       0xb0 Src\stm32l4xx_hal_msp.o
 .debug_loc     0x00007817      0x1be Src\system_stm32l4xx.o

.debug_aranges  0x00000000      0x9f8
 .debug_aranges
                0x00000000      0x108 Drivers\STM32L4xx_HAL_Driver\Src\stm32l4xx_hal.o
 .debug_aranges
                0x00000108       0xa8 Drivers\STM32L4xx_HAL_Driver\Src\stm32l4xx_hal_cortex.o
 .debug_aranges
                0x000001b0       0x58 Drivers\STM32L4xx_HAL_Driver\Src\stm32l4xx_hal_gpio.o
 .debug_aranges
                0x00000208      0x238 Drivers\STM32L4xx_HAL_Driver\Src\stm32l4xx_hal_i2c.o
 .debug_aranges
                0x00000440       0x48 Drivers\STM32L4xx_HAL_Driver\Src\stm32l4xx_hal_i2c_ex.o
 .debug_aranges
                0x00000488      0x130 Drivers\STM32L4xx_HAL_Driver\Src\stm32l4xx_hal_pwr_ex.o
 .debug_aranges
                0x000005b8       0x88 Drivers\STM32L4xx_HAL_Driver\Src\stm32l4xx_hal_rcc.o
 .debug_aranges
                0x00000640       0xc0 Drivers\STM32L4xx_HAL_Driver\Src\stm32l4xx_hal_rcc_ex.o
 .debug_aranges
                0x00000700      0x1a0 Drivers\STM32L4xx_HAL_Driver\Src\stm32l4xx_hal_uart.o
 .debug_aranges
                0x000008a0       0x80 Src\main.o
 .debug_aranges
                0x00000920       0x40 Src\stm32l4xx_hal_msp.o
 .debug_aranges
                0x00000960       0x48 Src\stm32l4xx_it.o
 .debug_aranges
                0x000009a8       0x28 Src\system_stm32l4xx.o
 .debug_aranges
                0x000009d0       0x28 startup\startup_stm32l476xx.o

.debug_ranges   0x00000000      0xc58
 .debug_ranges  0x00000000       0xf8 Drivers\STM32L4xx_HAL_Driver\Src\stm32l4xx_hal.o
 .debug_ranges  0x000000f8      0x138 Drivers\STM32L4xx_HAL_Driver\Src\stm32l4xx_hal_cortex.o
 .debug_ranges  0x00000230       0x68 Drivers\STM32L4xx_HAL_Driver\Src\stm32l4xx_hal_gpio.o
 .debug_ranges  0x00000298      0x270 Drivers\STM32L4xx_HAL_Driver\Src\stm32l4xx_hal_i2c.o
 .debug_ranges  0x00000508       0x68 Drivers\STM32L4xx_HAL_Driver\Src\stm32l4xx_hal_i2c_ex.o
 .debug_ranges  0x00000570      0x120 Drivers\STM32L4xx_HAL_Driver\Src\stm32l4xx_hal_pwr_ex.o
 .debug_ranges  0x00000690       0x90 Drivers\STM32L4xx_HAL_Driver\Src\stm32l4xx_hal_rcc.o
 .debug_ranges  0x00000720       0xf0 Drivers\STM32L4xx_HAL_Driver\Src\stm32l4xx_hal_rcc_ex.o
 .debug_ranges  0x00000810      0x190 Drivers\STM32L4xx_HAL_Driver\Src\stm32l4xx_hal_uart.o
 .debug_ranges  0x000009a0      0x1d0 Src\main.o
 .debug_ranges  0x00000b70       0x78 Src\stm32l4xx_hal_msp.o
 .debug_ranges  0x00000be8       0x38 Src\stm32l4xx_it.o
 .debug_ranges  0x00000c20       0x18 Src\system_stm32l4xx.o
 .debug_ranges  0x00000c38       0x20 startup\startup_stm32l476xx.o

.debug_line     0x00000000     0x5670
 .debug_line    0x00000000      0x455 Drivers\STM32L4xx_HAL_Driver\Src\stm32l4xx_hal.o
 .debug_line    0x00000455      0x451 Drivers\STM32L4xx_HAL_Driver\Src\stm32l4xx_hal_cortex.o
 .debug_line    0x000008a6      0x3e9 Drivers\STM32L4xx_HAL_Driver\Src\stm32l4xx_hal_gpio.o
 .debug_line    0x00000c8f     0x1932 Drivers\STM32L4xx_HAL_Driver\Src\stm32l4xx_hal_i2c.o
 .debug_line    0x000025c1      0x36d Drivers\STM32L4xx_HAL_Driver\Src\stm32l4xx_hal_i2c_ex.o
 .debug_line    0x0000292e      0x5d5 Drivers\STM32L4xx_HAL_Driver\Src\stm32l4xx_hal_pwr_ex.o
 .debug_line    0x00002f03      0x5bd Drivers\STM32L4xx_HAL_Driver\Src\stm32l4xx_hal_rcc.o
 .debug_line    0x000034c0      0x6fc Drivers\STM32L4xx_HAL_Driver\Src\stm32l4xx_hal_rcc_ex.o
 .debug_line    0x00003bbc      0xdc4 Drivers\STM32L4xx_HAL_Driver\Src\stm32l4xx_hal_uart.o
 .debug_line    0x00004980      0x543 Src\main.o
 .debug_line    0x00004ec3      0x2c9 Src\stm32l4xx_hal_msp.o
 .debug_line    0x0000518c      0x21d Src\stm32l4xx_it.o
 .debug_line    0x000053a9      0x248 Src\system_stm32l4xx.o
 .debug_line    0x000055f1       0x7f startup\startup_stm32l476xx.o

.debug_str      0x00000000     0x3c6c
 .debug_str     0x00000000      0xc91 Drivers\STM32L4xx_HAL_Driver\Src\stm32l4xx_hal.o
                                0xd13 (size before relaxing)
 .debug_str     0x00000c91      0x3c3 Drivers\STM32L4xx_HAL_Driver\Src\stm32l4xx_hal_cortex.o
                                0xc77 (size before relaxing)
 .debug_str     0x00001054      0x1da Drivers\STM32L4xx_HAL_Driver\Src\stm32l4xx_hal_gpio.o
                                0x5cc (size before relaxing)
 .debug_str     0x0000122e      0xcef Drivers\STM32L4xx_HAL_Driver\Src\stm32l4xx_hal_i2c.o
                                0xffd (size before relaxing)
 .debug_str     0x00001f1d       0xf3 Drivers\STM32L4xx_HAL_Driver\Src\stm32l4xx_hal_i2c_ex.o
                                0x974 (size before relaxing)
 .debug_str     0x00002010      0x53f Drivers\STM32L4xx_HAL_Driver\Src\stm32l4xx_hal_pwr_ex.o
                                0x863 (size before relaxing)
 .debug_str     0x0000254f      0x346 Drivers\STM32L4xx_HAL_Driver\Src\stm32l4xx_hal_rcc.o
                                0x8a9 (size before relaxing)
 .debug_str     0x00002895      0x595 Drivers\STM32L4xx_HAL_Driver\Src\stm32l4xx_hal_rcc_ex.o
                                0xb39 (size before relaxing)
 .debug_str     0x00002e2a      0x934 Drivers\STM32L4xx_HAL_Driver\Src\stm32l4xx_hal_uart.o
                                0xfb7 (size before relaxing)
 .debug_str     0x0000375e      0x412 Src\main.o
                               0x15d3 (size before relaxing)
 .debug_str     0x00003b70       0x1b Src\stm32l4xx_hal_msp.o
                                0xbb8 (size before relaxing)
 .debug_str     0x00003b8b       0xa6 Src\stm32l4xx_it.o
                                0x2ca (size before relaxing)
 .debug_str     0x00003c31       0x3b Src\system_stm32l4xx.o
                                0x41a (size before relaxing)

.comment        0x00000000       0x7c
 .comment       0x00000000       0x7c Drivers\STM32L4xx_HAL_Driver\Src\stm32l4xx_hal.o
                                 0x7d (size before relaxing)
 .comment       0x0000007c       0x7d Drivers\STM32L4xx_HAL_Driver\Src\stm32l4xx_hal_cortex.o
 .comment       0x0000007c       0x7d Drivers\STM32L4xx_HAL_Driver\Src\stm32l4xx_hal_gpio.o
 .comment       0x0000007c       0x7d Drivers\STM32L4xx_HAL_Driver\Src\stm32l4xx_hal_i2c.o
 .comment       0x0000007c       0x7d Drivers\STM32L4xx_HAL_Driver\Src\stm32l4xx_hal_i2c_ex.o
 .comment       0x0000007c       0x7d Drivers\STM32L4xx_HAL_Driver\Src\stm32l4xx_hal_pwr_ex.o
 .comment       0x0000007c       0x7d Drivers\STM32L4xx_HAL_Driver\Src\stm32l4xx_hal_rcc.o
 .comment       0x0000007c       0x7d Drivers\STM32L4xx_HAL_Driver\Src\stm32l4xx_hal_rcc_ex.o
 .comment       0x0000007c       0x7d Drivers\STM32L4xx_HAL_Driver\Src\stm32l4xx_hal_uart.o
 .comment       0x0000007c       0x7d Src\main.o
 .comment       0x0000007c       0x7d Src\stm32l4xx_hal_msp.o
 .comment       0x0000007c       0x7d Src\stm32l4xx_it.o
 .comment       0x0000007c       0x7d Src\system_stm32l4xx.o

.debug_frame    0x00000000     0x1cb0
 .debug_frame   0x00000000      0x244 Drivers\STM32L4xx_HAL_Driver\Src\stm32l4xx_hal.o
 .debug_frame   0x00000244      0x158 Drivers\STM32L4xx_HAL_Driver\Src\stm32l4xx_hal_cortex.o
 .debug_frame   0x0000039c       0xdc Drivers\STM32L4xx_HAL_Driver\Src\stm32l4xx_hal_gpio.o
 .debug_frame   0x00000478      0x8d8 Drivers\STM32L4xx_HAL_Driver\Src\stm32l4xx_hal_i2c.o
 .debug_frame   0x00000d50       0x90 Drivers\STM32L4xx_HAL_Driver\Src\stm32l4xx_hal_i2c_ex.o
 .debug_frame   0x00000de0      0x278 Drivers\STM32L4xx_HAL_Driver\Src\stm32l4xx_hal_pwr_ex.o
 .debug_frame   0x00001058      0x160 Drivers\STM32L4xx_HAL_Driver\Src\stm32l4xx_hal_rcc.o
 .debug_frame   0x000011b8      0x200 Drivers\STM32L4xx_HAL_Driver\Src\stm32l4xx_hal_rcc_ex.o
 .debug_frame   0x000013b8      0x548 Drivers\STM32L4xx_HAL_Driver\Src\stm32l4xx_hal_uart.o
 .debug_frame   0x00001900      0x1a4 Src\main.o
 .debug_frame   0x00001aa4       0x88 Src\stm32l4xx_hal_msp.o
 .debug_frame   0x00001b2c       0xa0 Src\stm32l4xx_it.o
 .debug_frame   0x00001bcc       0x38 Src\system_stm32l4xx.o
 .debug_frame   0x00001c04       0x2c c:/program files (x86)/atollic/truestudio for stm32 9.0.1/armtools/bin/../lib/gcc/arm-atollic-eabi/6.3.1/../../../../arm-atollic-eabi/lib/armv7e-m/fpu\libc_nano.a(lib_a-init.o)
 .debug_frame   0x00001c30       0x20 c:/program files (x86)/atollic/truestudio for stm32 9.0.1/armtools/bin/../lib/gcc/arm-atollic-eabi/6.3.1/../../../../arm-atollic-eabi/lib/armv7e-m/fpu\libc_nano.a(lib_a-memset.o)
 .debug_frame   0x00001c50       0x2c c:/program files (x86)/atollic/truestudio for stm32 9.0.1/armtools/bin/../lib/gcc/arm-atollic-eabi/6.3.1/armv7e-m/fpu\libgcc.a(_aeabi_uldivmod.o)
 .debug_frame   0x00001c7c       0x34 c:/program files (x86)/atollic/truestudio for stm32 9.0.1/armtools/bin/../lib/gcc/arm-atollic-eabi/6.3.1/armv7e-m/fpu\libgcc.a(_udivmoddi4.o)
